綾香さんと２人、向き合う形でランチを食べていたら、トレイを持って歩く希実ちゃんを見かけた。%K%P
綾香さんと２人、向き合う形でランチを食べていたら、トレイを持って歩く希実ちゃんを見かけた。%K%P
「希実ちゃん、ごきげんよう」%K%P
「希実ちゃん、ごきげんよう」%K%P
「あっ、いずみ様。ごきげんよう」%K%P
「あっ、いずみ様。ごきげんよう」%K%P
「希実、いまからお昼？」%K%P
「希実、いまからお昼？」%K%P
「うん」%K%P
「うん」%K%P
「それなら一緒に食べない？」%K%P
「それなら一緒に食べない？」%K%P
「よろしいですか？」%K%P
「よろしいですか？」%K%P
「もちろん」%K%P
「もちろん」%K%P
「なら希実、隣にいらっしゃい」%K%P
「なら希実、隣にいらっしゃい」%K%P
「ありがとう、綾香お姉ちゃん」%K%P
「ありがとう、綾香お姉ちゃん」%K%P
持っていたトレイをそっとテーブルに置いてから、希実ちゃんが恭しく席に着く。%K%P
持っていたトレイをそっとテーブルに置いてから、希実ちゃんが恭しく席に着く。%K%P
希実ちゃんに限らず、このあたりの所作は、深皇の学生ならみんな淑やかにこなしてしまう。%K%P
希実ちゃんに限らず、このあたりの所作は、深皇の学生ならみんな淑やかにこなしてしまう。%K%P
「いただきます」%K%P
「いただきます」%K%P
そうして手を合わせてから、希実ちゃんはナイフで丁寧にラザニアを切り分けていく。%K%P
そうして手を合わせてから、希実ちゃんはナイフで丁寧にラザニアを切り分けていく。%K%P
「希実ちゃんもラザニアにしたんだ？」%K%P
「希実ちゃんもラザニアにしたんだ？」%K%P
「はい。ちょっとボリュームあるかなって思ったんですが、良い匂いに負けてしまって……」%K%P
「はい。ちょっとボリュームあるかなって思ったんですが、良い匂いに負けてしまって……」%K%P
「うん、わかるわかる」%K%P
「うん、わかるわかる」%K%P
チーズやバターの焦げる匂いって、お腹が空いている時は逆らえないんだよね。%K%P
チーズやバターの焦げる匂いって、お腹が空いている時は逆らえないんだよね。%K%P
「はむっ……あふっ、んっ……美味しい」%K%P
「はむっ……あふっ、んっ……美味しい」%K%P
一口食べて無防備な笑みを漏らす希実ちゃんの口元に、ちょこんと真っ赤なソースがつく。%K%P
一口食べて無防備な笑みを漏らす希実ちゃんの口元に、ちょこんと真っ赤なソースがつく。%K%P
「あっ、ここに――」%K%P
「あっ、ここに――」%K%P
「希実、動かないで」%K%P
「希実、動かないで」%K%P
僕が教えるより早く、綾香さんがすっとナプキンで希実さんの口元を拭う。%K%P
僕が教えるより早く、綾香さんがすっとナプキンで希実さんの口元を拭う。%K%P
その動きは、とても自然だった。%K%P
その動きは、とても自然だった。%K%P
「あっ……ありがとう、お姉ちゃん」%K%P
「あっ……ありがとう、お姉ちゃん」%K%P
「頬はいいけれど、制服につけないようにね」%K%P
「頬はいいけれど、制服につけないようにね」%K%P
「うん、気を付ける」%K%P
「うん、気を付ける」%K%P
拭いた後のやりとりも含めて力みがないから、見ているこっちのほうが微笑ましい気持ちになる。%K%P
拭いた後のやりとりも含めて力みがないから、見ているこっちのほうが微笑ましい気持ちになる。%K%P
「２人って、本当に仲がいいんだね」%K%P
「２人って、本当に仲がいいんだね」%K%P
「えっ？」%K%P
「えっ？」%K%P
「だってほら、今のとか」%K%P
「だってほら、今のとか」%K%P
「ああ……今のは、習慣というか……」%K%P
「ああ……今のは、習慣というか……」%K%P
「お、お姉ちゃんっ。そういう言い方だと、私がいつも迷惑かけてるみたいでしょっ……？」%K%P
「お、お姉ちゃんっ。そういう言い方だと、私がいつも迷惑かけてるみたいでしょっ……？」%K%P
「迷惑だなんて……。ただ、制服にでもついて染みになったら大変でしょう？」%K%P
「迷惑だなんて……。ただ、制服にでもついて染みになったら大変でしょう？」%K%P
「でも、教えてくれれば自分でも出来たのに……」%K%P
「でも、教えてくれれば自分でも出来たのに……」%K%P
僕の指摘で恥ずかしくなったのか、姉妹揃って頬を赤くするけど、それすら息がぴったりだった。%K%P
僕の指摘で恥ずかしくなったのか、姉妹揃って頬を赤くするけど、それすら息がぴったりだった。%K%P
「もう、綾香お姉ちゃんってばいつまでも私のことを子供扱いするんだから……」%K%P
「もう、綾香お姉ちゃんってばいつまでも私のことを子供扱いするんだから……」%K%P
「しょうがないでしょ？　希実は妹なんだし、こういうことって身体が覚えているんだもの」%K%P
「しょうがないでしょ？　希実は妹なんだし、こういうことって身体が覚えているんだもの」%K%P
「その言い方だと、まるで私が手の掛かる子みたいに思われちゃうよっ……」%K%P
「その言い方だと、まるで私が手の掛かる子みたいに思われちゃうよっ……」%K%P
「思われるもなにも……小さな頃って、誰でもみんなそういうものなんだから」%K%P
「思われるもなにも……小さな頃って、誰でもみんなそういうものなんだから」%K%P
「それはそうだけど……」%K%P
「それはそうだけど……」%K%P
「ふふっ。前にも思ったけど、綾香さんのそういうところ、とてもお姉さんっぽいよね」%K%P
「ふふっ。前にも思ったけど、綾香さんのそういうところ、とてもお姉さんっぽいよね」%K%P
「ねえ、希実ちゃん。綾香さんって昔から面倒見が良かったの？」%K%P
「ねえ、希実ちゃん。綾香さんって昔から面倒見が良かったの？」%K%P
編入当初から、制服を整えてくれたり、わからないことだらけの僕をフォローしてくれた綾香さん。%K%P
編入当初から、制服を整えてくれたり、わからないことだらけの僕をフォローしてくれた綾香さん。%K%P
きっと、家でもしっかりとして――――、%K%P
きっと、家でもしっかりとして――――、%K%P
「とんでもないです、いずみ様」%K%P
「とんでもないです、いずみ様」%K%P
「……えっ？」%K%P
「……えっ？」%K%P
あれ？%K%P
あれ？%K%P
「綾香お姉ちゃんは確かにお姉ちゃんですが、姉さんではありませんから」%K%P
「綾香お姉ちゃんは確かにお姉ちゃんですが、姉さんではありませんから」%K%P
「ん……？　どういうこと？」%K%P
「ん……？　どういうこと？」%K%P
「言葉通りの意味です。綾香お姉ちゃんは、これでいて子供っぽい部分も多いんですよ？」%K%P
「言葉通りの意味です。綾香お姉ちゃんは、これでいて子供っぽい部分も多いんですよ？」%K%P
「いっ……いきなりなにを言うの希実。わたしは子供っぽくなんてないんだから」%K%P
「いっ……いきなりなにを言うの希実。わたしは子供っぽくなんてないんだから」%K%P
「そんなことを言って……いいの？」%K%P
「そんなことを言って……いいの？」%K%P
「なっ、なに？」%K%P
「なっ、なに？」%K%P
「あーんなことやこーんなこと、いずみ様にお話ししちゃってもいいんだけどなぁ……？」%K%P
「あーんなことやこーんなこと、いずみ様にお話ししちゃってもいいんだけどなぁ……？」%K%P
「あんなことやこんなこと……？」%K%P
「あんなことやこんなこと……？」%K%P
「い、いずみさんは、別に気にならないでしょ？　わたしのことなんて、どうでもいいわよね？」%K%P
「い、いずみさんは、別に気にならないでしょ？　わたしのことなんて、どうでもいいわよね？」%K%P
「いずみ様だって、綾香お姉ちゃんが本当はどんな人なのか、興味ありますよね？」%K%P
「いずみ様だって、綾香お姉ちゃんが本当はどんな人なのか、興味ありますよね？」%K%P
「それは……」%K%P
「それは……」%K%P
ちょっと身を乗り出すように僕を見つめる２人。%K%P
ちょっと身を乗り出すように僕を見つめる２人。%K%P
その勢いに圧されそうになってしまうけど、正直なところ、僕としては――――、%K%P
その勢いに圧されそうになってしまうけど、正直なところ、僕としては――――、%K%P
「……興味ある、かな」%K%P
「……興味ある、かな」%K%P
「ちょっ……い、いずみさんっ」%K%P
「ちょっ……い、いずみさんっ」%K%P
「ごめんね？　でも、希実ちゃんのいう、あんなことやこんなことが気になっちゃって……」%K%P
「ごめんね？　でも、希実ちゃんのいう、あんなことやこんなことが気になっちゃって……」%K%P
困り顔で僕を見つめる綾香さんには申し訳ないと思うけど、好奇心を抑えることができなかった。%K%P
困り顔で僕を見つめる綾香さんには申し訳ないと思うけど、好奇心を抑えることができなかった。%K%P
「それならいずみ様、放課後、お時間をいただけますか？」%K%P
「それならいずみ様、放課後、お時間をいただけますか？」%K%P
「私にとっておきのアイディアがあります」%K%P
「私にとっておきのアイディアがあります」%K%P
「アイディア、って……希実、なにをする気？」%K%P
「アイディア、って……希実、なにをする気？」%K%P
「えへへ、綾香お姉ちゃんには内緒」%K%P
「えへへ、綾香お姉ちゃんには内緒」%K%P
姉に対して物怖じせず、むしろどこか楽しげに笑う希実ちゃんは、実は結構大物かもしれない。%K%P
姉に対して物怖じせず、むしろどこか楽しげに笑う希実ちゃんは、実は結構大物かもしれない。%K%P
放課後になると、希実ちゃんはわざわざ教室まで僕を迎えに来てくれた。%K%P
放課後になると、希実ちゃんはわざわざ教室まで僕を迎えに来てくれた。%K%P
「言われた通り予定は空けておいたけど……」%K%P
「言われた通り予定は空けておいたけど……」%K%P
「でも、どうするの？」%K%P
「でも、どうするの？」%K%P
「まずは、寮に帰ります」%K%P
「まずは、寮に帰ります」%K%P
「えっ？　帰っちゃうの？」%K%P
「えっ？　帰っちゃうの？」%K%P
「はい。許可は昼休みの間にもらっておきました」%K%P
「はい。許可は昼休みの間にもらっておきました」%K%P
許可、って……なんの許可だろう？%K%P
許可、って……なんの許可だろう？%K%P
「それと、綾香お姉ちゃんはべつに無理してついてこなくてもいいんだよ？」%K%P
「それと、綾香お姉ちゃんはべつに無理してついてこなくてもいいんだよ？」%K%P
「だっ、駄目よ。２人きりにして、あることないこと言われたら大変だもの」%K%P
「だっ、駄目よ。２人きりにして、あることないこと言われたら大変だもの」%K%P
「私はないことまで言わないもん」%K%P
「私はないことまで言わないもん」%K%P
くすっと笑った希実ちゃんはどこか楽しそうで、悪戯っぽさすら見え隠れしていた。%K%P
くすっと笑った希実ちゃんはどこか楽しそうで、悪戯っぽさすら見え隠れしていた。%K%P
寮に帰ると、希実ちゃんは部屋で待っていて欲しいと告げて、そのままどこかに行ってしまった。%K%P
寮に帰ると、希実ちゃんは部屋で待っていて欲しいと告げて、そのままどこかに行ってしまった。%K%P
「なにするつもりなんだろうね？　希実ちゃん」%K%P
「なにするつもりなんだろうね？　希実ちゃん」%K%P
「……」%K%P
「……」%K%P
「綾香さん……？　どうしたの？」%K%P
「綾香さん……？　どうしたの？」%K%P
「……えっ？　あっ、ああ、うん。平気よ」%K%P
「……えっ？　あっ、ああ、うん。平気よ」%K%P
「なんだか、妙な胸騒ぎがするものだから」%K%P
「なんだか、妙な胸騒ぎがするものだから」%K%P
「まさかとは思うんだけど……」%K%P
「まさかとは思うんだけど……」%K%P
「綾香さん、なにか心当たりがあるとか？」%K%P
「綾香さん、なにか心当たりがあるとか？」%K%P
「心当たりというか……知られると恥ずかしいことって、誰でもひとつやふたつはあるでしょう？」%K%P
「心当たりというか……知られると恥ずかしいことって、誰でもひとつやふたつはあるでしょう？」%K%P
「それは、まあ……」%K%P
「それは、まあ……」%K%P
僕だって、女装して女子学園に通っているなんてことは、出来れば誰にも知られたくない。%K%P
僕だって、女装して女子学園に通っているなんてことは、出来れば誰にも知られたくない。%K%P
生まれてからずっと一緒にいる姉妹なら、当然、色々と知っていてもおかしくないものね。%K%P
生まれてからずっと一緒にいる姉妹なら、当然、色々と知っていてもおかしくないものね。%K%P
「でも、考えすぎだと思うわ。いくら希実でも、男のいずみさん相手に、変な事を言い出したりは――」%K%P
「でも、考えすぎだと思うわ。いくら希実でも、男のいずみさん相手に、変な事を言い出したりは――」%K%P
「あの、綾香さん？　私が男だって知ってるのは、綾香さんと法子さんだけなんだけど……」%K%P
「あの、綾香さん？　私が男だって知ってるのは、綾香さんと法子さんだけなんだけど……」%K%P
「あっ……」%K%P
「あっ……」%K%P
「もう……」%K%P
「もう……」%K%P
普段にも増してうっかりしてるのは、希実ちゃんの行動が気になっているから、かもしれない。%K%P
普段にも増してうっかりしてるのは、希実ちゃんの行動が気になっているから、かもしれない。%K%P
「お待たせしました」%K%P
「お待たせしました」%K%P
ノックの後、希実ちゃんが入ってくる。%K%P
ノックの後、希実ちゃんが入ってくる。%K%P
その手に、ちょっとした大きさの――――本？%K%P
その手に、ちょっとした大きさの――――本？%K%P
「あっ、そ、それっ……！？」%K%P
「あっ、そ、それっ……！？」%K%P
「お姉ちゃんは動いちゃダメ。しっかりものなら、落ち着いて構えていないと。ね？」%K%P
「お姉ちゃんは動いちゃダメ。しっかりものなら、落ち着いて構えていないと。ね？」%K%P
「くっ、うぅ……」%K%P
「くっ、うぅ……」%K%P
希実ちゃんに言われて、綾香さんが浮きかけた腰を仕方なく落ち着ける。%K%P
希実ちゃんに言われて、綾香さんが浮きかけた腰を仕方なく落ち着ける。%K%P
「希実ちゃん、それは？」%K%P
「希実ちゃん、それは？」%K%P
「法子姉さん秘蔵のフォトブックです」%K%P
「法子姉さん秘蔵のフォトブックです」%K%P
「法子姉さんは私たちのことが大好きなので、こういったものをいくつか寮の自室に置いてるんです」%K%P
「法子姉さんは私たちのことが大好きなので、こういったものをいくつか寮の自室に置いてるんです」%K%P
「じゃあ、さっきの許可って、ひょっとして」%K%P
「じゃあ、さっきの許可って、ひょっとして」%K%P
「はい。これを貸して欲しいって、姉さんに頼みに行ってたんですよ」%K%P
「はい。これを貸して欲しいって、姉さんに頼みに行ってたんですよ」%K%P
「ということで、さあどうぞ。いずみ様」%K%P
「ということで、さあどうぞ。いずみ様」%K%P
言って、希実ちゃんが僕にフォトブックを渡す。%K%P
言って、希実ちゃんが僕にフォトブックを渡す。%K%P
「これをご覧になれば、綾香お姉ちゃんが面倒見の良いしっかり者、なんて幻想も吹き飛んでしまいます」%K%P
「これをご覧になれば、綾香お姉ちゃんが面倒見の良いしっかり者、なんて幻想も吹き飛んでしまいます」%K%P
「う、うん」%K%P
「う、うん」%K%P
希実ちゃんから受けとったフォトブックをテーブルにおいて、早速めくってみると――――、%K%P
希実ちゃんから受けとったフォトブックをテーブルにおいて、早速めくってみると――――、%K%P
「わっ」\n「なっ」%K%P
「わっ」\n「なっ」%K%P
いきなりインパクト満載な写真が現れて、綾香さんと驚きの声がハモってしまう。%K%P
いきなりインパクト満載な写真が現れて、綾香さんと驚きの声がハモってしまう。%K%P
「こ、これ……おねしょ？」%K%P
「こ、これ……おねしょ？」%K%P
ベッドのシーツに出来上がった地図のような染みと、それを前にして泣いている小さな女の子。%K%P
ベッドのシーツに出来上がった地図のような染みと、それを前にして泣いている小さな女の子。%K%P
まだ幼さが残っているけど、写真に映っている女の子は、綾香さんで間違いない。%K%P
まだ幼さが残っているけど、写真に映っている女の子は、綾香さんで間違いない。%K%P
「なっ、なんでこんなものまでっ？！　こんな写真、前に見た時はなかったのにっ……」%K%P
「なっ、なんでこんなものまでっ？！　こんな写真、前に見た時はなかったのにっ……」%K%P
「家の掃除をしていたら出てきた、って」%K%P
「家の掃除をしていたら出てきた、って」%K%P
「もう、姉さんったら……どうしてよりにもよって、こんな場面を写真に撮っておくのよっ……」%K%P
「もう、姉さんったら……どうしてよりにもよって、こんな場面を写真に撮っておくのよっ……」%K%P
「でっ、でもほら、このぐらいの頃だったら、おねしょくらい当たり前だよ」%K%P
「でっ、でもほら、このぐらいの頃だったら、おねしょくらい当たり前だよ」%K%P
「私も、小さい頃には何度もしちゃったし……」%K%P
「私も、小さい頃には何度もしちゃったし……」%K%P
フォローを入れつつ、それでも写真を眺める。%K%P
フォローを入れつつ、それでも写真を眺める。%K%P
「いずみ様、他の写真も見てください」%K%P
「いずみ様、他の写真も見てください」%K%P
言われるままページをめくると、今度は普通の写真が出てきて、ホッとしたような、残念なような。%K%P
言われるままページをめくると、今度は普通の写真が出てきて、ホッとしたような、残念なような。%K%P
誕生会やひな祭りなど、家の中で撮影したものはもちろん、入学式や花見、花火大会、なんてものまで。%K%P
誕生会やひな祭りなど、家の中で撮影したものはもちろん、入学式や花見、花火大会、なんてものまで。%K%P
すべての写真が、撮影者――おそらく法子さん――を信頼しきっているらしく、無防備な姿ばかりだ。%K%P
すべての写真が、撮影者――おそらく法子さん――を信頼しきっているらしく、無防備な姿ばかりだ。%K%P
「綾香さんって、子供の頃から可愛いね」%K%P
「綾香さんって、子供の頃から可愛いね」%K%P
「こ、子供の頃から、って……」%K%P
「こ、子供の頃から、って……」%K%P
「あ、その、深い意味はないんだけど」%K%P
「あ、その、深い意味はないんだけど」%K%P
さっきからそわそわしている綾香さんが可愛くて、つい、率直な感想が口から漏れてしまった。%K%P
さっきからそわそわしている綾香さんが可愛くて、つい、率直な感想が口から漏れてしまった。%K%P
「でも、最初のおねしょ以外は、別に普通の写真って感じだけど……」%K%P
「でも、最初のおねしょ以外は、別に普通の写真って感じだけど……」%K%P
あの衝撃に勝る写真は、とくに見当たらない。%K%P
あの衝撃に勝る写真は、とくに見当たらない。%K%P
「……ん？」%K%P
「……ん？」%K%P
いくらかページをめくった所で、ふと気付く。%K%P
いくらかページをめくった所で、ふと気付く。%K%P
どの写真も、子供の頃の綾香さんは、ぬいぐるみを持ったり抱いたりしている。%K%P
どの写真も、子供の頃の綾香さんは、ぬいぐるみを持ったり抱いたりしている。%K%P
気になってページを戻って確かめると、最初のおねしょの写真でもぬいぐるみを持っていた。%K%P
気になってページを戻って確かめると、最初のおねしょの写真でもぬいぐるみを持っていた。%K%P
「綾香さん、ぬいぐるみが好きなの？」%K%P
「綾香さん、ぬいぐるみが好きなの？」%K%P
「そっ、それは、ええと……」%K%P
「そっ、それは、ええと……」%K%P
あ、珍しい。目を逸らした。%K%P
あ、珍しい。目を逸らした。%K%P
「……実は子供の頃、ぬいぐるみを持っていないと落ち着かなくて」%K%P
「……実は子供の頃、ぬいぐるみを持っていないと落ち着かなくて」%K%P
「姉さんが言うには、自分が小さな頃に構い過ぎた影響、らしいのだけど……」%K%P
「姉さんが言うには、自分が小さな頃に構い過ぎた影響、らしいのだけど……」%K%P
「あ、そっか。綾香さんと法子さんは、年が離れているから――」%K%P
「あ、そっか。綾香さんと法子さんは、年が離れているから――」%K%P
「うん。おそらくいずみさんの想像通りよ。両親よりも姉さんの方が、わたしの面倒を見ていたっていうから」%K%P
「うん。おそらくいずみさんの想像通りよ。両親よりも姉さんの方が、わたしの面倒を見ていたっていうから」%K%P
「ね？　綾香お姉ちゃんは私から見ると姉でも、法子姉さんからみると妹なんです」%K%P
「ね？　綾香お姉ちゃんは私から見ると姉でも、法子姉さんからみると妹なんです」%K%P
「あっ……ああ、そっか、それで――」%K%P
「あっ……ああ、そっか、それで――」%K%P
綾香さんにしっかりとうっかり、両方の顔があるのは、姉でありながら妹でもあるから、なんだ。%K%P
綾香さんにしっかりとうっかり、両方の顔があるのは、姉でありながら妹でもあるから、なんだ。%K%P
「でも、お姉ちゃんがぬいぐるみを持っている理由は落ち着かないから、だけじゃないんですよ」%K%P
「でも、お姉ちゃんがぬいぐるみを持っている理由は落ち着かないから、だけじゃないんですよ」%K%P
「お姉ちゃんは子供の頃、ぬいぐるみを抱いてないと眠れなかったんです」%K%P
「お姉ちゃんは子供の頃、ぬいぐるみを抱いてないと眠れなかったんです」%K%P
「のっ、希実っ……！」%K%P
「のっ、希実っ……！」%K%P
「子供の頃に、私にも貸して、って頼んだことがあるんですけど、ちっとも貸してくれなくて」%K%P
「子供の頃に、私にも貸して、って頼んだことがあるんですけど、ちっとも貸してくれなくて」%K%P
「それどころか、並んで寝ているとき、ぬいぐるみと間違えて私に抱きついてきた、なんてことも……」%K%P
「それどころか、並んで寝ているとき、ぬいぐるみと間違えて私に抱きついてきた、なんてことも……」%K%P
「あっ、あれは小さな頃だからであって、いまはそんなことないんだからっ」%K%P
「あっ、あれは小さな頃だからであって、いまはそんなことないんだからっ」%K%P
「でも、いずみ様が編入される前、この部屋に泊まりにきたときも、お姉ちゃん、枕をぎゅーっと」%K%P
「でも、いずみ様が編入される前、この部屋に泊まりにきたときも、お姉ちゃん、枕をぎゅーっと」%K%P
「あれはクセになってるだけなのっ」%K%P
「あれはクセになってるだけなのっ」%K%P
「今はもうぬいぐるみがなくても眠れるし、まして、寂しいなんて泣いたりだとか――」%K%P
「今はもうぬいぐるみがなくても眠れるし、まして、寂しいなんて泣いたりだとか――」%K%P
「……泣いた事もあったの？」%K%P
「……泣いた事もあったの？」%K%P
しまった、という顔をして僕を見つめた後、綾香さんの頬がこれ以上ないくらい真っ赤に染まる。%K%P
しまった、という顔をして僕を見つめた後、綾香さんの頬がこれ以上ないくらい真っ赤に染まる。%K%P
……本当に嘘をつけないんだな、綾香さんって。%K%P
……本当に嘘をつけないんだな、綾香さんって。%K%P
「だけど、そういうエピソードを知ってから眺めると、どの写真も、なんだかすごく可愛いね……」%K%P
「だけど、そういうエピソードを知ってから眺めると、どの写真も、なんだかすごく可愛いね……」%K%P
「くすっ。法子姉さんも、疲れたときにこのフォトブックを眺めると、それだけで癒やされるって」%K%P
「くすっ。法子姉さんも、疲れたときにこのフォトブックを眺めると、それだけで癒やされるって」%K%P
「ぐっ、うぅ……」%K%P
「ぐっ、うぅ……」%K%P
「い、いずみさん、それをこちらに渡して？　そんなものは、いますぐにでも処分しましょ？」%K%P
「い、いずみさん、それをこちらに渡して？　そんなものは、いますぐにでも処分しましょ？」%K%P
「駄目だよ、これは法子さんのものなんだから」%K%P
「駄目だよ、これは法子さんのものなんだから」%K%P
「あっ、ほら。この写真も、とっても可愛い」%K%P
「あっ、ほら。この写真も、とっても可愛い」%K%P
「やっ、はぁ、も、もうっ……」%K%P
「やっ、はぁ、も、もうっ……」%K%P
照れつつ、でもフォトブックを強引に取り上げないあたりに、真面目さが見え隠れする、というか。%K%P
照れつつ、でもフォトブックを強引に取り上げないあたりに、真面目さが見え隠れする、というか。%K%P
希実ちゃんが、姉である綾香さんに対して悪戯っぽく笑う気持ちと理由が、少しわかった気がする。%K%P
希実ちゃんが、姉である綾香さんに対して悪戯っぽく笑う気持ちと理由が、少しわかった気がする。%K%P
「……これから疲れたときは、私も法子さんにこれを借りることにしようかな」%K%P
「……これから疲れたときは、私も法子さんにこれを借りることにしようかな」%K%P
「なっ……いずみさんまで何を言い出すのっ？」%K%P
「なっ……いずみさんまで何を言い出すのっ？」%K%P
「でもほら、みんな、こんなに可愛いよ？」%K%P
「でもほら、みんな、こんなに可愛いよ？」%K%P
写真を見せつつ、あれもこれもと指で示す。%K%P
写真を見せつつ、あれもこれもと指で示す。%K%P
言いすぎかな、とも思ったけれど、困る顔が可愛らしいから、ついつい口が軽くなってしまう。%K%P
言いすぎかな、とも思ったけれど、困る顔が可愛らしいから、ついつい口が軽くなってしまう。%K%P
「それに、深皇で過ごす間は、私のフォローしてくれるって約束だったよね？　綾香さん」%K%P
「それに、深皇で過ごす間は、私のフォローしてくれるって約束だったよね？　綾香さん」%K%P
「だから、この写真を見るのも、フォローの一環、ということで……ね？」%K%P
「だから、この写真を見るのも、フォローの一環、ということで……ね？」%K%P
「そっ、それは、そうだけど……だけどっ……」%K%P
「そっ、それは、そうだけど……だけどっ……」%K%P
「……いずみ様、すごいですね」%K%P
「……いずみ様、すごいですね」%K%P
「えっ？　なにが？」%K%P
「えっ？　なにが？」%K%P
「綾香お姉ちゃんをここまでからかっちゃう人、私、初めて見ました」%K%P
「綾香お姉ちゃんをここまでからかっちゃう人、私、初めて見ました」%K%P
「あっ……え、えっと」%K%P
「あっ……え、えっと」%K%P
思わず調子に乗ってしまったところに希実ちゃんのつっこみが入ってハッとなる。%K%P
思わず調子に乗ってしまったところに希実ちゃんのつっこみが入ってハッとなる。%K%P
「これはその、綾香さんの困る様子が可愛くて、思わず、というか……」%K%P
「これはその、綾香さんの困る様子が可愛くて、思わず、というか……」%K%P
「また、可愛いって……もう、いずみさんっ」%K%P
「また、可愛いって……もう、いずみさんっ」%K%P
「あっ、いやだからっ、可愛いといっても他意はなくて、だからえっとっ……」%K%P
「あっ、いやだからっ、可愛いといっても他意はなくて、だからえっとっ……」%K%P
「くすくすっ、今度はいずみ様まで真っ赤です」%K%P
「くすくすっ、今度はいずみ様まで真っ赤です」%K%P
希実ちゃんがちょっと悪戯っぽく微笑むから、なんだか恥ずかしくて、こっちまで顔が熱くなる。%K%P
希実ちゃんがちょっと悪戯っぽく微笑むから、なんだか恥ずかしくて、こっちまで顔が熱くなる。%K%P
そんな僕と綾香さんを見て、希実ちゃんはさらに楽しそうな笑みを浮かべていた。%K%P
そんな僕と綾香さんを見て、希実ちゃんはさらに楽しそうな笑みを浮かべていた。%K%P
