「ことりちゃん、そろそろ終りにしない？」%K%P
「ことりちゃん、そろそろ終りにしない？」%K%P
「すみません、後もう少し練習します……姉様は先に戻って下さい」%K%P
「すみません、後もう少し練習します……姉様は先に戻って下さい」%K%P
全体練習が終り、今日は解散となった。%K%P
全体練習が終り、今日は解散となった。%K%P
既に綾香さん達は片付けを終え、寮の方に戻っている。%K%P
既に綾香さん達は片付けを終え、寮の方に戻っている。%K%P
僕は、一人練習を休んでいたから、取り戻したいということりちゃんに付き合っていた。%K%P
僕は、一人練習を休んでいたから、取り戻したいということりちゃんに付き合っていた。%K%P
「ことりちゃんを残してなんて……というか、的とか良く見えないんじゃない？」%K%P
「ことりちゃんを残してなんて……というか、的とか良く見えないんじゃない？」%K%P
「大丈夫です。私、目が良いんです。これだけは夕ちゃんにも負けないんですよ」%K%P
「大丈夫です。私、目が良いんです。これだけは夕ちゃんにも負けないんですよ」%K%P
「……んん…………っと」%K%P
「……んん…………っと」%K%P
暗闇を引き裂き、銀色の光が飛ぶ。%K%P
暗闇を引き裂き、銀色の光が飛ぶ。%K%P
それは的のほぼ真ん中に突き刺さる……これだけの悪条件なのに。%K%P
それは的のほぼ真ん中に突き刺さる……これだけの悪条件なのに。%K%P
やっぱりことりちゃんにはセンスがあるな。%K%P
やっぱりことりちゃんにはセンスがあるな。%K%P
「上手い、さすがことりちゃん」%K%P
「上手い、さすがことりちゃん」%K%P
「はぁはぁ……えへへ、褒められてしまいました。嬉しいな……」%K%P
「はぁはぁ……えへへ、褒められてしまいました。嬉しいな……」%K%P
「えっと…………あ、矢が無い……持ってこないと」%K%P
「えっと…………あ、矢が無い……持ってこないと」%K%P
「私が持ってくるよ。それぐらい手伝わせて」%K%P
「私が持ってくるよ。それぐらい手伝わせて」%K%P
「あ、姉様……ありがとうございます」%K%P
「あ、姉様……ありがとうございます」%K%P
アリアの事や、アーチェリーの事については、殆どアドバイス出来ないのだもの。%K%P
アリアの事や、アーチェリーの事については、殆どアドバイス出来ないのだもの。%K%P
僕が力になれる部分は、出来るだけなってあげたい。%K%P
僕が力になれる部分は、出来るだけなってあげたい。%K%P
荷物置き場に向って駆け出そうとした僕の耳に、何か、物音が聞こえた。%K%P
荷物置き場に向って駆け出そうとした僕の耳に、何か、物音が聞こえた。%K%P
「ん？　何だろう…………えっ！？」%K%P
「ん？　何だろう…………えっ！？」%K%P
反射的に振り返ってみると……そこには、地面に倒れ込んでいることりちゃんの姿があった。%K%P
反射的に振り返ってみると……そこには、地面に倒れ込んでいることりちゃんの姿があった。%K%P
急いで駆け寄り、肩を抱き上げる。%K%P
急いで駆け寄り、肩を抱き上げる。%K%P
「んぅ……くぅ……」%K%P
「んぅ……くぅ……」%K%P
「こ、ことりちゃん！　くっ、体が熱い……と、とにかく、い、医務室にっ」%K%P
「こ、ことりちゃん！　くっ、体が熱い……と、とにかく、い、医務室にっ」%K%P
ことりちゃんを抱え上げる。熱のせいか、体は火照り、しっとりとしている。%K%P
ことりちゃんを抱え上げる。熱のせいか、体は火照り、しっとりとしている。%K%P
彼女の体重プラス鎧の重みが腕に掛る。%K%P
彼女の体重プラス鎧の重みが腕に掛る。%K%P
軽いはずの彼女なのに……脱力しているせいか、重く感じる。%K%P
軽いはずの彼女なのに……脱力しているせいか、重く感じる。%K%P
今ばかりは僕が男であることに感謝した。%K%P
今ばかりは僕が男であることに感謝した。%K%P
