「あっ……」%K%P
「あっ……」%K%P
……なんだろう、この、温かくて、柔らかいような感触……%K%P
……なんだろう、この、温かくて、柔らかいような感触……%K%P
昔、お気に入りだった、クマのぬいぐるみ。%K%P
昔、お気に入りだった、クマのぬいぐるみ。%K%P
お祖母ちゃんの家にいた、毛の長い犬。%K%P
お祖母ちゃんの家にいた、毛の長い犬。%K%P
干したばかりの、ふかふかのお布団。%K%P
干したばかりの、ふかふかのお布団。%K%P
どれもこれも、僕の大好きな物。%K%P
どれもこれも、僕の大好きな物。%K%P
歌を歌いながら大好きな物に囲まれていた。%K%P
歌を歌いながら大好きな物に囲まれていた。%K%P
僕はもっと側に近寄りたくて、腕を伸す。%K%P
僕はもっと側に近寄りたくて、腕を伸す。%K%P
「きゃっ」%K%P
「きゃっ」%K%P
指先に触れたソレは、やっぱり温かくて、柔らかい……%K%P
指先に触れたソレは、やっぱり温かくて、柔らかい……%K%P
「姉様、だ、駄目です……もう……」%K%P
「姉様、だ、駄目です……もう……」%K%P
姉様？　僕は……男の子なのに…………んん。%K%P
姉様？　僕は……男の子なのに…………んん。%K%P
「あっ、姉様、お目が醒めましたか？」%K%P
「あっ、姉様、お目が醒めましたか？」%K%P
「……あれ？　ことりちゃん。なんで？」%K%P
「……あれ？　ことりちゃん。なんで？」%K%P
あれ、確か僕はことりちゃんを看病していて……それからどうしたんだろう。%K%P
あれ、確か僕はことりちゃんを看病していて……それからどうしたんだろう。%K%P
「えへ、姉様の寝顔を見ていました。そうしたら、姉様にタッチされてしまいました」%K%P
「えへ、姉様の寝顔を見ていました。そうしたら、姉様にタッチされてしまいました」%K%P
「寝顔？　タッチ？　…………あ、ご、ごめんっ」%K%P
「寝顔？　タッチ？　…………あ、ご、ごめんっ」%K%P
僕の指先に触れている物……それはことりちゃんのお腹。%K%P
僕の指先に触れている物……それはことりちゃんのお腹。%K%P
すごい、なんですべすべで気持ち良いんだろう……%K%P
すごい、なんですべすべで気持ち良いんだろう……%K%P
って、駄目でしょ――僕は慌てて手を離す。%K%P
って、駄目でしょ――僕は慌てて手を離す。%K%P
「んんっ……よっぽど私のお腹、気に入ったんですね、姉様」%K%P
「んんっ……よっぽど私のお腹、気に入ったんですね、姉様」%K%P
「でも、恥ずかしいので、出来れば、あまり触らないでくださいね」%K%P
「でも、恥ずかしいので、出来れば、あまり触らないでくださいね」%K%P
「あ、あの、寝ぼけてて、つい……あ、で、でも、どうして一緒に寝てるのかな」%K%P
「あ、あの、寝ぼけてて、つい……あ、で、でも、どうして一緒に寝てるのかな」%K%P
「夜中、姉様のくしゃみで目が醒めて……風邪ひいちゃってもいけませんので、お布団に入ってもらいました」%K%P
「夜中、姉様のくしゃみで目が醒めて……風邪ひいちゃってもいけませんので、お布団に入ってもらいました」%K%P
「それに……えへへ、私もちょっと寒かったから。あの、駄目でしたか？」%K%P
「それに……えへへ、私もちょっと寒かったから。あの、駄目でしたか？」%K%P
駄目じゃないけど……でも考えてみれば、女の子と一緒のお布団で寝たのか。%K%P
駄目じゃないけど……でも考えてみれば、女の子と一緒のお布団で寝たのか。%K%P
覚えていないのが悲しいような……%K%P
覚えていないのが悲しいような……%K%P
「あのね、姉様、寝言、言ってました」%K%P
「あのね、姉様、寝言、言ってました」%K%P
「えっ、寝言？　へ、へんなこと言ってなかった？」%K%P
「えっ、寝言？　へ、へんなこと言ってなかった？」%K%P
僕とか、男性と疑われるような事、言ってなければいいけど……%K%P
僕とか、男性と疑われるような事、言ってなければいいけど……%K%P
「最初はですね、寒いとか、ふかふかーとかでしたけど。その後は……」%K%P
「最初はですね、寒いとか、ふかふかーとかでしたけど。その後は……」%K%P
「そ、その後は？」%K%P
「そ、その後は？」%K%P
「聞き取れないような言葉になってしまって。でも、自然と耳に入ってくるんです」%K%P
「聞き取れないような言葉になってしまって。でも、自然と耳に入ってくるんです」%K%P
「それで、ずっと聞いてたら、私も寝てしまいました。まるで子守歌みたいでした」%K%P
「それで、ずっと聞いてたら、私も寝てしまいました。まるで子守歌みたいでした」%K%P
「さすが、姉様は{歌姫:ディーバ}様ですね、ふふ」%K%P
「さすが、姉様は{歌姫:ディーバ}様ですね、ふふ」%K%P
確かに歌を歌っていた夢を見た気がする……自然と口ずさんでしまったのだろうか。%K%P
確かに歌を歌っていた夢を見た気がする……自然と口ずさんでしまったのだろうか。%K%P
「そ、そうだったんだ。あ、体調の方はどう？　熱下がった？」%K%P
「そ、そうだったんだ。あ、体調の方はどう？　熱下がった？」%K%P
「はい。もう元気いっぱいです。これも姉様が側にいてくれたお陰です」%K%P
「はい。もう元気いっぱいです。これも姉様が側にいてくれたお陰です」%K%P
柔らかく笑うことりちゃん。確かに顔色も元通りになっている。%K%P
柔らかく笑うことりちゃん。確かに顔色も元通りになっている。%K%P
「あの姉様、ずっと看病してくれたんですよね、その、ごめんなさい」%K%P
「あの姉様、ずっと看病してくれたんですよね、その、ごめんなさい」%K%P
「姉様だって慣れない生活で疲れてるのに。迷惑ばっかりお掛けしてしまって」%K%P
「姉様だって慣れない生活で疲れてるのに。迷惑ばっかりお掛けしてしまって」%K%P
「そんなこと気にしないでよ。私は、ことりちゃんの姉様なんだから」%K%P
「そんなこと気にしないでよ。私は、ことりちゃんの姉様なんだから」%K%P
だから、このぐらいは全然平気なんだよ。%K%P
だから、このぐらいは全然平気なんだよ。%K%P
「けど、無理はもうしないでね。私もだけど、夕陽ちゃんや綾香さん達も心配したんだから」%K%P
「けど、無理はもうしないでね。私もだけど、夕陽ちゃんや綾香さん達も心配したんだから」%K%P
「あ、はい。そうですね……私、自分のことばっかり考えてました」%K%P
「あ、はい。そうですね……私、自分のことばっかり考えてました」%K%P
「私、リーダーとして全然皆様のお役に立ててないって思っちゃって」%K%P
「私、リーダーとして全然皆様のお役に立ててないって思っちゃって」%K%P
「だから、なんとかしようって。リーダーとして、{騎士:ワルキュリア}として認められたいんです。あの、もう無理はしませんけど、頑張りたいんです」%K%P
「だから、なんとかしようって。リーダーとして、{騎士:ワルキュリア}として認められたいんです。あの、もう無理はしませんけど、頑張りたいんです」%K%P
「姉様、駄目でしょうか？　私自分の気持ちに、もう嘘をつきたくないんです」%K%P
「姉様、駄目でしょうか？　私自分の気持ちに、もう嘘をつきたくないんです」%K%P
落ち着いた口調で話すことりちゃん。彼女の明確な意志がしっかりと伝わってくる。%K%P
落ち着いた口調で話すことりちゃん。彼女の明確な意志がしっかりと伝わってくる。%K%P
夕陽ちゃんも言ってたように、ことりちゃんは変わろうとしている。%K%P
夕陽ちゃんも言ってたように、ことりちゃんは変わろうとしている。%K%P
胸が疼く……こんなにも真摯な彼女に、僕は嘘を付いている。%K%P
胸が疼く……こんなにも真摯な彼女に、僕は嘘を付いている。%K%P
「姉様……駄目でしょうか？」%K%P
「姉様……駄目でしょうか？」%K%P
「ううん、駄目じゃないよ。分かった、私もできるだけ応援する。でも無理だけはしないって約束してね？」%K%P
「ううん、駄目じゃないよ。分かった、私もできるだけ応援する。でも無理だけはしないって約束してね？」%K%P
「はいっ。もう、姉様に心配は掛けられませんから」%K%P
「はいっ。もう、姉様に心配は掛けられませんから」%K%P
ことりちゃんは僕の事を姉様として懐いてくれている。%K%P
ことりちゃんは僕の事を姉様として懐いてくれている。%K%P
女装をして、男であることを隠している僕を。%K%P
女装をして、男であることを隠している僕を。%K%P
……僕が男だってバレたら、ことりちゃんの気持ちは、どうなってしまうんだろ。%K%P
……僕が男だってバレたら、ことりちゃんの気持ちは、どうなってしまうんだろ。%K%P
「……あの、姉様、私変なこと言いますけど……いいですか？」%K%P
「……あの、姉様、私変なこと言いますけど……いいですか？」%K%P
「変なこと？　いいよ、聞かせて」%K%P
「変なこと？　いいよ、聞かせて」%K%P
「えっと、それでは……姉様も知ってると思いますけど、私、引っ込み思案で、夕ちゃん以外の仲良い人ってあまりいなかったんです」%K%P
「えっと、それでは……姉様も知ってると思いますけど、私、引っ込み思案で、夕ちゃん以外の仲良い人ってあまりいなかったんです」%K%P
「けど、姉様と知り合えて……大好きな姉様のお陰で、なんていうか、誰かと仲良くなるのっていいなって、そう思えて」%K%P
「けど、姉様と知り合えて……大好きな姉様のお陰で、なんていうか、誰かと仲良くなるのっていいなって、そう思えて」%K%P
大好き……その言葉に思わず胸がときめく。%K%P
大好き……その言葉に思わず胸がときめく。%K%P
「最近では、私の方からクラスメイトの子達に、話しかけるようにしてるんです」%K%P
「最近では、私の方からクラスメイトの子達に、話しかけるようにしてるんです」%K%P
「頑張ってるんだね、ことりちゃん」%K%P
「頑張ってるんだね、ことりちゃん」%K%P
僕の言葉に小さく頷くことりちゃん。%K%P
僕の言葉に小さく頷くことりちゃん。%K%P
そして、何かを決意したかのように、一つ息を吐いて……%K%P
そして、何かを決意したかのように、一つ息を吐いて……%K%P
「その……姉様は、私のこと好きですか？」%K%P
「その……姉様は、私のこと好きですか？」%K%P
「えっ…………」%K%P
「えっ…………」%K%P
好きか……だって？　思わず息をのむ。%K%P
好きか……だって？　思わず息をのむ。%K%P
「もし、姉様が男の人だったら、私は恋人になれたでしょうか？」%K%P
「もし、姉様が男の人だったら、私は恋人になれたでしょうか？」%K%P
ことりちゃんが、僕の恋人……に？%K%P
ことりちゃんが、僕の恋人……に？%K%P
僕が男だって疑ってるのかな……そんな戸惑いを、ことりちゃんの真っ直ぐな視線が吹き飛ばす。%K%P
僕が男だって疑ってるのかな……そんな戸惑いを、ことりちゃんの真っ直ぐな視線が吹き飛ばす。%K%P
違う、ことりちゃんはただ、正直な思いを告げているだけだ。%K%P
違う、ことりちゃんはただ、正直な思いを告げているだけだ。%K%P
「ことりちゃん……」%K%P
「ことりちゃん……」%K%P
僕は『もし』じゃなくて、男なんだ。%K%P
僕は『もし』じゃなくて、男なんだ。%K%P
だから、恋人になれる……けど、それを告げることは、出来ない。%K%P
だから、恋人になれる……けど、それを告げることは、出来ない。%K%P
「……なんて、たとえばのお話しですよ」%K%P
「……なんて、たとえばのお話しですよ」%K%P
「そんなに真面目なお顔、しないでください、ことり、困ってしまいます」%K%P
「そんなに真面目なお顔、しないでください、ことり、困ってしまいます」%K%P
「あ、うん……そうだね、たとえばのお話し、ね」%K%P
「あ、うん……そうだね、たとえばのお話し、ね」%K%P
ガッカリしている自分に気がつく。僕は、ことりちゃんと恋人同士になりたいのだろうか……%K%P
ガッカリしている自分に気がつく。僕は、ことりちゃんと恋人同士になりたいのだろうか……%K%P
「その……えっと……な、なんだか暑くなってしまいました」%K%P
「その……えっと……な、なんだか暑くなってしまいました」%K%P
微妙な空気を振り払うかのように、身じろぎをすることりちゃん。%K%P
微妙な空気を振り払うかのように、身じろぎをすることりちゃん。%K%P
「普段ブラジャーは取って寝るんですけど、着けたままだったからでしょうか」%K%P
「普段ブラジャーは取って寝るんですけど、着けたままだったからでしょうか」%K%P
襟元が少しはだけて、チラリとブラのヒモが見えた……わ、ちょっとドキッとする。%K%P
襟元が少しはだけて、チラリとブラのヒモが見えた……わ、ちょっとドキッとする。%K%P
「あう、こ、ことりちゃん、なにをしてるの」%K%P
「あう、こ、ことりちゃん、なにをしてるの」%K%P
「ちょっとヒモのところが、んん……痒いような気がして……やっぱり着けて寝るのは、慣れません」%K%P
「ちょっとヒモのところが、んん……痒いような気がして……やっぱり着けて寝るのは、慣れません」%K%P
そうか、ことりちゃんはブラジャーを外して寝るんだ……%K%P
そうか、ことりちゃんはブラジャーを外して寝るんだ……%K%P
「本当は着けて寝た方が良いみたいですけど。形が崩れないとか」%K%P
「本当は着けて寝た方が良いみたいですけど。形が崩れないとか」%K%P
形が崩れない？　な、なんの形が崩れないんですか？%K%P
形が崩れない？　な、なんの形が崩れないんですか？%K%P
「といっても……そんな心配するほど、私、大きくないんですけどね、えへへ」%K%P
「といっても……そんな心配するほど、私、大きくないんですけどね、えへへ」%K%P
「そ、そんなこと、無いと思うけど。ちゃんとしてたよ、うん」%K%P
「そ、そんなこと、無いと思うけど。ちゃんとしてたよ、うん」%K%P
わ、僕なにを口走ってるんだ？%K%P
わ、僕なにを口走ってるんだ？%K%P
「えへ、そうでした？　あのですね、姉様に教えますけど……私、大きさはダメダメですけど……」%K%P
「えへ、そうでした？　あのですね、姉様に教えますけど……私、大きさはダメダメですけど……」%K%P
「形は、結構、いいかなって」%K%P
「形は、結構、いいかなって」%K%P
「か、形？」%K%P
「か、形？」%K%P
「はい……胸の形です……えへへ」%K%P
「はい……胸の形です……えへへ」%K%P
女の子とお布団に入って、女装をしたまま胸の話をする。%K%P
女の子とお布団に入って、女装をしたまま胸の話をする。%K%P
まさか日本に帰ってきたらこんな事になるなんて……ちょっと前からは想像も付かないシチュエーションだ。%K%P
まさか日本に帰ってきたらこんな事になるなんて……ちょっと前からは想像も付かないシチュエーションだ。%K%P
「夕ちゃんにも褒められたんですから、えへへ」%K%P
「夕ちゃんにも褒められたんですから、えへへ」%K%P
「夕陽ちゃん？　え、それって？」%K%P
「夕陽ちゃん？　え、それって？」%K%P
「はいっ。ことりんの……は、とっても綺麗だって。なんか照れちゃいますよね」%K%P
「はいっ。ことりんの……は、とっても綺麗だって。なんか照れちゃいますよね」%K%P
「私のより良い形してるって……でも大きさは勝ってるだなんて……ヒドイですよね、もう」%K%P
「私のより良い形してるって……でも大きさは勝ってるだなんて……ヒドイですよね、もう」%K%P
そうか、形はことりちゃんで、大きさは夕陽ちゃんなんだ、へー……あの時は焦っていて、気がつかなかったけど。%K%P
そうか、形はことりちゃんで、大きさは夕陽ちゃんなんだ、へー……あの時は焦っていて、気がつかなかったけど。%K%P
ちょっと待って、胸の形を評価し合うって、え、どんな状況なんだろ。%K%P
ちょっと待って、胸の形を評価し合うって、え、どんな状況なんだろ。%K%P
「お風呂で誰もいないからって、触ったりするし。私が嫌がると、もっとしてきちゃって……」%K%P
「お風呂で誰もいないからって、触ったりするし。私が嫌がると、もっとしてきちゃって……」%K%P
「そ、そうなんだ……触っちゃうんだ……もっとしちゃうんだ」%K%P
「そ、そうなんだ……触っちゃうんだ……もっとしちゃうんだ」%K%P
「はいっ。だから、私もお返しにしちゃうんですけどね、えへへ」%K%P
「はいっ。だから、私もお返しにしちゃうんですけどね、えへへ」%K%P
多分ふざけているだけなんだろうけど……%K%P
多分ふざけているだけなんだろうけど……%K%P
身近の、顔を良く知っている子がしてるって思うと……これは、刺激が強すぎる。%K%P
身近の、顔を良く知っている子がしてるって思うと……これは、刺激が強すぎる。%K%P
「あんまりにも騒がしくするから、一度なんて法子さんに怒られてしまいました。夕ちゃん悪ふざけしすぎですよね」%K%P
「あんまりにも騒がしくするから、一度なんて法子さんに怒られてしまいました。夕ちゃん悪ふざけしすぎですよね」%K%P
「お風呂でふざけると、ケガするって……あれ、姉様、どうしたんですか？」%K%P
「お風呂でふざけると、ケガするって……あれ、姉様、どうしたんですか？」%K%P
「ちょっとお顔が赤くなってます。もしかして、お体の具合が悪いんですか？」%K%P
「ちょっとお顔が赤くなってます。もしかして、お体の具合が悪いんですか？」%K%P
「……う、ううん、ちょっと暑いだけ。夕陽ちゃんらしいね、あはは」%K%P
「……う、ううん、ちょっと暑いだけ。夕陽ちゃんらしいね、あはは」%K%P
体の具合は悪くないけど、体の都合は悪くなってるかも。%K%P
体の具合は悪くないけど、体の都合は悪くなってるかも。%K%P
「そうだ、姉様は着けて寝るんですか？　ブラジャー」%K%P
「そうだ、姉様は着けて寝るんですか？　ブラジャー」%K%P
「わ、私？　え、えっと……私、無くても大丈夫だから、あはは」%K%P
「わ、私？　え、えっと……私、無くても大丈夫だから、あはは」%K%P
さすがに下着までは着けない――そこは最後の砦の様な気がする。%K%P
さすがに下着までは着けない――そこは最後の砦の様な気がする。%K%P
「今日は、お洋服のままだから…………あ、着けてませんね」%K%P
「今日は、お洋服のままだから…………あ、着けてませんね」%K%P
「ひうっ！　こ、ことりちゃん！」%K%P
「ひうっ！　こ、ことりちゃん！」%K%P
ことりちゃんの手が、僕の胸に伸される。%K%P
ことりちゃんの手が、僕の胸に伸される。%K%P
変に抵抗するのも不自然だし……どうしよう。%K%P
変に抵抗するのも不自然だし……どうしよう。%K%P
「やだっ、姉様、変な声だして」%K%P
「やだっ、姉様、変な声だして」%K%P
「あ、姉様の……ふふ、可愛いですね」%K%P
「あ、姉様の……ふふ、可愛いですね」%K%P
「え、わ、私の……が？」%K%P
「え、わ、私の……が？」%K%P
そうか、僕の胸って、可愛いのか……複雑だな。%K%P
そうか、僕の胸って、可愛いのか……複雑だな。%K%P
って、胸を触るなんてことりちゃんは大胆だよね。%K%P
って、胸を触るなんてことりちゃんは大胆だよね。%K%P
おそらく、本人は夕陽ちゃんとのじゃれっこと同じように思ってるんだろうけど。%K%P
おそらく、本人は夕陽ちゃんとのじゃれっこと同じように思ってるんだろうけど。%K%P
……あれ、何か音がしたような。%K%P
……あれ、何か音がしたような。%K%P
「はい、姉様のお洋服がです。ご自分で買ったんですか？」%K%P
「はい、姉様のお洋服がです。ご自分で買ったんですか？」%K%P
「あ、洋服ね、あはは……これは、法子さんが用意してくれて。急に寮に入ることになったから」%K%P
「あ、洋服ね、あはは……これは、法子さんが用意してくれて。急に寮に入ることになったから」%K%P
「あ、さすがですね。センスがいいです……あれ、なにか」%K%P
「あ、さすがですね。センスがいいです……あれ、なにか」%K%P
「あんっ、指がっ」%K%P
「あんっ、指がっ」%K%P
そんな動かされると……あぅう、変な気分になっちゃう。%K%P
そんな動かされると……あぅう、変な気分になっちゃう。%K%P
「あ、姉様、もしかして……」%K%P
「あ、姉様、もしかして……」%K%P
「えっ！？」%K%P
「えっ！？」%K%P
小さな驚きの声をあげ、動きを止めることりちゃん。%K%P
小さな驚きの声をあげ、動きを止めることりちゃん。%K%P
これは……まずいかも。%K%P
これは……まずいかも。%K%P
「触らせてもらってて、気がついたんですけど……」%K%P
「触らせてもらってて、気がついたんですけど……」%K%P
「……あぅ……」%K%P
「……あぅ……」%K%P
「サイズとか気にしてたんですか？」%K%P
「サイズとか気にしてたんですか？」%K%P
「…………へ？」%K%P
「…………へ？」%K%P
「その、バストの部分が目立たないような仕立てなので……」%K%P
「その、バストの部分が目立たないような仕立てなので……」%K%P
「わ、私、姉様の……が小さくても気にしませんから」%K%P
「わ、私、姉様の……が小さくても気にしませんから」%K%P
「ううん、小さい方がいいです。私とお揃いですから」%K%P
「ううん、小さい方がいいです。私とお揃いですから」%K%P
「お、大きさより形だと思いますから！　ね、姉様」%K%P
「お、大きさより形だと思いますから！　ね、姉様」%K%P
「……何が大きさより形なのよ」%K%P
「……何が大きさより形なのよ」%K%P
「やだ、心配して来てみれば……」%K%P
「やだ、心配して来てみれば……」%K%P
「ふぇ？」%K%P
「ふぇ？」%K%P
あれ、この部屋には僕らしかいなかった筈……%K%P
あれ、この部屋には僕らしかいなかった筈……%K%P
「あ、綾香様！？　それに、美琴様まで！？　やぁん」%K%P
「あ、綾香様！？　それに、美琴様まで！？　やぁん」%K%P
「ごきげんよう、お二人とも。お邪魔だったかしら？」%K%P
「ごきげんよう、お二人とも。お邪魔だったかしら？」%K%P
「なんどもノックしたのだけど、返事が無いから。悪いとは思ったんだけどね」%K%P
「なんどもノックしたのだけど、返事が無いから。悪いとは思ったんだけどね」%K%P
「ご、ごきげんよう。い、いや、今のは、その、なんでもないから」%K%P
「ご、ごきげんよう。い、いや、今のは、その、なんでもないから」%K%P
そう、ただ一緒に女の子同士でベッドで寝ていただけ。%K%P
そう、ただ一緒に女の子同士でベッドで寝ていただけ。%K%P
って、ことりちゃん布団に潜っちゃってるし……うう、説得力が無いよ、これじゃ。%K%P
って、ことりちゃん布団に潜っちゃってるし……うう、説得力が無いよ、これじゃ。%K%P
「いずみさん、なんでも無いのね？\n　というか、{なんでも、無かったのね:・・・・・・・・・・・}？」%K%P
「いずみさん、なんでも無いのね？\n　というか、{なんでも、無かったのね:・・・・・・・・・・・}？」%K%P
「も、もちろん、いやだなー綾香さん、ちょ、ちょっとふざけてただけだよ」%K%P
「も、もちろん、いやだなー綾香さん、ちょ、ちょっとふざけてただけだよ」%K%P
「ふふふ、そうなの？　なーんか良い感じだったけど。私、そういうのには理解有る方だから、応援してあげるわよ」%K%P
「ふふふ、そうなの？　なーんか良い感じだったけど。私、そういうのには理解有る方だから、応援してあげるわよ」%K%P
「や、やめてよ、美琴さん、んも、ことりちゃんも何とか言ってぇ」%K%P
「や、やめてよ、美琴さん、んも、ことりちゃんも何とか言ってぇ」%K%P
「こ、ことりは、いません、寝てますっ」%K%P
「こ、ことりは、いません、寝てますっ」%K%P
「女の子とベッドで、一緒にだなんて……もう、いずみさんたら」%K%P
「女の子とベッドで、一緒にだなんて……もう、いずみさんたら」%K%P
「落ち着いた？　ことりちゃん」%K%P
「落ち着いた？　ことりちゃん」%K%P
「は、はい、すみません、お見苦しいところ、お見せしまして」%K%P
「は、はい、すみません、お見苦しいところ、お見せしまして」%K%P
お布団に潜り込んだことりちゃんを説得し、着替えてもらった。%K%P
お布団に潜り込んだことりちゃんを説得し、着替えてもらった。%K%P
ふう……それにしても、見られてたなんて……思い出すだけで僕もお布団に潜りたくなるよ。%K%P
ふう……それにしても、見られてたなんて……思い出すだけで僕もお布団に潜りたくなるよ。%K%P
「全然見苦しくなんて無いわ。良い絵だったわよ。あのことりちゃんが、あんなにも大胆に……」%K%P
「全然見苦しくなんて無いわ。良い絵だったわよ。あのことりちゃんが、あんなにも大胆に……」%K%P
「あうぅ、み、美琴さまぁ、ゆ、許してください」%K%P
「あうぅ、み、美琴さまぁ、ゆ、許してください」%K%P
「美琴さん、そのくらいにしてあげて。元はと言えば、私が原因だし」%K%P
「美琴さん、そのくらいにしてあげて。元はと言えば、私が原因だし」%K%P
「姉様は悪くありません、私が倒れちゃったから」%K%P
「姉様は悪くありません、私が倒れちゃったから」%K%P
「はいはい、そこまでにしましょう、お話しが進まないわ。美琴もことりちゃんが可愛いからっていじめないの」%K%P
「はいはい、そこまでにしましょう、お話しが進まないわ。美琴もことりちゃんが可愛いからっていじめないの」%K%P
綾香さんがパンパンと手を叩いて、流れを断ち切る。%K%P
綾香さんがパンパンと手を叩いて、流れを断ち切る。%K%P
助かったけど……後で説明しておかないと。%K%P
助かったけど……後で説明しておかないと。%K%P
「ことりちゃん、もう、体の方は大丈夫なの？　顔色はいいみたいだけど」%K%P
「ことりちゃん、もう、体の方は大丈夫なの？　顔色はいいみたいだけど」%K%P
「は、はい。もう、大丈夫です、直ぐにでも練習できます」%K%P
「は、はい。もう、大丈夫です、直ぐにでも練習できます」%K%P
「こらこら、無理しないの。昨日の今日でしょ」%K%P
「こらこら、無理しないの。昨日の今日でしょ」%K%P
「えっ、でもアリアまで時間がありませんし……」%K%P
「えっ、でもアリアまで時間がありませんし……」%K%P
「あなたの今日の役割は、ご飯を食べて、水分をとって、たっぷり寝ることよ」%K%P
「あなたの今日の役割は、ご飯を食べて、水分をとって、たっぷり寝ることよ」%K%P
時間が無い今だからこそ、無理はしてはいけないよね。いざ本番って時に倒れたら、目も当てられない。%K%P
時間が無い今だからこそ、無理はしてはいけないよね。いざ本番って時に倒れたら、目も当てられない。%K%P
「いずみ姉様も一緒に練習するから、一人でゆっくり休めるしね。イチャイチャもせずに」%K%P
「いずみ姉様も一緒に練習するから、一人でゆっくり休めるしね。イチャイチャもせずに」%K%P
「み、美琴さん！？」\n「み、美琴様！？」%K%P
「み、美琴さん！？」\n「み、美琴様！？」%K%P
「もう美琴ったら……たしかに、この二人は、いじめたくなっちゃうのは分かるけれどね」%K%P
「もう美琴ったら……たしかに、この二人は、いじめたくなっちゃうのは分かるけれどね」%K%P
綾香さんが大げさにため息をつく。%K%P
綾香さんが大げさにため息をつく。%K%P
けれどどこか楽しげだ。%K%P
けれどどこか楽しげだ。%K%P
「ことりちゃん、あなたは確かにリーダーだけれど、経験も少ないでしょう？」%K%P
「ことりちゃん、あなたは確かにリーダーだけれど、経験も少ないでしょう？」%K%P
「実力だって、正直わたしや美琴には及ばないと思うの」%K%P
「実力だって、正直わたしや美琴には及ばないと思うの」%K%P
「……は、はい、そうですね……だ、だからこそっ」%K%P
「……は、はい、そうですね……だ、だからこそっ」%K%P
「そう、だからこそ、もっと頼って欲しいの――わたし達を」%K%P
「そう、だからこそ、もっと頼って欲しいの――わたし達を」%K%P
「あっ…………」%K%P
「あっ…………」%K%P
「足りないところはカバーすればいいの。あたしたちのチームは凄くバランスが良いんだから」%K%P
「足りないところはカバーすればいいの。あたしたちのチームは凄くバランスが良いんだから」%K%P
「前衛にはわたしの剣、中盤には美琴の槍」%K%P
「前衛にはわたしの剣、中盤には美琴の槍」%K%P
「そして、後衛にはあなたの弓」%K%P
「そして、後衛にはあなたの弓」%K%P
「あなたと、綾香とあたしで、{歌姫:ディーバ}を守り、戦い抜くの」%K%P
「あなたと、綾香とあたしで、{歌姫:ディーバ}を守り、戦い抜くの」%K%P
「ね、あなた一人きりじゃないんだから」%K%P
「ね、あなた一人きりじゃないんだから」%K%P
「美琴様……綾香様…………は、はい！」%K%P
「美琴様……綾香様…………は、はい！」%K%P
僕は黙って彼女達の会話に耳を傾けていた。%K%P
僕は黙って彼女達の会話に耳を傾けていた。%K%P
まだまだ足りないところはあるけれど、このチームでなら、アリアをすばらしいものに出来る……そう確信した。%K%P
まだまだ足りないところはあるけれど、このチームでなら、アリアをすばらしいものに出来る……そう確信した。%K%P
