午前中の授業が終わり、学園内がざわめく――とりあえず廊下に出てみたものの……さて、どうしようかな。%K%P
午前中の授業が終わり、学園内がざわめく――とりあえず廊下に出てみたものの……さて、どうしようかな。%K%P
普段だったら綾香さん達とお昼にするところだけど、法子さんの呼び出しで、学園長室に行ってしまったし。%K%P
普段だったら綾香さん達とお昼にするところだけど、法子さんの呼び出しで、学園長室に行ってしまったし。%K%P
まあ、一人で食べても良いけれど……ちょっと寂しいかも。%K%P
まあ、一人で食べても良いけれど……ちょっと寂しいかも。%K%P
けど、誰か一緒にお昼を食べてくれるような人って……%K%P
けど、誰か一緒にお昼を食べてくれるような人って……%K%P
一人の女の子の姿が、脳裏に浮かぶ。%K%P
一人の女の子の姿が、脳裏に浮かぶ。%K%P
「あっ、そうだ、楓さん、誘ってみようかな」%K%P
「あっ、そうだ、楓さん、誘ってみようかな」%K%P
彼女の名前を口に出してみる――何故か軽くなった足取りで、楓さんの教室に向った。%K%P
彼女の名前を口に出してみる――何故か軽くなった足取りで、楓さんの教室に向った。%K%P
二つ返事でＯＫしてくれた楓さんと、お昼を食べる。%K%P
二つ返事でＯＫしてくれた楓さんと、お昼を食べる。%K%P
因みに今日のメニューは、サバのみそ煮とひじきの煮物、それとなめこと絹豆腐のお味噌汁、デザートに抹茶の水ようかん。%K%P
因みに今日のメニューは、サバのみそ煮とひじきの煮物、それとなめこと絹豆腐のお味噌汁、デザートに抹茶の水ようかん。%K%P
和食好きな楓さんにならって、僕も同じ物にした。やっぱり日本で食べる和食は美味しいや。%K%P
和食好きな楓さんにならって、僕も同じ物にした。やっぱり日本で食べる和食は美味しいや。%K%P
「いずみさん、放課後、あなたの練習に付き合せてもらってもいいかな？」%K%P
「いずみさん、放課後、あなたの練習に付き合せてもらってもいいかな？」%K%P
「歌の？　うん、別にいいけど、また、なんで」%K%P
「歌の？　うん、別にいいけど、また、なんで」%K%P
箸の動きを止め、楓さんが僕に尋ねる。%K%P
箸の動きを止め、楓さんが僕に尋ねる。%K%P
「ん、深い意味は無いけど、いつも私の稽古に付き合ってもらっているから……かな。そのお礼にと思って」%K%P
「ん、深い意味は無いけど、いつも私の稽古に付き合ってもらっているから……かな。そのお礼にと思って」%K%P
「なーんだ。あれは、私が好きでやってるんだもの。別に気を使わなくていいよ」%K%P
「なーんだ。あれは、私が好きでやってるんだもの。別に気を使わなくていいよ」%K%P
ほんと律儀だな、彼女。%K%P
ほんと律儀だな、彼女。%K%P
楓さんの稽古を見るのは楽しい。良い刺激を受けるんだ。%K%P
楓さんの稽古を見るのは楽しい。良い刺激を受けるんだ。%K%P
「だったら私も好きでやる。ならいいかな？」%K%P
「だったら私も好きでやる。ならいいかな？」%K%P
「あは、そう来たね。うん、もちろん。面白いかどうかは分からないけど、聴きに来てよ」%K%P
「あは、そう来たね。うん、もちろん。面白いかどうかは分からないけど、聴きに来てよ」%K%P
僕はお味噌汁に口を付ける。湯気の向こうで楓さんが微笑んでいた。%K%P
僕はお味噌汁に口を付ける。湯気の向こうで楓さんが微笑んでいた。%K%P
放課後、僕を迎えに来た楓さんと、音楽室に向かった。%K%P
放課後、僕を迎えに来た楓さんと、音楽室に向かった。%K%P
鍵を外そうとして、扉に手を掛ける……あれ？%K%P
鍵を外そうとして、扉に手を掛ける……あれ？%K%P
「ん、どうかした？　いずみさん」%K%P
「ん、どうかした？　いずみさん」%K%P
「鍵、開いてる……あ、もしかして、奏さんがレッスン中かな？」%K%P
「鍵、開いてる……あ、もしかして、奏さんがレッスン中かな？」%K%P
もう一人の{歌姫:ディーバ}、城ヶ崎奏さん。%K%P
もう一人の{歌姫:ディーバ}、城ヶ崎奏さん。%K%P
彼女もここの鍵を持っているから、中に誰かいるとすれば、奏さんになるのだが。%K%P
彼女もここの鍵を持っているから、中に誰かいるとすれば、奏さんになるのだが。%K%P
「なるほど、練習中だったら、出直してみるのも……」%K%P
「なるほど、練習中だったら、出直してみるのも……」%K%P
「……いずみさん？　どうぞ、中に入っていらして」%K%P
「……いずみさん？　どうぞ、中に入っていらして」%K%P
邪魔じゃないかな？　でも、奏さんが声を掛けてくれてるんだから、入らない方が、失礼か。%K%P
邪魔じゃないかな？　でも、奏さんが声を掛けてくれてるんだから、入らない方が、失礼か。%K%P
「えっと、それじゃ、お邪魔しますね」%K%P
「えっと、それじゃ、お邪魔しますね」%K%P
「あらあら、これは珍しい組み合わせですわね。ごきげんよう、いずみさん、楓さん」%K%P
「あらあら、これは珍しい組み合わせですわね。ごきげんよう、いずみさん、楓さん」%K%P
楽譜を手に持った奏さんが、ソレで口元を押え、微笑む。%K%P
楽譜を手に持った奏さんが、ソレで口元を押え、微笑む。%K%P
{楚々:そそ}とした仕草が、お嬢様が集う、この学園の雰囲気によく合っていた。%K%P
{楚々:そそ}とした仕草が、お嬢様が集う、この学園の雰囲気によく合っていた。%K%P
「ごきげんよう、奏さん。ええ、楓さんがレッスンに付き合ってくれると言ってくれたので」%K%P
「ごきげんよう、奏さん。ええ、楓さんがレッスンに付き合ってくれると言ってくれたので」%K%P
「ごきげんよう。練習の邪魔じゃなかったかな？」%K%P
「ごきげんよう。練習の邪魔じゃなかったかな？」%K%P
「お心遣い、感謝いたします。丁度終りにしようと思っていたところですわ」%K%P
「お心遣い、感謝いたします。丁度終りにしようと思っていたところですわ」%K%P
「今日は授業が早く終わったもので。今まで歌っていたところですの」%K%P
「今日は授業が早く終わったもので。今まで歌っていたところですの」%K%P
「あ、そうなんだ、タイミングが良かったね」%K%P
「あ、そうなんだ、タイミングが良かったね」%K%P
クラスが違うせいか、奏さんと練習時間がかち合うことはあまり無い。%K%P
クラスが違うせいか、奏さんと練習時間がかち合うことはあまり無い。%K%P
けれども、たまにどちらかが使っている事はあるんだ。%K%P
けれども、たまにどちらかが使っている事はあるんだ。%K%P
「楓さんはここでお見受けするのは初めてなのですけど、いずみさんとは仲良くされているのかしら？」%K%P
「楓さんはここでお見受けするのは初めてなのですけど、いずみさんとは仲良くされているのかしら？」%K%P
「ん、近頃は昼食とか、ご一緒させてもらってる」%K%P
「ん、近頃は昼食とか、ご一緒させてもらってる」%K%P
「そうでしたか、仲がよろしくていいですわね、うふふ」%K%P
「そうでしたか、仲がよろしくていいですわね、うふふ」%K%P
「それにしても……{歌姫:ディーバ}と{騎士:ワルキュリア}がお互いの練習を見たり、聴いたりするのは、結びつきを強めるためにも、いいかもしれませんわね」%K%P
「それにしても……{歌姫:ディーバ}と{騎士:ワルキュリア}がお互いの練習を見たり、聴いたりするのは、結びつきを強めるためにも、いいかもしれませんわね」%K%P
「なるほど、意識はしなかったけれど、それはあるかもしれない。いずみさんも、私の稽古によく付き合ってくれるし」%K%P
「なるほど、意識はしなかったけれど、それはあるかもしれない。いずみさんも、私の稽古によく付き合ってくれるし」%K%P
「あら、そうなんですの。私ももう少し、千影の練習にお付き合いしようかしら……」%K%P
「あら、そうなんですの。私ももう少し、千影の練習にお付き合いしようかしら……」%K%P
「ああ、いけない。この後、千影と約束してたの。すっかり忘れていましたわ。どうしましょ」%K%P
「ああ、いけない。この後、千影と約束してたの。すっかり忘れていましたわ。どうしましょ」%K%P
……と言うわりには、全然慌てていないところが奏さんらしいな。%K%P
……と言うわりには、全然慌てていないところが奏さんらしいな。%K%P
「それでは、急ぎますので、これにて失礼いたしますわ。ごゆっくり」%K%P
「それでは、急ぎますので、これにて失礼いたしますわ。ごゆっくり」%K%P
「ん、ありがとう。奏さんも気を付けて」%K%P
「ん、ありがとう。奏さんも気を付けて」%K%P
「うん、またね、奏さん」%K%P
「うん、またね、奏さん」%K%P
まったく慌てる様子もなく、しずしずと音楽室を出て行った奏さん。%K%P
まったく慌てる様子もなく、しずしずと音楽室を出て行った奏さん。%K%P
あの落ち着き振りは見習うべきかも知れないな。%K%P
あの落ち着き振りは見習うべきかも知れないな。%K%P
「なるほど、最近こっちの音楽室を授業で使わないと思っていたけど……{歌姫:ディーバ}の練習場所だったんだ」%K%P
「なるほど、最近こっちの音楽室を授業で使わないと思っていたけど……{歌姫:ディーバ}の練習場所だったんだ」%K%P
「うん、深皇祭まで奏さんと私専用になってるんだ。なんか贅沢なようで、申し訳無い気もするけどね」%K%P
「うん、深皇祭まで奏さんと私専用になってるんだ。なんか贅沢なようで、申し訳無い気もするけどね」%K%P
「そんなことは無いと思う。{歌姫:ディーバ}は深皇祭の、いや、深皇学園のシンボルだから。これは一層気合いを入れて、アリアに臨まないと」%K%P
「そんなことは無いと思う。{歌姫:ディーバ}は深皇祭の、いや、深皇学園のシンボルだから。これは一層気合いを入れて、アリアに臨まないと」%K%P
しきりに頷いている楓さん。ポニーテールが揺れている。%K%P
しきりに頷いている楓さん。ポニーテールが揺れている。%K%P
「それじゃ、レッスンを始めるね。良かったら、そこの椅子にでも座ってて」%K%P
「それじゃ、レッスンを始めるね。良かったら、そこの椅子にでも座ってて」%K%P
「ん、大丈夫。こちらの事は気にしないで欲しい」%K%P
「ん、大丈夫。こちらの事は気にしないで欲しい」%K%P
しっかりとした木造作りの譜面台に向かい、頬と額に掛っていた髪を掻き上げる。%K%P
しっかりとした木造作りの譜面台に向かい、頬と額に掛っていた髪を掻き上げる。%K%P
微かに香る花のような匂い……奏さんの残り香だろうか。ゆっくりと深呼吸……静謐な空間に漂うソレを纏めて胸に吸い込む。%K%P
微かに香る花のような匂い……奏さんの残り香だろうか。ゆっくりと深呼吸……静謐な空間に漂うソレを纏めて胸に吸い込む。%K%P
ウォーミングアップを兼ねて、発音練習。僕が本格的に歌い始めてからの習慣だ。%K%P
ウォーミングアップを兼ねて、発音練習。僕が本格的に歌い始めてからの習慣だ。%K%P
「んっ、これは……」%K%P
「んっ、これは……」%K%P
ぴしっと背筋を伸して立っている楓さんが、小さく口を開ける。ふふ、座っててと言ったのに……%K%P
ぴしっと背筋を伸して立っている楓さんが、小さく口を開ける。ふふ、座っててと言ったのに……%K%P
段々と声量を上げていく。うん、今日は良い調子だ――そのまま言葉をメロディーに乗せる。%K%P
段々と声量を上げていく。うん、今日は良い調子だ――そのまま言葉をメロディーに乗せる。%K%P
頭に思い浮かんだ歌詞と、記憶の中のフレーズを組み合わせ、歌を奏でる。%K%P
頭に思い浮かんだ歌詞と、記憶の中のフレーズを組み合わせ、歌を奏でる。%K%P
個人でレッスンするときは、こんな感じの練習もする。%K%P
個人でレッスンするときは、こんな感じの練習もする。%K%P
インプロビゼーション――即興演奏……いや、僕の場合は、即興歌唱かな。%K%P
インプロビゼーション――即興演奏……いや、僕の場合は、即興歌唱かな。%K%P
キッチリと型にはまった練習も必要だけど、自由な発想を鍛えることも大事だと思うから。%K%P
キッチリと型にはまった練習も必要だけど、自由な発想を鍛えることも大事だと思うから。%K%P
想像上の舞台で、想像上の共演者と楽曲を作り上げる。挑発的なヴァイオリンのスピカ―ト――速弾きに応えるように、声を出す。%K%P
想像上の舞台で、想像上の共演者と楽曲を作り上げる。挑発的なヴァイオリンのスピカ―ト――速弾きに応えるように、声を出す。%K%P
指を滑らせ、音階を引くピアノのグリッサンドは、まるで階段を駆け下りるような勢いだ。%K%P
指を滑らせ、音階を引くピアノのグリッサンドは、まるで階段を駆け下りるような勢いだ。%K%P
ティンパニが大気を振わせ、オーボエが高音部のソロを奏でる。%K%P
ティンパニが大気を振わせ、オーボエが高音部のソロを奏でる。%K%P
共演者と音楽という舞台を作り上げ、観客に届ける……僕はこんな共同作業が大好きだ。%K%P
共演者と音楽という舞台を作り上げ、観客に届ける……僕はこんな共同作業が大好きだ。%K%P
世界で唯一の、そして二度と再現することの出来ない曲を、僕は歌い続けた。%K%P
世界で唯一の、そして二度と再現することの出来ない曲を、僕は歌い続けた。%K%P
「ふぅー、ちょっと休憩っと」%K%P
「ふぅー、ちょっと休憩っと」%K%P
大きく息を吐き、譜面台の前から離れる。%K%P
大きく息を吐き、譜面台の前から離れる。%K%P
二重のガラス窓を通して、微かにチャイムが聞こえてきた――気がつけば、結構な時間が経っていた。%K%P
二重のガラス窓を通して、微かにチャイムが聞こえてきた――気がつけば、結構な時間が経っていた。%K%P
「…………」%K%P
「…………」%K%P
「あ、楓さん、結局ずっと立っていたんだ。疲れたでしょ。座っててくれれば良かったのに」%K%P
「あ、楓さん、結局ずっと立っていたんだ。疲れたでしょ。座っててくれれば良かったのに」%K%P
腕組みをしたままの楓さん。その瞳はしっかりと僕を見つめ、微動だにしない。%K%P
腕組みをしたままの楓さん。その瞳はしっかりと僕を見つめ、微動だにしない。%K%P
「あれ、楓さん、どうかした？　退屈で寝ちゃってたとか……ってうわっ」%K%P
「あれ、楓さん、どうかした？　退屈で寝ちゃってたとか……ってうわっ」%K%P
「……これ程までとは……これ程までとは思わなかった！　塚原いずみさん！」%K%P
「……これ程までとは……これ程までとは思わなかった！　塚原いずみさん！」%K%P
「う、うわわ、ちょ、なになになに？　なんでフルネーム！？」%K%P
「う、うわわ、ちょ、なになになに？　なんでフルネーム！？」%K%P
楓さんが僕に掴みかからんばかりに接近して、まくし立てる。%K%P
楓さんが僕に掴みかからんばかりに接近して、まくし立てる。%K%P
「講堂で、あなたの歌を聴いたことがあったけど、あの時はあいにく後ろの方だったから」%K%P
「講堂で、あなたの歌を聴いたことがあったけど、あの時はあいにく後ろの方だったから」%K%P
「今日、近くで改めて聴かせて貰って……魂を奪われた」%K%P
「今日、近くで改めて聴かせて貰って……魂を奪われた」%K%P
「そ、そんな大げさな……あ、あう！」%K%P
「そ、そんな大げさな……あ、あう！」%K%P
更に接近する楓さん。その、吐息がかかって、首筋がくすぐったいというか……%K%P
更に接近する楓さん。その、吐息がかかって、首筋がくすぐったいというか……%K%P
「大げさじゃない。ああ、なんて、なんていう調べだろう」%K%P
「大げさじゃない。ああ、なんて、なんていう調べだろう」%K%P
「なんていうか……そう、まるで天女のような歌声。これなら{天:あま}の岩戸だって開く」%K%P
「なんていうか……そう、まるで天女のような歌声。これなら{天:あま}の岩戸だって開く」%K%P
「あ、ありがとう。あは、あはは……もうちょっとだけ離れて貰えると、助かるかも」%K%P
「あ、ありがとう。あは、あはは……もうちょっとだけ離れて貰えると、助かるかも」%K%P
よっぽど僕の歌が気にいってくれたのだろうか、それからしばらく賞賛の言葉が続いた。%K%P
よっぽど僕の歌が気にいってくれたのだろうか、それからしばらく賞賛の言葉が続いた。%K%P
嬉しいけど、その、時折体が触れて……楓さんって鍛えてるのに、柔らかいんだな。%K%P
嬉しいけど、その、時折体が触れて……楓さんって鍛えてるのに、柔らかいんだな。%K%P
「……ごめん、少しはしたなかった。その、あまりにもいずみさんの歌が素晴らしかったから」%K%P
「……ごめん、少しはしたなかった。その、あまりにもいずみさんの歌が素晴らしかったから」%K%P
「いいよ、いいよ。私、こんなに褒められたの、初めてだし。すっごく嬉しいよ」%K%P
「いいよ、いいよ。私、こんなに褒められたの、初めてだし。すっごく嬉しいよ」%K%P
「えっ、そうなのか？　これなら外国でも充分通用すると思うけれど」%K%P
「えっ、そうなのか？　これなら外国でも充分通用すると思うけれど」%K%P
「ううん、それは、まだまだ。留学先には私よりずっと上手い子もいるし、才能に溢れる人もいるから」%K%P
「ううん、それは、まだまだ。留学先には私よりずっと上手い子もいるし、才能に溢れる人もいるから」%K%P
今でこそ、なんとかやっていく自信が付いてきたけど、最初の頃は、正直凹みまくっていた。%K%P
今でこそ、なんとかやっていく自信が付いてきたけど、最初の頃は、正直凹みまくっていた。%K%P
なまじ意気込んで行っただけに、鼻っ柱をへし折られた気がして……あれは辛かったな。%K%P
なまじ意気込んで行っただけに、鼻っ柱をへし折られた気がして……あれは辛かったな。%K%P
「いずみさんでもそうなのか。やっぱり世界は広いんだ……まあ、私もそうだったし」%K%P
「いずみさんでもそうなのか。やっぱり世界は広いんだ……まあ、私もそうだったし」%K%P
「あれ、楓さんも留学していた事あるの？」%K%P
「あれ、楓さんも留学していた事あるの？」%K%P
「……うん。まあ、いずみさんと似たような感じだと思う。たいして面白い話ではないから……」%K%P
「……うん。まあ、いずみさんと似たような感じだと思う。たいして面白い話ではないから……」%K%P
表情が硬い――もしかして触れられたくなかったのかな？　だとしたら、悪いことしちゃったな……%K%P
表情が硬い――もしかして触れられたくなかったのかな？　だとしたら、悪いことしちゃったな……%K%P
「それより、一つ、聞きたいことがあるんだけど……いいかな？」%K%P
「それより、一つ、聞きたいことがあるんだけど……いいかな？」%K%P
「うん、いいよ、なんでも聞いて」%K%P
「うん、いいよ、なんでも聞いて」%K%P
「いずみさんが歌っていた曲は、なんという題名？」%K%P
「いずみさんが歌っていた曲は、なんという題名？」%K%P
「ああ、それ。んー、なんだろうね、分からないなあ」%K%P
「ああ、それ。んー、なんだろうね、分からないなあ」%K%P
題名といってもあの場限りの曲だからね。%K%P
題名といってもあの場限りの曲だからね。%K%P
「えっ、分からないって……それって、知らない曲を歌っていたってこと？」%K%P
「えっ、分からないって……それって、知らない曲を歌っていたってこと？」%K%P
「というか、即興だから。思いついた言葉を、浮かんできたメロディに乗せて歌うんだよ」%K%P
「というか、即興だから。思いついた言葉を、浮かんできたメロディに乗せて歌うんだよ」%K%P
「ええっ？　この場で思いついて？　……なんて才能」%K%P
「ええっ？　この場で思いついて？　……なんて才能」%K%P
「全くの無から瞬時に生み出すなんて……私だったらそのような事、しようとさえ思わない」%K%P
「全くの無から瞬時に生み出すなんて……私だったらそのような事、しようとさえ思わない」%K%P
「そんなそんな、大したことじゃないって。ジャンルは違うけど、ジャズとかでもあるから」%K%P
「そんなそんな、大したことじゃないって。ジャンルは違うけど、ジャズとかでもあるから」%K%P
ジャズ以外にも、音楽家が即興でセッションをするなんてこともあるものね。%K%P
ジャズ以外にも、音楽家が即興でセッションをするなんてこともあるものね。%K%P
「それにしてもだよ。こんなこと、そう、出来る事じゃないと思う。ん、いずみさんは本当に{歌姫:ディーバ}にふさわしい」%K%P
「それにしてもだよ。こんなこと、そう、出来る事じゃないと思う。ん、いずみさんは本当に{歌姫:ディーバ}にふさわしい」%K%P
「あなたのような{歌姫:ディーバ}を迎え、アリアに参加出来る事、{騎士:ワルキュリア}として誇らしく思う」%K%P
「あなたのような{歌姫:ディーバ}を迎え、アリアに参加出来る事、{騎士:ワルキュリア}として誇らしく思う」%K%P
{歌姫:ディーバ}……姫か……僕は本当は男の子で、性別を偽ってこの学園にいる。%K%P
{歌姫:ディーバ}……姫か……僕は本当は男の子で、性別を偽ってこの学園にいる。%K%P
彼女はこんなにも僕を信じて、思いの丈をぶつけてくれているのに。%K%P
彼女はこんなにも僕を信じて、思いの丈をぶつけてくれているのに。%K%P
胸に両手を重ね置く。じくじくと鈍い痛みが走った。%K%P
胸に両手を重ね置く。じくじくと鈍い痛みが走った。%K%P
