ドキドキと早鐘を打っている胸を押え、一つ深呼吸をする。%K%P
ドキドキと早鐘を打っている胸を押え、一つ深呼吸をする。%K%P
逃げだそうとしている足を無理矢理押さえつけ、僕はドアをノックした。%K%P
逃げだそうとしている足を無理矢理押さえつけ、僕はドアをノックした。%K%P
「……ことりちゃん、いる？　私、いずみだけど」%K%P
「……ことりちゃん、いる？　私、いずみだけど」%K%P
…………返事が無い。%K%P
…………返事が無い。%K%P
このまま、返事をしないで欲しい。%K%P
このまま、返事をしないで欲しい。%K%P
部屋にいなければ……部屋に入れなければいい。%K%P
部屋にいなければ……部屋に入れなければいい。%K%P
そんな都合のいい僕の思いは、遠慮がちな返事で打ち消される。%K%P
そんな都合のいい僕の思いは、遠慮がちな返事で打ち消される。%K%P
「います、どうぞ、姉様」%K%P
「います、どうぞ、姉様」%K%P
「こんな遅くに、ごめんね。あ、着替えの前だった？」%K%P
「こんな遅くに、ごめんね。あ、着替えの前だった？」%K%P
「大丈夫です。姉様も制服のままなんですね。今日はお帰りが遅かったんですか？」%K%P
「大丈夫です。姉様も制服のままなんですね。今日はお帰りが遅かったんですか？」%K%P
「うん、ちょうど奏さんと練習時間が重なっちゃって」%K%P
「うん、ちょうど奏さんと練習時間が重なっちゃって」%K%P
「折角だからって、かわりばんこに歌っていたら、結構遅くなっちゃった」%K%P
「折角だからって、かわりばんこに歌っていたら、結構遅くなっちゃった」%K%P
「そうでしたか、お疲れ様です。あ、そのクッキー拾って下さったんですね」%K%P
「そうでしたか、お疲れ様です。あ、そのクッキー拾って下さったんですね」%K%P
「これ、クッキーなんだね。まだ温かいけれど、もしかしてことりちゃんが焼いたの？」%K%P
「これ、クッキーなんだね。まだ温かいけれど、もしかしてことりちゃんが焼いたの？」%K%P
「はい。姉様に食べてもらおうと思って、学園の調理室で焼いてきました。この前、看病していただいたお礼です」%K%P
「はい。姉様に食べてもらおうと思って、学園の調理室で焼いてきました。この前、看病していただいたお礼です」%K%P
「そんな気を使ってもらわなくてもいいのに。でも、自分でクッキーを焼けるなんて、凄いね」%K%P
「そんな気を使ってもらわなくてもいいのに。でも、自分でクッキーを焼けるなんて、凄いね」%K%P
「えへ、私、お菓子作るの好きなんです。お家では良く作ってたんですよ。深皇学園に入ってからは、なかなか機会が無くて」%K%P
「えへ、私、お菓子作るの好きなんです。お家では良く作ってたんですよ。深皇学園に入ってからは、なかなか機会が無くて」%K%P
「そうなんだ。そういえば、夕陽ちゃんは？　お風呂かな？」%K%P
「そうなんだ。そういえば、夕陽ちゃんは？　お風呂かな？」%K%P
「夕ちゃんは、お家に帰ってます。お父様の誕生パーティーだそうですよ。美味しい物が食べれるって、はしゃいでました」%K%P
「夕ちゃんは、お家に帰ってます。お父様の誕生パーティーだそうですよ。美味しい物が食べれるって、はしゃいでました」%K%P
「あはは、夕陽ちゃんらしいね。そっか……」%K%P
「あはは、夕陽ちゃんらしいね。そっか……」%K%P
「はい…………」%K%P
「はい…………」%K%P
「うん…………」%K%P
「うん…………」%K%P
「………………」%K%P
「………………」%K%P
恐れていた沈黙が訪れる。%K%P
恐れていた沈黙が訪れる。%K%P
これ以上、引き延ばすのは、良くない――ことりちゃんに失礼だろう。%K%P
これ以上、引き延ばすのは、良くない――ことりちゃんに失礼だろう。%K%P
「私と綾香さんのお話……聞いちゃったよね」%K%P
「私と綾香さんのお話……聞いちゃったよね」%K%P
「……はい、ごめんなさい」%K%P
「……はい、ごめんなさい」%K%P
「謝らないで。私の不注意なんだから……どの辺りから聞いてたのかな」%K%P
「謝らないで。私の不注意なんだから……どの辺りから聞いてたのかな」%K%P
「多分、最初からです。あの、クッキーをお渡ししようと思ったら、綾香様が姉様に話し掛けられたので……お待ちしていようと……」%K%P
「多分、最初からです。あの、クッキーをお渡ししようと思ったら、綾香様が姉様に話し掛けられたので……お待ちしていようと……」%K%P
「そうだったんだね」%K%P
「そうだったんだね」%K%P
言葉を切り、胸を押える。%K%P
言葉を切り、胸を押える。%K%P
手の平は火照り、湿っていた。%K%P
手の平は火照り、湿っていた。%K%P
「ご免なさい、私はあなたに嘘をついていたの」%K%P
「ご免なさい、私はあなたに嘘をついていたの」%K%P
「…………」%K%P
「…………」%K%P
ことりちゃんが体を{竦:すく}める……怖がらせてしまっただろうか。%K%P
ことりちゃんが体を{竦:すく}める……怖がらせてしまっただろうか。%K%P
唇が震える。絶望感が押し寄せてくる。%K%P
唇が震える。絶望感が押し寄せてくる。%K%P
同時に、どこかホッとしている自分がいる。%K%P
同時に、どこかホッとしている自分がいる。%K%P
隠していた事実を告げることによって、罪の意識を逃れようとしているのかもしれない。%K%P
隠していた事実を告げることによって、罪の意識を逃れようとしているのかもしれない。%K%P
「あなたも知ってのとおり、私は……ううん、僕は、男なんだ。女装をして、深皇学園に通っていた」%K%P
「あなたも知ってのとおり、私は……ううん、僕は、男なんだ。女装をして、深皇学園に通っていた」%K%P
「女の子と偽って、{歌姫:ディーバ}を演じ、学園生活を送っていた」%K%P
「女の子と偽って、{歌姫:ディーバ}を演じ、学園生活を送っていた」%K%P
「……んぅ……」%K%P
「……んぅ……」%K%P
ことりちゃんは、僕を軽蔑しているのだろうか？%K%P
ことりちゃんは、僕を軽蔑しているのだろうか？%K%P
それとも怒っているのだろうか。%K%P
それとも怒っているのだろうか。%K%P
「こんなこと、急に言われても、きっと驚いているだろうし、理解出来ないよね」%K%P
「こんなこと、急に言われても、きっと驚いているだろうし、理解出来ないよね」%K%P
「けど、ことりちゃんには全て話しておきたいから……聞いてもらえるかな？」%K%P
「けど、ことりちゃんには全て話しておきたいから……聞いてもらえるかな？」%K%P
「……はい……」%K%P
「……はい……」%K%P
そして、僕はこの学園に来ることになった経緯を話し始めた。%K%P
そして、僕はこの学園に来ることになった経緯を話し始めた。%K%P
一つ一つ、丁寧に説明していく――ことりちゃんには知る権利があると思ったから。%K%P
一つ一つ、丁寧に説明していく――ことりちゃんには知る権利があると思ったから。%K%P
住む場所が無くなって、困ってしまった事。%K%P
住む場所が無くなって、困ってしまった事。%K%P
ネットカフェに寝泊まりした事。%K%P
ネットカフェに寝泊まりした事。%K%P
公園で歌を歌い、生活費を稼いだ事。%K%P
公園で歌を歌い、生活費を稼いだ事。%K%P
そして、法子さんや綾香さんと知り合って、この話を持ちかけられた事。%K%P
そして、法子さんや綾香さんと知り合って、この話を持ちかけられた事。%K%P
「――そして、今、ことりちゃん達の{歌姫:ディーバ}を演じているんだ」%K%P
「――そして、今、ことりちゃん達の{歌姫:ディーバ}を演じているんだ」%K%P
「…………そうだったんですね」%K%P
「…………そうだったんですね」%K%P
「でも、法子さんや、綾香さんを悪く思わないで欲しい。女装をするって決めたのは、僕なんだから」%K%P
「でも、法子さんや、綾香さんを悪く思わないで欲しい。女装をするって決めたのは、僕なんだから」%K%P
「こんなこと、言えた義理じゃないけれど、それだけはお願いしたいんだ」%K%P
「こんなこと、言えた義理じゃないけれど、それだけはお願いしたいんだ」%K%P
学園長代理として、慣れない業務に奮闘している法子さんの苦労や、学園の為に身を粉にして動いている綾香さんの思い。%K%P
学園長代理として、慣れない業務に奮闘している法子さんの苦労や、学園の為に身を粉にして動いている綾香さんの思い。%K%P
これは紛れもなく本物なのだから。%K%P
これは紛れもなく本物なのだから。%K%P
「分かってます。綾香様達はいつも学園や、学生のことを想ってくださってますから」%K%P
「分かってます。綾香様達はいつも学園や、学生のことを想ってくださってますから」%K%P
「……あ、すみません……姉……いずみ様を立たせたままだなんて……」%K%P
「……あ、すみません……姉……いずみ様を立たせたままだなんて……」%K%P
姉様と言いかけて止めてしまう。%K%P
姉様と言いかけて止めてしまう。%K%P
とてつもなく、堪えた。%K%P
とてつもなく、堪えた。%K%P
「椅子とか丁度良いのが無くて……あの、ここで良かったら、お掛け下さい」%K%P
「椅子とか丁度良いのが無くて……あの、ここで良かったら、お掛け下さい」%K%P
ことりちゃんがベッドを指し示す。%K%P
ことりちゃんがベッドを指し示す。%K%P
わずか数日前、一緒に入ったお布団。%K%P
わずか数日前、一緒に入ったお布団。%K%P
すぐ側にいるのに、今ではとても遠くにいるように思えた。%K%P
すぐ側にいるのに、今ではとても遠くにいるように思えた。%K%P
「…………ふぅー」%K%P
「…………ふぅー」%K%P
ことりちゃんの小さな口が開き、ため息がこぼれる。%K%P
ことりちゃんの小さな口が開き、ため息がこぼれる。%K%P
どんな罵詈雑言でも甘んじよう、そう心に決める。%K%P
どんな罵詈雑言でも甘んじよう、そう心に決める。%K%P
「その、なんていうか……まだ、色々と混乱しています」%K%P
「その、なんていうか……まだ、色々と混乱しています」%K%P
「いずみ様が、男の方だったなんて……全然気がつきませんでした」%K%P
「いずみ様が、男の方だったなんて……全然気がつきませんでした」%K%P
軽蔑されたかな……%K%P
軽蔑されたかな……%K%P
怒られても良い、泣かれても良い。%K%P
怒られても良い、泣かれても良い。%K%P
叩かれても、矢で射られてもしょうがない。%K%P
叩かれても、矢で射られてもしょうがない。%K%P
けれど、嫌われるのだけは……耐えきれそうもない。%K%P
けれど、嫌われるのだけは……耐えきれそうもない。%K%P
「いずみさ……あ、お名前は、いずみ様でよろしいんですか？」%K%P
「いずみさ……あ、お名前は、いずみ様でよろしいんですか？」%K%P
「本当の名前は和泉司。平和の和に、水が湧き出る泉、そして{司:つかさど}る」%K%P
「本当の名前は和泉司。平和の和に、水が湧き出る泉、そして{司:つかさど}る」%K%P
「わぁ、素敵なお名前ですね……和泉司、様……かぁ」%K%P
「わぁ、素敵なお名前ですね……和泉司、様……かぁ」%K%P
「あの、なんてお呼びしたらいいですか？」%K%P
「あの、なんてお呼びしたらいいですか？」%K%P
「好きに呼んでくれて良いよ。というか、あの、ことりちゃん、怒ってないの？」%K%P
「好きに呼んでくれて良いよ。というか、あの、ことりちゃん、怒ってないの？」%K%P
「えっ、どうして怒るんですか？　えっと……いずみ様は悪いことしたんですか？」%K%P
「えっ、どうして怒るんですか？　えっと……いずみ様は悪いことしたんですか？」%K%P
「ええ！？　だ、だってみんなに、性別を偽ってたし、黙ってたんだよ？」%K%P
「ええ！？　だ、だってみんなに、性別を偽ってたし、黙ってたんだよ？」%K%P
怒られて当然だと思うけど……あれ、違うのかな。%K%P
怒られて当然だと思うけど……あれ、違うのかな。%K%P
「うーん、でも深皇学園には男の方は入れませんし、{歌姫:ディーバ}もお一人足らなかったんですよね」%K%P
「うーん、でも深皇学園には男の方は入れませんし、{歌姫:ディーバ}もお一人足らなかったんですよね」%K%P
「えっと、いずみ様が女装して、{歌姫:ディーバ}を引き受けてくれたから、アリアが開催できるんですよね」%K%P
「えっと、いずみ様が女装して、{歌姫:ディーバ}を引き受けてくれたから、アリアが開催できるんですよね」%K%P
「あっと、そうなるのかな」%K%P
「あっと、そうなるのかな」%K%P
「綾香様の願いは叶って、私達はアリアに参加出来て、いずみ様は住むところが出来て……なにがいけないのでしょうか」%K%P
「綾香様の願いは叶って、私達はアリアに参加出来て、いずみ様は住むところが出来て……なにがいけないのでしょうか」%K%P
「みんなが助かって、幸せになれて……駄目なのかな？」%K%P
「みんなが助かって、幸せになれて……駄目なのかな？」%K%P
うぅんと小さく唸りながら、小首を傾げることりちゃん。%K%P
うぅんと小さく唸りながら、小首を傾げることりちゃん。%K%P
あれ、もしかして、僕は悪くないの？%K%P
あれ、もしかして、僕は悪くないの？%K%P
「あっ！？　もしかして！」%K%P
「あっ！？　もしかして！」%K%P
「や、やっぱり、怒ってる！？」%K%P
「や、やっぱり、怒ってる！？」%K%P
そうだよね、悪くないわけ無いよね……%K%P
そうだよね、悪くないわけ無いよね……%K%P
「い、いずみ様は、その、えっちなことをしようとして、学園に入ったのですか？」%K%P
「い、いずみ様は、その、えっちなことをしようとして、学園に入ったのですか？」%K%P
「ええ？　な、なにそれっ、エッチぃ？」%K%P
「ええ？　な、なにそれっ、エッチぃ？」%K%P
「だ、だったら、ことり、怒ります！　そ、そんなの駄目です、えっちです！」%K%P
「だ、だったら、ことり、怒ります！　そ、そんなの駄目です、えっちです！」%K%P
「違う違う、そんな気は全然無いよっ」%K%P
「違う違う、そんな気は全然無いよっ」%K%P
「ほ、本当ですか？」%K%P
「ほ、本当ですか？」%K%P
「本当だよ、誓う、そう……姫に誓ってエッチの為なんてことは……ありません」%K%P
「本当だよ、誓う、そう……姫に誓ってエッチの為なんてことは……ありません」%K%P
「うー…………」%K%P
「うー…………」%K%P
ことりちゃんが大きな目で僕を見つめる。%K%P
ことりちゃんが大きな目で僕を見つめる。%K%P
エッチな事を目的に入ったんじゃない――結果としては、多少、そんな場面もあったけど。%K%P
エッチな事を目的に入ったんじゃない――結果としては、多少、そんな場面もあったけど。%K%P
でも、性別を偽るなんていう嘘をついていたんだ、今更信じてもらえないよね……%K%P
でも、性別を偽るなんていう嘘をついていたんだ、今更信じてもらえないよね……%K%P
「うん、分かりました、信じます」%K%P
「うん、分かりました、信じます」%K%P
「し、信じちゃうの？」%K%P
「し、信じちゃうの？」%K%P
「だって、いずみ様の言ってることは、本当のことなんですよね？　綾香様の為、深皇学園の為にこちらにいらしたんですものね」%K%P
「だって、いずみ様の言ってることは、本当のことなんですよね？　綾香様の為、深皇学園の為にこちらにいらしたんですものね」%K%P
「そうだよ。後は、僕の生活の為ってのもあるけどね」%K%P
「そうだよ。後は、僕の生活の為ってのもあるけどね」%K%P
「だったら、なにも悪くないです。いずみ様は正しいです」%K%P
「だったら、なにも悪くないです。いずみ様は正しいです」%K%P
ことりちゃんがはっきりと言い切る。%K%P
ことりちゃんがはっきりと言い切る。%K%P
他の誰の、どんな言葉より、今の僕には嬉しくて、勇気づけられる言葉だった。%K%P
他の誰の、どんな言葉より、今の僕には嬉しくて、勇気づけられる言葉だった。%K%P
「はぁ～……いずみ様、ちょっとだけごめんなさい」%K%P
「はぁ～……いずみ様、ちょっとだけごめんなさい」%K%P
「う、うん、いいけれど……」%K%P
「う、うん、いいけれど……」%K%P
ことりちゃんが僕に寄りかかる。%K%P
ことりちゃんが僕に寄りかかる。%K%P
さっきまでの気張っていた態度はどこへやら……まるで家庭訪問を終えた子供のように、脱力している。%K%P
さっきまでの気張っていた態度はどこへやら……まるで家庭訪問を終えた子供のように、脱力している。%K%P
「ちょっと疲れちゃいました。いずみ様がビックリさせるからですよ？」%K%P
「ちょっと疲れちゃいました。いずみ様がビックリさせるからですよ？」%K%P
「でも、いずみ様は、もっと大変だったんですよね……女の子の格好をして、慣れない生活をして、そして、私のことまで気に掛けてくれて」%K%P
「でも、いずみ様は、もっと大変だったんですよね……女の子の格好をして、慣れない生活をして、そして、私のことまで気に掛けてくれて」%K%P
ことりちゃんの温もりが、僕の強ばった体と気持ちを解していく。%K%P
ことりちゃんの温もりが、僕の強ばった体と気持ちを解していく。%K%P
「凄い勇気ですよね。いくら綾香様に頼まれて、他に事情があったとしても、女装して学園に転入するなんて」%K%P
「凄い勇気ですよね。いくら綾香様に頼まれて、他に事情があったとしても、女装して学園に転入するなんて」%K%P
「私にはとてもそんな行動力がありません。尊敬してしまいます、姉様……あっ」%K%P
「私にはとてもそんな行動力がありません。尊敬してしまいます、姉様……あっ」%K%P
姉様……まだそう呼んでくれるんだ。%K%P
姉様……まだそう呼んでくれるんだ。%K%P
体の中に、ぽっと火が点ったかのように温もりが拡がっていく。%K%P
体の中に、ぽっと火が点ったかのように温もりが拡がっていく。%K%P
「まだ、僕はことりちゃんの姉様でいいのかな？」%K%P
「まだ、僕はことりちゃんの姉様でいいのかな？」%K%P
「も、もちろんです！　男の人だから、姉様って呼んでもいいかのかなって、思いましたけど……やっぱりいずみ様は姉様なんです」%K%P
「も、もちろんです！　男の人だから、姉様って呼んでもいいかのかなって、思いましたけど……やっぱりいずみ様は姉様なんです」%K%P
「あ、それとも、バレてしまったら、学園にいられなくなるとかですか？」%K%P
「あ、それとも、バレてしまったら、学園にいられなくなるとかですか？」%K%P
「ことり、そんなの嫌です！　絶対嫌っ」%K%P
「ことり、そんなの嫌です！　絶対嫌っ」%K%P
「ことりちゃん以外は知らない筈だから、内緒にしててもらえば、大丈夫だと思う」%K%P
「ことりちゃん以外は知らない筈だから、内緒にしててもらえば、大丈夫だと思う」%K%P
「だったら、内緒にしてます。誰にも、夕ちゃんにだって言いません」%K%P
「だったら、内緒にしてます。誰にも、夕ちゃんにだって言いません」%K%P
ぎゅうっと体をおしつけて、言い募ることりちゃん。%K%P
ぎゅうっと体をおしつけて、言い募ることりちゃん。%K%P
小ぶりながらも、柔らかな膨らみが、押しつけられる。%K%P
小ぶりながらも、柔らかな膨らみが、押しつけられる。%K%P
「うん……ありがとう、ことりちゃん」%K%P
「うん……ありがとう、ことりちゃん」%K%P
「はい。あ、でも……一個だけ、私、怒ってるんです」%K%P
「はい。あ、でも……一個だけ、私、怒ってるんです」%K%P
「綾香様とだけの秘密だなんて……ずるいです」%K%P
「綾香様とだけの秘密だなんて……ずるいです」%K%P
小さな子供のように、唇を尖らせる……ふふ、可愛いな。%K%P
小さな子供のように、唇を尖らせる……ふふ、可愛いな。%K%P
なんだろう、些細な事が今ではとても貴重な物のように思える。%K%P
なんだろう、些細な事が今ではとても貴重な物のように思える。%K%P
「……ごめんね、ことりちゃん」%K%P
「……ごめんね、ことりちゃん」%K%P
「駄目です、許しません」%K%P
「駄目です、許しません」%K%P
「許して欲しかったら……私にも……私だけの秘密をください」%K%P
「許して欲しかったら……私にも……私だけの秘密をください」%K%P
「……うん」%K%P
「……うん」%K%P
体を寄せあう。ことりちゃんの吐息が掛る。%K%P
体を寄せあう。ことりちゃんの吐息が掛る。%K%P
僕はそっと唇を重ねた。%K%P
僕はそっと唇を重ねた。%K%P
「……んぅ……んん」%K%P
「……んぅ……んん」%K%P
「……んん」%K%P
「……んん」%K%P
甘く痺れるような感覚。%K%P
甘く痺れるような感覚。%K%P
初めて触れた唇は、柔らかくて、温かい。%K%P
初めて触れた唇は、柔らかくて、温かい。%K%P
僕は夢中で貪る。%K%P
僕は夢中で貪る。%K%P
「……んぅ、んん…………あん」%K%P
「……んぅ、んん…………あん」%K%P
「んん……んん……」%K%P
「んん……んん……」%K%P
「……んん…………んぱぁっ……」%K%P
「……んん…………んぱぁっ……」%K%P
「はぁはぁはぁ……もう、姉様、息、止まってしまいます」%K%P
「はぁはぁはぁ……もう、姉様、息、止まってしまいます」%K%P
「はぁはぁ……ご、ごめんね……その、ことりちゃんの唇、吸い付くみたいで……癖になっちゃいそう」%K%P
「はぁはぁ……ご、ごめんね……その、ことりちゃんの唇、吸い付くみたいで……癖になっちゃいそう」%K%P
「あぅ……そんな、えっちな言い方しないでください……」%K%P
「あぅ……そんな、えっちな言い方しないでください……」%K%P
「で、でも、姉様の、く、くちびるも、ぷるんってしてて、とても気持ちいいです」%K%P
「で、でも、姉様の、く、くちびるも、ぷるんってしてて、とても気持ちいいです」%K%P
ことりちゃんが潤んだ瞳で見上げる。%K%P
ことりちゃんが潤んだ瞳で見上げる。%K%P
キスで濡れた唇が、室内の明かりを受けて光った。%K%P
キスで濡れた唇が、室内の明かりを受けて光った。%K%P
「あの、姉様……もう一っか……」%K%P
「あの、姉様……もう一っか……」%K%P
「んちゅぅ……んんぅん……んん」%K%P
「んちゅぅ……んんぅん……んん」%K%P
「……ちゅぅ……んんちゅぅう……ちゅぅ……んんちゅぅう……」%K%P
「……ちゅぅ……んんちゅぅう……ちゅぅ……んんちゅぅう……」%K%P
敏感な部分を触れ合わせる。%K%P
敏感な部分を触れ合わせる。%K%P
幾らでもキスをしていたい気分になる。%K%P
幾らでもキスをしていたい気分になる。%K%P
ことりちゃんが欲しい……体の奥底から、情欲が沸き上がってくる。%K%P
ことりちゃんが欲しい……体の奥底から、情欲が沸き上がってくる。%K%P
「んんぅ、んんちゅぅ……んん…………んっぱぁ……」%K%P
「んんぅ、んんちゅぅ……んん…………んっぱぁ……」%K%P
「はぁはぁはぁ…………んぅ……」%K%P
「はぁはぁはぁ…………んぅ……」%K%P
「姉様……私、好き…………姉様のこと、大好きです」%K%P
「姉様……私、好き…………姉様のこと、大好きです」%K%P
「僕も……ことりちゃんが好き、すごく好き」%K%P
「僕も……ことりちゃんが好き、すごく好き」%K%P
体の奥から、抑えきれない感情がわき上がってくる。%K%P
体の奥から、抑えきれない感情がわき上がってくる。%K%P
僕はこの雪代ことりという女の子が堪らなく愛おしい。%K%P
僕はこの雪代ことりという女の子が堪らなく愛おしい。%K%P
ことりちゃんの声、体温、全てを感じていたい。%K%P
ことりちゃんの声、体温、全てを感じていたい。%K%P
強く抱きしめて、限りなく距離を近づけて、一つになってしまいたい。%K%P
強く抱きしめて、限りなく距離を近づけて、一つになってしまいたい。%K%P
「……あの、姉様…………す、好きにして……ください」%K%P
「……あの、姉様…………す、好きにして……ください」%K%P
僕はことりちゃんの言葉に喉を鳴らす。%K%P
僕はことりちゃんの言葉に喉を鳴らす。%K%P
僅かに残っていた、タガが外れる……僕は彼女を抱き寄せた。%K%P
僅かに残っていた、タガが外れる……僕は彼女を抱き寄せた。%K%P
「きゃぅ！　んぅ、姉様……」%K%P
「きゃぅ！　んぅ、姉様……」%K%P
「ごめんね、ことりちゃん……僕、あなたが欲しい」%K%P
「ごめんね、ことりちゃん……僕、あなたが欲しい」%K%P
「んぁんっ、嬉しい、です……んぅ、姉様にギュってされると……凄く……気持ち良いです」%K%P
「んぁんっ、嬉しい、です……んぅ、姉様にギュってされると……凄く……気持ち良いです」%K%P
耳元にことりちゃんの吐息が掛かる。%K%P
耳元にことりちゃんの吐息が掛かる。%K%P
甘く湿った声音……あのことりちゃんがこんな声を出すなんて。%K%P
甘く湿った声音……あのことりちゃんがこんな声を出すなんて。%K%P
「もっと抱きしめて……もっとくっついて下さい……んくぅうんっ」%K%P
「もっと抱きしめて……もっとくっついて下さい……んくぅうんっ」%K%P
「うん……ことりちゃん、凄くドキドキしてる」%K%P
「うん……ことりちゃん、凄くドキドキしてる」%K%P
合せた胸から、彼女の鼓動が伝わってくる。%K%P
合せた胸から、彼女の鼓動が伝わってくる。%K%P
「はぁはぁ……姉様も、ですね……あの……もっと……この先も……したいです」%K%P
「はぁはぁ……姉様も、ですね……あの……もっと……この先も……したいです」%K%P
前髪の下から、ことりちゃんの瞳が僕を見つめている。%K%P
前髪の下から、ことりちゃんの瞳が僕を見つめている。%K%P
僕は黙ったまま頷くと……震える手を彼女の制服に伸した。%K%P
僕は黙ったまま頷くと……震える手を彼女の制服に伸した。%K%P
