部屋に駆け込む僕ら。楓が胸元を押えている。%K%P
部屋に駆け込む僕ら。楓が胸元を押えている。%K%P
この位の運動量で息を切らすはずがないから、心理的なプレッシャーによるものだろう。%K%P
この位の運動量で息を切らすはずがないから、心理的なプレッシャーによるものだろう。%K%P
「ふぅ……いずみさん、結構人が残ってるじゃないか」%K%P
「ふぅ……いずみさん、結構人が残ってるじゃないか」%K%P
「うーん、おかしいなぁ。昨日は、みんな出掛けるって言ってたんだけど……あ、楓、もう司でいいから」%K%P
「うーん、おかしいなぁ。昨日は、みんな出掛けるって言ってたんだけど……あ、楓、もう司でいいから」%K%P
「ん、わかった。っと、ここが司の部屋か……広いんだ」%K%P
「ん、わかった。っと、ここが司の部屋か……広いんだ」%K%P
「うん、綾香さんとの共用スペースもあるからね。僕のスペースはこっちだよ」%K%P
「うん、綾香さんとの共用スペースもあるからね。僕のスペースはこっちだよ」%K%P
楓を案内する。考えてみれば、恋人を自分の部屋に連れてくるなんて事、初めてなんだよな……なんだか、感慨深い。%K%P
楓を案内する。考えてみれば、恋人を自分の部屋に連れてくるなんて事、初めてなんだよな……なんだか、感慨深い。%K%P
「ん、おじゃまするね……綺麗にしてある、感心感心」%K%P
「ん、おじゃまするね……綺麗にしてある、感心感心」%K%P
「あはは、あらかた片づけちゃったから。もう少し散らかってたんだけどね」%K%P
「あはは、あらかた片づけちゃったから。もう少し散らかってたんだけどね」%K%P
「そうか、そうだよね……ああ、もう少し早くこの部屋に来れば良かったな」%K%P
「そうか、そうだよね……ああ、もう少し早くこの部屋に来れば良かったな」%K%P
「どうして？」%K%P
「どうして？」%K%P
「……だって、ありのままっていうか、普段の司を見たかったから」%K%P
「……だって、ありのままっていうか、普段の司を見たかったから」%K%P
「脱ぎっぱなしの靴下とか、下着とかが散らかった部屋とか？」%K%P
「脱ぎっぱなしの靴下とか、下着とかが散らかった部屋とか？」%K%P
「そうそう、物が出しっぱなしの机とか、寝乱れたままのベッドとかね……意外かもだけど、寝具の手入れが得意なんだ、私」%K%P
「そうそう、物が出しっぱなしの机とか、寝乱れたままのベッドとかね……意外かもだけど、寝具の手入れが得意なんだ、私」%K%P
「お布団を干したり、毛布を洗ったり、シーツにアイロンを掛けたり……してあげたかったな……」%K%P
「お布団を干したり、毛布を洗ったり、シーツにアイロンを掛けたり……してあげたかったな……」%K%P
目を細めて僕のスペースを見渡す楓。%K%P
目を細めて僕のスペースを見渡す楓。%K%P
過去形で話すのが、少し切ない。%K%P
過去形で話すのが、少し切ない。%K%P
沸き上がってくる感傷を振り切るように、僕は口を開いた。%K%P
沸き上がってくる感傷を振り切るように、僕は口を開いた。%K%P
「……楓、お茶にしない？　昨日法子さんにクッキーもらったんだ。フルーツやナッツがたくさん入っていて、とっても美味しいよ」%K%P
「……楓、お茶にしない？　昨日法子さんにクッキーもらったんだ。フルーツやナッツがたくさん入っていて、とっても美味しいよ」%K%P
「ん、それはいいね。今日は朝稽古をしてきたから、小腹が空いてた所なんだ」%K%P
「ん、それはいいね。今日は朝稽古をしてきたから、小腹が空いてた所なんだ」%K%P
「あと、私からも差し入れ…………長命寺。多めに買ってきたから、寮のみんなにも渡して欲しい」%K%P
「あと、私からも差し入れ…………長命寺。多めに買ってきたから、寮のみんなにも渡して欲しい」%K%P
見覚えのある紙袋を開ける。ふわりと、甘く爽やかな香りが漂ってきた。%K%P
見覚えのある紙袋を開ける。ふわりと、甘く爽やかな香りが漂ってきた。%K%P
「わっ、相変らず美味しそう。きっとみんなも喜ぶよ、ありがとう」%K%P
「わっ、相変らず美味しそう。きっとみんなも喜ぶよ、ありがとう」%K%P
「それじゃ、お茶用意するから。紅茶かな？　あ、長命寺もあるから、緑茶の方がいいかな」%K%P
「それじゃ、お茶用意するから。紅茶かな？　あ、長命寺もあるから、緑茶の方がいいかな」%K%P
立ち上がり掛ける僕の手を、楓がそっと掴む。%K%P
立ち上がり掛ける僕の手を、楓がそっと掴む。%K%P
「司、私にやらせてくれない？」%K%P
「司、私にやらせてくれない？」%K%P
「え、だって、今日は楓がゲストだから」%K%P
「え、だって、今日は楓がゲストだから」%K%P
軽く首を振る楓。窓から差し込む光に、漆黒の髪が煌めく。%K%P
軽く首を振る楓。窓から差し込む光に、漆黒の髪が煌めく。%K%P
「その、してあげたいの。私達って……結構特殊な……か、カップルだったでしょ？」%K%P
「その、してあげたいの。私達って……結構特殊な……か、カップルだったでしょ？」%K%P
「普通の……こ、恋人同士がしてるようなこと、あまり、出来なかったから」%K%P
「普通の……こ、恋人同士がしてるようなこと、あまり、出来なかったから」%K%P
「ずっととは言わない。今だけ、今日一日だけ、私のお願い、聞いて欲しい」%K%P
「ずっととは言わない。今だけ、今日一日だけ、私のお願い、聞いて欲しい」%K%P
確かに……僕が『司』として会う機会は限られていたし、男性という事が分った後も、『司』として接することはほとんど出来なかった。%K%P
確かに……僕が『司』として会う機会は限られていたし、男性という事が分った後も、『司』として接することはほとんど出来なかった。%K%P
『いずみ』としてはずっと側に居たのに……楓の心中を思う――きっと辛かったはずだ。%K%P
『いずみ』としてはずっと側に居たのに……楓の心中を思う――きっと辛かったはずだ。%K%P
「……うん、いいよ。今日一日、キミのしたいようにして」%K%P
「……うん、いいよ。今日一日、キミのしたいようにして」%K%P
「ありがとう、司。えっと、それじゃ……」%K%P
「ありがとう、司。えっと、それじゃ……」%K%P
おずおずと楓が切り出した願い、それは……特別な事なんてない平凡な一日だった。%K%P
おずおずと楓が切り出した願い、それは……特別な事なんてない平凡な一日だった。%K%P
「……んっと……司、足伸ばして……そう。そのまま動かさないで」%K%P
「……んっと……司、足伸ばして……そう。そのまま動かさないで」%K%P
「やっぱり足、小さいね。踵もスベスベだし……私、家では裸足で稽古をするから、どうしても荒れちゃって。うらやましいな」%K%P
「やっぱり足、小さいね。踵もスベスベだし……私、家では裸足で稽古をするから、どうしても荒れちゃって。うらやましいな」%K%P
楓が入れてくれた緑茶で、クッキーと長命寺を頂いた後、僕の男装が見たいと言いだした。%K%P
楓が入れてくれた緑茶で、クッキーと長命寺を頂いた後、僕の男装が見たいと言いだした。%K%P
着替えようとした僕だったけど……どうしても手伝いたいと言って、楓が聞かなかった。%K%P
着替えようとした僕だったけど……どうしても手伝いたいと言って、楓が聞かなかった。%K%P
「そう？　この前、楓の足の裏を見たけど、綺麗だったよ」%K%P
「そう？　この前、楓の足の裏を見たけど、綺麗だったよ」%K%P
「えっ、い、いつのまに？　あ……あの時、かな……司ったら……」%K%P
「えっ、い、いつのまに？　あ……あの時、かな……司ったら……」%K%P
楓がうつむく。髪を縛っているリボンが揺れている。%K%P
楓がうつむく。髪を縛っているリボンが揺れている。%K%P
「そういえば、楓っていつも髪、縛ってるね。今の髪型も似合ってはいるけどね」%K%P
「そういえば、楓っていつも髪、縛ってるね。今の髪型も似合ってはいるけどね」%K%P
「ん、私の髪、長いから稽古の時とか動きずらくてね。それに……」%K%P
「ん、私の髪、長いから稽古の時とか動きずらくてね。それに……」%K%P
「髪を下ろすと、幼くなる感じがして。きっと、変だと思う」%K%P
「髪を下ろすと、幼くなる感じがして。きっと、変だと思う」%K%P
「そう？　そんなこと無いと思うけど。一度見てみたいな」%K%P
「そう？　そんなこと無いと思うけど。一度見てみたいな」%K%P
「だめ、恥ずかしいから……んっと…………ん、履けた。いいよ、司」%K%P
「だめ、恥ずかしいから……んっと…………ん、履けた。いいよ、司」%K%P
「ありがとう。あれ、これ……」%K%P
「ありがとう。あれ、これ……」%K%P
新品特有の匂いと、バリっとした履き心地……男性物の靴下だ。僕、こんなの持ってたっけ？%K%P
新品特有の匂いと、バリっとした履き心地……男性物の靴下だ。僕、こんなの持ってたっけ？%K%P
「買って来たの。司、女物の靴下、履いてたでしょ？　足元って、結構見られてるからね」%K%P
「買って来たの。司、女物の靴下、履いてたでしょ？　足元って、結構見られてるからね」%K%P
「本当は靴もって思ったんだけど、サイズや相性の問題があるから、本人が選んだ方がいいからね」%K%P
「本当は靴もって思ったんだけど、サイズや相性の問題があるから、本人が選んだ方がいいからね」%K%P
「大した物じゃないけど……{餞別:せんべつ}……大事に使ってね」%K%P
「大した物じゃないけど……{餞別:せんべつ}……大事に使ってね」%K%P
「……ありがとう、大切にさせて貰うよ」%K%P
「……ありがとう、大切にさせて貰うよ」%K%P
楓の細やかな気遣いに、胸が熱くなる。%K%P
楓の細やかな気遣いに、胸が熱くなる。%K%P
潤み掛ける瞳を誤魔化すように、姿勢を変えた。%K%P
潤み掛ける瞳を誤魔化すように、姿勢を変えた。%K%P
「そういえば、留学決定したんだよね。改めて、おめでとう」%K%P
「そういえば、留学決定したんだよね。改めて、おめでとう」%K%P
「うん、ありがとう。色々と審査では揉めたみたいだけどね。やっぱり一度、留学途中で帰って来たのが、問題になったみたい」%K%P
「うん、ありがとう。色々と審査では揉めたみたいだけどね。やっぱり一度、留学途中で帰って来たのが、問題になったみたい」%K%P
「これはこの前の送別会で、綾香さんから聞いたんだけど、学園長代理が私の希望を後押ししてくれたみたい」%K%P
「これはこの前の送別会で、綾香さんから聞いたんだけど、学園長代理が私の希望を後押ししてくれたみたい」%K%P
「法子さんが？　へえ、そうだったんだ」%K%P
「法子さんが？　へえ、そうだったんだ」%K%P
「ん。なんでも、『一度の過ちで人を信じない、深皇学園はそんなスクールカラーを持ち合わせていません』ってね」%K%P
「ん。なんでも、『一度の過ちで人を信じない、深皇学園はそんなスクールカラーを持ち合わせていません』ってね」%K%P
ああ、法子さんなら、そう言ってくれそうな気がする。学園でも、寮でも、時には厳しく、時には優しく……見守ってくれてたものね。%K%P
ああ、法子さんなら、そう言ってくれそうな気がする。学園でも、寮でも、時には厳しく、時には優しく……見守ってくれてたものね。%K%P
「ふふ、さすが法子さん。それで、楓は具体的に留学先でなにを学ぶつもりなの？」%K%P
「ふふ、さすが法子さん。それで、楓は具体的に留学先でなにを学ぶつもりなの？」%K%P
「ん、武道についてはもちろんだけど、それ以外の事……語学、文化、芸術等々、学ぼうと思っている」%K%P
「ん、武道についてはもちろんだけど、それ以外の事……語学、文化、芸術等々、学ぼうと思っている」%K%P
「多分、私に必要なのは、様々な物を見聞きして、知識を広げて、柔軟な考え方を身につけることだと思うから」%K%P
「多分、私に必要なのは、様々な物を見聞きして、知識を広げて、柔軟な考え方を身につけることだと思うから」%K%P
「うん、いいと思う。今の僕らの時期って、いろいろな物を吸収できると思うんだ。きっとこれからの助けになると思うよ」%K%P
「うん、いいと思う。今の僕らの時期って、いろいろな物を吸収できると思うんだ。きっとこれからの助けになると思うよ」%K%P
失敗も、成功も、全部無駄じゃない。まず、やってみること――それが留学で学んだ、一番の事かもしれない。%K%P
失敗も、成功も、全部無駄じゃない。まず、やってみること――それが留学で学んだ、一番の事かもしれない。%K%P
「……でも口では立派な事を言ってるけど……本当は、少し、不安なんだ」%K%P
「……でも口では立派な事を言ってるけど……本当は、少し、不安なんだ」%K%P
「昔の私とは違う、同じ過ちを繰り返すことはない……そう、思ってはいるけれど」%K%P
「昔の私とは違う、同じ過ちを繰り返すことはない……そう、思ってはいるけれど」%K%P
「……自分の弱さを知ってるから」%K%P
「……自分の弱さを知ってるから」%K%P
もう、僕の彼女は心配性だな。これじゃ不安で日本を離れられないよ――っていう僕も心配性か。%K%P
もう、僕の彼女は心配性だな。これじゃ不安で日本を離れられないよ――っていう僕も心配性か。%K%P
僕は楓の手を取る。%K%P
僕は楓の手を取る。%K%P
「え、司？」%K%P
「え、司？」%K%P
「そこ、座って……ん、そう、正座して…………そのままでね」%K%P
「そこ、座って……ん、そう、正座して…………そのままでね」%K%P
僕は楓に座ってもらうと、そのまま、体を預けた。%K%P
僕は楓に座ってもらうと、そのまま、体を預けた。%K%P
「んあんっ、司、これって……」%K%P
「んあんっ、司、これって……」%K%P
「膝枕。その、平均的なカップルだったら、一度はしてるんじゃないかなってね……嫌だった？」%K%P
「膝枕。その、平均的なカップルだったら、一度はしてるんじゃないかなってね……嫌だった？」%K%P
「嫌じゃないよ。私も、一度してみたかったし……ん、司の髪、サラサラだな」%K%P
「嫌じゃないよ。私も、一度してみたかったし……ん、司の髪、サラサラだな」%K%P
「あはは、楓ほどじゃないけどね。……ん、固すぎず、柔らかすぎず、良い感じ。高級な枕みたい」%K%P
「あはは、楓ほどじゃないけどね。……ん、固すぎず、柔らかすぎず、良い感じ。高級な枕みたい」%K%P
後頭部を太ももに擦り付ける。武道で鍛えられた筋肉は、しなやかに僕の頭を支える。%K%P
後頭部を太ももに擦り付ける。武道で鍛えられた筋肉は、しなやかに僕の頭を支える。%K%P
「そ、そう？　褒められてるのかな……んぁん、もぉ、くすぐったい、司、やだ、じっとしてって」%K%P
「そ、そう？　褒められてるのかな……んぁん、もぉ、くすぐったい、司、やだ、じっとしてって」%K%P
「んーどうしようかな～。それじゃ、約束をしてくれたら、許してあげる」%K%P
「んーどうしようかな～。それじゃ、約束をしてくれたら、許してあげる」%K%P
「んぁん……え、約束？　それってどんな……」%K%P
「んぁん……え、約束？　それってどんな……」%K%P
床に置かれた、楓の手に、自分のソレを重ねる。%K%P
床に置かれた、楓の手に、自分のソレを重ねる。%K%P
「些細な悩みも、小さな心配事も、辛い思い出も、全部僕に話すこと」%K%P
「些細な悩みも、小さな心配事も、辛い思い出も、全部僕に話すこと」%K%P
「……司……」%K%P
「……司……」%K%P
「僕はここを旅立つ。実際に側にいて、話を聞いてあげられるのは明日の朝まで」%K%P
「僕はここを旅立つ。実際に側にいて、話を聞いてあげられるのは明日の朝まで」%K%P
楓の手が震える。瞳が涙の余韻に揺れる。%K%P
楓の手が震える。瞳が涙の余韻に揺れる。%K%P
「けど、僕は楓のことをずっと思っている。キミに掛ける言葉、してあげられることは、全部したい」%K%P
「けど、僕は楓のことをずっと思っている。キミに掛ける言葉、してあげられることは、全部したい」%K%P
「たしかに、この前の留学では上手くいかなかったかもしれない」%K%P
「たしかに、この前の留学では上手くいかなかったかもしれない」%K%P
「経験が楓の心に傷を負わせたかもしれない」%K%P
「経験が楓の心に傷を負わせたかもしれない」%K%P
「…………」%K%P
「…………」%K%P
「今度の留学も、トラブルが起こらないって保障はない」%K%P
「今度の留学も、トラブルが起こらないって保障はない」%K%P
予定どおりにいく事なんて、ほんとに珍しくて……例えば１０個願った内の、３つ上手くいったら上出来だろう。%K%P
予定どおりにいく事なんて、ほんとに珍しくて……例えば１０個願った内の、３つ上手くいったら上出来だろう。%K%P
「けどさ、この前とは違うこともある……楓はちゃんと成長している」%K%P
「けどさ、この前とは違うこともある……楓はちゃんと成長している」%K%P
「そして……僕がいる。これだけは確実なことだよ」%K%P
「そして……僕がいる。これだけは確実なことだよ」%K%P
「……司、んぅ……くぅ……」%K%P
「……司、んぅ……くぅ……」%K%P
「ふふ、もう、泣かないでよ。ねっ……」%K%P
「ふふ、もう、泣かないでよ。ねっ……」%K%P
僕は揺れるリボンに手を伸ばす。滑らかな髪のせいか、なんの抵抗もなく、その戒めが解ける。%K%P
僕は揺れるリボンに手を伸ばす。滑らかな髪のせいか、なんの抵抗もなく、その戒めが解ける。%K%P
解かれた髪は、宙を舞い、さらさらと絹糸のように音もなく溢れる。%K%P
解かれた髪は、宙を舞い、さらさらと絹糸のように音もなく溢れる。%K%P
白い肌とのコントラストが鮮やかだ。%K%P
白い肌とのコントラストが鮮やかだ。%K%P
「あっ……司、やだっ！」%K%P
「あっ……司、やだっ！」%K%P
「……ん、これは……驚いた」%K%P
「……ん、これは……驚いた」%K%P
「やっぱり幼く見えるでしょう？　言ったのに、もう、ひどいよ」%K%P
「やっぱり幼く見えるでしょう？　言ったのに、もう、ひどいよ」%K%P
「ううん、そうじゃなくて。僕の楓って……こんなに綺麗だったんだ」%K%P
「ううん、そうじゃなくて。僕の楓って……こんなに綺麗だったんだ」%K%P
髪を下ろした楓は、いつにも増して愛らしくて……妖艶だった。%K%P
髪を下ろした楓は、いつにも増して愛らしくて……妖艶だった。%K%P
「本当？　変じゃないかな」%K%P
「本当？　変じゃないかな」%K%P
「……これが変に見えるなら、目の検査を受けた方がいい。かなり深刻な状態だと思うよ、きっと」%K%P
「……これが変に見えるなら、目の検査を受けた方がいい。かなり深刻な状態だと思うよ、きっと」%K%P
「……ふふ、そこまで言うんだ……ねえ、司……恋人がする事……しない？」%K%P
「……ふふ、そこまで言うんだ……ねえ、司……恋人がする事……しない？」%K%P
「する」%K%P
「する」%K%P
「ふふ、即答だね…………それじゃ……」%K%P
「ふふ、即答だね…………それじゃ……」%K%P
楓が身を屈めてくる。%K%P
楓が身を屈めてくる。%K%P
髪が頬に、首筋に触れる。%K%P
髪が頬に、首筋に触れる。%K%P
閉じた唇に、柔らかな物が触れた。%K%P
閉じた唇に、柔らかな物が触れた。%K%P
