長かった授業が終り、教師が教室を出て行く。%K%P
長かった授業が終り、教師が教室を出て行く。%K%P
待ちかねていたように、クラスメイト達がお喋りを始め、教室は喧騒に包まれていく。%K%P
待ちかねていたように、クラスメイト達がお喋りを始め、教室は喧騒に包まれていく。%K%P
「ふぅ～やっとお昼ね。なんだか今日は長かったわねえ」%K%P
「ふぅ～やっとお昼ね。なんだか今日は長かったわねえ」%K%P
「ふふ、美琴ったら。ねえいずみさん、今日、姉さんにお弁当を作ってもらったの。昨日はご一緒出来なかったから。どうかしら？」%K%P
「ふふ、美琴ったら。ねえいずみさん、今日、姉さんにお弁当を作ってもらったの。昨日はご一緒出来なかったから。どうかしら？」%K%P
「……あ、う、うん、そうだね」%K%P
「……あ、う、うん、そうだね」%K%P
別に今日は約束していたわけじゃ無いし……昨日のあの場所に行っても、居るとは限らないだろうし。%K%P
別に今日は約束していたわけじゃ無いし……昨日のあの場所に行っても、居るとは限らないだろうし。%K%P
教室の場所は知ってるけど……いきなり行くなんて事、出来はしない。%K%P
教室の場所は知ってるけど……いきなり行くなんて事、出来はしない。%K%P
けど、綾香さんのお誘いに素直に頷けない……どうしてだろう。%K%P
けど、綾香さんのお誘いに素直に頷けない……どうしてだろう。%K%P
「あら、もしかしてなにか用事でもあるのかしら？」%K%P
「あら、もしかしてなにか用事でもあるのかしら？」%K%P
「う、ううん、そんなことないよ。うん、折角だし、頂くね」%K%P
「う、ううん、そんなことないよ。うん、折角だし、頂くね」%K%P
そうだ、ただ闇雲に学園内をうろついたって、彼女には会えない……それは分かっているんだけど。%K%P
そうだ、ただ闇雲に学園内をうろついたって、彼女には会えない……それは分かっているんだけど。%K%P
不意に教室がざわめく。%K%P
不意に教室がざわめく。%K%P
「あ、ちょ、ちょっとおまちくださいなっ。ねえいずみさ～ん、お客様ですわよ～」%K%P
「あ、ちょ、ちょっとおまちくださいなっ。ねえいずみさ～ん、お客様ですわよ～」%K%P
「きゃぁ、もう一人の{歌姫:ディーバ}様がいらしたなんてっ。お二人、お揃いになられたわっ」%K%P
「きゃぁ、もう一人の{歌姫:ディーバ}様がいらしたなんてっ。お二人、お揃いになられたわっ」%K%P
{歌姫:ディーバ}だって？　――視線を巡らす……鼓動が跳ね上がった。%K%P
{歌姫:ディーバ}だって？　――視線を巡らす……鼓動が跳ね上がった。%K%P
「……奏……さん？」%K%P
「……奏……さん？」%K%P
「ふふふ、ごきげんよういずみさん。少々お時間頂いても、よろしいかしら」%K%P
「ふふふ、ごきげんよういずみさん。少々お時間頂いても、よろしいかしら」%K%P
「これはこれは{歌姫:ディーバ}様。ごきげんよう」%K%P
「これはこれは{歌姫:ディーバ}様。ごきげんよう」%K%P
「はい、{騎士:ワルキュリア}殿。お騒がせして申し訳ありません。お食事中ではありませんでしたか？」%K%P
「はい、{騎士:ワルキュリア}殿。お騒がせして申し訳ありません。お食事中ではありませんでしたか？」%K%P
「いいえ、これからってところだったから。あ、そうだ、奏さんもご一緒にいかが？　今日、いっぱい作って来たから」%K%P
「いいえ、これからってところだったから。あ、そうだ、奏さんもご一緒にいかが？　今日、いっぱい作って来たから」%K%P
「主に作ったのは法子さんだけどね。だから味は保障するわ」%K%P
「主に作ったのは法子さんだけどね。だから味は保障するわ」%K%P
「も、もう、美琴、余計な事言わない。ねえ、どう、奏さん。{騎士:ワルキュリア}と{歌姫:ディーバ}で親睦会って感じで」%K%P
「も、もう、美琴、余計な事言わない。ねえ、どう、奏さん。{騎士:ワルキュリア}と{歌姫:ディーバ}で親睦会って感じで」%K%P
「ふふふ、お誘い頂きありがとうございます。ですが、今日は千影と約束をしておりまして。庭園で待ってもらっていますの」%K%P
「ふふふ、お誘い頂きありがとうございます。ですが、今日は千影と約束をしておりまして。庭園で待ってもらっていますの」%K%P
「…………」%K%P
「…………」%K%P
「あら、残念。奏さんとはじっくりとお話しする機会があまり無いから」%K%P
「あら、残念。奏さんとはじっくりとお話しする機会があまり無いから」%K%P
「言われてみれば、そうですわね。ふふふ、今度皆さんでお茶会でもいたしましょう。お菓子、たくさん作ってお持ちしますわ」%K%P
「言われてみれば、そうですわね。ふふふ、今度皆さんでお茶会でもいたしましょう。お菓子、たくさん作ってお持ちしますわ」%K%P
「それは楽しみ。奏さんのお家のお菓子、とっても美味しいから。あたしファンなの。お家の方によろしくお伝えださいね」%K%P
「それは楽しみ。奏さんのお家のお菓子、とっても美味しいから。あたしファンなの。お家の方によろしくお伝えださいね」%K%P
三人の会話が耳を通り抜けていく。千影さんとお昼か……うん、二人は親友だものね。%K%P
三人の会話が耳を通り抜けていく。千影さんとお昼か……うん、二人は親友だものね。%K%P
けど、奏さん、僕に会いに来てくれたんだ……なんの用事なんだろう。%K%P
けど、奏さん、僕に会いに来てくれたんだ……なんの用事なんだろう。%K%P
「――いずみさん、ちょっと廊下の方でよろしいかしら」%K%P
「――いずみさん、ちょっと廊下の方でよろしいかしら」%K%P
「あ、う、うん……あっ」%K%P
「あ、う、うん……あっ」%K%P
そっと奏さんの手が伸びて、僕の腕に置く。仄かな温もりと、柔らかさが伝わってくる。%K%P
そっと奏さんの手が伸びて、僕の腕に置く。仄かな温もりと、柔らかさが伝わってくる。%K%P
「綾香さん、美琴さん、それではお騒がせいたしました」%K%P
「綾香さん、美琴さん、それではお騒がせいたしました」%K%P
「はい、ごきげんよう。千影さんにもよろしくね」%K%P
「はい、ごきげんよう。千影さんにもよろしくね」%K%P
「お茶会、楽しみにしてるから、それではごきげんよう」%K%P
「お茶会、楽しみにしてるから、それではごきげんよう」%K%P
目をキラキラと輝かせて見送る子達に、小さく頭を下げながら歩く奏さん。%K%P
目をキラキラと輝かせて見送る子達に、小さく頭を下げながら歩く奏さん。%K%P
僕は彼女に導かれるように、教室を後にした。%K%P
僕は彼女に導かれるように、教室を後にした。%K%P
教室から出て、少し歩く。比較的人通りの少ない場所で足を止めて、振り返る奏さん。%K%P
教室から出て、少し歩く。比較的人通りの少ない場所で足を止めて、振り返る奏さん。%K%P
僕の腕には、奏さんの手が置かれたまま。%K%P
僕の腕には、奏さんの手が置かれたまま。%K%P
「このあたりでよろしいかしら。さすがに教室では人目が気になりまして」%K%P
「このあたりでよろしいかしら。さすがに教室では人目が気になりまして」%K%P
「ふふふ、今日もお会いできましたわね、いずみさん。私、嬉しいですわ」%K%P
「ふふふ、今日もお会いできましたわね、いずみさん。私、嬉しいですわ」%K%P
「うん。私も……なんとなく、会いたいなって思ってた」%K%P
「うん。私も……なんとなく、会いたいなって思ってた」%K%P
「あらあら、本当ですの？　ふふふ、来て良かった」%K%P
「あらあら、本当ですの？　ふふふ、来て良かった」%K%P
「実は……私もお会いしたかったんですの」%K%P
「実は……私もお会いしたかったんですの」%K%P
目を細めてはにかむ奏さん。思わず抱きしめてしまいたくなる衝動を、必死で抑えつける。%K%P
目を細めてはにかむ奏さん。思わず抱きしめてしまいたくなる衝動を、必死で抑えつける。%K%P
「その、ご迷惑かとは思いましたが、どうしてもお伝えしたいことがありまして」%K%P
「その、ご迷惑かとは思いましたが、どうしてもお伝えしたいことがありまして」%K%P
「放課後、お暇でしたら、音楽室までいらして欲しいのです。ちょっとお話ししたいことがありまして」%K%P
「放課後、お暇でしたら、音楽室までいらして欲しいのです。ちょっとお話ししたいことがありまして」%K%P
「お話ししたいこと……」%K%P
「お話ししたいこと……」%K%P
「はい。あの、駄目、でしょうか？」%K%P
「はい。あの、駄目、でしょうか？」%K%P
笑顔は変らず……けど、どこか不安な物が声音に感じられた。%K%P
笑顔は変らず……けど、どこか不安な物が声音に感じられた。%K%P
「う、ううん、全然！　大丈夫だから。その、レッスンもしないとだし、丁度良かった」%K%P
「う、ううん、全然！　大丈夫だから。その、レッスンもしないとだし、丁度良かった」%K%P
「ふふ、良かったですわ。では放課後、音楽室で。千影を待たせておりますので、これにて失礼いたします」%K%P
「ふふ、良かったですわ。では放課後、音楽室で。千影を待たせておりますので、これにて失礼いたします」%K%P
そっと手を離す。思わず声を漏しそうになる。%K%P
そっと手を離す。思わず声を漏しそうになる。%K%P
両手をスカートの前に添えて、一礼をする奏さん。生クリームのような甘い香りが鼻先を掠める。%K%P
両手をスカートの前に添えて、一礼をする奏さん。生クリームのような甘い香りが鼻先を掠める。%K%P
そのまま立ち去る奏さんを見送る。%K%P
そのまま立ち去る奏さんを見送る。%K%P
曲がり角を曲がる奏さんと視線が合う――大きな瞳が細められていた。%K%P
曲がり角を曲がる奏さんと視線が合う――大きな瞳が細められていた。%K%P
教室に戻り、法子さんが作ってくれたお昼を頂く――折角のご馳走だったのに、なにを食べたのか覚えていない。%K%P
教室に戻り、法子さんが作ってくれたお昼を頂く――折角のご馳走だったのに、なにを食べたのか覚えていない。%K%P
午前中にもまして、午後の授業には身が入らなかった。%K%P
午前中にもまして、午後の授業には身が入らなかった。%K%P
話したいことってなんだろう……%K%P
話したいことってなんだろう……%K%P
やっぱり、時計の針は遅々として進まなかった。%K%P
やっぱり、時計の針は遅々として進まなかった。%K%P
