今日の授業は、深皇祭の準備の関係で、午前中だけだった。%K%P
今日の授業は、深皇祭の準備の関係で、午前中だけだった。%K%P
お昼を済ませてから、残りの時間をレッスンに当てる。%K%P
お昼を済ませてから、残りの時間をレッスンに当てる。%K%P
人気のない音楽室で、僕は一人歌を歌う。%K%P
人気のない音楽室で、僕は一人歌を歌う。%K%P
高級な素材をふんだんに使用した室内に、自分の声が拡がっていく。%K%P
高級な素材をふんだんに使用した室内に、自分の声が拡がっていく。%K%P
余計な残響や、こもりなどは、微塵も感じ無い。%K%P
余計な残響や、こもりなどは、微塵も感じ無い。%K%P
有名なホールでも歌ったことがあるけれど、深皇学園の音楽室は、それらに決してひけを取らない。%K%P
有名なホールでも歌ったことがあるけれど、深皇学園の音楽室は、それらに決してひけを取らない。%K%P
深皇祭までは、{歌姫:ディーバ}の為だけの音楽室。凄く贅沢だ。%K%P
深皇祭までは、{歌姫:ディーバ}の為だけの音楽室。凄く贅沢だ。%K%P
僕に出来る事は、{歌姫:ディーバ}の名にふさわしい歌唱をしてみせる事だろう。%K%P
僕に出来る事は、{歌姫:ディーバ}の名にふさわしい歌唱をしてみせる事だろう。%K%P
その為にも、レッスンは欠かせない。%K%P
その為にも、レッスンは欠かせない。%K%P
「…………ふぅ…………うん、まずまずかな」%K%P
「…………ふぅ…………うん、まずまずかな」%K%P
一曲歌い終え、ほっと息を付く。調子は悪くない、よし、もう一曲……%K%P
一曲歌い終え、ほっと息を付く。調子は悪くない、よし、もう一曲……%K%P
「ん、あ、もしかして奏さん？　どうぞ、入って」%K%P
「ん、あ、もしかして奏さん？　どうぞ、入って」%K%P
深皇祭までの間、この音楽室を使うことが許された、もう一人の{歌姫:ディーバ}、城ヶ崎奏さん。%K%P
深皇祭までの間、この音楽室を使うことが許された、もう一人の{歌姫:ディーバ}、城ヶ崎奏さん。%K%P
彼女がレッスンに来た、そう思っていた僕の目に映ったのは……%K%P
彼女がレッスンに来た、そう思っていた僕の目に映ったのは……%K%P
「ご、ゴメンなさい、いずみ様っ。あ、あの、私です」%K%P
「ご、ゴメンなさい、いずみ様っ。あ、あの、私です」%K%P
「え、ことりちゃん？　あれ、音楽室になんの用？」%K%P
「え、ことりちゃん？　あれ、音楽室になんの用？」%K%P
忘れ物とかかな？　いや、でもここは深皇祭までは、一般の学生は使用しない筈だし……%K%P
忘れ物とかかな？　いや、でもここは深皇祭までは、一般の学生は使用しない筈だし……%K%P
「あ、あの、早めに練習を切り上げて様子を見に来たんです……そ、それより、いずみ様、すっごく良い声ですね！」%K%P
「あ、あの、早めに練習を切り上げて様子を見に来たんです……そ、それより、いずみ様、すっごく良い声ですね！」%K%P
「普段のお声も素敵ですけど、歌っている声も、なんていうか……その、透き通るようっていうか、心が洗われるっていうかで」%K%P
「普段のお声も素敵ですけど、歌っている声も、なんていうか……その、透き通るようっていうか、心が洗われるっていうかで」%K%P
「え、そ、そう？　いや、そんなに褒められると、恥ずかしいなぁ」%K%P
「え、そ、そう？　いや、そんなに褒められると、恥ずかしいなぁ」%K%P
ことりちゃんが身を乗り出して、熱弁を振う。%K%P
ことりちゃんが身を乗り出して、熱弁を振う。%K%P
彼女がこんなに熱くなるなんて、珍しいかも……うん、これは素直に喜ばないとね。%K%P
彼女がこんなに熱くなるなんて、珍しいかも……うん、これは素直に喜ばないとね。%K%P
「あの、聴いててもいいですか？　その、お邪魔にならなければですけど」%K%P
「あの、聴いててもいいですか？　その、お邪魔にならなければですけど」%K%P
「もちろん、いいよ。歌うにも聴いてくれる人がいた方が、気分も乗るから」%K%P
「もちろん、いいよ。歌うにも聴いてくれる人がいた方が、気分も乗るから」%K%P
歌ってのは、自分一人よりも、大勢で楽しむものだと思うし。%K%P
歌ってのは、自分一人よりも、大勢で楽しむものだと思うし。%K%P
「それでは、お客様、あなた一人だけの為のコンサート、開演です」%K%P
「それでは、お客様、あなた一人だけの為のコンサート、開演です」%K%P
「わぁ！　感激ですっ」%K%P
「わぁ！　感激ですっ」%K%P
芝居がかった仕草で会釈をする。そっと目を閉じて、息を吸う。%K%P
芝居がかった仕草で会釈をする。そっと目を閉じて、息を吸う。%K%P
口をついて出たのは、古いクラッシック――歌を歌い始めた頃、よく口ずさんでいた曲だ。%K%P
口をついて出たのは、古いクラッシック――歌を歌い始めた頃、よく口ずさんでいた曲だ。%K%P
どこで覚えたのだろう……多分レッスン場とかじゃなかった筈。%K%P
どこで覚えたのだろう……多分レッスン場とかじゃなかった筈。%K%P
もしかしたら、お祖母ちゃんの家に行ったときかも知れない。%K%P
もしかしたら、お祖母ちゃんの家に行ったときかも知れない。%K%P
異国が舞台な筈なのに、どこか懐かしさを誘うメロディ……僕の中に外国の血が流れているせいだろうか。%K%P
異国が舞台な筈なのに、どこか懐かしさを誘うメロディ……僕の中に外国の血が流れているせいだろうか。%K%P
イメージする……見た事の無い風景と、あった事のない人達の姿を。%K%P
イメージする……見た事の無い風景と、あった事のない人達の姿を。%K%P
僕なりの解釈を曲に乗せ、調べとして紡ぐ。%K%P
僕なりの解釈を曲に乗せ、調べとして紡ぐ。%K%P
歌う人が千人いれば、千通りの表現方法がある。%K%P
歌う人が千人いれば、千通りの表現方法がある。%K%P
けれども共通するのは、思いを聴き手に伝えたい。多分、それだと思う。%K%P
けれども共通するのは、思いを聴き手に伝えたい。多分、それだと思う。%K%P
百分の一、いや、千分の一でもいい、聴いてくれている人に、伝わればいいな。%K%P
百分の一、いや、千分の一でもいい、聴いてくれている人に、伝わればいいな。%K%P
僕はその思いを胸に抱き、今日も歌を歌う。%K%P
僕はその思いを胸に抱き、今日も歌を歌う。%K%P
――いつしか自分の作り出した幻想の世界へと意識は溶け込んでいった。%K%P
――いつしか自分の作り出した幻想の世界へと意識は溶け込んでいった。%K%P
「………………ふぅ……」%K%P
「………………ふぅ……」%K%P
最後のフレーズを歌い終える。自分の声音が室内に残響する。%K%P
最後のフレーズを歌い終える。自分の声音が室内に残響する。%K%P
最後の一音が霞のように溶けて消える。僕の意識は現実世界へと呼び戻された。%K%P
最後の一音が霞のように溶けて消える。僕の意識は現実世界へと呼び戻された。%K%P
「………………」%K%P
「………………」%K%P
「…………すごい……すごいです！」%K%P
「…………すごい……すごいです！」%K%P
「こ、ことり、あんまり音楽とかには詳しくないですけど、こんな素敵な歌、初めて聴きました！」%K%P
「こ、ことり、あんまり音楽とかには詳しくないですけど、こんな素敵な歌、初めて聴きました！」%K%P
「あは、ありがとう。そう言って貰えると、私も嬉しい」%K%P
「あは、ありがとう。そう言って貰えると、私も嬉しい」%K%P
「は、はい！　もう、なんて言うか、天使さんが歌ってるみたいでした」%K%P
「は、はい！　もう、なんて言うか、天使さんが歌ってるみたいでした」%K%P
ことりちゃんが目をキラキラさせて言い募っている。あはは、天使は言い過ぎかも。%K%P
ことりちゃんが目をキラキラさせて言い募っている。あはは、天使は言い過ぎかも。%K%P
「いずみ様のお声って、ほんと珍しいというか……とにかく凄いです。日本人離れした柔らかさみたいな……上手く言えませんけど」%K%P
「いずみ様のお声って、ほんと珍しいというか……とにかく凄いです。日本人離れした柔らかさみたいな……上手く言えませんけど」%K%P
「珍しい……ね。それって、もしかしたらさ、私がクオーターなせいもあるかも知れない」%K%P
「珍しい……ね。それって、もしかしたらさ、私がクオーターなせいもあるかも知れない」%K%P
「祖母が西欧人でね。見た目からだと分らないと思うけど」%K%P
「祖母が西欧人でね。見た目からだと分らないと思うけど」%K%P
「ああ、そうだったんですね。言われてみればって感じですよね」%K%P
「ああ、そうだったんですね。言われてみればって感じですよね」%K%P
「あの、いずみ様は、クオーターということについて、どんなお考えをお持ちなんですか？　そういった方、今まで周りにいらっしゃらなくて」%K%P
「あの、いずみ様は、クオーターということについて、どんなお考えをお持ちなんですか？　そういった方、今まで周りにいらっしゃらなくて」%K%P
「あ、気を悪くされたらゴメンなさい。もし、お答えしにくいようでしたら、結構ですから」%K%P
「あ、気を悪くされたらゴメンなさい。もし、お答えしにくいようでしたら、結構ですから」%K%P
「大丈夫、気にして無いから……あのね、私は自分の血のことは誇りに思っているんだ」%K%P
「大丈夫、気にして無いから……あのね、私は自分の血のことは誇りに思っているんだ」%K%P
西欧人の血が、この声を与えてくれたから、深皇学園に入ることができて……ことりちゃんにも出会えたんだし。%K%P
西欧人の血が、この声を与えてくれたから、深皇学園に入ることができて……ことりちゃんにも出会えたんだし。%K%P
「お祖母ちゃんやお祖父ちゃんがいて、お母さんやお父さんがいる、そして、私がいるんだもの。家族のお陰かなって」%K%P
「お祖母ちゃんやお祖父ちゃんがいて、お母さんやお父さんがいる、そして、私がいるんだもの。家族のお陰かなって」%K%P
「……そうですよね。その誰一人欠けていても、いずみ様はいらっしゃらなかったんですし……なんか不思議です」%K%P
「……そうですよね。その誰一人欠けていても、いずみ様はいらっしゃらなかったんですし……なんか不思議です」%K%P
「家族……そういえば、いずみ様はご{姉妹:きょうだい}はいらっしゃるんですか？」%K%P
「家族……そういえば、いずみ様はご{姉妹:きょうだい}はいらっしゃるんですか？」%K%P
「ううん、いないよ、一人っ子。ことりちゃんは？」%K%P
「ううん、いないよ、一人っ子。ことりちゃんは？」%K%P
「私もです。夕ちゃんとは、{姉妹:しまい}みたいに育ちましたけどね、えへへ」%K%P
「私もです。夕ちゃんとは、{姉妹:しまい}みたいに育ちましたけどね、えへへ」%K%P
小さく舌を出して笑うことりちゃん。少し幼い仕草が可愛らしい彼女に似合っていた。%K%P
小さく舌を出して笑うことりちゃん。少し幼い仕草が可愛らしい彼女に似合っていた。%K%P
「あのですね……私、小さい頃から、お姉さんっていう存在に憧れていたんです。いずみ様も一人っ子ですから、この感覚、分かるかもですけど」%K%P
「あのですね……私、小さい頃から、お姉さんっていう存在に憧れていたんです。いずみ様も一人っ子ですから、この感覚、分かるかもですけど」%K%P
「うん、分かる分かる。お友達の兄妹関係なんかを見て羨ましいって思ったから」%K%P
「うん、分かる分かる。お友達の兄妹関係なんかを見て羨ましいって思ったから」%K%P
いつもお古で嫌だとか、世話が大変とか言いながらも、友人達はどこか楽しそうだった。%K%P
いつもお古で嫌だとか、世話が大変とか言いながらも、友人達はどこか楽しそうだった。%K%P
「今でもそうだよ。ことりちゃんみたいな妹がいたら、いいな、なんてね」%K%P
「今でもそうだよ。ことりちゃんみたいな妹がいたら、いいな、なんてね」%K%P
「あぅ……えへへ、嬉しいなぁ…………うん」%K%P
「あぅ……えへへ、嬉しいなぁ…………うん」%K%P
僕の言葉を受けて、ことりちゃんがなにかを決意したかのように頷く。%K%P
僕の言葉を受けて、ことりちゃんがなにかを決意したかのように頷く。%K%P
小さな口を開けて、息を吸い込んで……意志を告げる。%K%P
小さな口を開けて、息を吸い込んで……意志を告げる。%K%P
「……あの、いずみ様、良かったらでいいんですけど」%K%P
「……あの、いずみ様、良かったらでいいんですけど」%K%P
「姉様って呼んでも良いですか？　いずみ様のこと」%K%P
「姉様って呼んでも良いですか？　いずみ様のこと」%K%P
「姉様……」%K%P
「姉様……」%K%P
ことりちゃんのような妹が出来ればとっても嬉しい、けど、姉様……かぁ。%K%P
ことりちゃんのような妹が出来ればとっても嬉しい、けど、姉様……かぁ。%K%P
本当は男の僕からすると、ちょっとだけ複雑かなぁ。%K%P
本当は男の僕からすると、ちょっとだけ複雑かなぁ。%K%P
「あ、だ、駄目でしょうか……あぅ」%K%P
「あ、だ、駄目でしょうか……あぅ」%K%P
「う、ううん、いいよ、いいよっ！　ことりちゃんみたいな妹が出来れば嬉しいって言ったでしょ」%K%P
「う、ううん、いいよ、いいよっ！　ことりちゃんみたいな妹が出来れば嬉しいって言ったでしょ」%K%P
そう、その気持ちは真実なんだ。%K%P
そう、その気持ちは真実なんだ。%K%P
「ほ、本当ですか？　本当に、本当？」%K%P
「ほ、本当ですか？　本当に、本当？」%K%P
「本当だって、もう、ことりちゃんは心配性だね……ね、ほら、呼んで」%K%P
「本当だって、もう、ことりちゃんは心配性だね……ね、ほら、呼んで」%K%P
「えと、それじゃ……ね、姉様」%K%P
「えと、それじゃ……ね、姉様」%K%P
「もう、それじゃ聞こえないよ。ほら、もう一回、大きな声で。お腹に力をこめて」%K%P
「もう、それじゃ聞こえないよ。ほら、もう一回、大きな声で。お腹に力をこめて」%K%P
「あぅ……お、お腹に、力をこめて……うぅ～……ね、姉様っ」%K%P
「あぅ……お、お腹に、力をこめて……うぅ～……ね、姉様っ」%K%P
「はい。良くできました。いい声だね、ことりちゃん」%K%P
「はい。良くできました。いい声だね、ことりちゃん」%K%P
「あ、ありがとうございます、えへへ」%K%P
「あ、ありがとうございます、えへへ」%K%P
「姉様、私の、姉様……」%K%P
「姉様、私の、姉様……」%K%P
僕が歌を歌い、ことりちゃんが聴く。素直な賛辞が耳に心地良い。%K%P
僕が歌を歌い、ことりちゃんが聴く。素直な賛辞が耳に心地良い。%K%P
しきりに姉様と呼ぶことりちゃん。ふふ、よっぽどこの言い方が気に入ったんだね。%K%P
しきりに姉様と呼ぶことりちゃん。ふふ、よっぽどこの言い方が気に入ったんだね。%K%P
「やっぱり姉様のお声は良いですね……元気をもらえます」%K%P
「やっぱり姉様のお声は良いですね……元気をもらえます」%K%P
「ありがとう。そう言ってもらえると、私も嬉しいかも」%K%P
「ありがとう。そう言ってもらえると、私も嬉しいかも」%K%P
僕はことりちゃんの頭にぽんぽんと手を置く。彼女には、つい撫でてしまいたくなる魅力がある。%K%P
僕はことりちゃんの頭にぽんぽんと手を置く。彼女には、つい撫でてしまいたくなる魅力がある。%K%P
「あぅ……んん……気持ちいいです」%K%P
「あぅ……んん……気持ちいいです」%K%P
「えへへ……それに、歌もですけど……言葉にも励まされるんです。お風呂の時も、そうでした」%K%P
「えへへ……それに、歌もですけど……言葉にも励まされるんです。お風呂の時も、そうでした」%K%P
ことりちゃんが僕のスカートの裾を指で摘む。僕らの距離が縮まり、体温を感じる。%K%P
ことりちゃんが僕のスカートの裾を指で摘む。僕らの距離が縮まり、体温を感じる。%K%P
ことりちゃんのスレンダーな体が脳裏に浮かび上がり、僕の鼓動は跳ね上がった。%K%P
ことりちゃんのスレンダーな体が脳裏に浮かび上がり、僕の鼓動は跳ね上がった。%K%P
「話すことは放すこと……聞いたとき、気持ちが楽になりました」%K%P
「話すことは放すこと……聞いたとき、気持ちが楽になりました」%K%P
「いずみ様には教えてもらったり、励ましてもらったりで……私、甘えてばかりです」%K%P
「いずみ様には教えてもらったり、励ましてもらったりで……私、甘えてばかりです」%K%P
「あは、いいんじゃない。今度私が落ち込んだときは、ことりちゃんに甘えちゃうし」%K%P
「あは、いいんじゃない。今度私が落ち込んだときは、ことりちゃんに甘えちゃうし」%K%P
「それにね、ことりちゃんを見守ったり、励ましてくれたりする人は、沢山いるんだよ」%K%P
「それにね、ことりちゃんを見守ったり、励ましてくれたりする人は、沢山いるんだよ」%K%P
ことりちゃんの家族もだし、クラスメイトだってそうだろう。それに、なによりも……夕陽ちゃんだ。%K%P
ことりちゃんの家族もだし、クラスメイトだってそうだろう。それに、なによりも……夕陽ちゃんだ。%K%P
まるで僕の思いが通じたかのように、ことりちゃんが髪飾りに触れる。%K%P
まるで僕の思いが通じたかのように、ことりちゃんが髪飾りに触れる。%K%P
「その髪飾り、夕陽ちゃんとお揃いなんだよね」%K%P
「その髪飾り、夕陽ちゃんとお揃いなんだよね」%K%P
「あっ……知ってらしたんですね。いずみ様は何でもご存じなんですね」%K%P
「あっ……知ってらしたんですね。いずみ様は何でもご存じなんですね」%K%P
「ふふ、だってことりちゃんの姉様だもの」%K%P
「ふふ、だってことりちゃんの姉様だもの」%K%P
「えへへ、そうでした……うん、もう、大丈夫です」%K%P
「えへへ、そうでした……うん、もう、大丈夫です」%K%P
小さく、でもしっかりと頷く。%K%P
小さく、でもしっかりと頷く。%K%P
「私、{騎士:ワルキュリア}として頑張ります。姉様、しっかりと見てて下さいね」%K%P
「私、{騎士:ワルキュリア}として頑張ります。姉様、しっかりと見てて下さいね」%K%P
ことりちゃんの柔らかな髪が揺れる。%K%P
ことりちゃんの柔らかな髪が揺れる。%K%P
髪留めが日差しを受けてキラリと輝いた。%K%P
髪留めが日差しを受けてキラリと輝いた。%K%P
この後、ことりちゃんが僕を姉様って呼んだときは、美琴さんや綾香さんにからかわれたけどね。%K%P
この後、ことりちゃんが僕を姉様って呼んだときは、美琴さんや綾香さんにからかわれたけどね。%K%P
