放課後、特に寄り道もせずにまっすぐ寮に帰ってきた。%K%P
放課後、特に寄り道もせずにまっすぐ寮に帰ってきた。%K%P
どこかフラフラと一人で遊びに行ってもいいんだろうけど、どうにも女装したままだとちょっとね。%K%P
どこかフラフラと一人で遊びに行ってもいいんだろうけど、どうにも女装したままだとちょっとね。%K%P
たぶん僕が男だってことはバレたりはしないと思うけど、今の状況じゃ危ない橋は渡りたくないしなぁ……。%K%P
たぶん僕が男だってことはバレたりはしないと思うけど、今の状況じゃ危ない橋は渡りたくないしなぁ……。%K%P
「あら、お帰り」%K%P
「あら、お帰り」%K%P
「ただいま。美琴さん、早いね」%K%P
「ただいま。美琴さん、早いね」%K%P
僕より先に帰寮してたようだ。%K%P
僕より先に帰寮してたようだ。%K%P
美琴さんは両手に大きなビニール袋を提げていた。%K%P
美琴さんは両手に大きなビニール袋を提げていた。%K%P
紐が指に食い込んでいて見るからに重そうだ。%K%P
紐が指に食い込んでいて見るからに重そうだ。%K%P
「それなに？　持つの手伝おうか？」%K%P
「それなに？　持つの手伝おうか？」%K%P
「わ、助かる。それじゃお言葉に甘えて」%K%P
「わ、助かる。それじゃお言葉に甘えて」%K%P
渡された片一方のビニール袋を受け取る。%K%P
渡された片一方のビニール袋を受け取る。%K%P
中にはジャガイモが大量に詰まっていた。%K%P
中にはジャガイモが大量に詰まっていた。%K%P
美琴さんと一緒にキッチンまで持っていく。%K%P
美琴さんと一緒にキッチンまで持っていく。%K%P
「もしかして夕食の材料なのかな。こうしてみると凄い量かも」%K%P
「もしかして夕食の材料なのかな。こうしてみると凄い量かも」%K%P
「寮生全員の分になるから、それなりにね」%K%P
「寮生全員の分になるから、それなりにね」%K%P
「そう考えると法子さん凄いなぁ。寮生の世話だけじゃなくて学園の仕事まであるんだし」%K%P
「そう考えると法子さん凄いなぁ。寮生の世話だけじゃなくて学園の仕事まであるんだし」%K%P
「だからあたしたちで手の空いてる人が交代で協力できるところは協力してるのよ」%K%P
「だからあたしたちで手の空いてる人が交代で協力できるところは協力してるのよ」%K%P
「この食材もあらかじめ下準備が済んでいれば、法子さんも楽できるでしょ」%K%P
「この食材もあらかじめ下準備が済んでいれば、法子さんも楽できるでしょ」%K%P
「なるほど」%K%P
「なるほど」%K%P
もっともな話だ。%K%P
もっともな話だ。%K%P
そうなるとある意味ヒマしている僕も何か協力すべきだろう。%K%P
そうなるとある意味ヒマしている僕も何か協力すべきだろう。%K%P
「私でも協力できることあるかな？　あんまり料理とか得意じゃないけど……」%K%P
「私でも協力できることあるかな？　あんまり料理とか得意じゃないけど……」%K%P
「大丈夫よ。分らないところはあたしが教えて上げる」%K%P
「大丈夫よ。分らないところはあたしが教えて上げる」%K%P
「良かった。それじゃちょっと待ってて」%K%P
「良かった。それじゃちょっと待ってて」%K%P
鞄を部屋に置いて、すぐに美琴さんの元に向かう。%K%P
鞄を部屋に置いて、すぐに美琴さんの元に向かう。%K%P
キッチンでは美琴さんがさっそく作業に取りかかっていた。%K%P
キッチンでは美琴さんがさっそく作業に取りかかっていた。%K%P
手際よく包丁を使って、先ほどのジャガイモの皮を剥いている。%K%P
手際よく包丁を使って、先ほどのジャガイモの皮を剥いている。%K%P
「皮剥き器使わないんだ」%K%P
「皮剥き器使わないんだ」%K%P
「ピーラーより包丁の方が使い慣れてるの」%K%P
「ピーラーより包丁の方が使い慣れてるの」%K%P
「美琴さんって普段から料理するんだ」%K%P
「美琴さんって普段から料理するんだ」%K%P
「ふふ、趣味レベルだけどね」%K%P
「ふふ、趣味レベルだけどね」%K%P
謙遜してるけど、手の中でジャガイモをスルスルと回しながら皮を剥いていく仕草にさっきからまるで停滞がない。%K%P
謙遜してるけど、手の中でジャガイモをスルスルと回しながら皮を剥いていく仕草にさっきからまるで停滞がない。%K%P
かなりの場数をこなしていると見た。%K%P
かなりの場数をこなしていると見た。%K%P
これは頼りになりそうだ。%K%P
これは頼りになりそうだ。%K%P
「で、私は何をすればいいのかな」%K%P
「で、私は何をすればいいのかな」%K%P
「いずみさんは、もやしのひげ根取りをお願い」%K%P
「いずみさんは、もやしのひげ根取りをお願い」%K%P
「栄養を考えたら取らない方がいいみたいなんだけど、取った方が口当たりも良くなって臭みがない澄んだ味わいになるの」%K%P
「栄養を考えたら取らない方がいいみたいなんだけど、取った方が口当たりも良くなって臭みがない澄んだ味わいになるの」%K%P
「へぇ。ちょっとした工夫で料理の完成度が違ってくるってことなんだね」%K%P
「へぇ。ちょっとした工夫で料理の完成度が違ってくるってことなんだね」%K%P
一つ賢くなった気分だ。%K%P
一つ賢くなった気分だ。%K%P
美琴さんが用意してくれた大きめのボールが二つ並んでいる。%K%P
美琴さんが用意してくれた大きめのボールが二つ並んでいる。%K%P
それぞれ半分くらい水が張ってある。%K%P
それぞれ半分くらい水が張ってある。%K%P
「まずは袋から出したもやしを水につけて。解れて作業がやりやすくなるから」%K%P
「まずは袋から出したもやしを水につけて。解れて作業がやりやすくなるから」%K%P
「そして一つずつ指でひげ根をポキッと折って、もう一つの方のボールに入れて水にさらしておく、と」%K%P
「そして一つずつ指でひげ根をポキッと折って、もう一つの方のボールに入れて水にさらしておく、と」%K%P
「やり方はこれだけ。簡単でしょ」%K%P
「やり方はこれだけ。簡単でしょ」%K%P
「そうだね。道具も必要ないし」%K%P
「そうだね。道具も必要ないし」%K%P
試しに教えて貰ったとおりにやってみる。%K%P
試しに教えて貰ったとおりにやってみる。%K%P
「こう、ひげ根の部分を……」%K%P
「こう、ひげ根の部分を……」%K%P
ポキッと折る。%K%P
ポキッと折る。%K%P
思ったよりすんなり取れるもんだな。%K%P
思ったよりすんなり取れるもんだな。%K%P
「うん、上手よ」%K%P
「うん、上手よ」%K%P
「まあ、流石にこれくらいならね」%K%P
「まあ、流石にこれくらいならね」%K%P
「ところでいずみさんって、手がスベスベよね。どこのハンドクリーム愛用してるの？」%K%P
「ところでいずみさんって、手がスベスベよね。どこのハンドクリーム愛用してるの？」%K%P
「え、いや特にこれといっては」%K%P
「え、いや特にこれといっては」%K%P
「もしかして、スキンケアなしでこれ？　肌も色白できめ細かいし、羨ましいなぁ～」%K%P
「もしかして、スキンケアなしでこれ？　肌も色白できめ細かいし、羨ましいなぁ～」%K%P
「ははは……」%K%P
「ははは……」%K%P
褒められても困っちゃうな。%K%P
褒められても困っちゃうな。%K%P
そりゃうれしくないわけじゃないけど、僕、男だし。%K%P
そりゃうれしくないわけじゃないけど、僕、男だし。%K%P
むしろ、美琴さんの手の方がよっぽど綺麗で柔らかそうだけど。%K%P
むしろ、美琴さんの手の方がよっぽど綺麗で柔らかそうだけど。%K%P
……って、女の子の手に見とれてたら不審がられるぞ。%K%P
……って、女の子の手に見とれてたら不審がられるぞ。%K%P
こほん。ここは話題をそらそう。%K%P
こほん。ここは話題をそらそう。%K%P
「ね、ねぇ、ひげ根を取った後、水を張ったボールにさらしておくのって何か理由あるの？」%K%P
「ね、ねぇ、ひげ根を取った後、水を張ったボールにさらしておくのって何か理由あるの？」%K%P
「調理するまで時間があるでしょ。冷たい水につけておくとシャキッとしたままにできるの」%K%P
「調理するまで時間があるでしょ。冷たい水につけておくとシャキッとしたままにできるの」%K%P
「これも美味しくするための一手間ってことか」%K%P
「これも美味しくするための一手間ってことか」%K%P
とりあえず、これなら僕でも問題なさそうだ。%K%P
とりあえず、これなら僕でも問題なさそうだ。%K%P
「よし、やるぞ！」%K%P
「よし、やるぞ！」%K%P
「ふふ、がんばって。単純作業だけど慣れない人がやると夕食分の量を片付けるだけで二時間以上は掛かるのよ」%K%P
「ふふ、がんばって。単純作業だけど慣れない人がやると夕食分の量を片付けるだけで二時間以上は掛かるのよ」%K%P
「そ、そんなに？」%K%P
「そ、そんなに？」%K%P
「だからこそ食材の下処理だけでもどれだけ法子さんの手助けになるのかが分かるでしょ」%K%P
「だからこそ食材の下処理だけでもどれだけ法子さんの手助けになるのかが分かるでしょ」%K%P
「そうだね」%K%P
「そうだね」%K%P
「ちなみに美琴さんならどれくらいでひげ根取りの作業が終わるの？」%K%P
「ちなみに美琴さんならどれくらいでひげ根取りの作業が終わるの？」%K%P
「3、40分くらいかな」%K%P
「3、40分くらいかな」%K%P
「おお……っ、凄いな。それでも一苦労みたいだけど」%K%P
「おお……っ、凄いな。それでも一苦労みたいだけど」%K%P
「こっちのジャガイモとニンジンの皮むきが終わったら、そっちを手伝うから」%K%P
「こっちのジャガイモとニンジンの皮むきが終わったら、そっちを手伝うから」%K%P
「うん、こっちも出来るだけ進めておくね」%K%P
「うん、こっちも出来るだけ進めておくね」%K%P
チマチマした作業だけど、行程そのものは難しくないのですぐに慣れてきた。%K%P
チマチマした作業だけど、行程そのものは難しくないのですぐに慣れてきた。%K%P
ポキ、ひょい、ポキ、ひょい、ポキ、ひょい。%K%P
ポキ、ひょい、ポキ、ひょい、ポキ、ひょい。%K%P
自分でもだんだんペースが上がってくるのが分かる。%K%P
自分でもだんだんペースが上がってくるのが分かる。%K%P
普段はあまり料理に縁がないだけに新鮮な気分だ。緊張も解れてきたのか、ついつい鼻歌を口ずさんでしまう。%K%P
普段はあまり料理に縁がないだけに新鮮な気分だ。緊張も解れてきたのか、ついつい鼻歌を口ずさんでしまう。%K%P
「♪～」%K%P
「♪～」%K%P
さらにひげ根とりが捗る。%K%P
さらにひげ根とりが捗る。%K%P
「へぇ、上手ね」%K%P
「へぇ、上手ね」%K%P
「そ、そう？　美琴さんの教え方がいいからだと思うよ」%K%P
「そ、そう？　美琴さんの教え方がいいからだと思うよ」%K%P
「そうじゃなくて鼻歌。気持ちよさそうに歌うのね」%K%P
「そうじゃなくて鼻歌。気持ちよさそうに歌うのね」%K%P
「あ、そっちか」%K%P
「あ、そっちか」%K%P
勘違いしてしまった。恥ずかしい……。%K%P
勘違いしてしまった。恥ずかしい……。%K%P
「本当、綾香が推すわけよね……。鼻歌だけでも、こんなに耳に心地がいいんだもの」%K%P
「本当、綾香が推すわけよね……。鼻歌だけでも、こんなに耳に心地がいいんだもの」%K%P
「ありがと。歌うのが好きだから、無意識でもついつい口ずさんじゃうんだよね」%K%P
「ありがと。歌うのが好きだから、無意識でもついつい口ずさんじゃうんだよね」%K%P
「ああ、その気持ち分かる。好きなことってそういうのあるもの」%K%P
「ああ、その気持ち分かる。好きなことってそういうのあるもの」%K%P
「美琴さんは料理が好きなんだね。法子さんの手伝いもするくらいだし、趣味レベルって言う割にはかなり手際がいいし」%K%P
「美琴さんは料理が好きなんだね。法子さんの手伝いもするくらいだし、趣味レベルって言う割にはかなり手際がいいし」%K%P
「まあ、嫌いではないかな」%K%P
「まあ、嫌いではないかな」%K%P
なんか照れてる。可愛い。%K%P
なんか照れてる。可愛い。%K%P
それでも手元が危なげないんだから凄いかも。%K%P
それでも手元が危なげないんだから凄いかも。%K%P
ほどなく、美琴さんの皮剥きが終わった。%K%P
ほどなく、美琴さんの皮剥きが終わった。%K%P
「さ、それじゃいずみさんの方を手伝うわね」%K%P
「さ、それじゃいずみさんの方を手伝うわね」%K%P
新しいボールを持ち出して、さっそく作業に取りかかる。%K%P
新しいボールを持ち出して、さっそく作業に取りかかる。%K%P
あきらかに僕より処理が早いのが分かる。もやしの山がどんどん片付いていくもんな。%K%P
あきらかに僕より処理が早いのが分かる。もやしの山がどんどん片付いていくもんな。%K%P
「凄いなぁ。なにかコツでもあるの？」%K%P
「凄いなぁ。なにかコツでもあるの？」%K%P
「慣れてるだけよ。いずみさんだって、しばらくやってればペースが上がってくると思うし」%K%P
「慣れてるだけよ。いずみさんだって、しばらくやってればペースが上がってくると思うし」%K%P
「その慣れるまでが大変そうだよ」%K%P
「その慣れるまでが大変そうだよ」%K%P
かれこれ二十分ほど作業してるけど、腕がだるくなってきた。%K%P
かれこれ二十分ほど作業してるけど、腕がだるくなってきた。%K%P
これって見た目の単純さに比べて、なにげに重労働じゃないだろうか。%K%P
これって見た目の単純さに比べて、なにげに重労働じゃないだろうか。%K%P
仕事が忙しくてあまり料理の時間を取っていられない人だと、ここまで手間暇かけていられないだろうな。%K%P
仕事が忙しくてあまり料理の時間を取っていられない人だと、ここまで手間暇かけていられないだろうな。%K%P
「スーパーの総菜コーナーが繁盛するわけだ」%K%P
「スーパーの総菜コーナーが繁盛するわけだ」%K%P
「便利なのは確かだしね」%K%P
「便利なのは確かだしね」%K%P
「あたしはこの手の下準備とかも好きだから苦にならないけど、みんながみんなそうとも限らないもの」%K%P
「あたしはこの手の下準備とかも好きだから苦にならないけど、みんながみんなそうとも限らないもの」%K%P
「もしかしてこだわりの道具とかあったりするの？　職人が丹誠込めて作り上げたＭｙ包丁みたいなの」%K%P
「もしかしてこだわりの道具とかあったりするの？　職人が丹誠込めて作り上げたＭｙ包丁みたいなの」%K%P
「ふふ、さすがにそこまで熱心じゃないかな」%K%P
「ふふ、さすがにそこまで熱心じゃないかな」%K%P
「その辺で買える普通の包丁で充分だもの。ちゃんとこまめに研いであげれば切れ味は落ちないしね」%K%P
「その辺で買える普通の包丁で充分だもの。ちゃんとこまめに研いであげれば切れ味は落ちないしね」%K%P
こまめに研ぐってさらっと言える時点でもう凄い気がする……。%K%P
こまめに研ぐってさらっと言える時点でもう凄い気がする……。%K%P
「あ、でもこの前テレビで見たんだけど、向こうが透けて見えるくらいトマトを薄くスライスできる包丁は使ってみたいかも」%K%P
「あ、でもこの前テレビで見たんだけど、向こうが透けて見えるくらいトマトを薄くスライスできる包丁は使ってみたいかも」%K%P
「それ切れ味良すぎて、私なんかが使ったらうっかり自分の指を切っちゃいそう」%K%P
「それ切れ味良すぎて、私なんかが使ったらうっかり自分の指を切っちゃいそう」%K%P
「切れ味のいい刃物の方が余計な力が入らない分だけ逆に安全ってこともあるのよ？」%K%P
「切れ味のいい刃物の方が余計な力が入らない分だけ逆に安全ってこともあるのよ？」%K%P
「変に引っかかった時なんて、そこでグッと力を入れるから勢い余ってスパッと行っちゃうことってない？」%K%P
「変に引っかかった時なんて、そこでグッと力を入れるから勢い余ってスパッと行っちゃうことってない？」%K%P
「ああ、言われてみれば……」%K%P
「ああ、言われてみれば……」%K%P
お弁当とかインスタント食品に付いてくる小分けされた調味料を思い出した。%K%P
お弁当とかインスタント食品に付いてくる小分けされた調味料を思い出した。%K%P
こちら側のどこからでも切れますなんて表示されているのに、変にビニールが伸びて全然切れないことがたまにある。%K%P
こちら側のどこからでも切れますなんて表示されているのに、変にビニールが伸びて全然切れないことがたまにある。%K%P
あれ、力づく強引に開けようとすると、だいたい大惨事になるんだよね……。%K%P
あれ、力づく強引に開けようとすると、だいたい大惨事になるんだよね……。%K%P
「まあ、安全うんぬんは、もちろん正しいやり方を守ってこその話だけどね」%K%P
「まあ、安全うんぬんは、もちろん正しいやり方を守ってこその話だけどね」%K%P
「ほら、まな板の上で野菜を押さえるときは猫手でって聞いたことない？」%K%P
「ほら、まな板の上で野菜を押さえるときは猫手でって聞いたことない？」%K%P
「ああ、あるある。指を切らないように曲げてってことだよね」%K%P
「ああ、あるある。指を切らないように曲げてってことだよね」%K%P
「うん、そう。ちゃんと知識を持ってれば危ないことなんてないし、刃物を使ってるからって身構えることもないと思うな」%K%P
「うん、そう。ちゃんと知識を持ってれば危ないことなんてないし、刃物を使ってるからって身構えることもないと思うな」%K%P
日常的に料理を趣味としてるだけあって、美琴さんの言葉には一々感心させられる。%K%P
日常的に料理を趣味としてるだけあって、美琴さんの言葉には一々感心させられる。%K%P
自分の知らない分野の話を聞くのって知識欲を程よく刺激されるから楽しいよね。%K%P
自分の知らない分野の話を聞くのって知識欲を程よく刺激されるから楽しいよね。%K%P
やがてもやしの山も片付いてきたところで、法子さんがやってきた。%K%P
やがてもやしの山も片付いてきたところで、法子さんがやってきた。%K%P
「あら、今日はいずみさんも手伝ってくれてたの？」%K%P
「あら、今日はいずみさんも手伝ってくれてたの？」%K%P
「はい、美琴さんに色々と教えて貰ってました」%K%P
「はい、美琴さんに色々と教えて貰ってました」%K%P
「いずみさんのおかげで、だいぶ作業が捗ったんですよ」%K%P
「いずみさんのおかげで、だいぶ作業が捗ったんですよ」%K%P
「そう、それじゃ私もすぐに取りかからないといけませんね。着替えてきます」%K%P
「そう、それじゃ私もすぐに取りかからないといけませんね。着替えてきます」%K%P
法子さんがいったん寮母室に姿を消し、すぐに戻ってきた。%K%P
法子さんがいったん寮母室に姿を消し、すぐに戻ってきた。%K%P
「お待たせ」%K%P
「お待たせ」%K%P
「さて、どこまで進んでます？」%K%P
「さて、どこまで進んでます？」%K%P
「皮剥きとひげ根取りはあらかた」%K%P
「皮剥きとひげ根取りはあらかた」%K%P
「凄いですね。二人でやったんでしょ？　だいぶがんばったみたいじゃないですか」%K%P
「凄いですね。二人でやったんでしょ？　だいぶがんばったみたいじゃないですか」%K%P
「おしゃべりしながらやってたら、いつの間にか片付いてた感じですよ」%K%P
「おしゃべりしながらやってたら、いつの間にか片付いてた感じですよ」%K%P
「そうですね。まあ、作業の大半は美琴さんで、私はずっともやしの相手しかしてませんでしたけど」%K%P
「そうですね。まあ、作業の大半は美琴さんで、私はずっともやしの相手しかしてませんでしたけど」%K%P
そのひげ根取りにしたって、美琴さんが処理した量の方が多い。%K%P
そのひげ根取りにしたって、美琴さんが処理した量の方が多い。%K%P
つくづく美琴さんの女子力には感服するしかない。%K%P
つくづく美琴さんの女子力には感服するしかない。%K%P
「ところで、今晩の献立はなんになるんですか？」%K%P
「ところで、今晩の献立はなんになるんですか？」%K%P
実はさっきからずっと気になっていた。%K%P
実はさっきからずっと気になっていた。%K%P
ジャガイモもニンジンもありふれた食材なだけに、かえって予想が付きにくい。%K%P
ジャガイモもニンジンもありふれた食材なだけに、かえって予想が付きにくい。%K%P
もやしにしたって、煮てよし炒めてよしのかなり使い勝手がいい食材だ。%K%P
もやしにしたって、煮てよし炒めてよしのかなり使い勝手がいい食材だ。%K%P
「今夜のメインは具だくさんのホワイトシチューです」%K%P
「今夜のメインは具だくさんのホワイトシチューです」%K%P
「なるほどね。それで、たくさんのジャガイモが用意されてたのか」%K%P
「なるほどね。それで、たくさんのジャガイモが用意されてたのか」%K%P
「じゃあ、もやしは付け合わせのサラダですか？」%K%P
「じゃあ、もやしは付け合わせのサラダですか？」%K%P
「おしい。サラダは付きますけど、もやしはコンソメスープに使うつもりなんですよ」%K%P
「おしい。サラダは付きますけど、もやしはコンソメスープに使うつもりなんですよ」%K%P
「二人がしっかりひげ根を取ってくれたおかげで、きっと美味しいスープになりますよ」%K%P
「二人がしっかりひげ根を取ってくれたおかげで、きっと美味しいスープになりますよ」%K%P
「そ、そうですか。自分の関わった作業で味が良くなるなんて、なんかうれしいです」%K%P
「そ、そうですか。自分の関わった作業で味が良くなるなんて、なんかうれしいです」%K%P
「そこから一歩進むと、自分で美味しいものが作りたいってなるのよね」%K%P
「そこから一歩進むと、自分で美味しいものが作りたいってなるのよね」%K%P
ああ、そうして人は料理趣味に填まるのか。%K%P
ああ、そうして人は料理趣味に填まるのか。%K%P
歌と料理の違いはあるけど、美琴さんの気持ちが凄く理解できる。%K%P
歌と料理の違いはあるけど、美琴さんの気持ちが凄く理解できる。%K%P
「もしくは美味しいものを食べさせて上げたいからってパターンが王道かもね」%K%P
「もしくは美味しいものを食べさせて上げたいからってパターンが王道かもね」%K%P
「いずみさんはそういうのない？」%K%P
「いずみさんはそういうのない？」%K%P
「あ～、いずみさんモテそうだもんね。手作りのお弁当なんて彼氏が大喜び間違いなしだわ」%K%P
「あ～、いずみさんモテそうだもんね。手作りのお弁当なんて彼氏が大喜び間違いなしだわ」%K%P
「彼氏！？」%K%P
「彼氏！？」%K%P
いや、それはないでしょ。せめて彼女にってなら分かるけど。%K%P
いや、それはないでしょ。せめて彼女にってなら分かるけど。%K%P
まあ今の僕は女の子ってことになってるから美琴さんの言葉も仕方ないんだけどね。%K%P
まあ今の僕は女の子ってことになってるから美琴さんの言葉も仕方ないんだけどね。%K%P
「そんな驚くこと？　歌も上手で綺麗な女の子なんて、あたしが男だったら絶対放っておけないけどな」%K%P
「そんな驚くこと？　歌も上手で綺麗な女の子なんて、あたしが男だったら絶対放っておけないけどな」%K%P
「あ～、そうじゃなくて……い、いや、そうかもしれないけど」%K%P
「あ～、そうじゃなくて……い、いや、そうかもしれないけど」%K%P
「うふふっ、そうねぇ。もしうちが共学だったら、いずみさんモテモテで大騒ぎだったでしょうね」%K%P
「うふふっ、そうねぇ。もしうちが共学だったら、いずみさんモテモテで大騒ぎだったでしょうね」%K%P
「ほ、法子さぁ～ん……っ」%K%P
「ほ、法子さぁ～ん……っ」%K%P
裏の事情を知ってる張本人の一人なのに、法子さんったら悪のりしてきたぞ。%K%P
裏の事情を知ってる張本人の一人なのに、法子さんったら悪のりしてきたぞ。%K%P
意外とおちゃめな人だな。%K%P
意外とおちゃめな人だな。%K%P
「と、とりあえず私は当分、彼氏なんて考えてないのであしからず」%K%P
「と、とりあえず私は当分、彼氏なんて考えてないのであしからず」%K%P
「もったいない。玉の輿も夢じゃないのに」%K%P
「もったいない。玉の輿も夢じゃないのに」%K%P
「欲がないのね、きっと」%K%P
「欲がないのね、きっと」%K%P
「あははは……」%K%P
「あははは……」%K%P
もう勘弁してください。%K%P
もう勘弁してください。%K%P
美琴さんにまるっきり男だって疑われてないのは喜ぶべきなんだろうけど……複雑な心境だ。%K%P
美琴さんにまるっきり男だって疑われてないのは喜ぶべきなんだろうけど……複雑な心境だ。%K%P
仮に彼氏を彼女に置き換えたとしても、普段から縁のない話なので僕には尻込みすることしか出来ない。%K%P
仮に彼氏を彼女に置き換えたとしても、普段から縁のない話なので僕には尻込みすることしか出来ない。%K%P
それでなくても恋愛がどうのこうのなんて話は苦手なのに、ストレートな恋バナに付き合っていたら身が持たないぞ。%K%P
それでなくても恋愛がどうのこうのなんて話は苦手なのに、ストレートな恋バナに付き合っていたら身が持たないぞ。%K%P
「はいはい、口もいいけど手も動かしましょうよ」%K%P
「はいはい、口もいいけど手も動かしましょうよ」%K%P
「それもそうですね。もうしばらくしたらお腹を空かせた子たちが大勢帰ってくることですし」%K%P
「それもそうですね。もうしばらくしたらお腹を空かせた子たちが大勢帰ってくることですし」%K%P
どうやら僕をからかうのはこれで一段落みたいで、さっそく夕飯の準備に取りかかった。%K%P
どうやら僕をからかうのはこれで一段落みたいで、さっそく夕飯の準備に取りかかった。%K%P
僕と美琴さんは法子さんの指示に従って食器を用意したり、調理を手伝ったりする。%K%P
僕と美琴さんは法子さんの指示に従って食器を用意したり、調理を手伝ったりする。%K%P
当たり前なんだろうけど、寮母を任されているだけあって法子さんは美琴さんに輪を掛けて手際がいい。%K%P
当たり前なんだろうけど、寮母を任されているだけあって法子さんは美琴さんに輪を掛けて手際がいい。%K%P
大量の食材がみるみる調理されていく。%K%P
大量の食材がみるみる調理されていく。%K%P
「こうして実際に作業を目の当たりにすると、日頃からどれだけ法子さんが料理に力を入れているのかが分かりますね」%K%P
「こうして実際に作業を目の当たりにすると、日頃からどれだけ法子さんが料理に力を入れているのかが分かりますね」%K%P
「ふふ、寮生の子たちには出来るだけインスタントじゃないご飯を食べて貰いたいってのが私のこだわりなんですよ」%K%P
「ふふ、寮生の子たちには出来るだけインスタントじゃないご飯を食べて貰いたいってのが私のこだわりなんですよ」%K%P
「ちゃんと寮母としてみんなの栄養管理まで気を配ってるんだから、こっちとしてもありがたい話よね」%K%P
「ちゃんと寮母としてみんなの栄養管理まで気を配ってるんだから、こっちとしてもありがたい話よね」%K%P
「学園の仕事だって大変でしょうに、みんなの食事のことまで気を配らなきゃいけないなんて気が休まる暇がないんじゃありませんか」%K%P
「学園の仕事だって大変でしょうに、みんなの食事のことまで気を配らなきゃいけないなんて気が休まる暇がないんじゃありませんか」%K%P
「ん～、それがそうでもないんですよ」%K%P
「ん～、それがそうでもないんですよ」%K%P
法子さんは調理器具を操りながら微笑んでいた。%K%P
法子さんは調理器具を操りながら微笑んでいた。%K%P
「確かに学園長代理の方は忙しくて目が回りそうなくらいです」%K%P
「確かに学園長代理の方は忙しくて目が回りそうなくらいです」%K%P
「でも、みんなの食事の準備は全然苦にならないんです」%K%P
「でも、みんなの食事の準備は全然苦にならないんです」%K%P
「もっと言えば、料理でストレス発散してるって所ですかね」%K%P
「もっと言えば、料理でストレス発散してるって所ですかね」%K%P
「もしかして、美琴さんと同じく法子さんも料理が好きな人？」%K%P
「もしかして、美琴さんと同じく法子さんも料理が好きな人？」%K%P
「ええ、ひたすらキャベツの千切りとか玉ねぎのみじん切りとかしてると、だんだん楽しくなってくるくらいですから」%K%P
「ええ、ひたすらキャベツの千切りとか玉ねぎのみじん切りとかしてると、だんだん楽しくなってくるくらいですから」%K%P
「ああ、分かります分かります」%K%P
「ああ、分かります分かります」%K%P
「分かるんだ」%K%P
「分かるんだ」%K%P
「なんか集中しすぎてトリップしてきますよね」%K%P
「なんか集中しすぎてトリップしてきますよね」%K%P
ランナーズハイってのは聞いたことがあるけど、クッキングハイなんてのもあるんだろうか……？%K%P
ランナーズハイってのは聞いたことがあるけど、クッキングハイなんてのもあるんだろうか……？%K%P
「卵白をクリーミーなメレンゲに出来たときの達成感とかも格別かな」%K%P
「卵白をクリーミーなメレンゲに出来たときの達成感とかも格別かな」%K%P
「あれ失敗するとボソボソになっちゃいますもんね」%K%P
「あれ失敗するとボソボソになっちゃいますもんね」%K%P
「お寿司屋さんで出てくるようなふんわりした厚焼き玉子が初めて自分で作れたときなんて、我ながら一日中テンションがおかしかったのを覚えてます」%K%P
「お寿司屋さんで出てくるようなふんわりした厚焼き玉子が初めて自分で作れたときなんて、我ながら一日中テンションがおかしかったのを覚えてます」%K%P
「あたし、法子さんと同じようにやってるはずなのに、どうしても焼きムラが出来ちゃうんですよね。なかなか綺麗な黄色一色にならなくて」%K%P
「あたし、法子さんと同じようにやってるはずなのに、どうしても焼きムラが出来ちゃうんですよね。なかなか綺麗な黄色一色にならなくて」%K%P
「玉子料理はシンプルな分、ちょっとした火加減の違いで仕上がりが変わってきちゃいますからね」%K%P
「玉子料理はシンプルな分、ちょっとした火加減の違いで仕上がりが変わってきちゃいますからね」%K%P
美琴さんも法子さんも、とても楽しそうだ。%K%P
美琴さんも法子さんも、とても楽しそうだ。%K%P
本当に料理が好きなんだなってことが伝わってくる。%K%P
本当に料理が好きなんだなってことが伝わってくる。%K%P
よし、二人の足を引っ張らないように僕も気合い入れないとね。%K%P
よし、二人の足を引っ張らないように僕も気合い入れないとね。%K%P
と、その法子さんが片手で生卵をポンポンと割りながら大きめのボールに何個も集めている。%K%P
と、その法子さんが片手で生卵をポンポンと割りながら大きめのボールに何個も集めている。%K%P
「さっき言ってた厚焼き玉子を作るんですか？」%K%P
「さっき言ってた厚焼き玉子を作るんですか？」%K%P
「これはデザート用。カスタードプリンにするんです」%K%P
「これはデザート用。カスタードプリンにするんです」%K%P
なるほど。今夜のデザートはプリンか。%K%P
なるほど。今夜のデザートはプリンか。%K%P
法子さんは温めた牛乳に砂糖を溶かしていく。%K%P
法子さんは温めた牛乳に砂糖を溶かしていく。%K%P
そこに、先ほどの溶きほぐした卵を少しずつ加えてよく混ぜて裏ごしした後にバニラエッセンスを加えた。%K%P
そこに、先ほどの溶きほぐした卵を少しずつ加えてよく混ぜて裏ごしした後にバニラエッセンスを加えた。%K%P
片手に収まるような小さな耐熱ガラスの器にプリンになる液体を注いで入れると、オーブンで蒸し焼きにする。%K%P
片手に収まるような小さな耐熱ガラスの器にプリンになる液体を注いで入れると、オーブンで蒸し焼きにする。%K%P
材料や作り方はシンプルだけど美味しさは折り紙付のプリンがどんどん出来上がってくる。%K%P
材料や作り方はシンプルだけど美味しさは折り紙付のプリンがどんどん出来上がってくる。%K%P
「ああ～、いい匂い」%K%P
「ああ～、いい匂い」%K%P
「あとは冷蔵庫でしっかり冷やしたら、最後に生クリームをのせて完成ですよ」%K%P
「あとは冷蔵庫でしっかり冷やしたら、最後に生クリームをのせて完成ですよ」%K%P
「で、その前に、私を手伝ってくれた二人にご褒美をあげましょうか」%K%P
「で、その前に、私を手伝ってくれた二人にご褒美をあげましょうか」%K%P
「待ってました！」%K%P
「待ってました！」%K%P
急に目をキラキラと輝かせる美琴さん。%K%P
急に目をキラキラと輝かせる美琴さん。%K%P
法子さんは粗熱が取れたばかりの出来たてプリンを手渡してくる。%K%P
法子さんは粗熱が取れたばかりの出来たてプリンを手渡してくる。%K%P
「さ、どうぞ。温かいプリンもなかなかオツなものですよ」%K%P
「さ、どうぞ。温かいプリンもなかなかオツなものですよ」%K%P
「え、いいんですか？」%K%P
「え、いいんですか？」%K%P
「言ったでしょ。手伝ってくれたことへのご褒美ですって。遠慮しないでどうぞ」%K%P
「言ったでしょ。手伝ってくれたことへのご褒美ですって。遠慮しないでどうぞ」%K%P
「そういうことなら」%K%P
「そういうことなら」%K%P
正直、バニラエッセンスの甘い香りに食欲を刺激されて、口の中ではヨダレが溢れていた。%K%P
正直、バニラエッセンスの甘い香りに食欲を刺激されて、口の中ではヨダレが溢れていた。%K%P
ほかほかのプリンを受け取り、スプーンですくって一口。%K%P
ほかほかのプリンを受け取り、スプーンですくって一口。%K%P
「う、美味い……っ」%K%P
「う、美味い……っ」%K%P
「でしょう？　出来たてならではの味わいですよね」%K%P
「でしょう？　出来たてならではの味わいですよね」%K%P
「う～ん、舌の上で蕩ける～。やっぱり法子さんの火加減は絶妙よね～」%K%P
「う～ん、舌の上で蕩ける～。やっぱり法子さんの火加減は絶妙よね～」%K%P
プリンと言えば冷菓のイメージが強かっただけに、ちょっとしたカルチャーショックだ。%K%P
プリンと言えば冷菓のイメージが強かっただけに、ちょっとしたカルチャーショックだ。%K%P
「確かにこれご褒美ですね。温かいプリンなんて、普通はなかなかお目にかかれませんし」%K%P
「確かにこれご褒美ですね。温かいプリンなんて、普通はなかなかお目にかかれませんし」%K%P
「作った人の特典よね」%K%P
「作った人の特典よね」%K%P
よっぽど法子さんのデザートが気に入ったのか、美琴さんは見るからに幸せそうだ。%K%P
よっぽど法子さんのデザートが気に入ったのか、美琴さんは見るからに幸せそうだ。%K%P
「あ～、このために生きてるってかんじ」%K%P
「あ～、このために生きてるってかんじ」%K%P
「うん、美琴さんの気持ちは分かるよ」%K%P
「うん、美琴さんの気持ちは分かるよ」%K%P
「で、ちょっと気になったんだけど……」%K%P
「で、ちょっと気になったんだけど……」%K%P
「さっき、美琴さん、待ってましたって言ったよね？」%K%P
「さっき、美琴さん、待ってましたって言ったよね？」%K%P
「はっ」%K%P
「はっ」%K%P
「もしかして、積極的に法子さんの手伝いをする理由って……」%K%P
「もしかして、積極的に法子さんの手伝いをする理由って……」%K%P
「えー、その……」%K%P
「えー、その……」%K%P
「多めに作ったデザートが貰えるのって、手伝いをする人たちの間じゃ公然の秘密だったりなんてことは？」%K%P
「多めに作ったデザートが貰えるのって、手伝いをする人たちの間じゃ公然の秘密だったりなんてことは？」%K%P
「ど、どうかなぁ？」%K%P
「ど、どうかなぁ？」%K%P
あからさまに動揺してるな。%K%P
あからさまに動揺してるな。%K%P
……なんか普段とのギャップがあって可愛いかも。%K%P
……なんか普段とのギャップがあって可愛いかも。%K%P
まあ、そもそも僕に美琴さんを責めるつもりなんてこれっぽちもない。%K%P
まあ、そもそも僕に美琴さんを責めるつもりなんてこれっぽちもない。%K%P
法子さんから特別にご褒美を貰ったとしても、美琴さんはそれに見合うだけの働きをしてるわけだし。%K%P
法子さんから特別にご褒美を貰ったとしても、美琴さんはそれに見合うだけの働きをしてるわけだし。%K%P
「これからは私も積極的にお手伝いしようかな。法子さんのご褒美が魅力的だし」%K%P
「これからは私も積極的にお手伝いしようかな。法子さんのご褒美が魅力的だし」%K%P
「え？」%K%P
「え？」%K%P
「ダメかな？」%K%P
「ダメかな？」%K%P
「そ、そんなことないわよ？　ね、法子さん」%K%P
「そ、そんなことないわよ？　ね、法子さん」%K%P
「もちろんよ。手伝って貰えたら助かるのは確かですから」%K%P
「もちろんよ。手伝って貰えたら助かるのは確かですから」%K%P
「じゃあ美琴さん、私、料理のことはあんまり知らないから、これから色々教えて貰える？」%K%P
「じゃあ美琴さん、私、料理のことはあんまり知らないから、これから色々教えて貰える？」%K%P
「えっと、まあ、あたしで良ければいくらでも聞いてくれて構わないわよ」%K%P
「えっと、まあ、あたしで良ければいくらでも聞いてくれて構わないわよ」%K%P
何となくだけど、今までよりもちょっとだけお互いに親しくなれた気がした。%K%P
何となくだけど、今までよりもちょっとだけお互いに親しくなれた気がした。%K%P
