「やぁああああッ！　…………はぁああッ！」%K%P
「やぁああああッ！　…………はぁああッ！」%K%P
道場の前まで歩いてきたら、中から気迫の{籠:こも}った声が聞こえてきた――楓、もう来てるんだ。%K%P
道場の前まで歩いてきたら、中から気迫の{籠:こも}った声が聞こえてきた――楓、もう来てるんだ。%K%P
深皇祭も間近に迫り、授業は午前中で終了。%K%P
深皇祭も間近に迫り、授業は午前中で終了。%K%P
学生達は慣れない学園内の飾り付けに奔走していたりする。%K%P
学生達は慣れない学園内の飾り付けに奔走していたりする。%K%P
「今日は、駄目かも……なんか、集中できないや」%K%P
「今日は、駄目かも……なんか、集中できないや」%K%P
気分転換になるかと、レッスンを一休みして、道場に顔を出そうと思ってきたのだけど……%K%P
気分転換になるかと、レッスンを一休みして、道場に顔を出そうと思ってきたのだけど……%K%P
「……うぅ、なんだか、顔を合わせづらいな……」%K%P
「……うぅ、なんだか、顔を合わせづらいな……」%K%P
「せぃッ！　たあッ！」%K%P
「せぃッ！　たあッ！」%K%P
耳に心地よい、清々としたかけ声。%K%P
耳に心地よい、清々としたかけ声。%K%P
あの、甘い声音や、吐息混じりの呻き声と同じ人物が発してるとは、とても思えない……あの時の楓はなんていうか、色々と凄かった。%K%P
あの、甘い声音や、吐息混じりの呻き声と同じ人物が発してるとは、とても思えない……あの時の楓はなんていうか、色々と凄かった。%K%P
月光に照らされた、肌の色彩や、しなやかな指先、吸い付くように滑らかな皮膚の触感まで思い出せる。%K%P
月光に照らされた、肌の色彩や、しなやかな指先、吸い付くように滑らかな皮膚の触感まで思い出せる。%K%P
「うっ……マズイ、凄く意識してきた」%K%P
「うっ……マズイ、凄く意識してきた」%K%P
「やっぱり、帰ろう。どんな顔をすればいいのか、分からないや」%K%P
「やっぱり、帰ろう。どんな顔をすればいいのか、分からないや」%K%P
両の手をスカートの前で組んで、道場に背を向ける。%K%P
両の手をスカートの前で組んで、道場に背を向ける。%K%P
しかし、立ち去ろうとした僕の背に……%K%P
しかし、立ち去ろうとした僕の背に……%K%P
「……ん、そこにいるのは……いずみさんでしょ？　どうしたの、道場に来てくれたんじゃ？」%K%P
「……ん、そこにいるのは……いずみさんでしょ？　どうしたの、道場に来てくれたんじゃ？」%K%P
……見つかっちゃった……%K%P
……見つかっちゃった……%K%P
僕は気づかれないようにため息を漏らすと、笑顔を作って振り返った。%K%P
僕は気づかれないようにため息を漏らすと、笑顔を作って振り返った。%K%P
僕が来てから、しばらく練習を続けた楓。%K%P
僕が来てから、しばらく練習を続けた楓。%K%P
一つ一つの型を入念に繰り返し、刀を納める。%K%P
一つ一つの型を入念に繰り返し、刀を納める。%K%P
「……ふぅ……一休みしようかな。そろそろ佳も来るだろうし」%K%P
「……ふぅ……一休みしようかな。そろそろ佳も来るだろうし」%K%P
「あ、お茶用意しておいたから。今日はね、温めの麦茶にしてみたんだ。す、すぐ飲めるからね」%K%P
「あ、お茶用意しておいたから。今日はね、温めの麦茶にしてみたんだ。す、すぐ飲めるからね」%K%P
「ありがとう。少し気合いを入れすぎたせいか、喉が渇いてて」%K%P
「ありがとう。少し気合いを入れすぎたせいか、喉が渇いてて」%K%P
「そ、そう、良かった。あ、あとタオルも、そっちに置いてあるから使ってね」%K%P
「そ、そう、良かった。あ、あとタオルも、そっちに置いてあるから使ってね」%K%P
「ん、何から何まで……いずみさんは気配りの人だね。{歌姫:ディーバ}にこのような事までしてもらって恐縮だよ」%K%P
「ん、何から何まで……いずみさんは気配りの人だね。{歌姫:ディーバ}にこのような事までしてもらって恐縮だよ」%K%P
「い、いいの。あはは……」%K%P
「い、いいの。あはは……」%K%P
「……というか、いずみさん、なんでそんな端に？　遠くて話しづらくない？」%K%P
「……というか、いずみさん、なんでそんな端に？　遠くて話しづらくない？」%K%P
いや、だって……その、分かるでしょ？　あんな事をした相手と、近くで普通に接しろって言われても……無理だよ。%K%P
いや、だって……その、分かるでしょ？　あんな事をした相手と、近くで普通に接しろって言われても……無理だよ。%K%P
「さっきから俯いてばかりだし……そういえば、顔も赤い」%K%P
「さっきから俯いてばかりだし……そういえば、顔も赤い」%K%P
「ひぅっ、か、楓さん！？」%K%P
「ひぅっ、か、楓さん！？」%K%P
「熱でもあるのかな？　深皇祭も近いし、{歌姫:ディーバ}なんだから、大事にしないと」%K%P
「熱でもあるのかな？　深皇祭も近いし、{歌姫:ディーバ}なんだから、大事にしないと」%K%P
んもう、何で君は平気なんだよって……当たり前か、僕が司だって知らないものね。%K%P
んもう、何で君は平気なんだよって……当たり前か、僕が司だって知らないものね。%K%P
「体調管理もアリアに出場する者にとっては、大切な事だと思う」%K%P
「体調管理もアリアに出場する者にとっては、大切な事だと思う」%K%P
「そ、そうだよね、えへへ……か、楓さんは調子良さそうだね？」%K%P
「そ、そうだよね、えへへ……か、楓さんは調子良さそうだね？」%K%P
「ん、絶好調。体も軽くて、技の切れもいいし。今なら宮本武蔵公と立ち会っても、いい勝負が出来そうだ」%K%P
「ん、絶好調。体も軽くて、技の切れもいいし。今なら宮本武蔵公と立ち会っても、いい勝負が出来そうだ」%K%P
確かに、今日は今まで見た中で、一番調子が取れていた。%K%P
確かに、今日は今まで見た中で、一番調子が取れていた。%K%P
豪快なのに、力みが無くて、素早くても、せせこましくは無い。名指揮者による、伝統のある交響楽団の演奏を聴いているかのようだった。%K%P
豪快なのに、力みが無くて、素早くても、せせこましくは無い。名指揮者による、伝統のある交響楽団の演奏を聴いているかのようだった。%K%P
あんなに激しく体を使った後だというのに……僕なんて、少し寝坊しちゃったよ。%K%P
あんなに激しく体を使った後だというのに……僕なんて、少し寝坊しちゃったよ。%K%P
「あの……疲れてたりはしないの？　どこか痛かったりはしない？」%K%P
「あの……疲れてたりはしないの？　どこか痛かったりはしない？」%K%P
「うん？　どこも問題無いけど。きりが良かったから休憩を入れたけど、休まなくても、あと数時間は今の動きを維持できる」%K%P
「うん？　どこも問題無いけど。きりが良かったから休憩を入れたけど、休まなくても、あと数時間は今の動きを維持できる」%K%P
「家の道場では、よく朝から晩まで通し稽古をしたから。竹刀で素肌を打たれたこともあるし。少しの怪我なら、動いた方が、治りやすいから」%K%P
「家の道場では、よく朝から晩まで通し稽古をしたから。竹刀で素肌を打たれたこともあるし。少しの怪我なら、動いた方が、治りやすいから」%K%P
「というか、いずみさん、おかしな事を聞くね？　さては……」%K%P
「というか、いずみさん、おかしな事を聞くね？　さては……」%K%P
「わっ！」%K%P
「わっ！」%K%P
「ん、脈は少し速いけれど、異常と言う程でもないし。体温も、うん、高めだけど平熱だ。少し汗ばんでいるけど……今日は暑いから」%K%P
「ん、脈は少し速いけれど、異常と言う程でもないし。体温も、うん、高めだけど平熱だ。少し汗ばんでいるけど……今日は暑いから」%K%P
楓が僕の素肌に触れる。細くて柔らかい指、爽やかなボディソープの香りに混じる、彼女の匂い。%K%P
楓が僕の素肌に触れる。細くて柔らかい指、爽やかなボディソープの香りに混じる、彼女の匂い。%K%P
いやがおうにも、あの夜のことを思い出させる。%K%P
いやがおうにも、あの夜のことを思い出させる。%K%P
「…………あ、あの、もう大丈夫だから、楓さん」%K%P
「…………あ、あの、もう大丈夫だから、楓さん」%K%P
「そう？　まあ、特に問題は無いみたいだし。いずみさんの{騎士:ワルキュリア}として心配になった、ごめん」%K%P
「そう？　まあ、特に問題は無いみたいだし。いずみさんの{騎士:ワルキュリア}として心配になった、ごめん」%K%P
「う、ううん、平気平気。それより、お茶でも飲もうよ。私も、いただこっと」%K%P
「う、ううん、平気平気。それより、お茶でも飲もうよ。私も、いただこっと」%K%P
ポットから麦茶を注ぐ。%K%P
ポットから麦茶を注ぐ。%K%P
楓さんに手渡すとき、触れないように気を使った。%K%P
楓さんに手渡すとき、触れないように気を使った。%K%P
「ん。では、いただきます…………んん……」%K%P
「ん。では、いただきます…………んん……」%K%P
「……んぅ……」%K%P
「……んぅ……」%K%P
コップに口を付け、お茶を飲む楓さん。唇が湿り気を帯び、喉元がうごめく。%K%P
コップに口を付け、お茶を飲む楓さん。唇が湿り気を帯び、喉元がうごめく。%K%P
駄目だ、僕どうしちゃったんだよ……今は『いずみ』なんだから、ちゃんとしなくちゃ。%K%P
駄目だ、僕どうしちゃったんだよ……今は『いずみ』なんだから、ちゃんとしなくちゃ。%K%P
もやもやとした気持ちを誤魔化すように、お茶を一気に飲み干す。%K%P
もやもやとした気持ちを誤魔化すように、お茶を一気に飲み干す。%K%P
「…………けふっ、けふっ！　けふっ！」%K%P
「…………けふっ、けふっ！　けふっ！」%K%P
「ああ、そんなに慌てて飲むから。いずみさん、何かあったのかな？　良かったら、話して欲しい」%K%P
「ああ、そんなに慌てて飲むから。いずみさん、何かあったのかな？　良かったら、話して欲しい」%K%P
人生初めての経験をしまして、あまりの衝撃でぼーっとしています。%K%P
人生初めての経験をしまして、あまりの衝撃でぼーっとしています。%K%P
忘れられない経験の相手は……あなたでした――なんて事は絶対言えないよね。%K%P
忘れられない経験の相手は……あなたでした――なんて事は絶対言えないよね。%K%P
「ううん、えっと、歌の方でね。ちょっとだけスランプなの。いつものことだから、そのうち直ると思うし」%K%P
「ううん、えっと、歌の方でね。ちょっとだけスランプなの。いつものことだから、そのうち直ると思うし」%K%P
「ああ、歌唱についてなのか。確かに{歌姫:ディーバ}にとっては辛いね」%K%P
「ああ、歌唱についてなのか。確かに{歌姫:ディーバ}にとっては辛いね」%K%P
「けど、好、不調の波は訪れるものだし。時間が過ぎるのを、待つぐらいしかないかな」%K%P
「けど、好、不調の波は訪れるものだし。時間が過ぎるのを、待つぐらいしかないかな」%K%P
「そうだよね、えへへ。スランプと言えば……楓さんもそうだったんじゃない？」%K%P
「そうだよね、えへへ。スランプと言えば……楓さんもそうだったんじゃない？」%K%P
「ん。けど、幸い脱する事が出来た。ふふ、私の場合は、強力な味方のお陰だけど」%K%P
「ん。けど、幸い脱する事が出来た。ふふ、私の場合は、強力な味方のお陰だけど」%K%P
「あ、と言っても、元々彼のおかげで不調にもなったから……ふふ、元に戻った、と言うことかもしれない」%K%P
「あ、と言っても、元々彼のおかげで不調にもなったから……ふふ、元に戻った、と言うことかもしれない」%K%P
{彼:・}の顔、思い浮かべているのかな――楓、いい顔で笑ってる。%K%P
{彼:・}の顔、思い浮かべているのかな――楓、いい顔で笑ってる。%K%P
君の心を騒がせてしまったことは、申し訳なく思うけど、僕だって、楓の為に胸を痛め、ときめかせても貰った……おあいこかな。%K%P
君の心を騒がせてしまったことは、申し訳なく思うけど、僕だって、楓の為に胸を痛め、ときめかせても貰った……おあいこかな。%K%P
「彼って……例の司くんのこと？」%K%P
「彼って……例の司くんのこと？」%K%P
「ん。詳しくは話せないけれど、私は司に色々なものをもらったんだ。いずみさん、さわりだけ、聞いてくれるかな？」%K%P
「ん。詳しくは話せないけれど、私は司に色々なものをもらったんだ。いずみさん、さわりだけ、聞いてくれるかな？」%K%P
楓さんが、司くん……僕の事を話し始める。%K%P
楓さんが、司くん……僕の事を話し始める。%K%P
明るくて、弟みたいに可愛い所もあるのに、時にはリードしてくれる。%K%P
明るくて、弟みたいに可愛い所もあるのに、時にはリードしてくれる。%K%P
自分が辛く、苦しいときでも、私の事を思いやってくれ、常に優しさを忘れない。%K%P
自分が辛く、苦しいときでも、私の事を思いやってくれ、常に優しさを忘れない。%K%P
自分の恥ずかしい部分をさらけ出しても、受け入れてくれる度量を持っている。%K%P
自分の恥ずかしい部分をさらけ出しても、受け入れてくれる度量を持っている。%K%P
……まるで褒め殺しのようだけれど、楓自身には全くそのつもりは無いというのも分かっている。%K%P
……まるで褒め殺しのようだけれど、楓自身には全くそのつもりは無いというのも分かっている。%K%P
表情を崩さず、態度も極力変化させず話を聞くのには、超人的な努力と精神力が必要だった。%K%P
表情を崩さず、態度も極力変化させず話を聞くのには、超人的な努力と精神力が必要だった。%K%P
「……で、司の靴下が女性もので。聞いたらバーゲンで安かった、なんて言っていて」%K%P
「……で、司の靴下が女性もので。聞いたらバーゲンで安かった、なんて言っていて」%K%P
「無駄遣いしない事はいいとしても、もう少し身につける物にも気を使ってもらいたいかなって……その……わ、私のか、彼氏なんだし」%K%P
「無駄遣いしない事はいいとしても、もう少し身につける物にも気を使ってもらいたいかなって……その……わ、私のか、彼氏なんだし」%K%P
「か、かれしぃいいい！？」%K%P
「か、かれしぃいいい！？」%K%P
「んん、驚かせたかな、ごめん。というか……今の声、司に似ていたような」%K%P
「んん、驚かせたかな、ごめん。というか……今の声、司に似ていたような」%K%P
「え、そ、そうなの！？　き、聞き違いじゃないかなぁ～」%K%P
「え、そ、そうなの！？　き、聞き違いじゃないかなぁ～」%K%P
「ほら、楓さん、司くんのことで、頭がいっぱいだから。もう、ノロケないでよ、やだなぁ～あはははは」%K%P
「ほら、楓さん、司くんのことで、頭がいっぱいだから。もう、ノロケないでよ、やだなぁ～あはははは」%K%P
「の、{惚気:のろけ}かな？　確かに司の事は気にしているけど。ああ、剣を振うときは別だから。{騎士:ワルキュリア}としての分別は持っているつもり」%K%P
「の、{惚気:のろけ}かな？　確かに司の事は気にしているけど。ああ、剣を振うときは別だから。{騎士:ワルキュリア}としての分別は持っているつもり」%K%P
つい地声で叫んじゃった……あぅ、でもそうだよ、楓は僕の彼女なんだよな。%K%P
つい地声で叫んじゃった……あぅ、でもそうだよ、楓は僕の彼女なんだよな。%K%P
うう、もう、折角落ち着いてきたのに、またドキドキして来ちゃったよ。%K%P
うう、もう、折角落ち着いてきたのに、またドキドキして来ちゃったよ。%K%P
「本当だ。この前みたいに、刀を取り落とすようなことは決してしない。いずみさん、アリアでは、全力であなたを守るから」%K%P
「本当だ。この前みたいに、刀を取り落とすようなことは決してしない。いずみさん、アリアでは、全力であなたを守るから」%K%P
うん、分かっているよ、全然疑ってなんていない。楓がいつだって本気なのは、知っている。%K%P
うん、分かっているよ、全然疑ってなんていない。楓がいつだって本気なのは、知っている。%K%P
不器用で、不格好で、真剣で、純粋で――こんなにも司といずみの事を想ってくれている。%K%P
不器用で、不格好で、真剣で、純粋で――こんなにも司といずみの事を想ってくれている。%K%P
司は本当の事を告げず、いずみは君に嘘をついているのに。%K%P
司は本当の事を告げず、いずみは君に嘘をついているのに。%K%P
僕は楓に想ってもらう資格なんて、無いかもしれないのに。%K%P
僕は楓に想ってもらう資格なんて、無いかもしれないのに。%K%P
「お、二人とも揃っているね。ちょうどいいや」%K%P
「お、二人とも揃っているね。ちょうどいいや」%K%P
「佳。遅いよ、待ちくたびれた。さっ、剣を取って。今日は目一杯稽古をしよう」%K%P
「佳。遅いよ、待ちくたびれた。さっ、剣を取って。今日は目一杯稽古をしよう」%K%P
「遅くないよ、キミ達が早いの。これでもクラスの会議抜け出してきたんだからさ」%K%P
「遅くないよ、キミ達が早いの。これでもクラスの会議抜け出してきたんだからさ」%K%P
「お陰で、埋め合わせのデートが三人、食事会はえっと……四人にもなっちゃったよ。あー、なに着ていこう」%K%P
「お陰で、埋め合わせのデートが三人、食事会はえっと……四人にもなっちゃったよ。あー、なに着ていこう」%K%P
「んんっ、デート三人に、食事会が四人？　あまり褒められた事ではないな。そういうのは、本当に好きな人とすべきだと思う」%K%P
「んんっ、デート三人に、食事会が四人？　あまり褒められた事ではないな。そういうのは、本当に好きな人とすべきだと思う」%K%P
「ふーんだ、自分の好きな人に、電話も出来ないキミに言われたくないよーだ」%K%P
「ふーんだ、自分の好きな人に、電話も出来ないキミに言われたくないよーだ」%K%P
「ふふ、それはいつの話かな。この現代社会において、状況はどんどん変化しているんだ。私だって、いつまでも昔の自分じゃない」%K%P
「ふふ、それはいつの話かな。この現代社会において、状況はどんどん変化しているんだ。私だって、いつまでも昔の自分じゃない」%K%P
「おお、どうやらその様子だと……司くんと上手くいったみたいだね。これは興味深いな、包み隠さず白状するんだ楓」%K%P
「おお、どうやらその様子だと……司くんと上手くいったみたいだね。これは興味深いな、包み隠さず白状するんだ楓」%K%P
「ふふ、聞きたい？　ん、分かった。どこから話そうかな……最初に……」%K%P
「ふふ、聞きたい？　ん、分かった。どこから話そうかな……最初に……」%K%P
「――それで、司の靴のサイズは私とほとんど同じで。結構古くなっていたから、今度プレゼントしてあげようかと……」%K%P
「――それで、司の靴のサイズは私とほとんど同じで。結構古くなっていたから、今度プレゼントしてあげようかと……」%K%P
「わ、分かった。もうそのあたりでいいよ、楓」%K%P
「わ、分かった。もうそのあたりでいいよ、楓」%K%P
「なんで？　もういいの？　まだまだ幾らでも話したい事が……」%K%P
「なんで？　もういいの？　まだまだ幾らでも話したい事が……」%K%P
……楓、さっきはさわりだけって言ってたよね？　本当に危ない部分以外、ほとんど話してしまっている気がするんだけど。%K%P
……楓、さっきはさわりだけって言ってたよね？　本当に危ない部分以外、ほとんど話してしまっている気がするんだけど。%K%P
「いや、アリアも近いから練習もしないとね。いずみちゃんだって、そろそろ歌のレッスンに行かなきゃいけないだろうし、ね？」%K%P
「いや、アリアも近いから練習もしないとね。いずみちゃんだって、そろそろ歌のレッスンに行かなきゃいけないだろうし、ね？」%K%P
「あうぅ…………え、あ、はいっ。ま、また聞かせてね、楓さん」%K%P
「あうぅ…………え、あ、はいっ。ま、また聞かせてね、楓さん」%K%P
「んん、そうだ、練習しないと。ごめん、いずみさん、続きは後日と言う事で」%K%P
「んん、そうだ、練習しないと。ごめん、いずみさん、続きは後日と言う事で」%K%P
楓……続くんだ……後日なんだ……%K%P
楓……続くんだ……後日なんだ……%K%P
うう、疲れた。恋人の惚気話を他人のフリをして聞くのが、こんなに辛いなんて。%K%P
うう、疲れた。恋人の惚気話を他人のフリをして聞くのが、こんなに辛いなんて。%K%P
嬉しいのは分かるけれど、聞いているこっちが恥ずかしいというか、照れくさいというか……君は司がいないと思っているからいいけどさ。%K%P
嬉しいのは分かるけれど、聞いているこっちが恥ずかしいというか、照れくさいというか……君は司がいないと思っているからいいけどさ。%K%P
「あ、あと一つだけ言わせて欲しい。これは、少し前から考えていたことなんだけど……決心したんだ」%K%P
「あ、あと一つだけ言わせて欲しい。これは、少し前から考えていたことなんだけど……決心したんだ」%K%P
姿勢を正して、僕と、佳様の顔を見つめる楓。%K%P
姿勢を正して、僕と、佳様の顔を見つめる楓。%K%P
涼やかな瞳に、強い意志の力が見える。%K%P
涼やかな瞳に、強い意志の力が見える。%K%P
「自分はアリアに勝利をして、{最優秀騎士:ブリランテ}になる。そして……再び海外留学をする」%K%P
「自分はアリアに勝利をして、{最優秀騎士:ブリランテ}になる。そして……再び海外留学をする」%K%P
「か、海外留学？　…………もしかして、それって」%K%P
「か、海外留学？　…………もしかして、それって」%K%P
思いもかげない宣言に、期待が高まっていく。%K%P
思いもかげない宣言に、期待が高まっていく。%K%P
「ほぅ、自分と来たね。これは楽しみだ」%K%P
「ほぅ、自分と来たね。これは楽しみだ」%K%P
「司くんと一緒のところにいくのかな？」%K%P
「司くんと一緒のところにいくのかな？」%K%P
「う、うん。一度留学に失敗した私だけど、今なら……そして、司となら……やれる気がして……ううん、きっと上手く出来るから」%K%P
「う、うん。一度留学に失敗した私だけど、今なら……そして、司となら……やれる気がして……ううん、きっと上手く出来るから」%K%P
楓、そうなんだ……降って湧いたような幸運に、胸が高鳴る。%K%P
楓、そうなんだ……降って湧いたような幸運に、胸が高鳴る。%K%P
大きな声で、叫びたくなる――ありがとうって。%K%P
大きな声で、叫びたくなる――ありがとうって。%K%P
「楓さん……凄いね、よく決心したね」%K%P
「楓さん……凄いね、よく決心したね」%K%P
「えっ？　あ、いや……ど、どうしたの、いずみさん」%K%P
「えっ？　あ、いや……ど、どうしたの、いずみさん」%K%P
「え、う、ううん。その、思わず……」%K%P
「え、う、ううん。その、思わず……」%K%P
「あはは、いずみちゃんは楓の成長が嬉しいんだよ。学食で和食が無いって駄々をこねていた楓が、留学を志すまで……ってね」%K%P
「あはは、いずみちゃんは楓の成長が嬉しいんだよ。学食で和食が無いって駄々をこねていた楓が、留学を志すまで……ってね」%K%P
「そこまで子供ではないと思うけど……でも、私が決意出来たのは、いずみさんのお陰もあるし。ありがとう」%K%P
「そこまで子供ではないと思うけど……でも、私が決意出来たのは、いずみさんのお陰もあるし。ありがとう」%K%P
「うん、良かったなぁ。私も泣いちゃいそうだ」%K%P
「うん、良かったなぁ。私も泣いちゃいそうだ」%K%P
楓の差し出した手を、僕はしっかりと握った。%K%P
楓の差し出した手を、僕はしっかりと握った。%K%P
学園を離れることになっても、この手を握っていられるんだ……%K%P
学園を離れることになっても、この手を握っていられるんだ……%K%P
アリア、絶対に勝たなきゃ。%K%P
アリア、絶対に勝たなきゃ。%K%P
「さてと、いずみちゃんが泣き止んだところで、連絡事項があるんだけど」%K%P
「さてと、いずみちゃんが泣き止んだところで、連絡事項があるんだけど」%K%P
……うう、情けない。僕は楓に借りたハンカチをギュッと握った。%K%P
……うう、情けない。僕は楓に借りたハンカチをギュッと握った。%K%P
「以前、アリアの練習中に、怪我をした子がいたって話、覚えてる？」%K%P
「以前、アリアの練習中に、怪我をした子がいたって話、覚えてる？」%K%P
「ん、もちろん。私もその後が気になっていたけど……症状が重いのかな？」%K%P
「ん、もちろん。私もその後が気になっていたけど……症状が重いのかな？」%K%P
美琴さんの事だ。怪我をして、少し前から実家に戻って静養していると綾香さんから聞いた。%K%P
美琴さんの事だ。怪我をして、少し前から実家に戻って静養していると綾香さんから聞いた。%K%P
「そこそこね。日常生活に支障が無いレベルまでは回復したみたいなんだけど……」%K%P
「そこそこね。日常生活に支障が無いレベルまでは回復したみたいなんだけど……」%K%P
「アリアは、儀礼的な意味合いが強いと言っても、鎧をまとい、武具を使うイベントだからね」%K%P
「アリアは、儀礼的な意味合いが強いと言っても、鎧をまとい、武具を使うイベントだからね」%K%P
「……美琴さん悔しいだろうなぁ……けど、無理をして悪化させたら元も子もないし」%K%P
「……美琴さん悔しいだろうなぁ……けど、無理をして悪化させたら元も子もないし」%K%P
「うん、気持ちは良く分かるんだよね。なにせ、アリアに出場するってことは、深皇学園に通う子達にとって、憧れなんだ」%K%P
「うん、気持ちは良く分かるんだよね。なにせ、アリアに出場するってことは、深皇学園に通う子達にとって、憧れなんだ」%K%P
「本人はやりたいと言ってるらしい。学園側もギリギリまで様子を見るみたいだね。当日の朝、正式な発表があるとのことだよ」%K%P
「本人はやりたいと言ってるらしい。学園側もギリギリまで様子を見るみたいだね。当日の朝、正式な発表があるとのことだよ」%K%P
「そう……美琴さんの槍と手合わせしたかったけど……となると、誰かが代わりに出場するかも知れないのか」%K%P
「そう……美琴さんの槍と手合わせしたかったけど……となると、誰かが代わりに出場するかも知れないのか」%K%P
「うん。代理となると……二年の{詩織:しおり}ちゃんか、{光:ひかり}ちゃん。あ、槍使いなら、一年だけど{舞:まい}ちゃんって線もあるかもね」%K%P
「うん。代理となると……二年の{詩織:しおり}ちゃんか、{光:ひかり}ちゃん。あ、槍使いなら、一年だけど{舞:まい}ちゃんって線もあるかもね」%K%P
「ん、技術でいったら、彼女達かな。けれど、ここに来て急に出場するとなれば……プレッシャーも相当だ」%K%P
「ん、技術でいったら、彼女達かな。けれど、ここに来て急に出場するとなれば……プレッシャーも相当だ」%K%P
「彼女達も、佳ぐらい図太ければいいのだけど」%K%P
「彼女達も、佳ぐらい図太ければいいのだけど」%K%P
「ちょっと楓、図太いって乙女に掛ける言葉じゃないよね？」%K%P
「ちょっと楓、図太いって乙女に掛ける言葉じゃないよね？」%K%P
「うん？　間違ったことを言っているつもりは無いけれど」%K%P
「うん？　間違ったことを言っているつもりは無いけれど」%K%P
楓ってば……まあ、悪気が無いのは分ってるけど。%K%P
楓ってば……まあ、悪気が無いのは分ってるけど。%K%P
他に言い方無かったのかな？　確かに間違っては無いかもだけど。%K%P
他に言い方無かったのかな？　確かに間違っては無いかもだけど。%K%P
「うわーん、傷ついたよー、彼氏持ちだからって、いい気になっている楓に酷いこと言われたよー。慰めて、いずみちゃ～ん」%K%P
「うわーん、傷ついたよー、彼氏持ちだからって、いい気になっている楓に酷いこと言われたよー。慰めて、いずみちゃ～ん」%K%P
「あうっ、け、佳様、苦しい……あうぅ」%K%P
「あうっ、け、佳様、苦しい……あうぅ」%K%P
腰に手を回さないで……ああん、首筋に息吹きかけないでください、ま、マズイですから、色々と。%K%P
腰に手を回さないで……ああん、首筋に息吹きかけないでください、ま、マズイですから、色々と。%K%P
「いい気になんて、なってない。佳、離れて、大事な話の途中だろう？」%K%P
「いい気になんて、なってない。佳、離れて、大事な話の途中だろう？」%K%P
「やだー、いずみちゃんがキスしてくれないと、離れないー」%K%P
「やだー、いずみちゃんがキスしてくれないと、離れないー」%K%P
ああ、楓とあんなにしたのに……見る見るまに元気に……ど、どうしよう、バレちゃうよっ。%K%P
ああ、楓とあんなにしたのに……見る見るまに元気に……ど、どうしよう、バレちゃうよっ。%K%P
「ああん、もうっ……うぅ、こ、こうなったら……これでカンベンして下さいっ…………」%K%P
「ああん、もうっ……うぅ、こ、こうなったら……これでカンベンして下さいっ…………」%K%P
「あんっ。やった、髪にキス、頂きました。お返しに、私はお口に……」%K%P
「あんっ。やった、髪にキス、頂きました。お返しに、私はお口に……」%K%P
「いりませんっ！　やだぁ、佳様ぁ、やめてぇ」%K%P
「いりませんっ！　やだぁ、佳様ぁ、やめてぇ」%K%P
「この気持ちはなんだろう……胸がざわつくというか……いつも佳が、他の女子にしている事なのに」%K%P
「この気持ちはなんだろう……胸がざわつくというか……いつも佳が、他の女子にしている事なのに」%K%P
あぅ、ごめんなさい。これ、浮気じゃないから、許してね、楓。%K%P
あぅ、ごめんなさい。これ、浮気じゃないから、許してね、楓。%K%P
「いい加減にして、私も悪かったから。言い直す。佳ぐらい心身共に調和が取れていればいいのだけど」%K%P
「いい加減にして、私も悪かったから。言い直す。佳ぐらい心身共に調和が取れていればいいのだけど」%K%P
「最初からそう言えばいいのにね。恋人がいない女の子の寂しさも分かって欲しいよねー、いずみちゃん」%K%P
「最初からそう言えばいいのにね。恋人がいない女の子の寂しさも分かって欲しいよねー、いずみちゃん」%K%P
寂しさ分からなくてすみません、佳様。僕、恋人いますし、男の子ですし。%K%P
寂しさ分からなくてすみません、佳様。僕、恋人いますし、男の子ですし。%K%P
「あ、あはは……あ、あの佳様が代わりに出るってわけにはいかないんでしたっけ」%K%P
「あ、あはは……あ、あの佳様が代わりに出るってわけにはいかないんでしたっけ」%K%P
「まあ、可能なら私が出るのが妥当だろうね。前回出場しているから勝手も分かっているし……両方のチームの練習に付き合ってるってのもあるしね」%K%P
「まあ、可能なら私が出るのが妥当だろうね。前回出場しているから勝手も分かっているし……両方のチームの練習に付き合ってるってのもあるしね」%K%P
「大体、正規のメンバー以外じゃ、楓は止められないよ」%K%P
「大体、正規のメンバー以外じゃ、楓は止められないよ」%K%P
「ふふ、それは買いかぶりすぎだと思う。それと、佳が出るのは難しいと思うよ。{歌姫:ディーバ}と違って、三年は原則として出場出来ないし」%K%P
「ふふ、それは買いかぶりすぎだと思う。それと、佳が出るのは難しいと思うよ。{歌姫:ディーバ}と違って、三年は原則として出場出来ないし」%K%P
「あ、そうだった……うーん、となると、どうなっちゃうのかなぁ」%K%P
「あ、そうだった……うーん、となると、どうなっちゃうのかなぁ」%K%P
出来るならば、実力の伯仲している同士で戦いたいよね。%K%P
出来るならば、実力の伯仲している同士で戦いたいよね。%K%P
折角のアリアだもの、盛り上がってもらいたい。%K%P
折角のアリアだもの、盛り上がってもらいたい。%K%P
「……佳が留年していれば、出れたかもしれないのに」%K%P
「……佳が留年していれば、出れたかもしれないのに」%K%P
「そうだね。キミみたいにね、ご同輩」%K%P
「そうだね。キミみたいにね、ご同輩」%K%P
「んぅ、人が気にしている事をあっさりと……けど、一度くらい、佳とアリアで戦ってみたかったな」%K%P
「んぅ、人が気にしている事をあっさりと……けど、一度くらい、佳とアリアで戦ってみたかったな」%K%P
「ああ、それがこの楽しいことばかりだった学園生活に於いての、唯一ならぬ、唯二つの心残りだよ」%K%P
「ああ、それがこの楽しいことばかりだった学園生活に於いての、唯一ならぬ、唯二つの心残りだよ」%K%P
「へぇ、もう一個はなんなんですか、佳様」%K%P
「へぇ、もう一個はなんなんですか、佳様」%K%P
「お、それを聞くのかい？　決まってるじゃないか、いずみちゃん。キミとの出会いには運命的な物を感じているんだよ」%K%P
「お、それを聞くのかい？　決まってるじゃないか、いずみちゃん。キミとの出会いには運命的な物を感じているんだよ」%K%P
うわ、なんだか嫌な予感がするよ……やだ、近づかないでっ。せっかく静めたんだから！%K%P
うわ、なんだか嫌な予感がするよ……やだ、近づかないでっ。せっかく静めたんだから！%K%P
「もう一つの心残りは……キミを恋人に出来なかったことだよ」%K%P
「もう一つの心残りは……キミを恋人に出来なかったことだよ」%K%P
「……はは、気持ちだけで……って、うわわ、楓さん、助けてぇ～」%K%P
「……はは、気持ちだけで……って、うわわ、楓さん、助けてぇ～」%K%P
「んぅ……どうしてなのかな、凄くモヤモヤする」%K%P
「んぅ……どうしてなのかな、凄くモヤモヤする」%K%P
