「いーずみさん」%K%P
「いーずみさん」%K%P
「ん、なに、奏さん？」%K%P
「ん、なに、奏さん？」%K%P
「なんでもありませんわ。呼んでみただけですの、うふふふ」%K%P
「なんでもありませんわ。呼んでみただけですの、うふふふ」%K%P
おかしそうに奏さんが笑う。%K%P
おかしそうに奏さんが笑う。%K%P
さっきから数えてこのやりとりは何度目になるのだろう……まあ、僕も嫌じゃないからいいけどね。%K%P
さっきから数えてこのやりとりは何度目になるのだろう……まあ、僕も嫌じゃないからいいけどね。%K%P
それにしても、下半身がスースーする……とある事情から、直接歌姫衣装を着ているせいなのだろうけど。%K%P
それにしても、下半身がスースーする……とある事情から、直接歌姫衣装を着ているせいなのだろうけど。%K%P
僕は奏さんに背を向けて、二人が愛し合った跡が残っていないか、床や机の上を確かめる。%K%P
僕は奏さんに背を向けて、二人が愛し合った跡が残っていないか、床や机の上を確かめる。%K%P
多分、残っていても分からないだろうけど、念のためにね。%K%P
多分、残っていても分からないだろうけど、念のためにね。%K%P
「ちょっと待っててね、直ぐに終わるから」%K%P
「ちょっと待っててね、直ぐに終わるから」%K%P
「ダメですわ、こっち見てくださいな、ほら、直ぐに」%K%P
「ダメですわ、こっち見てくださいな、ほら、直ぐに」%K%P
もう……また呼んだだけって言われるんだろうけど。%K%P
もう……また呼んだだけって言われるんだろうけど。%K%P
「はいはい…………って、えええ！？」%K%P
「はいはい…………って、えええ！？」%K%P
「いずみさんの、下着、私に似合っていますか？」%K%P
「いずみさんの、下着、私に似合っていますか？」%K%P
「い、いや、似合ってるとか、以前に……で、出来れば隠して欲しいんだけど」%K%P
「い、いや、似合ってるとか、以前に……で、出来れば隠して欲しいんだけど」%K%P
「なんでですの？　折角いずみさんのお借りしたのですし、見て欲しかったのですが」%K%P
「なんでですの？　折角いずみさんのお借りしたのですし、見て欲しかったのですが」%K%P
僕らが愛し合った結果、奏さんの下着は凄い有様になってしまい、着ることが出来なくなってしまった。%K%P
僕らが愛し合った結果、奏さんの下着は凄い有様になってしまい、着ることが出来なくなってしまった。%K%P
寮生の僕とは違って、自宅に帰らなくてはいけない奏さんに、とりあえず貸してあげたのだけど……%K%P
寮生の僕とは違って、自宅に帰らなくてはいけない奏さんに、とりあえず貸してあげたのだけど……%K%P
「ああん、目を背けないで下さいな。ふふふ、ごめんなさい、嬉しくて、ついはしゃいでしまいましたわ」%K%P
「ああん、目を背けないで下さいな。ふふふ、ごめんなさい、嬉しくて、ついはしゃいでしまいましたわ」%K%P
「ふぅ、ありがと。もう、奏さんには驚かされるなぁ」%K%P
「ふぅ、ありがと。もう、奏さんには驚かされるなぁ」%K%P
「そうなんですの？　私は特に驚かすつもりでしているわけでは無いのですが」%K%P
「そうなんですの？　私は特に驚かすつもりでしているわけでは無いのですが」%K%P
不思議そうに首を傾げる奏さん。本当に他意は無いみたい。%K%P
不思議そうに首を傾げる奏さん。本当に他意は無いみたい。%K%P
「でも、本当にいずみさんは、お優しいですわね。下着のこともですが、さっきも気を使って下さって」%K%P
「でも、本当にいずみさんは、お優しいですわね。下着のこともですが、さっきも気を使って下さって」%K%P
「私、自分勝手に……色々してしまったでしょう？」%K%P
「私、自分勝手に……色々してしまったでしょう？」%K%P
「え、そ、そんなことは……あ、あはは」%K%P
「え、そ、そんなことは……あ、あはは」%K%P
「誤解なさらないで下さいね。私が心の底から伸び伸びとしてしまうのは……いずみさんの前だけですから」%K%P
「誤解なさらないで下さいね。私が心の底から伸び伸びとしてしまうのは……いずみさんの前だけですから」%K%P
自分の手を包み込むようにして組み、斜め４５度から見上げる奏さん。%K%P
自分の手を包み込むようにして組み、斜め４５度から見上げる奏さん。%K%P
僕の前だけで、か……誰も知らない奏さんの姿。%K%P
僕の前だけで、か……誰も知らない奏さんの姿。%K%P
愛おしさに心が震える。%K%P
愛おしさに心が震える。%K%P
「僕の前では奏さんの思うとおりにしてよ。あと僅かな時間しか無いかも知れないけど……」%K%P
「僕の前では奏さんの思うとおりにしてよ。あと僅かな時間しか無いかも知れないけど……」%K%P
「日本に帰ってきたときは必ず会いに行く。ううん、奏さんに会うために、帰ってくるから」%K%P
「日本に帰ってきたときは必ず会いに行く。ううん、奏さんに会うために、帰ってくるから」%K%P
僕の言葉に、表情を曇らせる奏さん。%K%P
僕の言葉に、表情を曇らせる奏さん。%K%P
僅かなためらいの後、言葉を口にする。%K%P
僅かなためらいの後、言葉を口にする。%K%P
「いやです、待てません」%K%P
「いやです、待てません」%K%P
「……聞いて、奏さん、あの」%K%P
「……聞いて、奏さん、あの」%K%P
「聞きません。毎日、こんなに一緒にいて、それで離れるなんて、もう出来ません」%K%P
「聞きません。毎日、こんなに一緒にいて、それで離れるなんて、もう出来ません」%K%P
「出来ない身体にしたのは、いずみさん、あなたですから」%K%P
「出来ない身体にしたのは、いずみさん、あなたですから」%K%P
唇を尖らせる奏さん。ふっくらとしたほっぺたが膨らんでいる。%K%P
唇を尖らせる奏さん。ふっくらとしたほっぺたが膨らんでいる。%K%P
「でも……僕は、ここには……深皇学園には残れないし。留学を取りやめることも出来ない」%K%P
「でも……僕は、ここには……深皇学園には残れないし。留学を取りやめることも出来ない」%K%P
「{重々:じゅうじゅう}承知しております。いずみさんのお邪魔をする気はございませんわ」%K%P
「{重々:じゅうじゅう}承知しております。いずみさんのお邪魔をする気はございませんわ」%K%P
「だから……私が参ります」%K%P
「だから……私が参ります」%K%P
「……え？」%K%P
「……え？」%K%P
「私も海外に留学いたします、それでしたら、なんの問題もありませんでしょう？　これで全部解決ですわ、うふふふ」%K%P
「私も海外に留学いたします、それでしたら、なんの問題もありませんでしょう？　これで全部解決ですわ、うふふふ」%K%P
え…………いや、あれ……問題無いのかな……えっと？%K%P
え…………いや、あれ……問題無いのかな……えっと？%K%P
あっけにとられる僕の前で、奏さんはいつものふわっとした笑みを浮かべていた。%K%P
あっけにとられる僕の前で、奏さんはいつものふわっとした笑みを浮かべていた。%K%P
