いまでは通い慣れたルートを通り、僕は目的の場所に向う。%K%P
いまでは通い慣れたルートを通り、僕は目的の場所に向う。%K%P
いつもの倍の時間を掛けて、ゆっくりと歩く。%K%P
いつもの倍の時間を掛けて、ゆっくりと歩く。%K%P
自分の足音、園内の喧騒、窓から差し込む柔らかな日差し、微かに漂う女の子達の香り。%K%P
自分の足音、園内の喧騒、窓から差し込む柔らかな日差し、微かに漂う女の子達の香り。%K%P
全てを記憶に留めておきたかった。%K%P
全てを記憶に留めておきたかった。%K%P
「……楓さん……いる？」%K%P
「……楓さん……いる？」%K%P
開け放たれた扉から覗き込み、声を掛ける。%K%P
開け放たれた扉から覗き込み、声を掛ける。%K%P
ガランとした室内に、自分自身の声が響く。%K%P
ガランとした室内に、自分自身の声が響く。%K%P
ふわりと漂う木の香り……最初の時と同じだ。%K%P
ふわりと漂う木の香り……最初の時と同じだ。%K%P
「誰もいないのかな…………うわっ！？」%K%P
「誰もいないのかな…………うわっ！？」%K%P
「だぁ～～～れだっ」%K%P
「だぁ～～～れだっ」%K%P
「うわっ！　え、えっと……け、佳様？」%K%P
「うわっ！　え、えっと……け、佳様？」%K%P
「ぶっぶ～～、違います～。罰ゲームとして……こちょこちょの刑でーす！」%K%P
「ぶっぶ～～、違います～。罰ゲームとして……こちょこちょの刑でーす！」%K%P
「ええ！？　や、やぁあああんっ、んぅ、そ、そんなとこ……だめえ、下は……んあぁあんっ」%K%P
「ええ！？　や、やぁあああんっ、んぅ、そ、そんなとこ……だめえ、下は……んあぁあんっ」%K%P
「うふふふふ、いい声で鳴くねえ～ほら、ほら、もっと聞かせてよ、{歌姫:ディーバ}様～」%K%P
「うふふふふ、いい声で鳴くねえ～ほら、ほら、もっと聞かせてよ、{歌姫:ディーバ}様～」%K%P
「か、かんべんしてくださいぃ～……やだぁあ、そこは、大きく、なっちゃうからぁっ」%K%P
「か、かんべんしてくださいぃ～……やだぁあ、そこは、大きく、なっちゃうからぁっ」%K%P
「お、おっ。なにが大きくなるのかな？　さあ包み隠さず告白するんだ、ほら、隠すと為にならないよ？　うふふふ……」%K%P
「お、おっ。なにが大きくなるのかな？　さあ包み隠さず告白するんだ、ほら、隠すと為にならないよ？　うふふふ……」%K%P
「じゃーん、正解は、『強くて、お美しい、深皇学園に咲く一輪のバラ、佳様』でした～」%K%P
「じゃーん、正解は、『強くて、お美しい、深皇学園に咲く一輪のバラ、佳様』でした～」%K%P
「はぁはぁはぁ……佳様、悪ふざけが過ぎます……はぁ～」%K%P
「はぁはぁはぁ……佳様、悪ふざけが過ぎます……はぁ～」%K%P
もう、容赦がないんだから。%K%P
もう、容赦がないんだから。%K%P
あんなにしっかり抱きついてきて……っていうか、佳様ってまた楓とは違って、こう絡みつく感じが、なんていうか……うぅ。%K%P
あんなにしっかり抱きついてきて……っていうか、佳様ってまた楓とは違って、こう絡みつく感じが、なんていうか……うぅ。%K%P
「前、前。スカートなんだし、気にした方がいいよ？」%K%P
「前、前。スカートなんだし、気にした方がいいよ？」%K%P
「えっ、嘘！？　そんなはずっ…………って、何とも無いじゃないですか！」%K%P
「えっ、嘘！？　そんなはずっ…………って、何とも無いじゃないですか！」%K%P
「あはは、ごめんごめん。いやぁ、つい、いじめたくなっちゃうんだよね」%K%P
「あはは、ごめんごめん。いやぁ、つい、いじめたくなっちゃうんだよね」%K%P
「ねえ、{いずみ:・・・}ちゃん。いや、それとも……」%K%P
「ねえ、{いずみ:・・・}ちゃん。いや、それとも……」%K%P
「{司:・}くんかな？」%K%P
「{司:・}くんかな？」%K%P
佳様の形のいい唇が、僕の名を呼ぶ。%K%P
佳様の形のいい唇が、僕の名を呼ぶ。%K%P
確かに、アリアのあの場面で、楓以外に、僕の正体を知った人がもう一人、いた。%K%P
確かに、アリアのあの場面で、楓以外に、僕の正体を知った人がもう一人、いた。%K%P
「……んくっ…………えと、ごめんなさい、佳……さん。これには理由が……」%K%P
「……んくっ…………えと、ごめんなさい、佳……さん。これには理由が……」%K%P
「あは、いいよいいよ、おおよそ想像はつく。綾香辺りが無理言ったんだろう？」%K%P
「あは、いいよいいよ、おおよそ想像はつく。綾香辺りが無理言ったんだろう？」%K%P
「あの子、一見お{淑:しと}やかそうにみえるけど、走り出したら止まらないからね」%K%P
「あの子、一見お{淑:しと}やかそうにみえるけど、走り出したら止まらないからね」%K%P
「今更どーこー言うつもりは無いさ。私だってずいぶん楽しませてもらったからね、あはははは」%K%P
「今更どーこー言うつもりは無いさ。私だってずいぶん楽しませてもらったからね、あはははは」%K%P
「……佳さん……ありがとう」%K%P
「……佳さん……ありがとう」%K%P
「いいってこと。私のほうがお礼を言いたいくらいだし」%K%P
「いいってこと。私のほうがお礼を言いたいくらいだし」%K%P
佳様がパチッとウインクをする。相変らず、嫌みなほど様になっている。%K%P
佳様がパチッとウインクをする。相変らず、嫌みなほど様になっている。%K%P
「まさか楓がもう一度留学するって言い出すとは……ほんと驚いたよ」%K%P
「まさか楓がもう一度留学するって言い出すとは……ほんと驚いたよ」%K%P
「いずみちゃんは知らないだろうけどね、あの子が留学から帰って来たときは……そりゃ、落ち込んでいたんだから」%K%P
「いずみちゃんは知らないだろうけどね、あの子が留学から帰って来たときは……そりゃ、落ち込んでいたんだから」%K%P
「え、そうだったんですか？」%K%P
「え、そうだったんですか？」%K%P
「ああ、一時期は学園を辞めたいなんて言いだしてさ……ま、なんとか引き留めたんだけど……私にはそれが精一杯」%K%P
「ああ、一時期は学園を辞めたいなんて言いだしてさ……ま、なんとか引き留めたんだけど……私にはそれが精一杯」%K%P
「練習に付き合って、彼女の憂さを晴らしてやることぐらいしかできなかった」%K%P
「練習に付き合って、彼女の憂さを晴らしてやることぐらいしかできなかった」%K%P
確かに留学にはいい思い出が無いって言ってたけど……そんな事があったんだ……%K%P
確かに留学にはいい思い出が無いって言ってたけど……そんな事があったんだ……%K%P
「けど、キミが現れて……二人にとって、アリアってのは、{騎士:ワルキュリア}が{歌姫:ディーバ}を救うんじゃなくて、{歌姫:ディーバ}が{騎士:ワルキュリア}を救う物語だったんだね」%K%P
「けど、キミが現れて……二人にとって、アリアってのは、{騎士:ワルキュリア}が{歌姫:ディーバ}を救うんじゃなくて、{歌姫:ディーバ}が{騎士:ワルキュリア}を救う物語だったんだね」%K%P
「これで心置きなく卒業が出来るってものさ。楓ともアリアで剣を交えることが出来たし」%K%P
「これで心置きなく卒業が出来るってものさ。楓ともアリアで剣を交えることが出来たし」%K%P
「そうですか……私が……僕が力になれたのなら、嬉しいです」%K%P
「そうですか……私が……僕が力になれたのなら、嬉しいです」%K%P
「ふふ、充分過ぎるほどなったさ……あ、けど、個人的には一つだけ心残りがあったね」%K%P
「ふふ、充分過ぎるほどなったさ……あ、けど、個人的には一つだけ心残りがあったね」%K%P
なんの前触れもなく、距離を詰める佳様。%K%P
なんの前触れもなく、距離を詰める佳様。%K%P
「け、佳様？　な、なにを……」%K%P
「け、佳様？　な、なにを……」%K%P
「言ったでしょ？　キミと恋仲になれなかったことが、唯一の心残りだって……ねえ、覚えてるかい？」%K%P
「言ったでしょ？　キミと恋仲になれなかったことが、唯一の心残りだって……ねえ、覚えてるかい？」%K%P
……あ、確かに、そんなことがあったような気がするなぁ……%K%P
……あ、確かに、そんなことがあったような気がするなぁ……%K%P
「私は愛人でも構わないよ？　いや、三人でってのもいいんじゃないかな？　日本だと色々問題があるかもしれないが、外国ならば……あるいは……」%K%P
「私は愛人でも構わないよ？　いや、三人でってのもいいんじゃないかな？　日本だと色々問題があるかもしれないが、外国ならば……あるいは……」%K%P
「なにがあるいは、ですか！　またまた佳様ったら、冗談ばっかりなんですから」%K%P
「なにがあるいは、ですか！　またまた佳様ったら、冗談ばっかりなんですから」%K%P
「まじめもまじめ。大まじめさ。私は楓の次で構わないし。\n　ん、君達の営みを見てるのもいいな、うんうん」%K%P
「まじめもまじめ。大まじめさ。私は楓の次で構わないし。\n　ん、君達の営みを見てるのもいいな、うんうん」%K%P
「どうだい？\n　キミと楓と私、きっと上手くやっていけると思うけど？」%K%P
「どうだい？\n　キミと楓と私、きっと上手くやっていけると思うけど？」%K%P
僕と楓と佳様で、か……今の関係が続くのなら、確かに楽しい日々が送れるのかも知れないって、いやいや……%K%P
僕と楓と佳様で、か……今の関係が続くのなら、確かに楽しい日々が送れるのかも知れないって、いやいや……%K%P
「わ！　あ、あの、佳様、ち、近すぎるというか、触れてるっていうか……」%K%P
「わ！　あ、あの、佳様、ち、近すぎるというか、触れてるっていうか……」%K%P
「うん、わざとだから」%K%P
「うん、わざとだから」%K%P
駄目、そんな……佳様、良い匂い……柔らかいし。うぅ、このままじゃ……%K%P
駄目、そんな……佳様、良い匂い……柔らかいし。うぅ、このままじゃ……%K%P
不意に脳裏に楓の顔が浮かぶ――僕は僅かに体を引いた。%K%P
不意に脳裏に楓の顔が浮かぶ――僕は僅かに体を引いた。%K%P
「………………くすっ」%K%P
「………………くすっ」%K%P
「あはははは、本気にしちゃった？」%K%P
「あはははは、本気にしちゃった？」%K%P
「えっ？　な、なに？」%K%P
「えっ？　な、なに？」%K%P
「まったく、キミも楓も可愛いよね。きっと私は、二人のそんなところが好きなんだと思う」%K%P
「まったく、キミも楓も可愛いよね。きっと私は、二人のそんなところが好きなんだと思う」%K%P
「さあ、教室に戻って。今頃楓が待っている筈だから。待たせてしまってるけど、多少遅れていった方が、思いは{募:つの}るものさ」%K%P
「さあ、教室に戻って。今頃楓が待っている筈だから。待たせてしまってるけど、多少遅れていった方が、思いは{募:つの}るものさ」%K%P
「え、楓が教室に？」%K%P
「え、楓が教室に？」%K%P
「ああ。ほら、行きなよ。私は少し練習をしていくからさ。キミとの恋愛で、ふやけている楓にカツを入れないとね」%K%P
「ああ。ほら、行きなよ。私は少し練習をしていくからさ。キミとの恋愛で、ふやけている楓にカツを入れないとね」%K%P
手を振って、僕を追い払う佳様。%K%P
手を振って、僕を追い払う佳様。%K%P
まったくこの人は勝手だなあ……まあ、らしいけどね。%K%P
まったくこの人は勝手だなあ……まあ、らしいけどね。%K%P
「えっと、それじゃ行ってきます。ごきげんよう、佳様」%K%P
「えっと、それじゃ行ってきます。ごきげんよう、佳様」%K%P
「ああ、行ってらっしゃい。楓と仲良くね」%K%P
「ああ、行ってらっしゃい。楓と仲良くね」%K%P
佳様の声を背中に、道場を後にする。%K%P
佳様の声を背中に、道場を後にする。%K%P
楓が待っているのか……確かに……彼女はいる。そんな気がした。%K%P
楓が待っているのか……確かに……彼女はいる。そんな気がした。%K%P
「……はぁ～青春しちゃってるねえ。ちょっと、羨ましいよ」%K%P
「……はぁ～青春しちゃってるねえ。ちょっと、羨ましいよ」%K%P
