「うわぁ～、満員御礼ってところかな」%K%P
「うわぁ～、満員御礼ってところかな」%K%P
午前中の授業が終り、食事を取ろうと学食に来たのはいいのだけれど……あまりの混雑振りに圧倒されてしまう。%K%P
午前中の授業が終り、食事を取ろうと学食に来たのはいいのだけれど……あまりの混雑振りに圧倒されてしまう。%K%P
邪魔になってもいけないから、立ち止まっているわけにも行かないし。%K%P
邪魔になってもいけないから、立ち止まっているわけにも行かないし。%K%P
「あ、いずみさまぁ」%K%P
「あ、いずみさまぁ」%K%P
「え？　誰か、呼んでる……どこだろ」%K%P
「え？　誰か、呼んでる……どこだろ」%K%P
キョロキョロと辺りを見回す――年格好の似た学生達が多くて、声の主が見あたらない。%K%P
キョロキョロと辺りを見回す――年格好の似た学生達が多くて、声の主が見あたらない。%K%P
「んもう、こっちですよ、こっちぃ」%K%P
「んもう、こっちですよ、こっちぃ」%K%P
「こっちって、どっち…………あ、ああ、夕陽ちゃん」%K%P
「こっちって、どっち…………あ、ああ、夕陽ちゃん」%K%P
元気に手を振る夕陽ちゃんと、恥ずかしげに手を上げていることりちゃん――二人の性格が表れてるなぁ。%K%P
元気に手を振る夕陽ちゃんと、恥ずかしげに手を上げていることりちゃん――二人の性格が表れてるなぁ。%K%P
僕は行き交う学生達の間をすり抜け、二人の元に歩を進めた。%K%P
僕は行き交う学生達の間をすり抜け、二人の元に歩を進めた。%K%P
「あは、やっと気づいてくれましたね！　ごきげんよう、です」%K%P
「あは、やっと気づいてくれましたね！　ごきげんよう、です」%K%P
「ご、ごきげんよう、いずみ様」%K%P
「ご、ごきげんよう、いずみ様」%K%P
「ごきげんよう。えっと、二人ともお昼ごはんだよね」%K%P
「ごきげんよう。えっと、二人ともお昼ごはんだよね」%K%P
「はいっ。いずみ様もですよね？　良かったら、ご一緒しませんか？」%K%P
「はいっ。いずみ様もですよね？　良かったら、ご一緒しませんか？」%K%P
「うん、そうさせて貰おうかな。いい、ことりちゃん？」%K%P
「うん、そうさせて貰おうかな。いい、ことりちゃん？」%K%P
「あ、は、はいっ、も、もちろんです」%K%P
「あ、は、はいっ、も、もちろんです」%K%P
コクコクと頷くことりちゃん。柔らかそうな髪が、ふわふわと宙を舞う。%K%P
コクコクと頷くことりちゃん。柔らかそうな髪が、ふわふわと宙を舞う。%K%P
「さてと、何を食べようかなぁ……うーん、ここの学食ってメニューが豊富なのはいいんだけど……」%K%P
「さてと、何を食べようかなぁ……うーん、ここの学食ってメニューが豊富なのはいいんだけど……」%K%P
正直どれも美味しそうで迷ってしまう――こういうときは、知っている人に聞くのがいいかな。%K%P
正直どれも美味しそうで迷ってしまう――こういうときは、知っている人に聞くのがいいかな。%K%P
「ねえ、ちょっと教えてくれる？　お勧めは何かな」%K%P
「ねえ、ちょっと教えてくれる？　お勧めは何かな」%K%P
「お任せ下さいっ。そうですねぇ……うん、セットをお勧めしちゃいます」%K%P
「お任せ下さいっ。そうですねぇ……うん、セットをお勧めしちゃいます」%K%P
「日替わりなんですけど、色々な物が食べられてお得なんですよ」%K%P
「日替わりなんですけど、色々な物が食べられてお得なんですよ」%K%P
「へぇ～それはいいね。えっと、どんなメニューなのかな」%K%P
「へぇ～それはいいね。えっと、どんなメニューなのかな」%K%P
「ことりん、そこからならメニュー読めるよね？　いずみ様に教えて差し上げて」%K%P
「ことりん、そこからならメニュー読めるよね？　いずみ様に教えて差し上げて」%K%P
「う、うん。えっと……洋食が白身魚のムニエルタルタルソース掛けと、カボチャの冷製スープクルトン入り、レタスとトマトのサラダ、それにクロワッサン」%K%P
「う、うん。えっと……洋食が白身魚のムニエルタルタルソース掛けと、カボチャの冷製スープクルトン入り、レタスとトマトのサラダ、それにクロワッサン」%K%P
「和食が鳥肉の塩{麹:こうじ}漬けと、絹豆腐とお揚げのお味噌汁、大根とニンジンの和風サラダと{五穀米:ごこくまい}です」%K%P
「和食が鳥肉の塩{麹:こうじ}漬けと、絹豆腐とお揚げのお味噌汁、大根とニンジンの和風サラダと{五穀米:ごこくまい}です」%K%P
「あ、今日の洋食セットのスープ、カボチャなんだ？　やたっ。あれ、好きなんだ」%K%P
「あ、今日の洋食セットのスープ、カボチャなんだ？　やたっ。あれ、好きなんだ」%K%P
おお、なんか美味しそう……うう、お腹鳴っちゃいそうだよ。%K%P
おお、なんか美味しそう……うう、お腹鳴っちゃいそうだよ。%K%P
「じゃ、私、洋食セットにしようかな。えっと、そこに並べばいいんだっけ？」%K%P
「じゃ、私、洋食セットにしようかな。えっと、そこに並べばいいんだっけ？」%K%P
「そうですよ。それじゃ、場所取って来ちゃいます！　ことりん、わたし洋食セットお願いね」%K%P
「そうですよ。それじゃ、場所取って来ちゃいます！　ことりん、わたし洋食セットお願いね」%K%P
「あ、うん、分かったよ」%K%P
「あ、うん、分かったよ」%K%P
そう言い残すと夕陽ちゃんはテーブルのある方に向かっていった――わ、あんなに楽々と……身のこなしが軽快だなぁ。%K%P
そう言い残すと夕陽ちゃんはテーブルのある方に向かっていった――わ、あんなに楽々と……身のこなしが軽快だなぁ。%K%P
僕とことりちゃんはそのまま列の最後部に並んだ。%K%P
僕とことりちゃんはそのまま列の最後部に並んだ。%K%P
「そうだ、ことりちゃんは何にするの？　もう決まった？」%K%P
「そうだ、ことりちゃんは何にするの？　もう決まった？」%K%P
「あ、そうですね、私は……えっとですね……」%K%P
「あ、そうですね、私は……えっとですね……」%K%P
体が触れるか触れないか位の位置にいる、ことりちゃんが僕を見上げる。%K%P
体が触れるか触れないか位の位置にいる、ことりちゃんが僕を見上げる。%K%P
小さくて形の良い頭、柔らかそうな髪、ふわりと香る甘い匂い……思わず、撫でたくなってしまう。%K%P
小さくて形の良い頭、柔らかそうな髪、ふわりと香る甘い匂い……思わず、撫でたくなってしまう。%K%P
「夕ちゃんと同じのにします」%K%P
「夕ちゃんと同じのにします」%K%P
「洋食セットね。やっぱり好きなメニューがあったの？」%K%P
「洋食セットね。やっぱり好きなメニューがあったの？」%K%P
夕陽ちゃんはカボチャのスープを見て、洋食に決めたみたいだし。%K%P
夕陽ちゃんはカボチャのスープを見て、洋食に決めたみたいだし。%K%P
「え？　そう言うわけじゃないですけど……うーん」%K%P
「え？　そう言うわけじゃないですけど……うーん」%K%P
「夕ちゃんが洋食セットだから、でしょうか」%K%P
「夕ちゃんが洋食セットだから、でしょうか」%K%P
小首を傾げることりちゃん。髪が肩からこぼれ落ちた。%K%P
小首を傾げることりちゃん。髪が肩からこぼれ落ちた。%K%P
「そっか、ふふ、ことりちゃんは夕陽ちゃんのこと、大好きなんだね」%K%P
「そっか、ふふ、ことりちゃんは夕陽ちゃんのこと、大好きなんだね」%K%P
「あ、はい、そうかもしれませんね、えへへ」%K%P
「あ、はい、そうかもしれませんね、えへへ」%K%P
「いずみ様、ことりん、こっち、こっちです～」%K%P
「いずみ様、ことりん、こっち、こっちです～」%K%P
夕陽ちゃんが取っておいてくれた席に座る――ふぅ、ようやく落ち着けた。%K%P
夕陽ちゃんが取っておいてくれた席に座る――ふぅ、ようやく落ち着けた。%K%P
「はい、夕ちゃん、洋食セットだよ」%K%P
「はい、夕ちゃん、洋食セットだよ」%K%P
「ありがと、ん！　うん、良い匂い、もうお腹ぺこぺこだよ。うう、堪らないよぉ」%K%P
「ありがと、ん！　うん、良い匂い、もうお腹ぺこぺこだよ。うう、堪らないよぉ」%K%P
「あはは、よっぽどお腹が空いてたんだね。ほら、ご飯は逃げないから、落ち着いて食べよ」%K%P
「あはは、よっぽどお腹が空いてたんだね。ほら、ご飯は逃げないから、落ち着いて食べよ」%K%P
「はい、いずみ様。それじゃ、いただきまぁ～す」%K%P
「はい、いずみ様。それじゃ、いただきまぁ～す」%K%P
元気にいただきますをして、食事を始める夕陽ちゃん。ことりちゃんは……あれ、何をしてるのかな。%K%P
元気にいただきますをして、食事を始める夕陽ちゃん。ことりちゃんは……あれ、何をしてるのかな。%K%P
「んしょ、んしょ、んしょ……あぅ、沈んじゃってる～」%K%P
「んしょ、んしょ、んしょ……あぅ、沈んじゃってる～」%K%P
「どうしたの、ことりちゃん。スープの中に何か入っちゃった？」%K%P
「どうしたの、ことりちゃん。スープの中に何か入っちゃった？」%K%P
スプーンで何かを掬おうとしているみたいだけれど、上手くいかないみたい。%K%P
スプーンで何かを掬おうとしているみたいだけれど、上手くいかないみたい。%K%P
「あ、はい、入っちゃってるんです……」%K%P
「あ、はい、入っちゃってるんです……」%K%P
「んと、何が？」%K%P
「んと、何が？」%K%P
ゴミとかだろうか？　それだとしたら、マズイよね。%K%P
ゴミとかだろうか？　それだとしたら、マズイよね。%K%P
むにむにと唇を動かすことりちゃん――言いにくいのかな？%K%P
むにむにと唇を動かすことりちゃん――言いにくいのかな？%K%P
「……その、く、クルトンが」%K%P
「……その、く、クルトンが」%K%P
「……はぁ、クルトン……ね」%K%P
「……はぁ、クルトン……ね」%K%P
「あはは、ことりんはクルトンが苦手なんですよ、鳥さんのご飯みたいとか言って……こーんなに美味しいのにね」%K%P
「あはは、ことりんはクルトンが苦手なんですよ、鳥さんのご飯みたいとか言って……こーんなに美味しいのにね」%K%P
鳥さんのご飯って……いわれてみれば、そうかも？%K%P
鳥さんのご飯って……いわれてみれば、そうかも？%K%P
「や、やあ、言っちゃだめぇ、夕ちゃんっ」%K%P
「や、やあ、言っちゃだめぇ、夕ちゃんっ」%K%P
「まぁまぁ、誰にでも苦手はあるしね。うん、それじゃ……ことりちゃん、ちょっと失礼」%K%P
「まぁまぁ、誰にでも苦手はあるしね。うん、それじゃ……ことりちゃん、ちょっと失礼」%K%P
「あっ、いずみ様？」%K%P
「あっ、いずみ様？」%K%P
僕はことりちゃんのスープ皿を手に取る。そして中に入っているクルトンを自分の皿に移した。%K%P
僕はことりちゃんのスープ皿を手に取る。そして中に入っているクルトンを自分の皿に移した。%K%P
「はい、これでオッケー。ことりちゃんは苦手なクルトンが無くなって、私はお腹いっぱい食べられる……良いことだらけってね」%K%P
「はい、これでオッケー。ことりちゃんは苦手なクルトンが無くなって、私はお腹いっぱい食べられる……良いことだらけってね」%K%P
「あ、あの、ありがとうございます。え、えへへ、そうですね」%K%P
「あ、あの、ありがとうございます。え、えへへ、そうですね」%K%P
「あはっ、いずみ様もお腹が空いてらしたんですね」%K%P
「あはっ、いずみ様もお腹が空いてらしたんですね」%K%P
「あはは、そうかも。あ、でもさ、クルトンが苦手なら、和食セットという手もあったでしょ？」%K%P
「あはは、そうかも。あ、でもさ、クルトンが苦手なら、和食セットという手もあったでしょ？」%K%P
確か、洋食セットに好物があるとも言ってなかったし。%K%P
確か、洋食セットに好物があるとも言ってなかったし。%K%P
「あ、そういえば、そうですよね。う～ん、どうしてでしょうか」%K%P
「あ、そういえば、そうですよね。う～ん、どうしてでしょうか」%K%P
指先をアゴにあてて考え込むことりちゃん。本当に理由は分かっていないみたい。%K%P
指先をアゴにあてて考え込むことりちゃん。本当に理由は分かっていないみたい。%K%P
「あ、ごめん、そんなに真剣に受け取らなくてもいいよ。ほら、冷めちゃうから、いただこうね」%K%P
「あ、ごめん、そんなに真剣に受け取らなくてもいいよ。ほら、冷めちゃうから、いただこうね」%K%P
「いや、ほんと美味しいよね、ここのメニュー」%K%P
「いや、ほんと美味しいよね、ここのメニュー」%K%P
「ですよね！　わたし、入学して、初めて食べたとき感動しちゃいました」%K%P
「ですよね！　わたし、入学して、初めて食べたとき感動しちゃいました」%K%P
食事を取りながら他愛もない話をする僕達。最初は口が重かったことりちゃんも、リラックスしてきたみたい。%K%P
食事を取りながら他愛もない話をする僕達。最初は口が重かったことりちゃんも、リラックスしてきたみたい。%K%P
「ふふ、夕ちゃん、食堂のおばさんに、『お持ち帰りはできませんか』なんて言ってたんですよ」%K%P
「ふふ、夕ちゃん、食堂のおばさんに、『お持ち帰りはできませんか』なんて言ってたんですよ」%K%P
「やん、ことりん、それは言わない約束でしょ？　そういうことりんだって、デザート３つも食べてたんですよ、いずみ様」%K%P
「やん、ことりん、それは言わない約束でしょ？　そういうことりんだって、デザート３つも食べてたんですよ、いずみ様」%K%P
「そ、それは、とても美味しかったから！　夕ちゃんだって、この前ケーキ３つ食べてたでしょ！　……あぅ、いつもじゃないんですよ、いずみ様」%K%P
「そ、それは、とても美味しかったから！　夕ちゃんだって、この前ケーキ３つ食べてたでしょ！　……あぅ、いつもじゃないんですよ、いずみ様」%K%P
「あはは、わかってるよ、ことりちゃん。スリムな体型を維持してるものね」%K%P
「あはは、わかってるよ、ことりちゃん。スリムな体型を維持してるものね」%K%P
結構小柄だし、もう少し食べて大きくなっても大丈夫かな。%K%P
結構小柄だし、もう少し食べて大きくなっても大丈夫かな。%K%P
「あぅ、そんな、照れてしまいます、いずみ様」%K%P
「あぅ、そんな、照れてしまいます、いずみ様」%K%P
「むふっ、スリムっていうか、お子様体型っていうか」%K%P
「むふっ、スリムっていうか、お子様体型っていうか」%K%P
「んもう、夕ちゃんはいじわるばっかり言うんだから」%K%P
「んもう、夕ちゃんはいじわるばっかり言うんだから」%K%P
グーにした手で叩く振りをすることりちゃん。ふふ、なんか、小さな子みたい。%K%P
グーにした手で叩く振りをすることりちゃん。ふふ、なんか、小さな子みたい。%K%P
僕は思わずことりちゃんの頭を撫でてしまった。%K%P
僕は思わずことりちゃんの頭を撫でてしまった。%K%P
「ほらほら、仲良く、仲良く」%K%P
「ほらほら、仲良く、仲良く」%K%P
「あ、いずみ様……んん…………はい」%K%P
「あ、いずみ様……んん…………はい」%K%P
指先に上質な絹のような滑らかな感触が伝わってくる。思った通り、ことりちゃんは撫で心地がいい。%K%P
指先に上質な絹のような滑らかな感触が伝わってくる。思った通り、ことりちゃんは撫で心地がいい。%K%P
「って、いきなり触ってゴメンね」%K%P
「って、いきなり触ってゴメンね」%K%P
「ううん、全然平気です。というか、あの、もっと……」%K%P
「ううん、全然平気です。というか、あの、もっと……」%K%P
目を細めることりちゃん。喉を撫でられている子猫のような顔をしている。%K%P
目を細めることりちゃん。喉を撫でられている子猫のような顔をしている。%K%P
ふわふわとした綿菓子のような髪に触れていると、僕までうっとりとなってしまいそう。%K%P
ふわふわとした綿菓子のような髪に触れていると、僕までうっとりとなってしまいそう。%K%P
「あー、ことりんばっかりズルイです。わたしも撫で撫でして欲しいです、いずみ様」%K%P
「あー、ことりんばっかりズルイです。わたしも撫で撫でして欲しいです、いずみ様」%K%P
「ふふ、はいはい……えっと、これでいいかな、夕陽ちゃん」%K%P
「ふふ、はいはい……えっと、これでいいかな、夕陽ちゃん」%K%P
「んふふ、良い気持ちです。いずみ様の手結構大きいんですね」%K%P
「んふふ、良い気持ちです。いずみ様の手結構大きいんですね」%K%P
ま、一応男の子だからね。%K%P
ま、一応男の子だからね。%K%P
「あの、いずみ様、私の方、手が止まってます」%K%P
「あの、いずみ様、私の方、手が止まってます」%K%P
「あ、はいはい…………んん、あ、なんか、見られてる」%K%P
「あ、はいはい…………んん、あ、なんか、見られてる」%K%P
周りからくすくすという笑い声が聞こえる。他の女の子達が注目している。%K%P
周りからくすくすという笑い声が聞こえる。他の女の子達が注目している。%K%P
うわぁ、これ、結構はずかしいぞ？%K%P
うわぁ、これ、結構はずかしいぞ？%K%P
「ああん、いずみ様、もっと撫でちゃってください」%K%P
「ああん、いずみ様、もっと撫でちゃってください」%K%P
「あふ……んん、んぅ……」%K%P
「あふ……んん、んぅ……」%K%P
はぁ、こりゃ止めるわけにも行かないか――僕は周囲の視線に耐えて、手を動かし続けた。%K%P
はぁ、こりゃ止めるわけにも行かないか――僕は周囲の視線に耐えて、手を動かし続けた。%K%P
食事を終えて、くつろぐ僕達。混雑もピークを過ぎたみたいで、人影も随分減っていた。%K%P
食事を終えて、くつろぐ僕達。混雑もピークを過ぎたみたいで、人影も随分減っていた。%K%P
「ふぅ、満足、満足。やっぱり、みんなで食べる御飯っていいよね」%K%P
「ふぅ、満足、満足。やっぱり、みんなで食べる御飯っていいよね」%K%P
「ふふふ、そーですよね。またご一緒させてくださいね、いずみ様」%K%P
「ふふふ、そーですよね。またご一緒させてくださいね、いずみ様」%K%P
「もちろん。あ、ありがとうことりちゃん。一人で取りに行かせちゃってごめんね」%K%P
「もちろん。あ、ありがとうことりちゃん。一人で取りに行かせちゃってごめんね」%K%P
「いえ、全然平気です。その、撫でてくださった、お礼ですから……えへへ」%K%P
「いえ、全然平気です。その、撫でてくださった、お礼ですから……えへへ」%K%P
真面目なんだなぁ。どっちかというと、僕の方がお礼を言いたいくらいなのにね。%K%P
真面目なんだなぁ。どっちかというと、僕の方がお礼を言いたいくらいなのにね。%K%P
「いずみ様はコーヒーでと、夕ちゃんは紅茶で良かったよね？」%K%P
「いずみ様はコーヒーでと、夕ちゃんは紅茶で良かったよね？」%K%P
「うん、ありがとね、ことりん」%K%P
「うん、ありがとね、ことりん」%K%P
ことりちゃんが、夕陽ちゃんに紅茶を手渡す。芳醇な茶葉の香りが鼻孔を刺激する。%K%P
ことりちゃんが、夕陽ちゃんに紅茶を手渡す。芳醇な茶葉の香りが鼻孔を刺激する。%K%P
どうやら、二人ともミルクティの様だ。%K%P
どうやら、二人ともミルクティの様だ。%K%P
「ふふ、飲み物までお揃いなんだね」%K%P
「ふふ、飲み物までお揃いなんだね」%K%P
「ほんと、ことりんはまねっこしーなんだから」%K%P
「ほんと、ことりんはまねっこしーなんだから」%K%P
「そ、そういうわけじゃ無いよぉ、いずみ様、夕ちゃんがいじめるんです」%K%P
「そ、そういうわけじゃ無いよぉ、いずみ様、夕ちゃんがいじめるんです」%K%P
ことりちゃんが側に近寄ってくる。%K%P
ことりちゃんが側に近寄ってくる。%K%P
あ、ちょっと触れてる……柔らかくて、良い匂いがするなあ。%K%P
あ、ちょっと触れてる……柔らかくて、良い匂いがするなあ。%K%P
「あ、また言いつけてる。もー、そういうのはいけないと思います！　ね、いずみ様？」%K%P
「あ、また言いつけてる。もー、そういうのはいけないと思います！　ね、いずみ様？」%K%P
夕陽ちゃんまで……うぅ、天国のような、地獄のような、その、色々と大変な事があるんですよ、男の子には……。%K%P
夕陽ちゃんまで……うぅ、天国のような、地獄のような、その、色々と大変な事があるんですよ、男の子には……。%K%P
「あはは、まあ、ね……ほら、あまりふざけると危ないよ？　かなり熱いからね」%K%P
「あはは、まあ、ね……ほら、あまりふざけると危ないよ？　かなり熱いからね」%K%P
「はーい、先生っ。ほら、ことりんも離れるの」%K%P
「はーい、先生っ。ほら、ことりんも離れるの」%K%P
「うぅ……わ、わかったよ……」%K%P
「うぅ……わ、わかったよ……」%K%P
ふぅ、離れてくれたか……なんか、ホッとしたような、残念なような。%K%P
ふぅ、離れてくれたか……なんか、ホッとしたような、残念なような。%K%P
僕は自分を落ち着かせるために、コーヒーに口を付けた。%K%P
僕は自分を落ち着かせるために、コーヒーに口を付けた。%K%P
「……ふぅ……うん、ここはコーヒーも美味しいなぁ」%K%P
「……ふぅ……うん、ここはコーヒーも美味しいなぁ」%K%P
「いずみ様は大人なんですね。わたしだったら、苦くて、コーヒー飲めませんよ」%K%P
「いずみ様は大人なんですね。わたしだったら、苦くて、コーヒー飲めませんよ」%K%P
夕陽ちゃんの言葉に、ことりちゃんもコクコクと頷いている。%K%P
夕陽ちゃんの言葉に、ことりちゃんもコクコクと頷いている。%K%P
「あは、慣れてるから。あっちだとあまりお水が美味しくないところもあるから、香りや味の強いコーヒーを飲むことが多くて」%K%P
「あは、慣れてるから。あっちだとあまりお水が美味しくないところもあるから、香りや味の強いコーヒーを飲むことが多くて」%K%P
「あっち……そういえば、いずみ様は外国に留学されてるんですよね？　たしかお歌のお勉強で」%K%P
「あっち……そういえば、いずみ様は外国に留学されてるんですよね？　たしかお歌のお勉強で」%K%P
「うん、そう。今回は訳あってここにお世話になってるんだけれどね」%K%P
「うん、そう。今回は訳あってここにお世話になってるんだけれどね」%K%P
さすがに家無き子になったから、とは言えないよね。%K%P
さすがに家無き子になったから、とは言えないよね。%K%P
「留学はお一人なんですか？　ご家族とかは一緒じゃないのですか？」%K%P
「留学はお一人なんですか？　ご家族とかは一緒じゃないのですか？」%K%P
「一人だよ。留学先で下宿してるんだ。祖父母も外国にいるけれど、そんなに近いわけでもないから」%K%P
「一人だよ。留学先で下宿してるんだ。祖父母も外国にいるけれど、そんなに近いわけでもないから」%K%P
「はぁ……。女の子一人きりでなんて……」%K%P
「はぁ……。女の子一人きりでなんて……」%K%P
ことりちゃんが僕を見上げて呟く――ごめんなさい、男の子です……。%K%P
ことりちゃんが僕を見上げて呟く――ごめんなさい、男の子です……。%K%P
「外国に留学されたのは、どういう理由なんですか？　日本では駄目だったんでしょうか？」%K%P
「外国に留学されたのは、どういう理由なんですか？　日本では駄目だったんでしょうか？」%K%P
「うーん、日本じゃ駄目ってことは無かったんだけど……」%K%P
「うーん、日本じゃ駄目ってことは無かったんだけど……」%K%P
そう、日本でも学ぶことは出来た。無理に外国に行くこともなかった、けど……。%K%P
そう、日本でも学ぶことは出来た。無理に外国に行くこともなかった、けど……。%K%P
「自分にとって、学ぶに最適な場所、環境がたまたま外国だった、そういうことだと思う」%K%P
「自分にとって、学ぶに最適な場所、環境がたまたま外国だった、そういうことだと思う」%K%P
「子供の頃から外国に行くことが多かったから、日本を出ることにも、それ程抵抗が無かったし」%K%P
「子供の頃から外国に行くことが多かったから、日本を出ることにも、それ程抵抗が無かったし」%K%P
「ふぁ～……いずみ様……」%K%P
「ふぁ～……いずみ様……」%K%P
大きな目をキラキラと光らせて、僕を見上げることりちゃん。%K%P
大きな目をキラキラと光らせて、僕を見上げることりちゃん。%K%P
「す、凄いです、いずみ様、格好いいです」%K%P
「す、凄いです、いずみ様、格好いいです」%K%P
「いや、そんな大げさだよ、大したことじゃないって」%K%P
「いや、そんな大げさだよ、大したことじゃないって」%K%P
「またまた、ご謙遜をっ。いずみ様、格好いい、素敵です」%K%P
「またまた、ご謙遜をっ。いずみ様、格好いい、素敵です」%K%P
「んもお、夕陽ちゃんまで、おだてないでよ」%K%P
「んもお、夕陽ちゃんまで、おだてないでよ」%K%P
とはいえ、褒められるのは誰しも嬉しいもので……それもこんな可愛い女の子二人になんて、ね。%K%P
とはいえ、褒められるのは誰しも嬉しいもので……それもこんな可愛い女の子二人になんて、ね。%K%P
「あはは、いずみ様もまんざらじゃなさそうですねっ、お顔、ふにゃふにゃになっちゃってます」%K%P
「あはは、いずみ様もまんざらじゃなさそうですねっ、お顔、ふにゃふにゃになっちゃってます」%K%P
「え、嘘？　顔、変？」%K%P
「え、嘘？　顔、変？」%K%P
ぺたぺたと自分の顔を触る。気を付けていたはずなのに、格好悪いなぁ。%K%P
ぺたぺたと自分の顔を触る。気を付けていたはずなのに、格好悪いなぁ。%K%P
「そ、そんなことないですよ、大丈夫です、いずみ様。だめ、夕ちゃん、いずみ様に変なこと言わないで」%K%P
「そ、そんなことないですよ、大丈夫です、いずみ様。だめ、夕ちゃん、いずみ様に変なこと言わないで」%K%P
「あは、ことりんに怒られちゃった。珍しいこともあるもんだねっ。子供の時以来かも」%K%P
「あは、ことりんに怒られちゃった。珍しいこともあるもんだねっ。子供の時以来かも」%K%P
「あ、つい……その、だって」%K%P
「あ、つい……その、だって」%K%P
「ありがとうね、ことりちゃん、ふふふ」%K%P
「ありがとうね、ことりちゃん、ふふふ」%K%P
お礼を言うと、ことりちゃんはその白い頬を赤く染めてしまった。%K%P
お礼を言うと、ことりちゃんはその白い頬を赤く染めてしまった。%K%P
「は、はい……でも、一人で留学、かぁ…………」%K%P
「は、はい……でも、一人で留学、かぁ…………」%K%P
「ん、ことりんもしてみたい？」%K%P
「ん、ことりんもしてみたい？」%K%P
「え、む、無理、だと思う……けど……」%K%P
「え、む、無理、だと思う……けど……」%K%P
一人考え込むことりちゃん。確かに留学となれば、色々と手続きとか、準備が必要だものね。%K%P
一人考え込むことりちゃん。確かに留学となれば、色々と手続きとか、準備が必要だものね。%K%P
「そだ、いずみ様は、アリアの為に深皇学園に編入されたんですよね？」%K%P
「そだ、いずみ様は、アリアの為に深皇学園に編入されたんですよね？」%K%P
「うん、そうだね。アリアでは{歌姫:ディーバ}を務めさせてもらうよ」%K%P
「うん、そうだね。アリアでは{歌姫:ディーバ}を務めさせてもらうよ」%K%P
「はい。ということは、深皇祭が終われば、また留学先にもどられるんですか？」%K%P
「はい。ということは、深皇祭が終われば、また留学先にもどられるんですか？」%K%P
「まあ、そういうことになるよね。あくまでも短期編入だから」%K%P
「まあ、そういうことになるよね。あくまでも短期編入だから」%K%P
深皇祭の間だけ……そういう約束で入ったんだよね。%K%P
深皇祭の間だけ……そういう約束で入ったんだよね。%K%P
「あっちでもお勉強されていて、こっちでもお勉強……大変ですね」%K%P
「あっちでもお勉強されていて、こっちでもお勉強……大変ですね」%K%P
「まあ、学ぶことが違うから、良い刺激になるし。それに、二人とも知り合えたからね」%K%P
「まあ、学ぶことが違うから、良い刺激になるし。それに、二人とも知り合えたからね」%K%P
「えへへ、そうですよね。わたし達も嬉しいです」%K%P
「えへへ、そうですよね。わたし達も嬉しいです」%K%P
無邪気に笑う夕陽ちゃんと、微笑んでいることりちゃん。%K%P
無邪気に笑う夕陽ちゃんと、微笑んでいることりちゃん。%K%P
ほんとに良い子達だ――この分なら、楽しい学園生活を送れそうだなあ。%K%P
ほんとに良い子達だ――この分なら、楽しい学園生活を送れそうだなあ。%K%P
