アクセラ
アクセラ
おはようございます
おはようございます
秀隆
秀隆
ふわ……おう、おはようさん
ふわ……おう、おはようさん
土曜日、リビングに出てくると朝食の準備が始められていた。
土曜日、リビングに出てくると朝食の準備が始められていた。
だが、用意されているのは、オレの分だけ。
だが、用意されているのは、オレの分だけ。
秀隆
秀隆
体調崩したか
体調崩したか
アクセラ
アクセラ
はい。朝方に熱が出まして、今は休まれておいでです
はい。朝方に熱が出まして、今は休まれておいでです
秀隆
秀隆
そうか
そうか
アクセラ
アクセラ
今日はご自宅で過ごされますか？
今日はご自宅で過ごされますか？
秀隆
秀隆
いや、少し出かけてくる
いや、少し出かけてくる
アクセラ
アクセラ
謹慎中ですが、よろしいのですか？
謹慎中ですが、よろしいのですか？
秀隆
秀隆
バレなきゃいいんだよ
バレなきゃいいんだよ
アクセラ
アクセラ
畏まりました
畏まりました
アクセラ
アクセラ
トウモロコシは如何なさいますか
トウモロコシは如何なさいますか
秀隆
秀隆
あー……今は遠慮しておく
あー……今は遠慮しておく
今回の件が片付くまでは、お預けにしておくのがいいだろう。
今回の件が片付くまでは、お預けにしておくのがいいだろう。
アクセラ
アクセラ
帰りにこちらの品々をお願いしてよろしいでしょうか
帰りにこちらの品々をお願いしてよろしいでしょうか
秀隆
秀隆
ああ
ああ
食品の買出しメモだろう。
食品の買出しメモだろう。
オレはそれを受け取ると、
オレはそれを受け取ると、
手早く食事を済ませ、家を出ることにした。
手早く食事を済ませ、家を出ることにした。
最近のスーパーの光景は、ちょっと異常だったりする。
最近のスーパーの光景は、ちょっと異常だったりする。
多くの買い物客の腕に、リングがあてはめられている。
多くの買い物客の腕に、リングがあてはめられている。
つまりその殆どがアンドロイドだと言うことだ。
つまりその殆どがアンドロイドだと言うことだ。
面倒な買い物など、全てアンドロイドに任せる人が増えている。
面倒な買い物など、全てアンドロイドに任せる人が増えている。
リングのない普通の人間であるオレが、浮くくらいだ。
リングのない普通の人間であるオレが、浮くくらいだ。
杉村
杉村
あら、島津くんじゃない
あら、島津くんじゃない
秀隆
秀隆
す、杉村さんっ！？
す、杉村さんっ！？
だるーんと歩いていると、後ろから杉村さんに声をかけられた。
だるーんと歩いていると、後ろから杉村さんに声をかけられた。
杉村
杉村
…………
…………
そして、正面でオレの顔を見るなり、強烈に睨まれた。
そして、正面でオレの顔を見るなり、強烈に睨まれた。
杉村
杉村
その顔……今度怪我をしたら許さないって、言ったわよね？
その顔……今度怪我をしたら許さないって、言ったわよね？
秀隆
秀隆
あ、いや……！
あ、いや……！
杉村
杉村
どう言うことか、説明して貰えるかしら
どう言うことか、説明して貰えるかしら
秀隆
秀隆
これはその、えっと……
これはその、えっと……
秀隆
秀隆
と、とにかく問題ないんですよ、あはは、はは、は……
と、とにかく問題ないんですよ、あはは、はは、は……
杉村
杉村
…………
…………
ジッとオレの目を見てくる。
ジッとオレの目を見てくる。
秀隆
秀隆
あ、あの……ほんとに……
あ、あの……ほんとに……
杉村
杉村
全く、この子は……随分酷く怪我してるのに、
全く、この子は……随分酷く怪我してるのに、
先日よりもキラキラした目、してるんだから……
先日よりもキラキラした目、してるんだから……
杉村
杉村
何か、上手く行きそうなのね？
何か、上手く行きそうなのね？
秀隆
秀隆
……はい。怪我をしたこと以上に、収穫がありました
……はい。怪我をしたこと以上に、収穫がありました
杉村
杉村
あなたが何をしているかは分からないけれど、
あなたが何をしているかは分からないけれど、
自分を傷つけるようなことは、しちゃいけません
自分を傷つけるようなことは、しちゃいけません
秀隆
秀隆
はい……
はい……
杉村
杉村
あ、もしかして島津くんも買出し？
あ、もしかして島津くんも買出し？
秀隆
秀隆
はい。食材を買いに
はい。食材を買いに
秀隆
秀隆
いやーこんなところで杉村さんに出会うなんて、うんめ
いやーこんなところで杉村さんに出会うなんて、うんめ
オレは何気なく、杉村さんの買い物籠を見て、息を呑んだ。
オレは何気なく、杉村さんの買い物籠を見て、息を呑んだ。
杉村
杉村
どうかしたの？
どうかしたの？
秀隆
秀隆
……１人で食べるには、ちょっと多いですね
……１人で食べるには、ちょっと多いですね
杉村
杉村
え、ええっ？　そ、そうかしら？
え、ええっ？　そ、そうかしら？
秀隆
秀隆
それにこれ、ワイン……杉村さんお酒飲みませんよね
それにこれ、ワイン……杉村さんお酒飲みませんよね
杉村
杉村
ちょ、ちょっとくらいは嗜むわよぉ
ちょ、ちょっとくらいは嗜むわよぉ
秀隆
秀隆
でもこの銘柄は、少し癖も強くて甘味を好む杉村さんには合わないって言うか
でもこの銘柄は、少し癖も強くて甘味を好む杉村さんには合わないって言うか
秀隆
秀隆
どちらかと言えば年配のお酒が好きな方が好む味ですし
どちらかと言えば年配のお酒が好きな方が好む味ですし
杉村
杉村
う、うう、鋭い……！　さすが島津くん……
う、うう、鋭い……！　さすが島津くん……
秀隆
秀隆
週末だし、ひょっとして唐沢さんと
週末だし、ひょっとして唐沢さんと
杉村
杉村
そ、そんな、その、えと……
そ、そんな、その、えと……
指先でくるくると髪の毛をいじる。
指先でくるくると髪の毛をいじる。
杉村
杉村
私はそのぉ、だからぁ……
私はそのぉ、だからぁ……
秀隆
秀隆
うう、もういいです……
うう、もういいです……
顔を赤くしてワタワタする杉村さんを見るのは
顔を赤くしてワタワタする杉村さんを見るのは
萌えると同時に激しくショックを受ける。
萌えると同時に激しくショックを受ける。
杉村
杉村
そ、それにしても、最近はアンドロイドが増えたわねぇ
そ、それにしても、最近はアンドロイドが増えたわねぇ
話題を逸らそうとしているようだった。
話題を逸らそうとしているようだった。
でも、オレも考えていたことなので、話を返す。
でも、オレも考えていたことなので、話を返す。
秀隆
秀隆
だいぶ安くなりましたからね
だいぶ安くなりましたからね
杉村
杉村
私もそろそろ購入してみようかしら？
私もそろそろ購入してみようかしら？
秀隆
秀隆
いいんじゃないですか、面倒な買い物も任せられるし
いいんじゃないですか、面倒な買い物も任せられるし
杉村
杉村
そうねぇ……
そうねぇ……
秀隆
秀隆
アンドロイドが居てくれれば、生活はガラッと楽になりそうですから
アンドロイドが居てくれれば、生活はガラッと楽になりそうですから
杉村
杉村
島津くんのところは、そう言う予定はないの？
島津くんのところは、そう言う予定はないの？
オレの呟きを聞いてか、そう言った。
オレの呟きを聞いてか、そう言った。
秀隆
秀隆
いくら特務官になったって言っても、
いくら特務官になったって言っても、
転職したばかりですからね……
転職したばかりですからね……
秀隆
秀隆
ローンも組ませちゃくれないでしょうし。
ローンも組ませちゃくれないでしょうし。
アンドロイドの所持なんて、まだまだ夢の話っス
アンドロイドの所持なんて、まだまだ夢の話っス
杉村
杉村
そう。まあ、人の手で買い物をするのも大切なことよね
そう。まあ、人の手で買い物をするのも大切なことよね
秀隆
秀隆
ですね
ですね
杉村
杉村
それじゃ、私は会計に行くから
それじゃ、私は会計に行くから
秀隆
秀隆
分かりました。また
分かりました。また
杉村さんに別れを告げ、オレも頼まれた品を探すことにした。
杉村さんに別れを告げ、オレも頼まれた品を探すことにした。
秀隆
秀隆
……唐沢さんが羨ましすぎる……
……唐沢さんが羨ましすぎる……
きっと、熱い夜を過ごすんだろうな、
きっと、熱い夜を過ごすんだろうな、
なんて泣きたくなることを想像してしまった。
なんて泣きたくなることを想像してしまった。
オレも、家で出迎えてくれる温かく優しい彼女が欲しい……。
オレも、家で出迎えてくれる温かく優しい彼女が欲しい……。
…………。
…………。
アクセラ
アクセラ
失礼します。コーヒーとトウモロコシをお持ちしました
失礼します。コーヒーとトウモロコシをお持ちしました
秀隆
秀隆
サンキュー
サンキュー
アクセラ
アクセラ
……あの、何をなさっているのですか？
……あの、何をなさっているのですか？
秀隆
秀隆
オレが例の製法で作られた
オレが例の製法で作られた
トウモロコシを食べた回数、量を記録してるんだ
トウモロコシを食べた回数、量を記録してるんだ
アクセラ
アクセラ
記録って、過去に遡って、ですか？
記録って、過去に遡って、ですか？
秀隆
秀隆
ああ
ああ
アクセラが、そっと後ろから覗き込む。
アクセラが、そっと後ろから覗き込む。
秀隆
秀隆
丁度いい。おまえも覚えてる範囲で教えてくれ
丁度いい。おまえも覚えてる範囲で教えてくれ
アクセラ
アクセラ
……全部、合っております
……全部、合っております
秀隆
秀隆
そうか。そりゃよかった
そうか。そりゃよかった
アクセラ
アクセラ
１ヶ月近くも前から、全て覚えていらっしゃるのですか？
１ヶ月近くも前から、全て覚えていらっしゃるのですか？
秀隆
秀隆
オレほどのトウモロコシラブになると、余裕だな
オレほどのトウモロコシラブになると、余裕だな
アクセラ
アクセラ
常人の記憶力ではありませんね
常人の記憶力ではありませんね
秀隆
秀隆
褒めても何も出ないぞ？
褒めても何も出ないぞ？
アクセラ
アクセラ
いえ、ただ感心してしまいまして
いえ、ただ感心してしまいまして
秀隆
秀隆
これでよしと……
これでよしと……
秀隆
秀隆
後は、これを食べるだけだな
後は、これを食べるだけだな
アクセラ
アクセラ
また体調を崩されても知りませんよ？
また体調を崩されても知りませんよ？
アクセラに持ってこさせたトウモロコシの量は多い。
アクセラに持ってこさせたトウモロコシの量は多い。
でも、これくらいは食べないと確実に下痢になれないからな。
でも、これくらいは食べないと確実に下痢になれないからな。
秀隆
秀隆
おまえはもう部屋に戻って良いぞ
おまえはもう部屋に戻って良いぞ
アクセラ
アクセラ
畏まりました。失礼致します
畏まりました。失礼致します
さて……じっくり頂くとしますか。
さて……じっくり頂くとしますか。
…………。
…………。
……。
……。
