携帯に、オッサンからメールが届く。
携帯に、オッサンからメールが届く。
それも、４通。
それも、４通。
このメールを全て読み終えたら消去しろ
このメールを全て読み終えたら消去しろ
最初のメールにはそう書かれてある。
最初のメールにはそう書かれてある。
どうやら、その類の内容らしい。
どうやら、その類の内容らしい。
静乃を解析して分かったことを伝える。奴はおまえやホープタウンに隠されている地上の生き残りを探していた。近々確保に動く可能性がある
静乃を解析して分かったことを伝える。奴はおまえやホープタウンに隠されている地上の生き残りを探していた。近々確保に動く可能性がある
最後のメールを開く。
最後のメールを開く。
ホープタウンに行き、その地上の生き残りを見張れ
ホープタウンに行き、その地上の生き残りを見張れ
恭一
恭一
面倒臭ぇ……
面倒臭ぇ……
オッサンのいいように使われるのは気に食わないな。
オッサンのいいように使われるのは気に食わないな。
特務官の島津が、嗅ぎまわった洗礼を受けた
特務官の島津が、嗅ぎまわった洗礼を受けた
そのメールの後には、その時の状況を記した調書が書かれてあった。
そのメールの後には、その時の状況を記した調書が書かれてあった。
恭一
恭一
奴が……？
奴が……？
どうやら、オレが思っている以上に行動派のようだ。
どうやら、オレが思っている以上に行動派のようだ。
これを口実にホープタウンへ行くのも悪くない。
これを口実にホープタウンへ行くのも悪くない。
幸いにも今日は休日だ、恋を連れて行けばカモフラージュにもなる。
幸いにも今日は休日だ、恋を連れて行けばカモフラージュにもなる。
恭一
恭一
今日、ホープタウンに行くぞ
今日、ホープタウンに行くぞ
恋
恋
へっ？
へっ？
朝、寝起きの恋にそう言う。
朝、寝起きの恋にそう言う。
恋
恋
ホープタウンに行くって……どうやってですか
ホープタウンに行くって……どうやってですか
恭一
恭一
おっさんに許可は取ってある。ＩＤも入手した
おっさんに許可は取ってある。ＩＤも入手した
恋
恋
……いきなりすぎて、ついていけません
……いきなりすぎて、ついていけません
恭一
恭一
おっさんが許可したことに文句あるのか？　何なら直接確かめろ
おっさんが許可したことに文句あるのか？　何なら直接確かめろ
恋
恋
……大河内代表が認めたって、目的はなんですか
……大河内代表が認めたって、目的はなんですか
恭一
恭一
観光
観光
恋
恋
ありえません
ありえません
恭一
恭一
オレが可愛くて仕方ないんだろ。頼んだら笑顔で承諾してくれた
オレが可愛くて仕方ないんだろ。頼んだら笑顔で承諾してくれた
恋
恋
絶対ありえません
絶対ありえません
恭一
恭一
信じない奴だな
信じない奴だな
恋
恋
信じられるわけがありません。本当のことを言ってください
信じられるわけがありません。本当のことを言ってください
恭一
恭一
記憶に引っかかるものがあるんだ
記憶に引っかかるものがあるんだ
恋
恋
記憶に、ですか……
記憶に、ですか……
恭一
恭一
ああ。もう一度ホープタウンの空を見れば、
ああ。もう一度ホープタウンの空を見れば、
何か思い出せるかもしれない。そういったら許可をくれた
何か思い出せるかもしれない。そういったら許可をくれた
恋
恋
なるほど、それなら大河内代表が納得するのも分かります
なるほど、それなら大河内代表が納得するのも分かります
恭一
恭一
と言うことで行くぞ
と言うことで行くぞ
恋
恋
でも本当なんですか？
でも本当なんですか？
恭一
恭一
もちろん嘘だけどな
もちろん嘘だけどな
恋
恋
…………
…………
恭一
恭一
と言うのが嘘だ
と言うのが嘘だ
恋
恋
よくわかりませんが、最低だと言うことだけはわかりました
よくわかりませんが、最低だと言うことだけはわかりました
恭一
恭一
正直に言うと、島津が入院したらしい
正直に言うと、島津が入院したらしい
恋
恋
またそうやって嘘をつきます。言っていいことと悪いことがありますよ
またそうやって嘘をつきます。言っていいことと悪いことがありますよ
恭一
恭一
本当だ
本当だ
恭一
恭一
おっさんの娘の……希望だったか、あいつが言ってた
おっさんの娘の……希望だったか、あいつが言ってた
恋
恋
ほんとうに、島津さんが？
ほんとうに、島津さんが？
恭一
恭一
ああ
ああ
恭一
恭一
おまえの仕事が終わったらでいい、ホープタウンに行くぞ
おまえの仕事が終わったらでいい、ホープタウンに行くぞ
恋
恋
わ、分かりました。そう言うことなら
わ、分かりました。そう言うことなら
恭一
恭一
どうせまだ疑ってるだろうからな、後で希望にでも確認してみろ
どうせまだ疑ってるだろうからな、後で希望にでも確認してみろ
恋
恋
島津さん、大丈夫でしょうか。入院なんて……
島津さん、大丈夫でしょうか。入院なんて……
恭一
恭一
さぁな
さぁな
…………。
…………。
……。
……。
恋
恋
ちょっと前に退院したそうです
ちょっと前に退院したそうです
恭一
恭一
なんだ、そうなのか
なんだ、そうなのか
恋
恋
どうしましょう……
どうしましょう……
恭一
恭一
一度家まで行って見るくらいはいいんじゃないか？
一度家まで行って見るくらいはいいんじゃないか？
恭一
恭一
ここまで来ることも早々ないんだ
ここまで来ることも早々ないんだ
恋
恋
そうですね……ちょっと連絡してみます
そうですね……ちょっと連絡してみます
携帯で島津へとかける。
携帯で島津へとかける。
恋
恋
……ダメですね、つながりません
……ダメですね、つながりません
恭一
恭一
家の住所なら、調べてある
家の住所なら、調べてある
恋
恋
……随分と手回しがいいんですね
……随分と手回しがいいんですね
恭一
恭一
事前に調べておくのが、オレの流儀だ
事前に調べておくのが、オレの流儀だ
恋
恋
なんだか怪しいですけど……
なんだか怪しいですけど……
恭一
恭一
幾ら退院したとはいえ、心配じゃないのか？
幾ら退院したとはいえ、心配じゃないのか？
恋
恋
わ、わかりました。行ってみましょう
わ、わかりました。行ってみましょう
恋
恋
ここですね
ここですね
アクセラ
アクセラ
はい。島津です
はい。島津です
恋
恋
あ、あの。私長谷川と申しますが。島津さん、えっと……
あ、あの。私長谷川と申しますが。島津さん、えっと……
恋
恋
島津秀隆さんはいらっしゃいますか？
島津秀隆さんはいらっしゃいますか？
アクセラ
アクセラ
少々お待ちくださいませ
少々お待ちくださいませ
恋
恋
どなたでしょうね？
どなたでしょうね？
恭一
恭一
さぁな
さぁな
恋
恋
あ、島津さん。すみません、あの、急に訪ねてしまいまして
あ、島津さん。すみません、あの、急に訪ねてしまいまして
恋
恋
実は何度か携帯の方にご連絡差し上げたのですが……
実は何度か携帯の方にご連絡差し上げたのですが……
秀隆
秀隆
そうでしたか。寝てたので気づかなかったみたいです。
そうでしたか。寝てたので気づかなかったみたいです。
あの、よろしかったら中に入りませんか？
あの、よろしかったら中に入りませんか？
恋
恋
いえ、実は今日はお見舞いに来たのですが……
いえ、実は今日はお見舞いに来たのですが……
恋
恋
既に退院されて、元気になられたようですね
既に退院されて、元気になられたようですね
秀隆
秀隆
そう言うことでしたか……。わざわざすみません
そう言うことでしたか……。わざわざすみません
恋
恋
こちらこそ遅くなってしまい申し訳ありませんでした
こちらこそ遅くなってしまい申し訳ありませんでした
秀隆
秀隆
全然、謝るようなことじゃないです
全然、謝るようなことじゃないです
秀隆
秀隆
とりあえず入ってください。このまま帰すわけにも行きませんから
とりあえず入ってください。このまま帰すわけにも行きませんから
恭一
恭一
なら丁度いい。邪魔させてもらおうぜ
なら丁度いい。邪魔させてもらおうぜ
秀隆
秀隆
恭一さんもいらしたんですね
恭一さんもいらしたんですね
恭一
恭一
祝ってやろうと思ってな
祝ってやろうと思ってな
秀隆
秀隆
意外でした。恭一さんが祝ってくれようとしてたなんて……
意外でした。恭一さんが祝ってくれようとしてたなんて……
秀隆
秀隆
祝って？
祝って？
恋
恋
もう！　どうしてそう、捻くれた言い方をするんですかっ
もう！　どうしてそう、捻くれた言い方をするんですかっ
秀隆
秀隆
はは。そのほうが恭一さんらしいですが
はは。そのほうが恭一さんらしいですが
秀隆
秀隆
どうぞどうぞ
どうぞどうぞ
オレは遠慮なく上がりこむ。
オレは遠慮なく上がりこむ。
恋
恋
ああもうっ……ほんとすみません……
ああもうっ……ほんとすみません……
秀隆
秀隆
いいですいいです。あの人の対応にもだいぶ慣れましたから
いいですいいです。あの人の対応にもだいぶ慣れましたから
恭一
恭一
随分と広い家だな
随分と広い家だな
秀隆
秀隆
親の残した遺産みたいなもんです
親の残した遺産みたいなもんです
恭一
恭一
はぁん
はぁん
恭一
恭一
酒をくれ
酒をくれ
恋
恋
いきなりお邪魔してお酒をたからないで下さい
いきなりお邪魔してお酒をたからないで下さい
秀隆
秀隆
ちょっとお待ちください
ちょっとお待ちください
島津が奥の部屋に消える。
島津が奥の部屋に消える。
恭一
恭一
さてと……
さてと……
オレは奴が戻ってくるまでの間、
オレは奴が戻ってくるまでの間、
色々家の中を適当に見せてもらうことにしよう。
色々家の中を適当に見せてもらうことにしよう。
とりあえず、手近の部屋の扉を開ける。
とりあえず、手近の部屋の扉を開ける。
部屋の中には、一人の女が居た。
部屋の中には、一人の女が居た。
オレの存在に気づき、やや驚きの表情を見せる。
オレの存在に気づき、やや驚きの表情を見せる。
島津の家族ってところか。
島津の家族ってところか。
お互い無言で観察しあっていると、部屋の扉が開く。
お互い無言で観察しあっていると、部屋の扉が開く。
秋
秋
あ、兄さん
あ、兄さん
恋
恋
もうもう！　どうして勝手に入るんですか！
もうもう！　どうして勝手に入るんですか！
秋
秋
あ、こんばんわ……
あ、こんばんわ……
恋
恋
こんばんわっ。
こんばんわっ。
……女の子の部屋に無断で入るなんて信じられません！
……女の子の部屋に無断で入るなんて信じられません！
恭一
恭一
ここが女の部屋かどうかも知らなかったけどな
ここが女の部屋かどうかも知らなかったけどな
恋
恋
誰の部屋かもわからないのに入る方が失礼ですから！
誰の部屋かもわからないのに入る方が失礼ですから！
ぐいっと腕を引っ張られる。
ぐいっと腕を引っ張られる。
恭一
恭一
やれやれ。おちおち会話もできねえな
やれやれ。おちおち会話もできねえな
恋
恋
妹さん、ですよね？　は、気分を害されていませんでしたか？
妹さん、ですよね？　は、気分を害されていませんでしたか？
秀隆
秀隆
大丈夫です。ちょっと面食らってはいましたけど
大丈夫です。ちょっと面食らってはいましたけど
秀隆
秀隆
それより一人紹介させていただいてもいいですか？
それより一人紹介させていただいてもいいですか？
恋
恋
あ、はい
あ、はい
アクセラ
アクセラ
失礼します。私、島津家でお世話をさせていただいております、アクセラと申します
失礼します。私、島津家でお世話をさせていただいております、アクセラと申します
恋
恋
アクセラさん。アンドロイド、ということでしょうか
アクセラさん。アンドロイド、ということでしょうか
秀隆
秀隆
家では家族同然に扱っていますので
家では家族同然に扱っていますので
恋
恋
なるほど。私は長谷川恋と申します。
なるほど。私は長谷川恋と申します。
こちらは恭一さんといいます。よろしくお願いします
こちらは恭一さんといいます。よろしくお願いします
アクセラ
アクセラ
すぐお茶をご用意いたしますので
すぐお茶をご用意いたしますので
恭一
恭一
コーヒー、ブラックで頼む。特別に熱いのをな
コーヒー、ブラックで頼む。特別に熱いのをな
恋
恋
少しは遠慮というものを覚えてください
少しは遠慮というものを覚えてください
恭一
恭一
こういうのは遠慮しないことが、礼儀ってもんなんだ
こういうのは遠慮しないことが、礼儀ってもんなんだ
恋
恋
どういう理屈ですか……
どういう理屈ですか……
アクセラ
アクセラ
ふふっ。では少しお待ちください
ふふっ。では少しお待ちください
キズナ
キズナ
お二人ともこんばんわですっ
お二人ともこんばんわですっ
恋
恋
こんばんわキズナちゃん。お邪魔しています
こんばんわキズナちゃん。お邪魔しています
キズナ
キズナ
まさか、こんなに早く再会するとは思っていませんでした
まさか、こんなに早く再会するとは思っていませんでした
恭一
恭一
コイツがどうしてもって言って聞かなかったからな
コイツがどうしてもって言って聞かなかったからな
恋
恋
入院されたと聞けば心配にもなります。
入院されたと聞けば心配にもなります。
それに聞くところによると、誰かに刺された、とか？
それに聞くところによると、誰かに刺された、とか？
秀隆
秀隆
はい……
はい……
恭一
恭一
あ、刺したのはオレだ
あ、刺したのはオレだ
秀隆
秀隆
ええええっ！？
ええええっ！？
キズナ
キズナ
まさか、こんなところに犯人さんが、それもおとーさんだったとは！？
まさか、こんなところに犯人さんが、それもおとーさんだったとは！？
恭一
恭一
その父親的な呼び方はやめろ、鬱陶しい
その父親的な呼び方はやめろ、鬱陶しい
恭一
恭一
オレのようなイケメンでも子持ちと勘違いされたらモテにくくなるだろ
オレのようなイケメンでも子持ちと勘違いされたらモテにくくなるだろ
キズナ
キズナ
あや、そうですか……
あや、そうですか……
恋
恋
いいじゃないですか。事実お父さんなんですから
いいじゃないですか。事実お父さんなんですから
恭一
恭一
知らねえよ
知らねえよ
キズナ
キズナ
じゃあきょーくんとお呼びしますねっ！
じゃあきょーくんとお呼びしますねっ！
恭一
恭一
まぁ、まだマシだな
まぁ、まだマシだな
恋
恋
さすがというか、呆れるというか。
さすがというか、呆れるというか。
実の娘でもあなたは態度が変わらないんですね
実の娘でもあなたは態度が変わらないんですね
恭一
恭一
記憶も糞もないのに、娘とか関係あるかよ
記憶も糞もないのに、娘とか関係あるかよ
恋
恋
それはそうかも知れませんが……
それはそうかも知れませんが……
アクセラ
アクセラ
どうぞ
どうぞ
恭一
恭一
この湯気の立ち具合、８２℃だな
この湯気の立ち具合、８２℃だな
秀隆
秀隆
凄いですね。見ただけで温度が分かるんですか？
凄いですね。見ただけで温度が分かるんですか？
恭一
恭一
分かるわけないだろ。オレはロボットか何かかよ
分かるわけないだろ。オレはロボットか何かかよ
秀隆
秀隆
え、いや、だって凄く自信満々に答えたので……
え、いや、だって凄く自信満々に答えたので……
恋
恋
恭一さん相手に真面目だと、凄く疲れると思います。嘘ばっかりですから
恭一さん相手に真面目だと、凄く疲れると思います。嘘ばっかりですから
恭一
恭一
相手を信じる気持ちを失ったら、人間おしまいだぜ？
相手を信じる気持ちを失ったら、人間おしまいだぜ？
恋
恋
最初に信じる気持ちを失わせたのは誰ですか……
最初に信じる気持ちを失わせたのは誰ですか……
恭一
恭一
ありがたく頂くぜ
ありがたく頂くぜ
秀隆
秀隆
高いものじゃないですが、味は保証しますよ
高いものじゃないですが、味は保証しますよ
恭一
恭一
ずず……
ずず……
熱ッ！
熱ッ！
恭一
恭一
こんな熱いもん飲めるか！
こんな熱いもん飲めるか！
秀隆
秀隆
…………
…………
恭一
恭一
ちっ、面白いボケも出来ないのか
ちっ、面白いボケも出来ないのか
秀隆
秀隆
なんていうか、いつお会いしても凄い人ですよね
なんていうか、いつお会いしても凄い人ですよね
恋
恋
本当に申し訳御座いません……
本当に申し訳御座いません……
恭一
恭一
で、どういう恨みを持たれて刺されたんだ？
で、どういう恨みを持たれて刺されたんだ？
秀隆
秀隆
前触れもなく話を変えましたね……
前触れもなく話を変えましたね……
恭一
恭一
コーヒーの熱い熱くないで時間を取るほど、オレは愚かじゃない
コーヒーの熱い熱くないで時間を取るほど、オレは愚かじゃない
恋
恋
その話題を出したのは恭一さんです
その話題を出したのは恭一さんです
恭一
恭一
外野は黙ってろ
外野は黙ってろ
恋
恋
い、一番の外野はあなたですっ！
い、一番の外野はあなたですっ！
秀隆
秀隆
あの、喧嘩しないでくださいっ
あの、喧嘩しないでくださいっ
秀隆
秀隆
実は、刺された原因は分かってないんです
実は、刺された原因は分かってないんです
恋
恋
もしかして犯人はまだ？
もしかして犯人はまだ？
秀隆
秀隆
ええ。つかまっていません。それどころか、手がかりもなくて
ええ。つかまっていません。それどころか、手がかりもなくて
キズナ
キズナ
私とひーくんで、今犯人さんを探しているところなんです
私とひーくんで、今犯人さんを探しているところなんです
恋
恋
探すって……
探すって……
秀隆
秀隆
危ないので、オレ個人的には反対なんですけど
危ないので、オレ個人的には反対なんですけど
キズナ
キズナ
ひーくんより私のほうが強いんです
ひーくんより私のほうが強いんです
恋
恋
そうなんですか？　それは頼もしいですね
そうなんですか？　それは頼もしいですね
秀隆
秀隆
いや、ほんとに強かったりするんです。こう見えて
いや、ほんとに強かったりするんです。こう見えて
恋
恋
キズナちゃんが、ですか
キズナちゃんが、ですか
秀隆
秀隆
はい。この間も凶悪な犯人を一人で捕まえたんです
はい。この間も凶悪な犯人を一人で捕まえたんです
キズナ
キズナ
てへへ
てへへ
秀隆
秀隆
もしかしたら、恭一さんが鍛えていたのかも知れませんね
もしかしたら、恭一さんが鍛えていたのかも知れませんね
秀隆
秀隆
恭一さんも凄く強いですし
恭一さんも凄く強いですし
恭一
恭一
さあな
さあな
キズナ
キズナ
こう、人間の本能っていうんでしょうか？
こう、人間の本能っていうんでしょうか？
強い人と対面するとワクワクしちゃいますよね
強い人と対面するとワクワクしちゃいますよね
秀隆
秀隆
それ、本来は男の本能だと思うけどな
それ、本来は男の本能だと思うけどな
キズナ
キズナ
きょーくん、良かったら私と勝負しませんかっ
きょーくん、良かったら私と勝負しませんかっ
恭一
恭一
金くれるのか？
金くれるのか？
キズナ
キズナ
お金はありませんけど……ダメですか？
お金はありませんけど……ダメですか？
恭一
恭一
面倒臭ぇ
面倒臭ぇ
恭一
恭一
それに、おまえみたいなガキを相手にしても仕方ない
それに、おまえみたいなガキを相手にしても仕方ない
キズナ
キズナ
あらら、振られちゃいました
あらら、振られちゃいました
キズナ
キズナ
結構いい勝負できると思ったんですけど
結構いい勝負できると思ったんですけど
恋
恋
スキンシップ、じゃないですけど。軽く相手して上げたらどうですか？
スキンシップ、じゃないですけど。軽く相手して上げたらどうですか？
恋
恋
もちろん怪我を負わせない範囲で、ですけど
もちろん怪我を負わせない範囲で、ですけど
秀隆
秀隆
組み手みたいな感じですね
組み手みたいな感じですね
恋
恋
はい。凄くいいと思います
はい。凄くいいと思います
恭一
恭一
面倒だって言ってるだろ
面倒だって言ってるだろ
キズナ
キズナ
あ、無理にとは言いませんから。大丈夫です
あ、無理にとは言いませんから。大丈夫です
秀隆
秀隆
あの……少しお聞きしてもよろしいですか
あの……少しお聞きしてもよろしいですか
恋
恋
はい。なんですか？
はい。なんですか？
秀隆
秀隆
実はここにいるアクセラは、普通のアンドロイドではないんです
実はここにいるアクセラは、普通のアンドロイドではないんです
恋
恋
えっと、すみません、よくわからないんですが
えっと、すみません、よくわからないんですが
秀隆
秀隆
アクセラは違法アンドロイドなんです
アクセラは違法アンドロイドなんです
恋
恋
違法アンドロイド……ですか
違法アンドロイド……ですか
恭一
恭一
要は穴があるってことか
要は穴があるってことか
キズナ
キズナ
あな？
あな？
秀隆
秀隆
あぁえっと、その……まあ、そう言うのもそうですが
あぁえっと、その……まあ、そう言うのもそうですが
恋
恋
どういうことですか？
どういうことですか？
恭一
恭一
セックスできるアンドロイドってことだ
セックスできるアンドロイドってことだ
キズナ
キズナ
お、おぉ……
お、おぉ……
恋
恋
なっ！？　なんてこと言うんですかっ！
なっ！？　なんてこと言うんですかっ！
恭一
恭一
事実だ
事実だ
秀隆
秀隆
恭一さんの言ってることは、当たってます。
恭一さんの言ってることは、当たってます。
通常のアンドロイドにはそう言う機能がありませんから
通常のアンドロイドにはそう言う機能がありませんから
恭一
恭一
人間と変わらない締まり具合だから、今度試してみろ
人間と変わらない締まり具合だから、今度試してみろ
アクセラ
アクセラ
ああ、主に開発されてしまうんですね、私は……
ああ、主に開発されてしまうんですね、私は……
恭一
恭一
中々ノリの分かるアンドロイドだな
中々ノリの分かるアンドロイドだな
アクセラ
アクセラ
ありがとうございます
ありがとうございます
恋
恋
それで、その、それは大丈夫なのですか？　違法なんですよね？
それで、その、それは大丈夫なのですか？　違法なんですよね？
秀隆
秀隆
はい。倉屋敷社長じきじきに許可を頂いています
はい。倉屋敷社長じきじきに許可を頂いています
秀隆
秀隆
本題は、アクセラ自体ではなく違法アンドロイド全体のことです
本題は、アクセラ自体ではなく違法アンドロイド全体のことです
秀隆
秀隆
ホープタウンとドリームタウンには、
ホープタウンとドリームタウンには、
人間に紛れ込み情報を収集、あるいは凶悪行為を行うアンドロイドがいると思われます
人間に紛れ込み情報を収集、あるいは凶悪行為を行うアンドロイドがいると思われます
秀隆
秀隆
恐らく、以前はアクセラも利用されていた、と推測しています
恐らく、以前はアクセラも利用されていた、と推測しています
恋
恋
今は違うんですよね？
今は違うんですよね？
秀隆
秀隆
もちろんです
もちろんです
恋
恋
私初めて聞きました。違法アンドロイドのお話なんて……
私初めて聞きました。違法アンドロイドのお話なんて……
恋
恋
恭一さんは知ってましたか？
恭一さんは知ってましたか？
恭一
恭一
ただのセックスできる機械だと思ってた
ただのセックスできる機械だと思ってた
恋
恋
わざと下品な言い方しないでくださいっ
わざと下品な言い方しないでくださいっ
恭一
恭一
セックスが下品だってのか？　おまえも、こいつも親のセックスで産まれて来ただろ
セックスが下品だってのか？　おまえも、こいつも親のセックスで産まれて来ただろ
恋
恋
せ、せめて愛を育むとか、そう言う言い方をですね……
せ、せめて愛を育むとか、そう言う言い方をですね……
恭一
恭一
何が違うんだか
何が違うんだか
恭一
恭一
今その話をするってことは、
今その話をするってことは、
おまえは違法アンドロイドにやられたってことか？
おまえは違法アンドロイドにやられたってことか？
秀隆
秀隆
可能性はあると思います
可能性はあると思います
秀隆
秀隆
事実オレは、違法アンドロイドの調査を行っていました
事実オレは、違法アンドロイドの調査を行っていました
恭一
恭一
はぁん
はぁん
秀隆
秀隆
もし恭一さんや恋さんが知っていることがあれば、
もし恭一さんや恋さんが知っていることがあれば、
情報を共有したいと思いお話してみたんです
情報を共有したいと思いお話してみたんです
恭一
恭一
生憎とオレは目覚めて時間も浅い。覚えがないな。なあ？
生憎とオレは目覚めて時間も浅い。覚えがないな。なあ？
恋
恋
私もアンドロイドのことはさっぱりで……すみません
私もアンドロイドのことはさっぱりで……すみません
秀隆
秀隆
謝らないでください。知らなくて当然です
謝らないでください。知らなくて当然です
恋
恋
なんだか物騒ですね、違法アンドロイドだなんて
なんだか物騒ですね、違法アンドロイドだなんて
秀隆
秀隆
だからこそ、一日も早く解決する必要があると思っています
だからこそ、一日も早く解決する必要があると思っています
恋
恋
では、高坂特務官の方にも話を聞いてみます。
では、高坂特務官の方にも話を聞いてみます。
もしかしたら何かご存知かも知れません
もしかしたら何かご存知かも知れません
秀隆
秀隆
それは無駄でしょう
それは無駄でしょう
恋
恋
もしかして、既にお尋ねになられましたか？
もしかして、既にお尋ねになられましたか？
秀隆
秀隆
そうなんです。なので、もう一度聞いても失礼かと思いますし
そうなんです。なので、もう一度聞いても失礼かと思いますし
恭一
恭一
おまえは調べてどうするつもりだ？
おまえは調べてどうするつもりだ？
秀隆
秀隆
もちろん、違法な製造を中止させるつもりです
もちろん、違法な製造を中止させるつもりです
恭一
恭一
そうか
そうか
恋
恋
あ、恭一さん。そろそろおいとましましょう。時間が
あ、恭一さん。そろそろおいとましましょう。時間が
恭一
恭一
そのことなんだが
そのことなんだが
恋
恋
はい？
はい？
恭一
恭一
お前に黙ってたことがある
お前に黙ってたことがある
恋
恋
はい。なんでしょう？
はい。なんでしょう？
恭一
恭一
ホープタウンについてすぐ、オレが踊りながら奇声を上げたのは知ってるよな？
ホープタウンについてすぐ、オレが踊りながら奇声を上げたのは知ってるよな？
恋
恋
……あれは最低でした
……あれは最低でした
秀隆
秀隆
踊りながら奇声をあげたんですか……
踊りながら奇声をあげたんですか……
恭一
恭一
もちろん意味もなくな
もちろん意味もなくな
秀隆
秀隆
は、はぁ……
は、はぁ……
恭一
恭一
その時にＩＤカードを落とした。つまり失くしたってことだな
その時にＩＤカードを落とした。つまり失くしたってことだな
恋
恋
え、
え、
ええええっ！？
ええええっ！？
秀隆
秀隆
マジですか……
マジですか……
キズナ
キズナ
そんなに慌てることなんですか？
そんなに慌てることなんですか？
再発行とか、そう言うことしてもらえないんでしょうか
再発行とか、そう言うことしてもらえないんでしょうか
アクセラ
アクセラ
可能だと思われます。時には紛失されたり、あるいは壊されてしまう方もいるので
可能だと思われます。時には紛失されたり、あるいは壊されてしまう方もいるので
秀隆
秀隆
恭一さんの場合は、そうも行かないんじゃないですか……？
恭一さんの場合は、そうも行かないんじゃないですか……？
秀隆
秀隆
いや、そもそも恭一さんのＩＤって、存在しないはずですよね
いや、そもそも恭一さんのＩＤって、存在しないはずですよね
秀隆
秀隆
前回と今回、どうやってホープタウンに？
前回と今回、どうやってホープタウンに？
恋
恋
それは……
それは……
恭一
恭一
実在する特務官のＩＤを利用してんだよ
実在する特務官のＩＤを利用してんだよ
秀隆
秀隆
なるほど……まぁ、それしかありませんよね
なるほど……まぁ、それしかありませんよね
秀隆
秀隆
再発行となると、顔写真から指紋など、様々なチェックも必要になります
再発行となると、顔写真から指紋など、様々なチェックも必要になります
恋
恋
ど、どうしましょう……
ど、どうしましょう……
秀隆
秀隆
大河内代表に連絡するしかありませんね。
大河内代表に連絡するしかありませんね。
ホープタウンへ渡航した記録があるのに、紛失したと本人がドリームタウンへ再発行を申し出ることも出来ませんし
ホープタウンへ渡航した記録があるのに、紛失したと本人がドリームタウンへ再発行を申し出ることも出来ませんし
秀隆
秀隆
裏で手を回して、届けてもらうしかないでしょう
裏で手を回して、届けてもらうしかないでしょう
恋
恋
どうして大切なものだって分かってるのに失くすんですか……！
どうして大切なものだって分かってるのに失くすんですか……！
恭一
恭一
大切なものほど失くしやすい。昔の記憶のようにな
大切なものほど失くしやすい。昔の記憶のようにな
恋
恋
ちょっと綺麗にまとめないでください！
ちょっと綺麗にまとめないでください！
恭一
恭一
いいだろ、まとめても。それに失くしたことを責め続けても仕方ない
いいだろ、まとめても。それに失くしたことを責め続けても仕方ない
恭一
恭一
今はどう対応するか、それを問われている。そうだろ？
今はどう対応するか、それを問われている。そうだろ？
秀隆
秀隆
自分が悪いはずなのに、このふてぶてしさ……さすがですね
自分が悪いはずなのに、このふてぶてしさ……さすがですね
恭一
恭一
島津の案は採用してもいいだろう。
島津の案は採用してもいいだろう。
おっさんに連絡して本人をホープタウンに来させろ
おっさんに連絡して本人をホープタウンに来させろ
恭一
恭一
ま、おっさんに言えば上手くやるだろ
ま、おっさんに言えば上手くやるだろ
恋
恋
ご自分の責任なんですから、自分で連絡してくださいよ
ご自分の責任なんですから、自分で連絡してくださいよ
恭一
恭一
おまえの監督不行き届きって伝えるぞ？
おまえの監督不行き届きって伝えるぞ？
恋
恋
脅しじゃないですか……
脅しじゃないですか……
恭一
恭一
やれやれ。わかった、オレがメールすればいいんだろ
やれやれ。わかった、オレがメールすればいいんだろ
恋
恋
当然です
当然です
恭一
恭一
ＩＤ失くした、すぐ変わりよこせ』と
ＩＤ失くした、すぐ変わりよこせ』と
オレのブラフのメールを打つ。
オレのブラフのメールを打つ。
実際はＩＤを失くしてなどいない。
実際はＩＤを失くしてなどいない。
恭一
恭一
返事がいつあるかはわからないが、
返事がいつあるかはわからないが、
何にせよ今日帰るのは難しいだろうな
何にせよ今日帰るのは難しいだろうな
恋
恋
ホープタウンって、確かＩＤがないとホテルって泊まれません、よね？
ホープタウンって、確かＩＤがないとホテルって泊まれません、よね？
秀隆
秀隆
はい。施設の利用には必ずＩＤが必要になります
はい。施設の利用には必ずＩＤが必要になります
恋
恋
……の、野宿？
……の、野宿？
恭一
恭一
いいのかよ、ここに泊めてもらって。悪いな
いいのかよ、ここに泊めてもらって。悪いな
秀隆
秀隆
一言も言ってないですけど……
一言も言ってないですけど……
家でよかったら泊まって行きますか？
家でよかったら泊まって行きますか？
恋
恋
そんな。恭一さんが多大なるご迷惑をおかけすることに
そんな。恭一さんが多大なるご迷惑をおかけすることに
なりますし……
なりますし……
キズナ
キズナ
ぜひ泊まっていって下さい。きょーくんも、れんれんも
ぜひ泊まっていって下さい。きょーくんも、れんれんも
秀隆
秀隆
オレが刺されたからってわけじゃないですが、
オレが刺されたからってわけじゃないですが、
今は外も物騒です。無理しないほうがいいと思います
今は外も物騒です。無理しないほうがいいと思います
恭一
恭一
こういってるんだ、お言葉に甘えたらどうだ？
こういってるんだ、お言葉に甘えたらどうだ？
恋
恋
……ご迷惑おかけします
……ご迷惑おかけします
秀隆
秀隆
困った時はお互い様ですし、オレはお二人に借りを作っていますから
困った時はお互い様ですし、オレはお二人に借りを作っていますから
恋
恋
え？　借りなんて、そんなのありましたか？
え？　借りなんて、そんなのありましたか？
秀隆
秀隆
恭一さんを、無理やり倉屋敷に連れて行きましたし
恭一さんを、無理やり倉屋敷に連れて行きましたし
恭一
恭一
これで借りを返せたと思うなよ？
これで借りを返せたと思うなよ？
秀隆
秀隆
好きなだけ居てくれて大丈夫です
好きなだけ居てくれて大丈夫です
秀隆
秀隆
良かったら、恭一さんオレの部屋で寝ます？
良かったら、恭一さんオレの部屋で寝ます？
恭一
恭一
なんだ、オレに掘られたいのか？
なんだ、オレに掘られたいのか？
秀隆
秀隆
いや、あのオレはノーマルなので……（多分）
いや、あのオレはノーマルなので……（多分）
秀隆
秀隆
自分はリビングを使いますから
自分はリビングを使いますから
恋
恋
いけません島津さん。恭一さんはお世話になる身ですから。
いけません島津さん。恭一さんはお世話になる身ですから。
リビングでもトイレでも好きなところで寝かせます
リビングでもトイレでも好きなところで寝かせます
秀隆
秀隆
折角のお客さんですから。遠慮しないで大丈夫ですよ
折角のお客さんですから。遠慮しないで大丈夫ですよ
恭一
恭一
よし、じゃあオレはお前の部屋で寝ることにしよう
よし、じゃあオレはお前の部屋で寝ることにしよう
恋
恋
こんな風に、遠慮なんてしない人ですよ？
こんな風に、遠慮なんてしない人ですよ？
秀隆
秀隆
それくらい堂々とされてる方が、むしろいいですよ
それくらい堂々とされてる方が、むしろいいですよ
恭一
恭一
みたか？　恋。これがお客様をもてなす心というやつだ
みたか？　恋。これがお客様をもてなす心というやつだ
恭一
恭一
それに比べてお前の心の狭いこと狭いこと
それに比べてお前の心の狭いこと狭いこと
恋
恋
島津さんが優しいだけです。調子に乗らないでください
島津さんが優しいだけです。調子に乗らないでください
秀隆
秀隆
ここがオレの部屋です
ここがオレの部屋です
恭一
恭一
思ったよりも片付いてるみたいだな。で、本はどこだ
思ったよりも片付いてるみたいだな。で、本はどこだ
秀隆
秀隆
本ですか？　いえ、家には殆ど無いですけど。
本ですか？　いえ、家には殆ど無いですけど。
強いて言うならこれくらいですかね
強いて言うならこれくらいですかね
恭一
恭一
これでも無いよりはマシだ
これでも無いよりはマシだ
恭一
恭一
じゃあな
じゃあな
秀隆
秀隆
恭一さんは自分に正直というか、真っ直ぐすぎると言うか……
恭一さんは自分に正直というか、真っ直ぐすぎると言うか……
秀隆
秀隆
恭一さ
恭一さ
秀隆
秀隆
あの？
あの？
恭一
恭一
聞こえてる。なんだ？
聞こえてる。なんだ？
秀隆
秀隆
本当に本が好きなんですね。そう言うのでも面白いんですか？
本当に本が好きなんですね。そう言うのでも面白いんですか？
恭一
恭一
面白いから読んでる
面白いから読んでる
秀隆
秀隆
…………
…………
秀隆
秀隆
良かったら、お酒でも飲まないかなと思いまして
良かったら、お酒でも飲まないかなと思いまして
恭一
恭一
オレは男と熱く語り合って酒を飲む趣味は無いけどな
オレは男と熱く語り合って酒を飲む趣味は無いけどな
恭一
恭一
酒そのものは嫌いじゃない
酒そのものは嫌いじゃない
秀隆
秀隆
熱く語り合いたい、なんてことまでは言いませんけど、
熱く語り合いたい、なんてことまでは言いませんけど、
普段恭一さんとお会いする機会も殆どないので、
普段恭一さんとお会いする機会も殆どないので、
良かったら少しだけ話をしても構いませんか？
良かったら少しだけ話をしても構いませんか？
恭一
恭一
好きにしろ。おまえが、オレに聞きたいと思うことがあっても
好きにしろ。おまえが、オレに聞きたいと思うことがあっても
驚きはしない
驚きはしない
恭一
恭一
特務官として地上の情報を探ってるだろうからな
特務官として地上の情報を探ってるだろうからな
秀隆
秀隆
もちろん、特務官としての責務もあります。
もちろん、特務官としての責務もあります。
ですが実際には個人的な感情の方が多くを占めていますから
ですが実際には個人的な感情の方が多くを占めていますから
秀隆
秀隆
キズナと出会ったことで、地上という存在を、強く意識するようになりました
キズナと出会ったことで、地上という存在を、強く意識するようになりました
秀隆
秀隆
生きてきた２０年以上の中で、
生きてきた２０年以上の中で、
地上のことをこれだけ考えたのは初めてです
地上のことをこれだけ考えたのは初めてです
恭一
恭一
前にも言ったが、オレには記憶がない。
前にも言ったが、オレには記憶がない。
地上と言う存在に関して話せる部分は無いといってもいい
地上と言う存在に関して話せる部分は無いといってもいい
恭一
恭一
それこそ、キズナってガキと同等の知識がいいところだ
それこそ、キズナってガキと同等の知識がいいところだ
秀隆
秀隆
恭一さん以外の、生き残りはいなかったんですか
恭一さん以外の、生き残りはいなかったんですか
恭一
恭一
居た。だが全員これだ
居た。だが全員これだ
オレはクルクルと指を使い教える。
オレはクルクルと指を使い教える。
恭一
恭一
地上のことを探るんなら、別の方向から攻めたほうが効率的だろう
地上のことを探るんなら、別の方向から攻めたほうが効率的だろう
秀隆
秀隆
別方向、ですか
別方向、ですか
恭一
恭一
地上の生き残りから、地上のことなんざ何も分からないってことだ
地上の生き残りから、地上のことなんざ何も分からないってことだ
恭一
恭一
仮に記憶を持っていたところで、それほど大きな差はない
仮に記憶を持っていたところで、それほど大きな差はない
恭一
恭一
この地下に至ったルーツを探った方が、よっぽど意味がある
この地下に至ったルーツを探った方が、よっぽど意味がある
秀隆
秀隆
恭一さんやキズナには、特別な価値はないってことですか
恭一さんやキズナには、特別な価値はないってことですか
恭一
恭一
ただの記憶を失くした人間。それだけだ
ただの記憶を失くした人間。それだけだ
恭一
恭一
あのチビだって、オレをすぐに返した。違うか？
あのチビだって、オレをすぐに返した。違うか？
秀隆
秀隆
……そうですね
……そうですね
秀隆
秀隆
地上への興味はありますか？
地上への興味はありますか？
恭一
恭一
そこそこな。だが、今は他に面白いものもある
そこそこな。だが、今は他に面白いものもある
秀隆
秀隆
面白いもの、ですか
面白いもの、ですか
恭一
恭一
この本のように、得られる知識が山ほどある。
この本のように、得られる知識が山ほどある。
地上がどうこう言う前に、まずはこの地下世界の把握が先だな
地上がどうこう言う前に、まずはこの地下世界の把握が先だな
秀隆
秀隆
なるほど……言われてみればそうかも知れませんね
なるほど……言われてみればそうかも知れませんね
恭一
恭一
記憶がないことで、知識が湯水のように脳に染み込んで来るのさ
記憶がないことで、知識が湯水のように脳に染み込んで来るのさ
秀隆
秀隆
記憶が無いことを楽しんでるみたいですね
記憶が無いことを楽しんでるみたいですね
恭一
恭一
戻るはずも無い記憶だ。嘆いたところでどうにもならないだろ
戻るはずも無い記憶だ。嘆いたところでどうにもならないだろ
恭一
恭一
それに未来の酒ってのも、中々どうして悪くない。
それに未来の酒ってのも、中々どうして悪くない。
飲んだこともない酒を味わえるのも、人生の楽しみだと思わないか？
飲んだこともない酒を味わえるのも、人生の楽しみだと思わないか？
秀隆
秀隆
そうですね……
そうですね……
秀隆
秀隆
今日、あなたと会えたのは幸運だったかも知れません
今日、あなたと会えたのは幸運だったかも知れません
恭一
恭一
あ？
あ？
秀隆
秀隆
ひとつ、恭一さんにご報告しておきたいことがあったんです
ひとつ、恭一さんにご報告しておきたいことがあったんです
恭一
恭一
言って見ろ
言って見ろ
秀隆
秀隆
オレは……あなたの娘さんであるキズナさんと、
オレは……あなたの娘さんであるキズナさんと、
お付き合いさせていただくことになりました
お付き合いさせていただくことになりました
恭一
恭一
つまり？
つまり？
秀隆
秀隆
お互いに、告白しあった、ってことです
お互いに、告白しあった、ってことです
恭一
恭一
そうじゃない。それをオレに伝えて何の意味がある？
そうじゃない。それをオレに伝えて何の意味がある？
秀隆
秀隆
どんな経緯にせよ、恭一さんが父親であることは事実です。
どんな経緯にせよ、恭一さんが父親であることは事実です。
なら、オレは説明をして責務を果たす必要があると考えます
なら、オレは説明をして責務を果たす必要があると考えます
恭一
恭一
ならそのルールに乗っ取って、オレは反対すればいいのか？
ならそのルールに乗っ取って、オレは反対すればいいのか？
恭一
恭一
娘はやらないと言えば、それに従うのか？
娘はやらないと言えば、それに従うのか？
秀隆
秀隆
……いえ。その場合は納得していただけるように
……いえ。その場合は納得していただけるように
恭一
恭一
ならオレを倒したら許可してやるよ
ならオレを倒したら許可してやるよ
秀隆
秀隆
う……
う……
恭一
恭一
そう言われたら一生無理だろ？
そう言われたら一生無理だろ？
恭一
恭一
オレにとって、あいつは娘でも何でもない。赤の他人だ
オレにとって、あいつは娘でも何でもない。赤の他人だ
秀隆
秀隆
……それは……
……それは……
恭一
恭一
キズナのことを思って、オレに話を持ってきたんだろうが、
キズナのことを思って、オレに話を持ってきたんだろうが、
余計なことをする必要はない。それが、あいつ自身の考えでもある
余計なことをする必要はない。それが、あいつ自身の考えでもある
秀隆
秀隆
……分かりました
……分かりました
…………。
…………。
……。
……。
