秀隆
秀隆
おはようございます
おはようございます
警備員３
警備員３
また来たのか……あんたも、つくづく暇だね
また来たのか……あんたも、つくづく暇だね
秀隆
秀隆
今のオレには、これしか出来ませんから
今のオレには、これしか出来ませんから
警備員３
警備員３
全く……知らないよ、どうなっても
全く……知らないよ、どうなっても
秀隆
秀隆
はい。自分のことは自分で責任を取ります
はい。自分のことは自分で責任を取ります
警備員さんはため息をつくと、無線を片手に取った。
警備員さんはため息をつくと、無線を片手に取った。
警備員３
警備員３
ユウキを呼んでくれ
ユウキを呼んでくれ
秀隆
秀隆
あ、あの？
あ、あの？
警備員３
警備員３
ずっと粘られて、また自殺者を出したらかなわん
ずっと粘られて、また自殺者を出したらかなわん
それだけ言うと、警備員さんは離れていった。
それだけ言うと、警備員さんは離れていった。
程なくして、倉屋敷ビルからユウキが出てくる。
程なくして、倉屋敷ビルからユウキが出てくる。
ユウキ
ユウキ
おまえ、本当にずっとゲート前に居座ってるんだって？
おまえ、本当にずっとゲート前に居座ってるんだって？
秀隆
秀隆
おう……すまん
おう……すまん
ユウキ
ユウキ
なんで俺に言ってくれないんだよ。冷たいじゃん
なんで俺に言ってくれないんだよ。冷たいじゃん
秀隆
秀隆
いや、ユウキには先日、社長に引き合わせてもらったし……
いや、ユウキには先日、社長に引き合わせてもらったし……
秀隆
秀隆
それに、もう連れてくるなって怒られてたろ？
それに、もう連れてくるなって怒られてたろ？
ユウキ
ユウキ
そうだけどさ、もっと頼ってくれていいんだぜ？
そうだけどさ、もっと頼ってくれていいんだぜ？
ユウキ
ユウキ
……和葉ちんに会わせようか？
……和葉ちんに会わせようか？
秀隆
秀隆
でも
でも
ユウキ
ユウキ
言っとくけど、ここでどれだけ粘っても和葉ちんには会えないぜ？
言っとくけど、ここでどれだけ粘っても和葉ちんには会えないぜ？
ユウキ
ユウキ
詳しいことはわかんねぇけど、時間を無駄にしてもいいのか？
詳しいことはわかんねぇけど、時間を無駄にしてもいいのか？
秀隆
秀隆
それは、良くない……
それは、良くない……
ユウキ
ユウキ
だったら。ほら、行こうぜ？
だったら。ほら、行こうぜ？
秀隆
秀隆
……でも……おまえが酷い目に合わされるだろ
……でも……おまえが酷い目に合わされるだろ
ユウキ
ユウキ
それは否定、出来ない……正直リスクはあるな
それは否定、出来ない……正直リスクはあるな
秀隆
秀隆
だよな。なら、オレはおまえに頼るわけには行かない
だよな。なら、オレはおまえに頼るわけには行かない
ユウキ
ユウキ
見返り次第、ならいいぜ
見返り次第、ならいいぜ
秀隆
秀隆
見返り？
見返り？
ずいっとオレに詰め寄ってくる。
ずいっとオレに詰め寄ってくる。
ユウキ
ユウキ
また秋ちゃんに会わせること。それが条件だ
また秋ちゃんに会わせること。それが条件だ
秀隆
秀隆
は……？　そ、そんなことでいいのかよ
は……？　そ、そんなことでいいのかよ
ユウキ
ユウキ
俺にとっちゃ十分な見返りさ！
俺にとっちゃ十分な見返りさ！
秀隆
秀隆
わかった。約束する。なんなら彼氏候補として押してやるよ
わかった。約束する。なんなら彼氏候補として押してやるよ
ユウキ
ユウキ
マジで！？！？　そんなら１００回くらい和葉ちんに会わせるよ！
マジで！？！？　そんなら１００回くらい和葉ちんに会わせるよ！
秀隆
秀隆
い、いや、あの人と１００回会って話す自信はない……
い、いや、あの人と１００回会って話す自信はない……
ユウキ
ユウキ
それもそうか
それもそうか
ユウキとゲートをくぐると、
ユウキとゲートをくぐると、
警備員さんはやれやれといった風に笑った。
警備員さんはやれやれといった風に笑った。
秀隆
秀隆
でも、あれだぞ？　秋ってそんなに可愛くないぞ
でも、あれだぞ？　秋ってそんなに可愛くないぞ
ユウキ
ユウキ
いやいやいや、十分可愛いって
いやいやいや、十分可愛いって
秀隆
秀隆
そうかね……ま、ユウキがいいならいいけど
そうかね……ま、ユウキがいいならいいけど
ユウキ
ユウキ
なんだよ、秋ちゃん嫌いなのか？
なんだよ、秋ちゃん嫌いなのか？
秀隆
秀隆
まあ……どうだろうな
まあ……どうだろうな
ユウキ
ユウキ
なんだそりゃ
なんだそりゃ
堂々と嫌い、なんて言うと角が立ちそうだからな。
堂々と嫌い、なんて言うと角が立ちそうだからな。
秀隆
秀隆
何でもいいや。とりあえず、秋で良ければ引き合わせる
何でもいいや。とりあえず、秋で良ければ引き合わせる
ユウキ
ユウキ
楽しみだなぁ
楽しみだなぁ
秀隆
秀隆
ふぅ……
ふぅ……
心拍数が上がってきた。
心拍数が上がってきた。
もう、失敗は許されない。
もう、失敗は許されない。
秀隆
秀隆
失礼します
失礼します
室内に入ると、倉屋敷社長は椅子に座って本を読んでいた。
室内に入ると、倉屋敷社長は椅子に座って本を読んでいた。
和葉
和葉
なにあんた？
なにあんた？
秀隆
秀隆
先日お邪魔した、島津です
先日お邪魔した、島津です
和葉
和葉
……あぁ。何性懲りも無く来てんの、帰ってくれない？
……あぁ。何性懲りも無く来てんの、帰ってくれない？
和葉
和葉
つかユウキ、あんたに釘刺したつもりだったけど
つかユウキ、あんたに釘刺したつもりだったけど
ユウキ
ユウキ
どうしても、放っておけなくてさ
どうしても、放っておけなくてさ
和葉
和葉
ふざけんじゃないわよ
ふざけんじゃないわよ
ユウキ
ユウキ
俺の友達なんだ、話を聞いてやってくれない？　頼むよ
俺の友達なんだ、話を聞いてやってくれない？　頼むよ
和葉
和葉
くっだらない……
くっだらない……
秀隆
秀隆
どうしても聞いていただきたい話があるんです
どうしても聞いていただきたい話があるんです
和葉
和葉
あたしは興味ない
あたしは興味ない
和葉
和葉
これ以上居座るつもりなら、こっちも対応考えんよ？
これ以上居座るつもりなら、こっちも対応考えんよ？
強烈なにらみを利かせてくる。
強烈なにらみを利かせてくる。
だが、今回は引くわけにはいかない。
だが、今回は引くわけにはいかない。
秀隆
秀隆
納得のいかないことがあるんです
納得のいかないことがあるんです
和葉
和葉
あたしはあんたの存在に納得がいかない
あたしはあんたの存在に納得がいかない
無視をするつもりなのか、作業を再開した。
無視をするつもりなのか、作業を再開した。
秀隆
秀隆
今話題になってる片桐食糧プラントの食品についてです
今話題になってる片桐食糧プラントの食品についてです
和葉
和葉
…………
…………
どうやら、本当に聞き流すつもりらしい。
どうやら、本当に聞き流すつもりらしい。
秀隆
秀隆
従来の３倍の成長速度で、非常に話題を集めています。
従来の３倍の成長速度で、非常に話題を集めています。
恐らく倉屋敷社長の耳にも入っていると思いますが
恐らく倉屋敷社長の耳にも入っていると思いますが
秀隆
秀隆
そのプラントの関係者から、聞いたんです
そのプラントの関係者から、聞いたんです
秀隆
秀隆
その食品には『問題』があると
その食品には『問題』があると
秀隆
秀隆
通常の３倍で成長をする、それは素晴らしいことだと思います
通常の３倍で成長をする、それは素晴らしいことだと思います
秀隆
秀隆
人間にとって最も大切なものが
人間にとって最も大切なものが
食糧』の確保と言っても過言じゃないでしょう
食糧』の確保と言っても過言じゃないでしょう
秀隆
秀隆
でも、だからこそ、その食糧については敏感でなければならない
でも、だからこそ、その食糧については敏感でなければならない
秀隆
秀隆
安全でなければ、意味がないからです
安全でなければ、意味がないからです
和葉
和葉
あ～もう、うっとうしい！
あ～もう、うっとうしい！
se投げる（「ぶんっ」）0
se投げる（「ぶんっ」）0
ぶんっ！
ぶんっ！
秀隆
秀隆
うおっ！？
うおっ！？
seガラス割れる2
seガラス割れる2
思い切り金属の部品を投げつけられた。
思い切り金属の部品を投げつけられた。
後ろの方でガラスの割れる音。
後ろの方でガラスの割れる音。
秀隆
秀隆
直撃してたら病院送りッスよ……！？
直撃してたら病院送りッスよ……！？
和葉
和葉
ここで死んでも、完璧に隠蔽してやるから安心しな
ここで死んでも、完璧に隠蔽してやるから安心しな
秀隆
秀隆
物騒です……！
物騒です……！
和葉
和葉
徹底管理してるなら問題ないでしょ。
徹底管理してるなら問題ないでしょ。
問題があるんだったら、指摘してくれるっての
問題があるんだったら、指摘してくれるっての
秀隆
秀隆
そうじゃないから言ってるんです
そうじゃないから言ってるんです
和葉
和葉
はぁ？
はぁ？
秀隆
秀隆
これは、今からお話することは、特務官の意見ではないです
これは、今からお話することは、特務官の意見ではないです
秀隆
秀隆
あくまで私個人の意見として聞いてください
あくまで私個人の意見として聞いてください
和葉
和葉
特務だろうが個人だろうが、聞かない
特務だろうが個人だろうが、聞かない
秀隆
秀隆
いえ、聞いてください！
いえ、聞いてください！
se机を強く叩く3
se机を強く叩く3
オレは机を強く叩いた。
オレは机を強く叩いた。
社長は蛇も逃げ出すほどの睨みをきかせてくる。
社長は蛇も逃げ出すほどの睨みをきかせてくる。
秀隆
秀隆
聞いて、それでもどうでもいい、って言うなら……
聞いて、それでもどうでもいい、って言うなら……
秀隆
秀隆
その時は２度とここに来ませんから
その時は２度とここに来ませんから
和葉
和葉
はんっ
はんっ
倉屋敷社長は椅子にもたれ、白衣のポケットに手を突っ込んだ。
倉屋敷社長は椅子にもたれ、白衣のポケットに手を突っ込んだ。
一応は聞いてくれる、ってことのようだ。
一応は聞いてくれる、ってことのようだ。
秀隆
秀隆
この片桐食糧プラントは……
この片桐食糧プラントは……
秀隆
秀隆
従来の検査には引っかからない、
従来の検査には引っかからない、
遺伝子組み換えを使って、栽培を行っています
遺伝子組み換えを使って、栽培を行っています
秀隆
秀隆
それも、人体に悪影響のある何かを使って……です
それも、人体に悪影響のある何かを使って……です
和葉
和葉
話にならないわね
話にならないわね
和葉
和葉
今街が管理してるデータベースは、
今街が管理してるデータベースは、
この地下都市における全ての歴史のデータを管理してる
この地下都市における全ての歴史のデータを管理してる
和葉
和葉
つまり、ありとあらゆる情報を持ってるってこと
つまり、ありとあらゆる情報を持ってるってこと
和葉
和葉
あんた言ってる意味わかってんの？
あんた言ってる意味わかってんの？
秀隆
秀隆
勿論です。片桐食糧プラントは、
勿論です。片桐食糧プラントは、
検査に引っかからない遺伝子組み換え食品』を開発したって
検査に引っかからない遺伝子組み換え食品』を開発したって
ことです
ことです
和葉
和葉
根拠は？
根拠は？
秀隆
秀隆
全くありません
全くありません
和葉
和葉
バカじゃない？
バカじゃない？
秀隆
秀隆
分かってます。正直、これは、オレ個人の暴走かもしれない
分かってます。正直、これは、オレ個人の暴走かもしれない
秀隆
秀隆
幾つかに検査を依頼しましたが、オールグリーンでした
幾つかに検査を依頼しましたが、オールグリーンでした
秀隆
秀隆
あくまでも、プラントで働く人物の証言が鍵です
あくまでも、プラントで働く人物の証言が鍵です
和葉
和葉
そんな話を鵜呑みにするバカはいない
そんな話を鵜呑みにするバカはいない
秀隆
秀隆
恐らく、オレの言ってることは、１％も信憑性がないです
恐らく、オレの言ってることは、１％も信憑性がないです
和葉
和葉
もっと低いだろうな
もっと低いだろうな
秀隆
秀隆
だとしても、０じゃないものを、放っておいていいんですか
だとしても、０じゃないものを、放っておいていいんですか
和葉
和葉
あたしの１時間は、あんたの人生よりも貴重なの
あたしの１時間は、あんたの人生よりも貴重なの
和葉
和葉
その可能性に付き合うにはリスクが大きすぎるっての
その可能性に付き合うにはリスクが大きすぎるっての
秀隆
秀隆
社長！
社長！
オレは、その場で座り込み土下座した。
オレは、その場で座り込み土下座した。
秀隆
秀隆
バカげていること、ふざけているように見えることは承知です！
バカげていること、ふざけているように見えることは承知です！
秀隆
秀隆
それでも、一度、一度だけ調べて貰えませんか！
それでも、一度、一度だけ調べて貰えませんか！
和葉
和葉
ふーっ……
ふーっ……
深いため息を吐く音が聞こえた。
深いため息を吐く音が聞こえた。
秀隆
秀隆
もし、もしも本当に人体に悪影響があるとしたら、
もし、もしも本当に人体に悪影響があるとしたら、
後に大惨事になることだって、ありえる話なんです！
後に大惨事になることだって、ありえる話なんです！
和葉
和葉
帰りな
帰りな
秀隆
秀隆
っ……
っ……
和葉
和葉
議論に値しない
議論に値しない
和葉
和葉
あんた、根本のところで、勘違いしてるんだよ
あんた、根本のところで、勘違いしてるんだよ
秀隆
秀隆
こん、ぽん……？
こん、ぽん……？
頭を上げると、倉屋敷社長はにやりと笑っていた。
頭を上げると、倉屋敷社長はにやりと笑っていた。
ただ、それは笑顔と言うよりも、凶悪な冷笑だった。
ただ、それは笑顔と言うよりも、凶悪な冷笑だった。
和葉
和葉
あんたの夢物語が本当だったとして、それがどうしたっての
あんたの夢物語が本当だったとして、それがどうしたっての
和葉
和葉
食った人間が病気になった、万一に死んだとして、だから？
食った人間が病気になった、万一に死んだとして、だから？
和葉
和葉
あたしは、あたしのこと以外に興味ない
あたしは、あたしのこと以外に興味ない
和葉
和葉
研究室の外で誰が苦しもうと、知ったことじゃないってわけ
研究室の外で誰が苦しもうと、知ったことじゃないってわけ
秀隆
秀隆
な……
な……
和葉
和葉
テメェの正義振りかざすのに、
テメェの正義振りかざすのに、
このあたしを巻き込んでんじゃねぇよ！
このあたしを巻き込んでんじゃねぇよ！
秀隆
秀隆
ぐっ！
ぐっ！
思い切り、腹を蹴り飛ばされた。
思い切り、腹を蹴り飛ばされた。
小さな身体とは思えない一発だった。
小さな身体とは思えない一発だった。
和葉
和葉
天才の時間は貴重なんだ。
天才の時間は貴重なんだ。
今すぐ消えないと、本当に殺すわよ
今すぐ消えないと、本当に殺すわよ
その目は、けして冗談なんかではなかった。
その目は、けして冗談なんかではなかった。
倉屋敷社長は、自分の１分１秒のために、オレの命を本気で消しかけない。
倉屋敷社長は、自分の１分１秒のために、オレの命を本気で消しかけない。
もう、引くしかない。
もう、引くしかない。
この人には何を言っても無駄だ。
この人には何を言っても無駄だ。
秀隆
秀隆
…………
…………
オレは立ち上がり、踵を
オレは立ち上がり、踵を
se平手うち (2
se平手うち (2
返すつもりが、手を出していた。
返すつもりが、手を出していた。
和葉
和葉
っ！？
っ！？
倉屋敷社長の頬を、平手打ち。
倉屋敷社長の頬を、平手打ち。
しまった、と思った次の瞬間に、オレは背後からの強烈な力に、
しまった、と思った次の瞬間に、オレは背後からの強烈な力に、
再び地面へと押し付けられた。
再び地面へと押し付けられた。
秀隆
秀隆
うぐ！？
うぐ！？
ユウキ
ユウキ
抵抗するな
抵抗するな
冷めた声だった。
冷めた声だった。
背筋がぞくりとするほどの、威圧。
背筋がぞくりとするほどの、威圧。
和葉
和葉
よくもまぁ……やってくれたな
よくもまぁ……やってくれたな
和葉
和葉
いやぁ、こんな大バカ、いたんだな
いやぁ、こんな大バカ、いたんだな
頭の上で、狂気を含んだ声が響く。
頭の上で、狂気を含んだ声が響く。
秀隆
秀隆
あ、いえ、あの、その……
あ、いえ、あの、その……
秀隆
秀隆
頬に、ですね、虫が止まっていたので……
頬に、ですね、虫が止まっていたので……
和葉
和葉
ユウキ。そいつの腕、折れ
ユウキ。そいつの腕、折れ
秀隆
秀隆
え、ちょ！？
え、ちょ！？
ユウキ
ユウキ
了解
了解
秀隆
秀隆
嘘だろ、なあ、ユウ―――！？
嘘だろ、なあ、ユウ―――！？
ぐっと腕を掴まれたかと思うと……。
ぐっと腕を掴まれたかと思うと……。
se腕を折られる（外される）
se腕を折られる（外される）
オレの腕は、一瞬にして、曲がってはいけない方向へと曲がった。
オレの腕は、一瞬にして、曲がってはいけない方向へと曲がった。
秀隆
秀隆
あが――――！？
あが――――！？
痛い、と言う言葉にすらならなかった。
痛い、と言う言葉にすらならなかった。
秀隆
秀隆
ず、ぐ、ぅああああ……！
ず、ぐ、ぅああああ……！
和葉
和葉
あたしは有言実行タイプでね。殺すと決めたら殺す
あたしは有言実行タイプでね。殺すと決めたら殺す
あぁあああ、やべえええ！！
あぁあああ、やべえええ！！
こりゃ、マジで殺される！？
こりゃ、マジで殺される！？
今からでも謝る、謝るしかねえじゃんよ！！
今からでも謝る、謝るしかねえじゃんよ！！
和葉
和葉
命乞いしろ。さもなくば手遅れになる
命乞いしろ。さもなくば手遅れになる
秀隆
秀隆
ご、ごめんな
ご、ごめんな
謝罪の言葉が出かけたが、ぎりぎりのところで止まる。
謝罪の言葉が出かけたが、ぎりぎりのところで止まる。
秀隆
秀隆
…………
…………
和葉
和葉
……あ？　何睨んでくれちゃってるわけ？
……あ？　何睨んでくれちゃってるわけ？
くいっと手でオレの顎を掴む。
くいっと手でオレの顎を掴む。
和葉
和葉
謝罪はどうした、謝罪は
謝罪はどうした、謝罪は
秀隆
秀隆
……謝りません……
……謝りません……
和葉
和葉
…………
…………
秀隆
秀隆
なにが……
なにが……
秀隆
秀隆
なにが、有言、実行、だ……
なにが、有言、実行、だ……
和葉
和葉
ふん。まだ無駄口叩く勇気あるってか
ふん。まだ無駄口叩く勇気あるってか
秀隆
秀隆
ただ……自信が、ないんだろ……
ただ……自信が、ないんだろ……
和葉
和葉
は？
は？
秀隆
秀隆
今まで見つかったことの無いものを、
今まで見つかったことの無いものを、
突きとめる自信が、ないんじゃねえの……？
突きとめる自信が、ないんじゃねえの……？
秀隆
秀隆
……だから聞く耳を持とうとしないんだよな？
……だから聞く耳を持とうとしないんだよな？
秀隆
秀隆
ま、専門分野じゃないから、仕方ないのかも知れないが
ま、専門分野じゃないから、仕方ないのかも知れないが
和葉
和葉
臭い挑発だ
臭い挑発だ
秀隆
秀隆
何でもいい、証明して見せろよ……
何でもいい、証明して見せろよ……
秀隆
秀隆
あんたが、本当に天才だってんなら……証明して見せてくれっ！
あんたが、本当に天才だってんなら……証明して見せてくれっ！
秀隆
秀隆
もし、それで異常がなければ、喜んであんたに殺されてやるよ！
もし、それで異常がなければ、喜んであんたに殺されてやるよ！
和葉
和葉
証明するまでもなく、あんたは殺す
証明するまでもなく、あんたは殺す
和葉
和葉
態度、言動、全てが許せないから
態度、言動、全てが許せないから
和葉
和葉
ユウキ、そいつの首、折れ
ユウキ、そいつの首、折れ
se首を絞められる0
se首を絞められる0
秀隆
秀隆
くっ！
くっ！
和葉
和葉
ただ
ただ
首に巻きつくユウキの腕が止まる。
首に巻きつくユウキの腕が止まる。
和葉
和葉
冥土の土産に、お望みの証明をくれてやる
冥土の土産に、お望みの証明をくれてやる
秀隆
秀隆
え……
え……
和葉
和葉
あたしにここまでたてつく奴も珍しい
あたしにここまでたてつく奴も珍しい
オレが持ってきていた研究資料と、食品サンプルを拾い上げる。
オレが持ってきていた研究資料と、食品サンプルを拾い上げる。
和葉
和葉
調べが終わるまで、拘束しときな
調べが終わるまで、拘束しときな
ユウキ
ユウキ
了解
了解
秀隆
秀隆
は……はは……
は……はは……
よく、わからないが、ギリギリのところで、うまくいった、のか……？
よく、わからないが、ギリギリのところで、うまくいった、のか……？
ユウキ
ユウキ
あのさ、喜んでるとこ悪いけどさ、秀隆
あのさ、喜んでるとこ悪いけどさ、秀隆
ぼそっと耳元でユウキがつぶやく。
ぼそっと耳元でユウキがつぶやく。
ユウキ
ユウキ
本当に異常がなかったら、俺、おまえ殺すことになりそう
本当に異常がなかったら、俺、おまえ殺すことになりそう
秀隆
秀隆
…………
…………
秀隆
秀隆
帰らせて！！！
帰らせて！！！
…………。
…………。
……。
……。
何時間、経っただろうか。
何時間、経っただろうか。
しばらくして、倉屋敷社長はサンプルを持って奥の部屋に行ってしまった。
しばらくして、倉屋敷社長はサンプルを持って奥の部屋に行ってしまった。
オレはと言えば、折られた腕もそのまま、
オレはと言えば、折られた腕もそのまま、
ユウキに抑え付けられた状態が続いていた。
ユウキに抑え付けられた状態が続いていた。
秀隆
秀隆
もしかして、そのまま忘れられた、とか……
もしかして、そのまま忘れられた、とか……
ユウキ
ユウキ
だったりして
だったりして
秀隆
秀隆
うそだろぉ……
うそだろぉ……
ユウキ
ユウキ
なんて。それはないって
なんて。それはないって
ユウキ
ユウキ
奥はまた精密な研究を行う場所だから。
奥はまた精密な研究を行う場所だから。
多分今も、色々調べてるんじゃないかな
多分今も、色々調べてるんじゃないかな
秀隆
秀隆
だと良いんだけど……
だと良いんだけど……
se倉屋敷重工（和葉研究室
se倉屋敷重工（和葉研究室
扉の開く音。
扉の開く音。
そして、足音。
そして、足音。
和葉
和葉
そいつ離しな
そいつ離しな
ユウキ
ユウキ
了解
了解
すっと、背中の重さが消える。
すっと、背中の重さが消える。
秀隆
秀隆
うあああああ！！！　腕があああああ！！
うあああああ！！！　腕があああああ！！
今まで抑えられていたので分からなかったが、
今まで抑えられていたので分からなかったが、
自分の意志に関係なくだらっと垂れ下がる。
自分の意志に関係なくだらっと垂れ下がる。
和葉
和葉
うるさい！
うるさい！
秀隆
秀隆
折れた腕を蹴らんで！！
折れた腕を蹴らんで！！
和葉
和葉
あ～うるさいうるさい。黙って聞け
あ～うるさいうるさい。黙って聞け
秀隆
秀隆
き、鬼畜や、この人鬼畜や……！
き、鬼畜や、この人鬼畜や……！
和葉
和葉
結論から言えば、異常は無い
結論から言えば、異常は無い
秀隆
秀隆
…………
…………
ユウキ
ユウキ
あらぁ……
あらぁ……
あれ、異常ない……？　つまり、ゲームオーバー？
あれ、異常ない……？　つまり、ゲームオーバー？
ぼくのじんせい、ここでオワリ？
ぼくのじんせい、ここでオワリ？
秀隆
秀隆
ヤダーーー！
ヤダーーー！
オレは脱兎の如く逃げ出そうとしたが、ユウキに首根っこを掴まれた。
オレは脱兎の如く逃げ出そうとしたが、ユウキに首根っこを掴まれた。
秀隆
秀隆
許して！　逃がして！　神様仏様！
許して！　逃がして！　神様仏様！
ユウキ
ユウキ
見苦しいぜ秀隆……腹、くくろうや
見苦しいぜ秀隆……腹、くくろうや
秀隆
秀隆
そんな死に逝く動物を見るような哀愁漂う顔で見ないで！！
そんな死に逝く動物を見るような哀愁漂う顔で見ないで！！
和葉
和葉
あ～うっせうっせ！　黙って聞けハゲ！
あ～うっせうっせ！　黙って聞けハゲ！
秀隆
秀隆
は、禿げてはいませんが……はい……
は、禿げてはいませんが……はい……
和葉
和葉
異常はないってのは、少し表現が違うな
異常はないってのは、少し表現が違うな
和葉
和葉
今のところ異常は無い。これが正しいか
今のところ異常は無い。これが正しいか
秀隆
秀隆
……えっ？
……えっ？
ユウキ
ユウキ
なにそれ、どこが違うの？
なにそれ、どこが違うの？
和葉
和葉
このサンプルは、間違いなく従来の３倍の速度で作られたんだな？
このサンプルは、間違いなく従来の３倍の速度で作られたんだな？
秀隆
秀隆
それは、間違いなく……
それは、間違いなく……
和葉
和葉
……ふん
……ふん
和葉
和葉
あんたを殺すのは保留だ
あんたを殺すのは保留だ
秀隆
秀隆
ど、どういうこと、ですか……
ど、どういうこと、ですか……
和葉
和葉
身体に悪影響を及ぼす何かは、
身体に悪影響を及ぼす何かは、
さっき調べた限りじゃわからなかった
さっき調べた限りじゃわからなかった
和葉
和葉
そしてそれと同時に、分からなかったことがある
そしてそれと同時に、分からなかったことがある
秀隆
秀隆
わからない、こと？
わからない、こと？
和葉
和葉
どうやって３倍の成長速度にさせたのか、だ
どうやって３倍の成長速度にさせたのか、だ
秀隆
秀隆
…………
…………
和葉
和葉
それが解明されない限り、あんたの説を否定はしきれない
それが解明されない限り、あんたの説を否定はしきれない
秀隆
秀隆
それを調べて、くれる、と？
それを調べて、くれる、と？
和葉
和葉
あたしの自己満足のためにな
あたしの自己満足のためにな
ユウキ
ユウキ
良かったじゃん、秀隆
良かったじゃん、秀隆
秀隆
秀隆
あ、あぁ……とりあえず、助かった、ってことか……
あ、あぁ……とりあえず、助かった、ってことか……
和葉
和葉
あんたの望みどおり、
あんたの望みどおり、
結果調べてやることにしたんだ。そろそろ帰ってくれないか
結果調べてやることにしたんだ。そろそろ帰ってくれないか
秀隆
秀隆
わ、分かりましたっ
わ、分かりましたっ
オレは痛みを堪え、研究室の入り口へ。
オレは痛みを堪え、研究室の入り口へ。
秀隆
秀隆
あ……
あ……
和葉
和葉
まだなんかあるのか
まだなんかあるのか
秀隆
秀隆
え、っと……正直、言うか、悩んでたんですけどね
え、っと……正直、言うか、悩んでたんですけどね
オレはあることを思い出し、倉屋敷社長の前に戻った。
オレはあることを思い出し、倉屋敷社長の前に戻った。
そして、懐から小ビンを取り出した。
そして、懐から小ビンを取り出した。
和葉
和葉
これは？
これは？
秀隆
秀隆
オレ、実はこのトウモロコシが大好物でして。
オレ、実はこのトウモロコシが大好物でして。
それで人の何倍もよく食べてたんですよ
それで人の何倍もよく食べてたんですよ
秀隆
秀隆
それで、最近お腹の調子が悪くて、下痢が続いてたんです
それで、最近お腹の調子が悪くて、下痢が続いてたんです
和葉
和葉
…………
…………
秀隆
秀隆
時期を計算したら、丁度片桐食糧プラントが、
時期を計算したら、丁度片桐食糧プラントが、
独自の製法でトウモロコシの配給をしだした直後から、なんですよね
独自の製法でトウモロコシの配給をしだした直後から、なんですよね
秀隆
秀隆
で、その……もしかしたら、役に立つかな、と……
で、その……もしかしたら、役に立つかな、と……
ユウキ
ユウキ
げっ！？　も、もしかしてウン―――！？
げっ！？　も、もしかしてウン―――！？
秀隆
秀隆
いらないっすよね！　すんませんした！
いらないっすよね！　すんませんした！
急いで仕舞おうとする、と、その手を思い切り掴まれた。
急いで仕舞おうとする、と、その手を思い切り掴まれた。
和葉
和葉
つまりコレを食べた便ってことか
つまりコレを食べた便ってことか
秀隆
秀隆
は、はひ……
は、はひ……
和葉
和葉
貸せ。自分で食べて試すところだった、手間が省ける
貸せ。自分で食べて試すところだった、手間が省ける
秀隆
秀隆
……マジ？
……マジ？
和葉
和葉
そのために持ってきてたんだろ。さっさと出せ
そのために持ってきてたんだろ。さっさと出せ
秀隆
秀隆
は、はいっ！
は、はいっ！
オレの便入りのビンを渡した。
オレの便入りのビンを渡した。
和葉
和葉
もう用はないな？　帰れ
もう用はないな？　帰れ
秀隆
秀隆
じゃ、じゃあ、あの、これで失礼します！
じゃ、じゃあ、あの、これで失礼します！
ユウキ
ユウキ
送ってくよ
送ってくよ
和葉
和葉
便、ね
便、ね
和葉は熱々のコーヒーをずずっとすする。
和葉は熱々のコーヒーをずずっとすする。
seめくる (1
seめくる (1
資料をめくる。
資料をめくる。
そこには、自らの体調変化、食べた量、
そこには、自らの体調変化、食べた量、
時間、日付などの詳細が書かれたものもあった。
時間、日付などの詳細が書かれたものもあった。
他の研究所の成果なども記載されてある。
他の研究所の成果なども記載されてある。
大よそ、個人に出来る最大限の情報量と言えるだろう。
大よそ、個人に出来る最大限の情報量と言えるだろう。
和葉
和葉
どうやら、ただのバカじゃなさそうだな
どうやら、ただのバカじゃなさそうだな
クック、と笑い和葉は奥の研究室へと消えて行った。
クック、と笑い和葉は奥の研究室へと消えて行った。
秀隆
秀隆
いでっ、いででで！
いでっ、いででで！
ユウキ
ユウキ
そんな大げさな
そんな大げさな
秀隆
秀隆
こっちは腕折られてんのよ！？
こっちは腕折られてんのよ！？
ユウキ
ユウキ
安心しなって。折れてないから
安心しなって。折れてないから
そう言って、オレの腕を掴む。
そう言って、オレの腕を掴む。
秀隆
秀隆
いだだだ！　お、折れてないって、どうみてもこれ
いだだだ！　お、折れてないって、どうみてもこれ
ユウキ
ユウキ
ほっ！
ほっ！
se腕をはめる
se腕をはめる
秀隆
秀隆
ひぎぃ！！
ひぎぃ！！
ユウキ
ユウキ
間接外しただけだもん
間接外しただけだもん
秀隆
秀隆
だ、だけだもんって！　死ぬほど痛いわ！
だ、だけだもんって！　死ぬほど痛いわ！
ユウキに突っかかる。
ユウキに突っかかる。
秀隆
秀隆
あ……腕、動く……
あ……腕、動く……
ユウキ
ユウキ
ほらな？　でも、帰り病院は行っとけよ
ほらな？　でも、帰り病院は行っとけよ
秀隆
秀隆
なんちゅーやつだ……
なんちゅーやつだ……
ユウキ
ユウキ
いや～まさか、自分のウンコ持ってくるなんてなぁ
いや～まさか、自分のウンコ持ってくるなんてなぁ
ケラケラと腹を抱えて笑う。
ケラケラと腹を抱えて笑う。
秀隆
秀隆
わずかな可能性でも、上げたかったんだよ
わずかな可能性でも、上げたかったんだよ
ユウキ
ユウキ
いいんじゃね？　面白かったし
いいんじゃね？　面白かったし
秀隆
秀隆
そういや……おまえって、アンドロイドなんだよな？
そういや……おまえって、アンドロイドなんだよな？
ユウキ
ユウキ
ああ、そうだよ
ああ、そうだよ
こうして普通に接していると、どうしてもそのことを忘れてしまう。
こうして普通に接していると、どうしてもそのことを忘れてしまう。
目の前にいるこいつは、どこからどうみても、人間だからだ。
目の前にいるこいつは、どこからどうみても、人間だからだ。
ユウキ
ユウキ
倉屋敷重工が作り出した、初代アンドロイドが俺さ
倉屋敷重工が作り出した、初代アンドロイドが俺さ
ユウキ
ユウキ
もう１００年以上も生きてるぜ
もう１００年以上も生きてるぜ
秀隆
秀隆
だから、倉屋敷社長と親しいのか
だから、倉屋敷社長と親しいのか
とんでもなく凄いヤツだったんだな。
とんでもなく凄いヤツだったんだな。
ユウキ
ユウキ
ま、あんまし気にするなよ。俺たち友達なんだしさ
ま、あんまし気にするなよ。俺たち友達なんだしさ
秀隆
秀隆
……そう、だな
……そう、だな
アンドロイドは人間そっくりになった。
アンドロイドは人間そっくりになった。
正直見た目で言えば、見分けることはほぼ出来ない。
正直見た目で言えば、見分けることはほぼ出来ない。
でも、こいつほど人間臭いと思ったのは初めてだった。
でも、こいつほど人間臭いと思ったのは初めてだった。
と言うか、まだ半信半疑。
と言うか、まだ半信半疑。
そもそもアンドロイドの外出時には、リングの着用が義務付けられている。
そもそもアンドロイドの外出時には、リングの着用が義務付けられている。
しかしそのリングもユウキには見当たらない。
しかしそのリングもユウキには見当たらない。
まぁ、倉屋敷社長側近のアンドロイドなら、
まぁ、倉屋敷社長側近のアンドロイドなら、
そう言う例外も認められるのかも知れないが。
そう言う例外も認められるのかも知れないが。
ユウキ自身証明するつもりはないのか、
ユウキ自身証明するつもりはないのか、
これ以上なにか言ってくることはなかった。
これ以上なにか言ってくることはなかった。
秀隆
秀隆
進展があったら、連絡貰ってもいいか？
進展があったら、連絡貰ってもいいか？
ユウキ
ユウキ
おう
おう
秀隆
秀隆
本当に感謝してるよ
本当に感謝してるよ
ユウキ
ユウキ
なんだよ改まって。結果はまだ分からないだろ？
なんだよ改まって。結果はまだ分からないだろ？
秀隆
秀隆
調べてもらえることになっただけで十分さ
調べてもらえることになっただけで十分さ
秀隆
秀隆
あの人に調べてもらって、その結果なら納得できる
あの人に調べてもらって、その結果なら納得できる
ユウキ
ユウキ
変人だけどさ、この街で一番の天才ってのは保障するよ
変人だけどさ、この街で一番の天才ってのは保障するよ
ユウキ
ユウキ
それじゃ、またな
それじゃ、またな
秀隆
秀隆
ああ
ああ
オレはユウキに見守られながら、その場を後にした。
オレはユウキに見守られながら、その場を後にした。
…………。
…………。
……。
……。
