その日の朝、オレは島津家会議を開いていた。
その日の朝、オレは島津家会議を開いていた。
無論、そんな会議は今まで開いたことが一度もない。
無論、そんな会議は今まで開いたことが一度もない。
秋
秋
一体、どう言うつもりなんですか……？
一体、どう言うつもりなんですか……？
秋は眠たそうに目をこすりながら、ポツリと不満を漏らす。
秋は眠たそうに目をこすりながら、ポツリと不満を漏らす。
アクセラ
アクセラ
コーヒーが入りましたので、よろしければどうぞ
コーヒーが入りましたので、よろしければどうぞ
アクセラはいつものように、自分の役目を淡々とこなしている。
アクセラはいつものように、自分の役目を淡々とこなしている。
キズナ
キズナ
なんだか、こう言う会議ってワクワクしますねっ
なんだか、こう言う会議ってワクワクしますねっ
キズナも、相変わらずマイペースにその場の空気を楽しんでいるようだった。
キズナも、相変わらずマイペースにその場の空気を楽しんでいるようだった。
秋
秋
兄さん。これでくだらないことだったら怒ります
兄さん。これでくだらないことだったら怒ります
秀隆
秀隆
なら大丈夫だ。凄い話だから聞いて驚くように
なら大丈夫だ。凄い話だから聞いて驚くように
秋
秋
……はぁ
……はぁ
まだ眠そうな秋の目を覚まさせてやるために、
まだ眠そうな秋の目を覚まさせてやるために、
オレは高々と手を上へとかざす。
オレは高々と手を上へとかざす。
そして、力いっぱいテーブルへとたたきつけた。
そして、力いっぱいテーブルへとたたきつけた。
秀隆
秀隆
これを見ろ！！！！
これを見ろ！！！！
se机を強く叩く2
se机を強く叩く2
バンッ！
バンッ！
秀隆
秀隆
ふぁｓｄふぁｌｋｊｋｌ！？？！
ふぁｓｄふぁｌｋｊｋｌ！？？！
アクセラ
アクセラ
幾らなんでも力強く叩き付けすぎです。
幾らなんでも力強く叩き付けすぎです。
テーブルが痛んだらどう責任を取るおつもりですか
テーブルが痛んだらどう責任を取るおつもりですか
秀隆
秀隆
お、オレの手を心配しろっ！！
お、オレの手を心配しろっ！！
秋
秋
寝たい……
寝たい……
キズナ
キズナ
なんか、カードみたいですねっ
なんか、カードみたいですねっ
秀隆
秀隆
だからオレの手を心配しろって！
だからオレの手を心配しろって！
アクセラ
アクセラ
テーブル……
テーブル……
キズナ
キズナ
このカードはなんなんですか？
このカードはなんなんですか？
くそう、こいつら……。
くそう、こいつら……。
秀隆
秀隆
そ、そうだ。このカードを見ろ、ほらみろ、秋っ
そ、そうだ。このカードを見ろ、ほらみろ、秋っ
ぐいぐいと前面にカードを押し出し、眠そうな秋に突きつける。
ぐいぐいと前面にカードを押し出し、眠そうな秋に突きつける。
秋
秋
近すぎます……
近すぎます……
嫌がり、顔を遠ざける秋。
嫌がり、顔を遠ざける秋。
秀隆
秀隆
ほら、見てみろって。眠気も飛ぶから
ほら、見てみろって。眠気も飛ぶから
秋
秋
……ＩＤカード……とは少し違うみたいですが
……ＩＤカード……とは少し違うみたいですが
秀隆
秀隆
ふふ、ふ……よくその違いに気づいたな
ふふ、ふ……よくその違いに気づいたな
秀隆
秀隆
こいつはな―――！
こいつはな―――！
キズナ
キズナ
あ、ドリームタウン招待チケットって書かれてますね
あ、ドリームタウン招待チケットって書かれてますね
秀隆
秀隆
ドリームタウン招待チケッ……
ドリームタウン招待チケッ……
先に見るなよ！
先に見るなよ！
秋
秋
自分からカードを見ろって言ったんじゃないですか……
自分からカードを見ろって言ったんじゃないですか……
秀隆
秀隆
驚かせようと思ったのに失敗した！
驚かせようと思ったのに失敗した！
秋
秋
……はぁ。それで、その招待チケットがどうかしたんですか
……はぁ。それで、その招待チケットがどうかしたんですか
秀隆
秀隆
意味分かるだろ、驚けよ！
意味分かるだろ、驚けよ！
秋
秋
あの、いえ、よく分からなくて。どう言うことですか？
あの、いえ、よく分からなくて。どう言うことですか？
秀隆
秀隆
そのままの意味だ。こいつがあれば、
そのままの意味だ。こいつがあれば、
秋やキズナをドリームタウンに連れて行くことが出来る
秋やキズナをドリームタウンに連れて行くことが出来る
キズナ
キズナ
そうなんですか？
そうなんですか？
秋
秋
え……えっ？
え……えっ？
さすがの秋も、オレの発言の意味を理解し始めたらしい。
さすがの秋も、オレの発言の意味を理解し始めたらしい。
秋
秋
私たちがドリームタウンに？
私たちがドリームタウンに？
秀隆
秀隆
そうだ。今まで不可能だった、
そうだ。今まで不可能だった、
ドリームタウンへの旅行が可能になったってことだ
ドリームタウンへの旅行が可能になったってことだ
アクセラ
アクセラ
それは素晴らしいことですね
それは素晴らしいことですね
秀隆
秀隆
だろ？　わかってくれるか！
だろ？　わかってくれるか！
秋
秋
そんな話聞いたことがありません
そんな話聞いたことがありません
秀隆
秀隆
そりゃそうだ。まだ極秘情報だからな。
そりゃそうだ。まだ極秘情報だからな。
とは言え、今日の朝８時に情報解禁だからな……
とは言え、今日の朝８時に情報解禁だからな……
オレはテレビをつける。
オレはテレビをつける。
アナウンサー
アナウンサー
続いて、驚きの情報が入ってきました
続いて、驚きの情報が入ってきました
タイミングはばっちりだったのか、
タイミングはばっちりだったのか、
アナウンサーは少し興奮した様子で喋っている。
アナウンサーは少し興奮した様子で喋っている。
アナウンサー
アナウンサー
この度ホープタウン、及びドリームタウンとの話し合いにおいて、
この度ホープタウン、及びドリームタウンとの話し合いにおいて、
両街の観光旅行が可能になるかもしれない、と言う事実が出てまいりました
両街の観光旅行が可能になるかもしれない、と言う事実が出てまいりました
アナウンサー
アナウンサー
抽選で選ばれたそれぞれの街の一般の方が、
抽選で選ばれたそれぞれの街の一般の方が、
まずはテスターとして参加し、その流れを確かめるそうです
まずはテスターとして参加し、その流れを確かめるそうです
キズナ
キズナ
つまり、抽選に当選した、ってことですか？
つまり、抽選に当選した、ってことですか？
秀隆
秀隆
いや、これは特務官だけに配られる、言わばＶＩＰ待遇ってヤツだな
いや、これは特務官だけに配られる、言わばＶＩＰ待遇ってヤツだな
キズナ
キズナ
おおーっ。さすが特務官ですね
おおーっ。さすが特務官ですね
秋
秋
ドリームタウンに……
ドリームタウンに……
秀隆
秀隆
家族や友人を招待してあげてほしいって、そう言ってもらった
家族や友人を招待してあげてほしいって、そう言ってもらった
カードの枚数はオレの分を含め８枚。
カードの枚数はオレの分を含め８枚。
ここに居る人数は余裕で連れて行ける。
ここに居る人数は余裕で連れて行ける。
秀隆
秀隆
アクセラは、外出こそ出来るようになったが、
アクセラは、外出こそ出来るようになったが、
アンドロイドは街と街を越えて移動することができない
アンドロイドは街と街を越えて移動することができない
秀隆
秀隆
でも、何とかして連れて行ってやりたい。
でも、何とかして連れて行ってやりたい。
だから後で倉屋敷社長に掛け合ってみようと思う
だから後で倉屋敷社長に掛け合ってみようと思う
アクセラ
アクセラ
秀隆様……よろしいのですか？
秀隆様……よろしいのですか？
秀隆
秀隆
おまえだけを置いて行くなんて、できるわけないだろ？
おまえだけを置いて行くなんて、できるわけないだろ？
秀隆
秀隆
それに
それに
オレは付け加える。
オレは付け加える。
秀隆
秀隆
後々、テスターでなくても行けるようにはなるだろう。
後々、テスターでなくても行けるようにはなるだろう。
でも、テストの結果次第ではいけなくなる可能性も残ってる
でも、テストの結果次第ではいけなくなる可能性も残ってる
秀隆
秀隆
つまり現時点では一生に一度、あるかないか、ってことだと思うんだよ
つまり現時点では一生に一度、あるかないか、ってことだと思うんだよ
秀隆
秀隆
だからここに居る全員、連れて行きたい
だからここに居る全員、連れて行きたい
秋
秋
…………
…………
キズナ
キズナ
私もいいんですかっ
私もいいんですかっ
秀隆
秀隆
もちろんだ
もちろんだ
キズナ
キズナ
やっふー！　です！
やっふー！　です！
嬉しそうに飛び跳ねる。
嬉しそうに飛び跳ねる。
秀隆
秀隆
しかも、泊まれるのは新しく出来たばかりのホテルだ。
しかも、泊まれるのは新しく出来たばかりのホテルだ。
３泊４日の旅って言う、そりゃもうとんでもないことなんだぞ
３泊４日の旅って言う、そりゃもうとんでもないことなんだぞ
秀隆
秀隆
ちょうど秋も大型連休に入ったところだ。
ちょうど秋も大型連休に入ったところだ。
それを利用して行かない手はないだろ？
それを利用して行かない手はないだろ？
アクセラ
アクセラ
お仕事は大丈夫なのですか？
お仕事は大丈夫なのですか？
秀隆
秀隆
ああ。都合のいいところで休暇を取る準備は出来てる
ああ。都合のいいところで休暇を取る準備は出来てる
秀隆
秀隆
出発の予定は明日、どうだ？
出発の予定は明日、どうだ？
急ではあるが、仕方ない。
急ではあるが、仕方ない。
招待カードそのものはだいぶ前にまどかから受け取っていたが、
招待カードそのものはだいぶ前にまどかから受け取っていたが、
正式な発表が今日だった以上、事前連絡は避けたかった。
正式な発表が今日だった以上、事前連絡は避けたかった。
秋
秋
……別に構いませんけど。３泊ですか……
……別に構いませんけど。３泊ですか……
秀隆
秀隆
体調のことか？
体調のことか？
秋
秋
はい
はい
秀隆
秀隆
なに、そのためにアクセラがいるんだ
なに、そのためにアクセラがいるんだ
アクセラ
アクセラ
お任せください
お任せください
秀隆
秀隆
それから片桐兄妹も誘う。旅は道連れって言うしな
それから片桐兄妹も誘う。旅は道連れって言うしな
日頃お世話になっているし、オレの家の事情もある程度把握している。
日頃お世話になっているし、オレの家の事情もある程度把握している。
後は―――ユウキや倉屋敷社長なんかも候補だ。
後は―――ユウキや倉屋敷社長なんかも候補だ。
アクセラのことをお願いするついでに、倉屋敷ビルに寄ろう。
アクセラのことをお願いするついでに、倉屋敷ビルに寄ろう。
秀隆
秀隆
ここだここ
ここだここ
裕輔
裕輔
こんな時間に尋ねてくるなんて珍しいな
こんな時間に尋ねてくるなんて珍しいな
秀隆
秀隆
悪いな、貴重な休憩時間なのに
悪いな、貴重な休憩時間なのに
裕輔
裕輔
いいさ。いつも時間を持て余しているくらいだ
いいさ。いつも時間を持て余しているくらいだ
秀隆
秀隆
プラントの仕事が忙しいのはわかってるんだが、
プラントの仕事が忙しいのはわかってるんだが、
良かったら明日、オレたちと旅行に行かないか？
良かったら明日、オレたちと旅行に行かないか？
オレはテスターとして招待されたことを説明する。
オレはテスターとして招待されたことを説明する。
裕輔
裕輔
それは、愛佳にとっては願ってもないことだが、いいのか？
それは、愛佳にとっては願ってもないことだが、いいのか？
秀隆
秀隆
当たり前だろ。おまえらなら大歓迎だ
当たり前だろ。おまえらなら大歓迎だ
裕輔
裕輔
俺には断る理由は見当たらない。
俺には断る理由は見当たらない。
シフトの調整は必要になるが、何とかなるだろう
シフトの調整は必要になるが、何とかなるだろう
秀隆
秀隆
そうか。じゃあ決まりってことで
そうか。じゃあ決まりってことで
裕輔
裕輔
愛佳には、おまえから直接伝えてやってくれないか
愛佳には、おまえから直接伝えてやってくれないか
秀隆
秀隆
オレから？　それは別に構わないけど、どうしてまた
オレから？　それは別に構わないけど、どうしてまた
裕輔
裕輔
その方が喜ぶ、それだけだ。いけないか？
その方が喜ぶ、それだけだ。いけないか？
秀隆
秀隆
別にいけなくはないけどさ。
別にいけなくはないけどさ。
おまえ、ちょっと本気でオレと愛佳を、とか考えてないか？
おまえ、ちょっと本気でオレと愛佳を、とか考えてないか？
裕輔
裕輔
お節介が過ぎるか
お節介が過ぎるか
秀隆
秀隆
過ぎる過ぎる。そう言うのは普通でいいんだよ。
過ぎる過ぎる。そう言うのは普通でいいんだよ。
やっぱりお前から連絡してくれ
やっぱりお前から連絡してくれ
裕輔
裕輔
……わかった
……わかった
怒られた子犬のように、しゅんとなる裕輔。
怒られた子犬のように、しゅんとなる裕輔。
秀隆
秀隆
それじゃあ、また明日。何か問題があったら連絡をくれ
それじゃあ、また明日。何か問題があったら連絡をくれ
裕輔
裕輔
そうしよう
そうしよう
裕輔と別れ、次に倉屋敷ビルを目指す。
裕輔と別れ、次に倉屋敷ビルを目指す。
秀隆
秀隆
なんでかちょっと、足取りが重いんだよな
なんでかちょっと、足取りが重いんだよな
その理由はもちろん、言うまでもなくあの人が原因だ。
その理由はもちろん、言うまでもなくあの人が原因だ。
秀隆
秀隆
絶対こないだろうなぁ
絶対こないだろうなぁ
そう思いながらも、誘うだけ誘ってみるか。
そう思いながらも、誘うだけ誘ってみるか。
秀隆
秀隆
こんにちはー
こんにちはー
室内に入ると、そこはいつもより静けさが漂っていた。
室内に入ると、そこはいつもより静けさが漂っていた。
椅子に座っている倉屋敷社長を見つける。
椅子に座っている倉屋敷社長を見つける。
和葉
和葉
…………
…………
様子がおかしいと思いそっと近づくと、どうやら眠っているようだった。
様子がおかしいと思いそっと近づくと、どうやら眠っているようだった。
うーむ、どうしよう……。
うーむ、どうしよう……。
和葉
和葉
……殺す……
……殺す……
秀隆
秀隆
ひっ！？
ひっ！？
和葉
和葉
…………絶対、殺す……
…………絶対、殺す……
どうやら夢を見ているようだが、なんつー物騒な。
どうやら夢を見ているようだが、なんつー物騒な。
和葉
和葉
……あ？
……あ？
オレの気配に気づいたのか、倉屋敷社長が目を開いた。
オレの気配に気づいたのか、倉屋敷社長が目を開いた。
和葉
和葉
何やってんだおまえ
何やってんだおまえ
秀隆
秀隆
あ、すいません。ちょっと寄らせていただいたんですけど……
あ、すいません。ちょっと寄らせていただいたんですけど……
和葉
和葉
ユウキならいない。どっか遊びに行ってんだろう
ユウキならいない。どっか遊びに行ってんだろう
秀隆
秀隆
そうですか。でも、今日は社長にも用件がありまして
そうですか。でも、今日は社長にも用件がありまして
オレはいそいそとカードを取りだし、それをテーブルに置いた。
オレはいそいそとカードを取りだし、それをテーブルに置いた。
秀隆
秀隆
これドリームタウンへの招待チケットなんですが、社長もいかがかと思いまして
これドリームタウンへの招待チケットなんですが、社長もいかがかと思いまして
和葉
和葉
いかない
いかない
秀隆
秀隆
たまには、羽を伸ばすってのもありかと思うんですが
たまには、羽を伸ばすってのもありかと思うんですが
和葉
和葉
あたしは興味ない
あたしは興味ない
秀隆
秀隆
そ、そうですか。じゃあ、これ１枚置いておきます。
そ、そうですか。じゃあ、これ１枚置いておきます。
ユウキに渡してやってください
ユウキに渡してやってください
和葉
和葉
ああ
ああ
分かっちゃいたけど、この人は外に出たがらない人だなぁ。
分かっちゃいたけど、この人は外に出たがらない人だなぁ。
秀隆
秀隆
あ、それからアクセラのことなんですが
あ、それからアクセラのことなんですが
倉屋敷ビルからの帰り。
倉屋敷ビルからの帰り。
愛佳
愛佳
先生！
先生！
前方に、手を振る愛佳を見つけた。
前方に、手を振る愛佳を見つけた。
秀隆
秀隆
おう。どうした？
おう。どうした？
隣には秋とキズナもいる。
隣には秋とキズナもいる。
愛佳
愛佳
ドリームタウンに連れて行ってくれるって、お兄ちゃんに聞いたの！
ドリームタウンに連れて行ってくれるって、お兄ちゃんに聞いたの！
秀隆
秀隆
なるほど。それで早速３人一緒なわけだな
なるほど。それで早速３人一緒なわけだな
愛佳
愛佳
いろいろ買い物に行こうってことで集まったの
いろいろ買い物に行こうってことで集まったの
秀隆
秀隆
そうか。まぁゆっくり楽しんで来い。
そうか。まぁゆっくり楽しんで来い。
旅行前の準備も楽しみのひとつみたいなもんだ
旅行前の準備も楽しみのひとつみたいなもんだ
キズナ
キズナ
ひーくんも一緒に行かないですか？
ひーくんも一緒に行かないですか？
秀隆
秀隆
オレは遠慮しておくよ。色々行くところもあるし
オレは遠慮しておくよ。色々行くところもあるし
愛佳
愛佳
えぇ～ちょっとくらいいいじゃない。華の女子学生とのデートだよ？
えぇ～ちょっとくらいいいじゃない。華の女子学生とのデートだよ？
秀隆
秀隆
華ねぇ……
華ねぇ……
秋
秋
どうしてそこで私を見るんですか？
どうしてそこで私を見るんですか？
秀隆
秀隆
なんとなくだ
なんとなくだ
愛佳
愛佳
ほらいこ、先生
ほらいこ、先生
秀隆
秀隆
待て待て。ほんとに行くところがあるんだ
待て待て。ほんとに行くところがあるんだ
愛佳
愛佳
……そうなの？
……そうなの？
秀隆
秀隆
許可は貰ってあると言っても、一応報告する相手がいるから
許可は貰ってあると言っても、一応報告する相手がいるから
愛佳
愛佳
そっか、残念……
そっか、残念……
秀隆
秀隆
んな落ち込むなよ、明日、旅行で会おうな
んな落ち込むなよ、明日、旅行で会おうな
愛佳
愛佳
うん。じゃあ明日ね
うん。じゃあ明日ね
愛佳が手を振る。
愛佳が手を振る。
オレは３人に別れを告げ、その場を立ち去った。
オレは３人に別れを告げ、その場を立ち去った。
秀隆
秀隆
失礼します
失礼します
唐沢
唐沢
島津くん。どうしたんだい？　君は確か休暇中だったはずだけど
島津くん。どうしたんだい？　君は確か休暇中だったはずだけど
秀隆
秀隆
はい。明日から秋やキズナ、友人たちとドリームタウンに行ってくるつもりです
はい。明日から秋やキズナ、友人たちとドリームタウンに行ってくるつもりです
唐沢
唐沢
そうか。うん、楽しんでくるといい
そうか。うん、楽しんでくるといい
唐沢
唐沢
君が成し遂げたものの、ひとつの成果なんだからね
君が成し遂げたものの、ひとつの成果なんだからね
秀隆
秀隆
…………
…………
唐沢
唐沢
……すまない。今の言い方は僕が悪かった
……すまない。今の言い方は僕が悪かった
秀隆
秀隆
いえ、そんな。謝らないでください
いえ、そんな。謝らないでください
唐沢
唐沢
いけないね、どうも。あの一件以来、僕は君を無意識に避けている
いけないね、どうも。あの一件以来、僕は君を無意識に避けている
唐沢
唐沢
今みたいなときには、つい厳しい物言いをしてしまう
今みたいなときには、つい厳しい物言いをしてしまう
秀隆
秀隆
心中は、お察ししているつもりです
心中は、お察ししているつもりです
唐沢
唐沢
もう一度だけ、聞かせてくれないか
もう一度だけ、聞かせてくれないか
唐沢
唐沢
例の情報をマスコミに流したのは、君ではないのかい？
例の情報をマスコミに流したのは、君ではないのかい？
秀隆
秀隆
はい。違います
はい。違います
オレは、何度聞かれてもこう答える。
オレは、何度聞かれてもこう答える。
唐沢
唐沢
……そうか
……そうか
秀隆
秀隆
信じてもらえないのは承知していますが、本当のことです
信じてもらえないのは承知していますが、本当のことです
唐沢
唐沢
わかった。もう、この話はこれでお終いだ
わかった。もう、この話はこれでお終いだ
けして信じて貰えたわけではないだろう。
けして信じて貰えたわけではないだろう。
これ以上の追及が無意味だと悟った。
これ以上の追及が無意味だと悟った。
唐沢
唐沢
キズナくんも連れていくと言ったね
キズナくんも連れていくと言ったね
秀隆
秀隆
はい。そのためのステーションの許可をお願いしたくて、ここに参りました
はい。そのためのステーションの許可をお願いしたくて、ここに参りました
唐沢
唐沢
それは、少しリスクが高いんじゃないかな。
それは、少しリスクが高いんじゃないかな。
ドリームタウンは地上の生き残りがいることを知っている。となれば、どこからか情報が漏れてしまっていることもあるだろう
ドリームタウンは地上の生き残りがいることを知っている。となれば、どこからか情報が漏れてしまっていることもあるだろう
秀隆
秀隆
確かにリスクがないかと言えば、あるでしょう。
確かにリスクがないかと言えば、あるでしょう。
でも、自分は最初に唐沢代表が仰ったことを忠実に守りたいんです
でも、自分は最初に唐沢代表が仰ったことを忠実に守りたいんです
唐沢
唐沢
僕が言ったこと？
僕が言ったこと？
秀隆
秀隆
キズナに普通の生活を送らせてあげたい
キズナに普通の生活を送らせてあげたい
唐沢
唐沢
…………
…………
秀隆
秀隆
オレたち家族が旅行に行くのに、キズナだけをのけ者にはできません
オレたち家族が旅行に行くのに、キズナだけをのけ者にはできません
秀隆
秀隆
それが、普通の生活を送ると言うことです
それが、普通の生活を送ると言うことです
唐沢
唐沢
……そうか。それが君の考え方か
……そうか。それが君の考え方か
秀隆
秀隆
唐沢代表と思いは同じですから
唐沢代表と思いは同じですから
唐沢
唐沢
……わかった。許可するよ
……わかった。許可するよ
唐沢
唐沢
だけど、細心の注意を払うようにしてほしい
だけど、細心の注意を払うようにしてほしい
秀隆
秀隆
もちろんです。余計な人間が接触しないよう目を見張らせておきます
もちろんです。余計な人間が接触しないよう目を見張らせておきます
唐沢
唐沢
頼んだよ
頼んだよ
秀隆
秀隆
……唐沢代表とのわだかまりが、解消するのには時間がかかりそうだな
……唐沢代表とのわだかまりが、解消するのには時間がかかりそうだな
…………。
…………。
……。
……。
