すぐに終わりを迎えると思った恋との生活だったが、
すぐに終わりを迎えると思った恋との生活だったが、
元来大人しく従順なオレの性格の良さもあり、
元来大人しく従順なオレの性格の良さもあり、
早くも２週間が経とうとしていた。
早くも２週間が経とうとしていた。
その間もオレはこの家にすし詰め状態にされていたが、
その間もオレはこの家にすし詰め状態にされていたが、
やはり大人しく従順なオレは言いつけを守っていた。
やはり大人しく従順なオレは言いつけを守っていた。
バタムッ。
バタムッ。
一足先に晩御飯を終えていたオレは、勢いよく本を閉じた。
一足先に晩御飯を終えていたオレは、勢いよく本を閉じた。
恋
恋
び、びっくりしました。なんですかいきなり
び、びっくりしました。なんですかいきなり
恭一
恭一
終わった
終わった
恋
恋
終わった？　何がですか
終わった？　何がですか
恭一
恭一
本がだ。第二部７冊目、最終章が終わったって言ってるんだ
本がだ。第二部７冊目、最終章が終わったって言ってるんだ
恋
恋
全部読み終わっちゃったんですか、この短期間で
全部読み終わっちゃったんですか、この短期間で
恭一
恭一
長期間も短期間もない。終わったものは終わったんだよ
長期間も短期間もない。終わったものは終わったんだよ
恭一
恭一
さて、おまえには２つの選択肢がある
さて、おまえには２つの選択肢がある
恋
恋
は、はぁ
は、はぁ
ご飯を口元に運びながら、恋が頷く。
ご飯を口元に運びながら、恋が頷く。
恭一
恭一
ひとつは今日オレに新しい本を買ってくる。
ひとつは今日オレに新しい本を買ってくる。
もう一つはオレに外出の権利を与えるだ
もう一つはオレに外出の権利を与えるだ
恋
恋
外出の権利って、まだ２週間ですよ？　現代の知識を身に着けてからです
外出の権利って、まだ２週間ですよ？　現代の知識を身に着けてからです
恭一
恭一
現代の知識ってのはなんだ？
現代の知識ってのはなんだ？
恋
恋
それは……えっと……
それは……えっと……
恋
恋
じゃあ問題を出します。問題っ
じゃあ問題を出します。問題っ
恭一
恭一
好きにしろ
好きにしろ
恋
恋
基本中の基本ですが、ドリームタウンの創始者は誰ですか？
基本中の基本ですが、ドリームタウンの創始者は誰ですか？
バッと問題を出してくる恋。
バッと問題を出してくる恋。
恭一
恭一
立花一族だ。地上時代、ジオフロント建造に多くの費用を出資した。今も立花の家は代々巨額の資産を相続し、街の支配者として君臨している
立花一族だ。地上時代、ジオフロント建造に多くの費用を出資した。今も立花の家は代々巨額の資産を相続し、街の支配者として君臨している
恋
恋
あ、当たってます。それも、詳しく……
あ、当たってます。それも、詳しく……
恋
恋
で……では、この世界に存在する都市が他にあることは？
で……では、この世界に存在する都市が他にあることは？
恭一
恭一
ドリームタウンには、
ドリームタウンには、
もう一つの街ホープタウンと繋ぐステーションがある
もう一つの街ホープタウンと繋ぐステーションがある
恭一
恭一
そこを行き来することで互いの街を移動することが可能だ
そこを行き来することで互いの街を移動することが可能だ
恭一
恭一
だが、互いの街は法律や制度が大きくことなる。
だが、互いの街は法律や制度が大きくことなる。
そのため渡航するには十分な審査と資格が必要であり、
そのため渡航するには十分な審査と資格が必要であり、
一般人は行き来が出来ない
一般人は行き来が出来ない
恋
恋
……当たってます
……当たってます
恭一
恭一
ちなみにステーションの開通日は今から２４年前の５月１２日だ
ちなみにステーションの開通日は今から２４年前の５月１２日だ
恋
恋
ではでは……ドリームタウンとホープタウンの違いはなんですか？
ではでは……ドリームタウンとホープタウンの違いはなんですか？
恭一
恭一
ドリームタウンは実力主義、ホープタウンは平和主義。
ドリームタウンは実力主義、ホープタウンは平和主義。
さっきも言ったが、二つの街は法律と制度が大きく異なるところだ
さっきも言ったが、二つの街は法律と制度が大きく異なるところだ
恋
恋
うう……正解です……
うう……正解です……
恋
恋
もしかして、本から得た知識、結構あります？
もしかして、本から得た知識、結構あります？
恭一
恭一
結構も何も、殆どがこの本だ
結構も何も、殆どがこの本だ
恭一
恭一
ここの１４冊に書かれてあることなら、おおよそ覚えた。
ここの１４冊に書かれてあることなら、おおよそ覚えた。
あと２、３周読み返せば全部頭に叩き込める
あと２、３周読み返せば全部頭に叩き込める
恋
恋
……俄かには、信じられないですけど……
……俄かには、信じられないですけど……
恭一
恭一
付け加えるなら、ネットの情報も定期的に入手してる。
付け加えるなら、ネットの情報も定期的に入手してる。
本だけの知識じゃ合ってる保証もないしな
本だけの知識じゃ合ってる保証もないしな
恭一
恭一
心配ならオレを大河内のところに連れていけ。それを証明して見せる
心配ならオレを大河内のところに連れていけ。それを証明して見せる
恭一
恭一
おまえは言ったよな？
おまえは言ったよな？
自分を納得させろと。今のでも納得がいかないのか？
自分を納得させろと。今のでも納得がいかないのか？
恋
恋
……わかりました。あなたを大河内代表のもとにお連れします。
……わかりました。あなたを大河内代表のもとにお連れします。
あまりに短期間なので不安はありますが、知識を身に着けたことは本当のようですし
あまりに短期間なので不安はありますが、知識を身に着けたことは本当のようですし
恭一
恭一
それでいい
それでいい
恋
恋
明日は私と一緒に家を出ますので、早めに寝てください
明日は私と一緒に家を出ますので、早めに寝てください
恭一
恭一
オレが寝過ごしてたことが一度でもあったか？
オレが寝過ごしてたことが一度でもあったか？
恋
恋
それは……ありませんけど
それは……ありませんけど
恭一
恭一
そういうことだ。何なら今からでもいいんだぜ？
そういうことだ。何なら今からでもいいんだぜ？
恋
恋
それは無理です。事前連絡も無しに連れて行くなんて……
それは無理です。事前連絡も無しに連れて行くなんて……
大河内代表はあなたと違って大変忙しい方なんです
大河内代表はあなたと違って大変忙しい方なんです
恭一
恭一
オレもおっさんと同じくらい忙しい可能性が
オレもおっさんと同じくらい忙しい可能性が
恋
恋
あるわけありません
あるわけありません
…………。
…………。
……。
……。
