アナウンサー】※男
アナウンサー】※男
さぁ、続いて登場するのは、今話題の、水野凛ちゃんで～す！
さぁ、続いて登場するのは、今話題の、水野凛ちゃんで～す！
凛
凛
皆さんこんばんは～！　水野凛で～す！
皆さんこんばんは～！　水野凛で～す！
？？？】※坪倉
？？？】※坪倉
ふぅ、ふぅっ……凛、凛っ……ふぅっ
ふぅ、ふぅっ……凛、凛っ……ふぅっ
右手に握った僕の分身が、破裂しそうなほど勃起している。
右手に握った僕の分身が、破裂しそうなほど勃起している。
スクリーンに映し出された凛は、眩しく輝いていた。
スクリーンに映し出された凛は、眩しく輝いていた。
？？？】※坪倉
？？？】※坪倉
ふうっ、ふぅっ。はぁ、っ……
ふうっ、ふぅっ。はぁ、っ……
アナウンサー】※男
アナウンサー】※男
そう言えば凛ちゃん、今度放映されるドラマに出るんですって？
そう言えば凛ちゃん、今度放映されるドラマに出るんですって？
凛
凛
はいっ、ドラマ初主演することになりましたっ！
はいっ、ドラマ初主演することになりましたっ！
凛
凛
そのぉ……水着シーンとかもあって、凄く恥ずかしかったですけど……
そのぉ……水着シーンとかもあって、凄く恥ずかしかったですけど……
凛
凛
精一杯頑張ってますので、是非見てくださいね！
精一杯頑張ってますので、是非見てくださいね！
？？？】※坪倉
？？？】※坪倉
はぁ、はぁ……うっ！
はぁ、はぁ……うっ！
スクリーンにまで届きそうな勢いで、僕の股間から精液が発射された。
スクリーンにまで届きそうな勢いで、僕の股間から精液が発射された。
？？？】※坪倉
？？？】※坪倉
最高だよ、凛……
最高だよ、凛……
こんなにも素晴らしい女の子を、僕は他に知らない。
こんなにも素晴らしい女の子を、僕は他に知らない。
でも……。
でも……。
僕は現実を知っている。
僕は現実を知っている。
どんなに清楚で、綺麗で、可愛くても……。
どんなに清楚で、綺麗で、可愛くても……。
やがては、ゲスな男に抱かれるだろう。
やがては、ゲスな男に抱かれるだろう。
芸能界は黒い闇に包まれている。
芸能界は黒い闇に包まれている。
あの唇がチ○コを咥えるんだ。
あの唇がチ○コを咥えるんだ。
あの胸を誰かが揉み、吸い、それを凛は感じてしまう。
あの胸を誰かが揉み、吸い、それを凛は感じてしまう。
くそっ！　そんなことが、あっていいはずがない！
くそっ！　そんなことが、あっていいはずがない！
それが許されるのは、僕だけなんだ！
それが許されるのは、僕だけなんだ！
アナウンサー】※男
アナウンサー】※男
続いて登場するのは、そのドラマでの恋人役、藤原誠さんです！
続いて登場するのは、そのドラマでの恋人役、藤原誠さんです！
？？？】※坪倉
？？？】※坪倉
くっ！
くっ！
se机を強く叩く2
se机を強く叩く2
強くテーブルを叩く。
強くテーブルを叩く。
誠
誠
みなさんこんばんは。俳優の藤原誠です
みなさんこんばんは。俳優の藤原誠です
出てきたクズ野郎が、凛の肩を抱いた。
出てきたクズ野郎が、凛の肩を抱いた。
誠
誠
僕と凛ちゃんの熱々ぶりを、是非見てもらいたいですね
僕と凛ちゃんの熱々ぶりを、是非見てもらいたいですね
凛
凛
はい、是非お願いしますっ！
はい、是非お願いしますっ！
？？？】※坪倉
？？？】※坪倉
触るんじゃない……僕の凛に、触るんじゃないっ！
触るんじゃない……僕の凛に、触るんじゃないっ！
そう、こんなヤツが一番危険なんだ。
そう、こんなヤツが一番危険なんだ。
穢れを知らないのをいいことに、僕の凛に手を出す可能性がある。
穢れを知らないのをいいことに、僕の凛に手を出す可能性がある。
許せない、そんなのは絶対に許せないっ。
許せない、そんなのは絶対に許せないっ。
穢れを知らない凛。
穢れを知らない凛。
凛、凛、凛凛凛凛凛凛凛凛凛凛。
凛、凛、凛凛凛凛凛凛凛凛凛凛。
りんりんりんりんりんりんりんりんりんりんりんりんりんりんりんりんりんりんりんりんりんりんりんりんりんりんりんりんりんりんりんりんりんりんりんりんりん
りんりんりんりんりんりんりんりんりんりんりんりんりんりんりんりんりんりんりんりんりんりんりんりんりんりんりんりんりんりんりんりんりんりんりんりんりん
あぁ……。
あぁ……。
何度呼んでも、君は素晴らしい。
何度呼んでも、君は素晴らしい。
勇気のない僕を許してくれ。
勇気のない僕を許してくれ。
今はまだ、君を抱きしめにいけないんだ。
今はまだ、君を抱きしめにいけないんだ。
でも、もう少し、もう少しだよ。
でも、もう少し、もう少しだよ。
もう少ししたら……君は僕のものだ。
もう少ししたら……君は僕のものだ。
僕だけが君の全てを受け止めて上げられる。
僕だけが君の全てを受け止めて上げられる。
だってそうだろう？
だってそうだろう？
僕だけが知っている、君の綺麗な部分も、汚い部分さえも。
僕だけが知っている、君の綺麗な部分も、汚い部分さえも。
部屋には数え切れないほどの、凛コレクションが眠っている。
部屋には数え切れないほどの、凛コレクションが眠っている。
彼女の使ったフォーク、コップ、箸……。
彼女の使ったフォーク、コップ、箸……。
洗濯機に入れた脱ぎたてのパンティーから、オリモノまで。
洗濯機に入れた脱ぎたてのパンティーから、オリモノまで。
全て完璧な保存状態で残してある。
全て完璧な保存状態で残してある。
凛のお尻の穴から出るウンコだって、僕にとっては宝物さ。
凛のお尻の穴から出るウンコだって、僕にとっては宝物さ。
僕はこのコレクションたちを眺めているだけで、何度でも絶頂に達せられるんだ。
僕はこのコレクションたちを眺めているだけで、何度でも絶頂に達せられるんだ。
まだまだ欲しいものは沢山ある。
まだまだ欲しいものは沢山ある。
でも
でも
ホントに欲しいのは……
ホントに欲しいのは……
？？？】※坪倉
？？？】※坪倉
お帰り、凛
お帰り、凛
モニターに映し出された映像には、風呂でくつろぐ凛の姿が映っている。
モニターに映し出された映像には、風呂でくつろぐ凛の姿が映っている。
？？？】※坪倉
？？？】※坪倉
もうすぐ
もうすぐ
もうすぐ僕たちは、ひとつになる。
もうすぐ僕たちは、ひとつになる。
…………。
…………。
……。
……。
秀隆
秀隆
ふわあ……
ふわあ……
眠たい目をこすりながら、リビングへと出た。
眠たい目をこすりながら、リビングへと出た。
キズナ
キズナ
大きなあくびですね
大きなあくびですね
秀隆
秀隆
うおっ！？
うおっ！？
見知らぬ顔が突然現れ、思わず仰け反ってしまう。
見知らぬ顔が突然現れ、思わず仰け反ってしまう。
キズナ
キズナ
おはようございます
おはようございます
秀隆
秀隆
あ、ああ……おはよう
あ、ああ……おはよう
そうか、昨日からキズナが同居人になったんだっけか。
そうか、昨日からキズナが同居人になったんだっけか。
慣れるまでは少しかかりそうだな。
慣れるまでは少しかかりそうだな。
秀隆
秀隆
まだ早い時間なのに、起きたんだな
まだ早い時間なのに、起きたんだな
キズナ
キズナ
朝は苦じゃないようです
朝は苦じゃないようです
自分のことなのに、自分のことが分かっていない。
自分のことなのに、自分のことが分かっていない。
一体、それはどう言う感覚なのだろう。
一体、それはどう言う感覚なのだろう。
キズナ
キズナ
何か気付きませんかっ？
何か気付きませんかっ？
秀隆
秀隆
ん？
ん？
上から下へ、キズナの姿を見てみる。
上から下へ、キズナの姿を見てみる。
秀隆
秀隆
あれ、その格好……
あれ、その格好……
キズナ
キズナ
はい学園の制服です
はい学園の制服です
秀隆
秀隆
どうしたんだ？　それ
どうしたんだ？　それ
キズナ
キズナ
昨日かずちーに頂いたトランクの中に入ってました
昨日かずちーに頂いたトランクの中に入ってました
キズナ
キズナ
他にも沢山、メモとか入れて下さっていました
他にも沢山、メモとか入れて下さっていました
秀隆
秀隆
メモ？
メモ？
キズナ
キズナ
はい。新しい生活に馴染むための方法とかです
はい。新しい生活に馴染むための方法とかです
その一枚なのか、手に持っていたものを見せてくれる。
その一枚なのか、手に持っていたものを見せてくれる。
秀隆
秀隆
見た目に似合わず、社長って優しいんだな……
見た目に似合わず、社長って優しいんだな……
キズナのためにメモを書いてる姿なんて、想像できない。
キズナのためにメモを書いてる姿なんて、想像できない。
それも手書きだ。
それも手書きだ。
繊細で綺麗な文字で書かれてある。
繊細で綺麗な文字で書かれてある。
データでは、まだ不慣れだろうと手書きにしてくれたんじゃないだろうか。
データでは、まだ不慣れだろうと手書きにしてくれたんじゃないだろうか。
秀隆
秀隆
それで、どう言う意図で制服を？
それで、どう言う意図で制服を？
キズナ
キズナ
平日の朝に私服で出歩いてると変に目立つと
平日の朝に私服で出歩いてると変に目立つと
秀隆
秀隆
なるほど……そりゃそうだ
なるほど……そりゃそうだ
普通学園に行ってる時間に私服の子供がいれば怪しまれる。
普通学園に行ってる時間に私服の子供がいれば怪しまれる。
でも秋と同じ学園の制服は、チョイスとしてどうなんだろうな。
でも秋と同じ学園の制服は、チョイスとしてどうなんだろうな。
秋とのことを関連付けたのかも知れないが、
秋とのことを関連付けたのかも知れないが、
どうみてもキズナはもうひとつ下の学園だろうに。
どうみてもキズナはもうひとつ下の学園だろうに。
キズナ
キズナ
それから、今日から暫くの間、平日は歴史や現在の技術について
それから、今日から暫くの間、平日は歴史や現在の技術について
倉屋敷ビルで学ぶことになるそうです
倉屋敷ビルで学ぶことになるそうです
キズナ
キズナ
専門のアンドロイドさんがいらっしゃるとか
専門のアンドロイドさんがいらっしゃるとか
秀隆
秀隆
へぇ……
へぇ……
そんなアンドロイドがいるなんて聞いたことは無いが、
そんなアンドロイドがいるなんて聞いたことは無いが、
それならキズナの情報が漏洩することはなさそうだ。
それならキズナの情報が漏洩することはなさそうだ。
秋
秋
おはよう、ございます……
おはよう、ございます……
ふらふら。
ふらふら。
ふらふら。
ふらふら。
右へ左へ。
右へ左へ。
寝ぐせ全開の秋が目を細めた状態で部屋を出て来た。
寝ぐせ全開の秋が目を細めた状態で部屋を出て来た。
ゴンッ。
ゴンッ。
秋
秋
あうっ……
あうっ……
壁に額を打つ秋。
壁に額を打つ秋。
秋
秋
……痛……眠い……
……痛……眠い……
どうやら痛みより眠気がまさっているらしい。
どうやら痛みより眠気がまさっているらしい。
キズナ
キズナ
もしかして、あっきーは朝に弱いんですかっ？
もしかして、あっきーは朝に弱いんですかっ？
秀隆
秀隆
激弱だ
激弱だ
キズナ
キズナ
おはようございます、あっきー
おはようございます、あっきー
秋の目の前にいき、キズナが満面の笑みで挨拶をした。
秋の目の前にいき、キズナが満面の笑みで挨拶をした。
秋
秋
……誰……あぁ……おはよう……
……誰……あぁ……おはよう……
そしてようやく、自分の席にたどり着く。
そしてようやく、自分の席にたどり着く。
秀隆
秀隆
キズナ。もしかしてあっきーって
キズナ。もしかしてあっきーって
キズナ
キズナ
はい。あっきーのあだ名です
はい。あっきーのあだ名です
秋
秋
……あっきー？
……あっきー？
まだ状況を理解できていないのか、ぼーっと聞いている。
まだ状況を理解できていないのか、ぼーっと聞いている。
秀隆
秀隆
無理して早起きするからだよ
無理して早起きするからだよ
元々より、１時間近く早く起きることになったのは、
元々より、１時間近く早く起きることになったのは、
秋にとっては相当な負担のはずだ。
秋にとっては相当な負担のはずだ。
身体もまだ全然慣れていない。
身体もまだ全然慣れていない。
秋
秋
大丈夫で、す……
大丈夫で、す……
どこが大丈夫なんだか。
どこが大丈夫なんだか。
キズナを交えての、３人での朝食。
キズナを交えての、３人での朝食。
キズナ
キズナ
あの、ちょっと気になったんですけど
あの、ちょっと気になったんですけど
秀隆
秀隆
ん？
ん？
キズナ
キズナ
どうして、ひーくんのご飯だけ、その黄色いブロックが多いんですか？
どうして、ひーくんのご飯だけ、その黄色いブロックが多いんですか？
秀隆
秀隆
これか？　これはトウモロコシだ。オレの大好物なんだよ
これか？　これはトウモロコシだ。オレの大好物なんだよ
アクセラ
アクセラ
普通は調理してお出しするものなのですが、
普通は調理してお出しするものなのですが、
秀隆様はそのまま食べられるのがお好きでして
秀隆様はそのまま食べられるのがお好きでして
キズナ
キズナ
へー
へー
秀隆
秀隆
絶品だぞ、食べてみるか？
絶品だぞ、食べてみるか？
キズナ
キズナ
では、１つ頂きます
では、１つ頂きます
そう言い、ブロックを１つ手に掴んだ。
そう言い、ブロックを１つ手に掴んだ。
キズナ
キズナ
…………
…………
そして吟味。
そして吟味。
キズナ
キズナ
これは、中々、けほ、けほっ……な味ですね
これは、中々、けほ、けほっ……な味ですね
秀隆
秀隆
どんな味だよ……
どんな味だよ……
アクセラ
アクセラ
キズナ様のお口には合わないようですね
キズナ様のお口には合わないようですね
秀隆
秀隆
この美味しさが分からないとは、可哀想に
この美味しさが分からないとは、可哀想に
キズナ
キズナ
いえっ、美味しいと思います
いえっ、美味しいと思います
秋
秋
無理して褒めないでいいです。私はあまり好きじゃないし。
無理して褒めないでいいです。私はあまり好きじゃないし。
兄さんに気を使う必要はありません
兄さんに気を使う必要はありません
キズナ
キズナ
本当に美味しいと思います。
本当に美味しいと思います。
ただ、私の想像した味と異なったので、驚いてしまって
ただ、私の想像した味と異なったので、驚いてしまって
秀隆
秀隆
想像した味と違う？
想像した味と違う？
キズナ
キズナ
はい。私の知っているトウモロコシとは味が少し違う気がしまして
はい。私の知っているトウモロコシとは味が少し違う気がしまして
秀隆
秀隆
そうなのか。何が違うんだろうな
そうなのか。何が違うんだろうな
ブロックを手に持って、きょろきょろと見渡す。
ブロックを手に持って、きょろきょろと見渡す。
オレにとってのトウモロコシってこれだからなぁ。
オレにとってのトウモロコシってこれだからなぁ。
キズナ
キズナ
うーん……それは、ちょっと分からないです
うーん……それは、ちょっと分からないです
アクセラ
アクセラ
本来、これは調理して使うものですから。
本来、これは調理して使うものですから。
キズナ様が違和感を感じたとしても無理はありません
キズナ様が違和感を感じたとしても無理はありません
アクセラ
アクセラ
今晩はトウモロコシのスープでも作ってみましょうか
今晩はトウモロコシのスープでも作ってみましょうか
秀隆
秀隆
このままの方が美味しいけどな
このままの方が美味しいけどな
アクセラ
アクセラ
ご安心ください。秀隆様には、このままでお出しします
ご安心ください。秀隆様には、このままでお出しします
秀隆
秀隆
お、おう
お、おう
嬉しい心遣いではあるが、ちょっと複雑に思ったのは内緒だ。
嬉しい心遣いではあるが、ちょっと複雑に思ったのは内緒だ。
秀隆
秀隆
オレが居ない間は、色々と頼むぞ
オレが居ない間は、色々と頼むぞ
アクセラ
アクセラ
心得ております
心得ております
アクセラに、キズナと秋を託し、仕事に出かけることにした。
アクセラに、キズナと秋を託し、仕事に出かけることにした。
秀隆
秀隆
アイドルへのＣＭ交渉……ですか
アイドルへのＣＭ交渉……ですか
唐沢
唐沢
今回、竹内くんが別件で身動きを取れなくなっていてね。
今回、竹内くんが別件で身動きを取れなくなっていてね。
是非、君に担当を任せたいと思ったんだ
是非、君に担当を任せたいと思ったんだ
秀隆
秀隆
ですが、自分は芸能界の情勢について、とても詳しいとは……
ですが、自分は芸能界の情勢について、とても詳しいとは……
唐沢
唐沢
残念ながら、他の特務官も同様だ。
残念ながら、他の特務官も同様だ。
アイドルに詳しく、かつ責任能力を持っている人材がいない
アイドルに詳しく、かつ責任能力を持っている人材がいない
唐沢
唐沢
荷が重いと感じるかも知れないが、
荷が重いと感じるかも知れないが、
チャンスはいつ転がってくるか分からないんだよ
チャンスはいつ転がってくるか分からないんだよ
唐沢
唐沢
１つのプロジェクトを任せられれば、君自身の大きな力になるだろう
１つのプロジェクトを任せられれば、君自身の大きな力になるだろう
唐沢さんの言う通り、これはチャンスだ。
唐沢さんの言う通り、これはチャンスだ。
新人のオレに、こんな役目を与えてもらえる機会はそうない。
新人のオレに、こんな役目を与えてもらえる機会はそうない。
でも素直に喜ぶことは出来なかった。
でも素直に喜ぶことは出来なかった。
秀隆
秀隆
唐沢さん、でも、オレはいつまでも唐沢さんのお世話になるわけには……
唐沢さん、でも、オレはいつまでも唐沢さんのお世話になるわけには……
そう、引っかかっているのはそこだ。
そう、引っかかっているのはそこだ。
飛びぬけた技能や資格を持っているならまだしも、
飛びぬけた技能や資格を持っているならまだしも、
プロジェクトを新人が任されることなんて、普通ありえない。
プロジェクトを新人が任されることなんて、普通ありえない。
唐沢さんが、オレのことを思って用意してくれた。
唐沢さんが、オレのことを思って用意してくれた。
その事実がどうしても、前向きな気持ちになれない理由だった。
その事実がどうしても、前向きな気持ちになれない理由だった。
唐沢
唐沢
なるほど、表情が暗いのはそういうことか。
なるほど、表情が暗いのはそういうことか。
安心してくれて構わないよ、これは僕が私的に考えたことじゃない
安心してくれて構わないよ、これは僕が私的に考えたことじゃない
迷っていると、そう言った。
迷っていると、そう言った。
唐沢
唐沢
君は僕が特別視してると思っているかも知れないが、
君は僕が特別視してると思っているかも知れないが、
これは竹内くんから提案されたことなんだ
これは竹内くんから提案されたことなんだ
秀隆
秀隆
えっ……？
えっ……？
唐沢
唐沢
島津くんにプロジェクトの話を一番にして欲しいと
島津くんにプロジェクトの話を一番にして欲しいと
唐沢
唐沢
もちろん断ることも出来る。強制はしないよ
もちろん断ることも出来る。強制はしないよ
秀隆
秀隆
…………
…………
seめくる (1
seめくる (1
オレは渡された企画書に目を通す。
オレは渡された企画書に目を通す。
唐沢
唐沢
どうする？　島津くん
どうする？　島津くん
秀隆
秀隆
……唐沢さん
……唐沢さん
オレは企画書を閉じ、目の前に座る唐沢さんの目を見つめた。
オレは企画書を閉じ、目の前に座る唐沢さんの目を見つめた。
秀隆
秀隆
やらせてください、自分に
やらせてください、自分に
唐沢
唐沢
そうか、うん分かった。君に任せる
そうか、うん分かった。君に任せる
にっこりと微笑み、唐沢さんは快く承諾してくれた。
にっこりと微笑み、唐沢さんは快く承諾してくれた。
唐沢
唐沢
今回の依頼者は、私の旧知の知人なんだ。よろしく頼むよ
今回の依頼者は、私の旧知の知人なんだ。よろしく頼むよ
嬉しそうに唐沢さんが微笑む。
嬉しそうに唐沢さんが微笑む。
くそ、こんな顔されたら、頑張るしかないじゃないか。
くそ、こんな顔されたら、頑張るしかないじゃないか。
秀隆
秀隆
では早速、詳細を知りたいので動いて参ります
では早速、詳細を知りたいので動いて参ります
唐沢
唐沢
そうしてくれ。手の空いている者は、必要に応じて使ってくれて構わないよ
そうしてくれ。手の空いている者は、必要に応じて使ってくれて構わないよ
秀隆
秀隆
はい。では、失礼します
はい。では、失礼します
オレは頭を下げ、すぐ仕事に取り掛かることにした。
オレは頭を下げ、すぐ仕事に取り掛かることにした。
秀隆
秀隆
…………
…………
オレは、特務官待機室の前に立ち、一度呼吸を整えた。
オレは、特務官待機室の前に立ち、一度呼吸を整えた。
そして両手で頬をパンと叩く。
そして両手で頬をパンと叩く。
秀隆
秀隆
行きますか
行きますか
室内に入ると、幾人かの特務官が視線を向けてきた。
室内に入ると、幾人かの特務官が視線を向けてきた。
秀隆
秀隆
おはようございます！
おはようございます！
…………。
…………。
挨拶と共に、去っていく視線。
挨拶と共に、去っていく視線。
そしてスタスタと歩き去っていく。
そしてスタスタと歩き去っていく。
うーむ、今日も見事なまでのスルーっぷりだ。
うーむ、今日も見事なまでのスルーっぷりだ。
秀隆
秀隆
佐々野さん
佐々野さん
まどか
まどか
おはよう島津くん
おはよう島津くん
秀隆
秀隆
おはよう。ちょっとお時間いいですか？
おはよう。ちょっとお時間いいですか？
まどか
まどか
えぇ、いいけど……
えぇ、いいけど……
秀隆
秀隆
それから磯部くんも
それから磯部くんも
磯部
磯部
あ？　俺？　何の用だよ
あ？　俺？　何の用だよ
秀隆
秀隆
ここでは何なので、会議室の方で
ここでは何なので、会議室の方で
怪訝そうな表情を見せ、磯部くんは嫌がっていたが、
怪訝そうな表情を見せ、磯部くんは嫌がっていたが、
まどかの説得もあって、何とか話を聞いてもらえることになった。
まどかの説得もあって、何とか話を聞いてもらえることになった。
秀隆
秀隆
実は今晩の夕食のことで相談が
実は今晩の夕食のことで相談が
磯部
磯部
朝から何のようだ、くだらないことなら許さないぜ
朝から何のようだ、くだらないことなら許さないぜ
秀隆
秀隆
も、もちろんですよ、やだな
も、もちろんですよ、やだな
磯部
磯部
今さっき、夕食がどうとか言おうとしてなかったか？
今さっき、夕食がどうとか言おうとしてなかったか？
秀隆
秀隆
まさか、と、とりあえず座ってください。ささどうぞ、どうぞ
まさか、と、とりあえず座ってください。ささどうぞ、どうぞ
磯部
磯部
必要ねぇよ
必要ねぇよ
秀隆
秀隆
いえ、話が少し長くなりますので座っていただいたほうがいいです
いえ、話が少し長くなりますので座っていただいたほうがいいです
まどか
まどか
島津くんに従って、座りましょう
島津くんに従って、座りましょう
磯部
磯部
ち……
ち……
２人が席に着くのを確認してから、その前に腰を下ろした。
２人が席に着くのを確認してから、その前に腰を下ろした。
秀隆
秀隆
では、早速ですがこれを
では、早速ですがこれを
そう言い、唐沢さんから頂きコピーした資料を、それぞれの手元へ。
そう言い、唐沢さんから頂きコピーした資料を、それぞれの手元へ。
まどか
まどか
これは―――？
これは―――？
秀隆
秀隆
今度、オレが担当することになったプロジェクトです。
今度、オレが担当することになったプロジェクトです。
アイドルのＣＭ契約について、交渉をまとめられるよう指示されました
アイドルのＣＭ契約について、交渉をまとめられるよう指示されました
磯部
磯部
は……？
は……？
その瞬間資料から目を離し、オレを睨みつけてきた。
その瞬間資料から目を離し、オレを睨みつけてきた。
磯部
磯部
どう言うことだ。そんな話聞いてないぞ
どう言うことだ。そんな話聞いてないぞ
秀隆
秀隆
自分も今朝、このプロジェクトをお受けしたばかりです
自分も今朝、このプロジェクトをお受けしたばかりです
磯部
磯部
……唐沢代表か
……唐沢代表か
秀隆
秀隆
はい
はい
まどか
まどか
…………
…………
秀隆
秀隆
そして、何名か特務官を選び、協力をお願いして良いとも承りました
そして、何名か特務官を選び、協力をお願いして良いとも承りました
まどか
まどか
それで私たちに？
それで私たちに？
秀隆
秀隆
そうです
そうです
磯部
磯部
何も出来ない新人が、プロジェクトのリーダーだと？　ざけんな
何も出来ない新人が、プロジェクトのリーダーだと？　ざけんな
se突き返す(乱暴 (2
se突き返す(乱暴 (2
バンと手のひらで資料を弾き飛ばされる。
バンと手のひらで資料を弾き飛ばされる。
紙が舞い、何枚かが床に落とされた。
紙が舞い、何枚かが床に落とされた。
磯部
磯部
コネだけのおまえにリーダーが務まるかよ
コネだけのおまえにリーダーが務まるかよ
秀隆
秀隆
佐々野さんも同じ考え方ですか？
佐々野さんも同じ考え方ですか？
まどか
まどか
…………
…………
まどかは答えなかったが、不服に思っていることは間違いない。
まどかは答えなかったが、不服に思っていることは間違いない。
仮にオレが担当することになるとしても、
仮にオレが担当することになるとしても、
まずは助特務官のリーダーであるまどかに話が行くべきことだ。
まずは助特務官のリーダーであるまどかに話が行くべきことだ。
その連絡もなしに、直接オレに話が行けば、嫌にも思うだろう。
その連絡もなしに、直接オレに話が行けば、嫌にも思うだろう。
でも、今はそのこと気にしている場合じゃない。
でも、今はそのこと気にしている場合じゃない。
そんなことをしても逆効果なのは目に見えて明らかだからだ。
そんなことをしても逆効果なのは目に見えて明らかだからだ。
秀隆
秀隆
自分がリーダーになったこと、それは事実です。力を貸して頂けませんか
自分がリーダーになったこと、それは事実です。力を貸して頂けませんか
磯部
磯部
黙れ。お前先日の件で調子に乗ってんじゃねえか？
黙れ。お前先日の件で調子に乗ってんじゃねえか？
磯部
磯部
たまたまふざけたやり方が上手く行っただけで、
たまたまふざけたやり方が上手く行っただけで、
それで特務官が務まると思ってんじゃないだろうな
それで特務官が務まると思ってんじゃないだろうな
秀隆
秀隆
もちろん思っていません。
もちろん思っていません。
ですから、お２人に力を借りたいんです
ですから、お２人に力を借りたいんです
磯部
磯部
コネで仕事持ってくるヤツと組めるわけないだろ。行くぞまどか
コネで仕事持ってくるヤツと組めるわけないだろ。行くぞまどか
まどか
まどか
待って磯部くん
待って磯部くん
立ち去ろうとする磯部くんを、まどかが呼び止める。
立ち去ろうとする磯部くんを、まどかが呼び止める。
磯部
磯部
おい、まさかこいつに力を貸すって言うんじゃないだろうな？
おい、まさかこいつに力を貸すって言うんじゃないだろうな？
まどか
まどか
これは、竹内特務官も承認していることなのね？
これは、竹内特務官も承認していることなのね？
秀隆
秀隆
はい
はい
まどか
まどか
……分かりました。プロジェクトを手伝います
……分かりました。プロジェクトを手伝います
磯部
磯部
……正気か？　なんで手を貸すんだ、こんなヤツに
……正気か？　なんで手を貸すんだ、こんなヤツに
まどか
まどか
竹内特務官の決めたことよ。私はそれに従うだけ
竹内特務官の決めたことよ。私はそれに従うだけ
磯部
磯部
冗談じゃない、俺は協力しない
冗談じゃない、俺は協力しない
まどか
まどか
磯部くん。あなたの気持ちは分かる……
磯部くん。あなたの気持ちは分かる……
私だって、正直に言えば快く引き受けることは出来ない
私だって、正直に言えば快く引き受けることは出来ない
まどか
まどか
だけど……私は特務官よ
だけど……私は特務官よ
そう言い、まどかは磯部くんを見上げた。
そう言い、まどかは磯部くんを見上げた。
まどか
まどか
プロジェクトを成功させるために私が必要なら、協力するわ
プロジェクトを成功させるために私が必要なら、協力するわ
磯部
磯部
……納得いかねぇ……無理だ、俺には
……納得いかねぇ……無理だ、俺には
まどか
まどか
磯部くん……
磯部くん……
磯部
磯部
いいか？　こいつは唐沢代表がいなければ、特務官にはなれなかった
いいか？　こいつは唐沢代表がいなければ、特務官にはなれなかった
磯部
磯部
ただの凡人なんだよっ
ただの凡人なんだよっ
秀隆
秀隆
…………
…………
磯部
磯部
俺は行くぜ。どう考えてもこいつに人材を見極める力なんて無い
俺は行くぜ。どう考えてもこいつに人材を見極める力なんて無い
まどか
まどか
待って
待って
磯部
磯部
何だよ
何だよ
まどか
まどか
ねえ島津くん。１つ聞いても言いかしら
ねえ島津くん。１つ聞いても言いかしら
秀隆
秀隆
なんでしょうか？
なんでしょうか？
まどか
まどか
私はともかく、どうして磯部くんにも声をかけたの？
私はともかく、どうして磯部くんにも声をかけたの？
まどか
まどか
こう言っちゃなんだけど、磯部くんと仲が良いとはお世辞にも言えない
こう言っちゃなんだけど、磯部くんと仲が良いとはお世辞にも言えない
磯部
磯部
遠まわしに言う必要ねえだろ。俺はこいつが死ぬほど嫌いだ
遠まわしに言う必要ねえだろ。俺はこいつが死ぬほど嫌いだ
まどか
まどか
そんな彼に、どうして？　もっと扱いやすそうな特務官だっているはずよ？
そんな彼に、どうして？　もっと扱いやすそうな特務官だっているはずよ？
秀隆
秀隆
オレはこのプロジェクトに最も適していると思う特務官を選んだだけです
オレはこのプロジェクトに最も適していると思う特務官を選んだだけです
秀隆
秀隆
そこに私情は一切入れていません
そこに私情は一切入れていません
秀隆
秀隆
磯部くんは特務官の中でも芸能界について詳しい方ですし、
磯部くんは特務官の中でも芸能界について詳しい方ですし、
話術も他の特務官より長けています
話術も他の特務官より長けています
磯部
磯部
はっ、適当言ってんじゃねえぞ。お前に俺の何が分かる
はっ、適当言ってんじゃねえぞ。お前に俺の何が分かる
秀隆
秀隆
いつも外出の際に聞かれてる音楽は、
いつも外出の際に聞かれてる音楽は、
流行のアイドルグループの曲ですよね？
流行のアイドルグループの曲ですよね？
磯部
磯部
はぁ？
はぁ？
秀隆
秀隆
他の特務官と話をされるときも、よく芸能に関して話されています
他の特務官と話をされるときも、よく芸能に関して話されています
秀隆
秀隆
持ち歩く雑誌も、ファッション誌や芸能スポーツ系ですしね
持ち歩く雑誌も、ファッション誌や芸能スポーツ系ですしね
磯部
磯部
……………
……………
秀隆
秀隆
それにアンドロイドの分野に関しても、
それにアンドロイドの分野に関しても、
かなり豊富な知識を持っているようですし
かなり豊富な知識を持っているようですし
秀隆
秀隆
磯部くんは学生時代、アンドロイドを専攻して勉強してましたよね？
磯部くんは学生時代、アンドロイドを専攻して勉強してましたよね？
何気に、そこが最も彼を頼りにしたくなるポイントだ。
何気に、そこが最も彼を頼りにしたくなるポイントだ。
磯部
磯部
なんでそんなことおまえが知ってんだよ……！
なんでそんなことおまえが知ってんだよ……！
秀隆
秀隆
調べましたから
調べましたから
磯部
磯部
調べたって……さらっと言いやがって……
調べたって……さらっと言いやがって……
秀隆
秀隆
正直、自分はアンドロイドの分野は完全な素人です。
正直、自分はアンドロイドの分野は完全な素人です。
ですから、磯部くんが居ることで、より的確な判断が出来ると思いました
ですから、磯部くんが居ることで、より的確な判断が出来ると思いました
今回のプロジェクトには、アンドロイドが無関係じゃない。
今回のプロジェクトには、アンドロイドが無関係じゃない。
秀隆
秀隆
それに佐々野さんを選んだのも、ただ旧知の知人だからじゃないです
それに佐々野さんを選んだのも、ただ旧知の知人だからじゃないです
秀隆
秀隆
まず女性の方が、クライアントを警戒させずに済みます。
まず女性の方が、クライアントを警戒させずに済みます。
年頃の女の子が相手ですから、男だけだと不安があります
年頃の女の子が相手ですから、男だけだと不安があります
特務官の中で一番若い女性がまどかだ。
特務官の中で一番若い女性がまどかだ。
交渉にむさ苦しい男だけでいけば、か弱いアイドルは警戒する。
交渉にむさ苦しい男だけでいけば、か弱いアイドルは警戒する。
秀隆
秀隆
もちろん女性と言うだけでなく、
もちろん女性と言うだけでなく、
助特務官のリーダーを任される実力なども考慮しました
助特務官のリーダーを任される実力なども考慮しました
秀隆
秀隆
また、自分と磯部くんの連携がまだ上手く行かない点も、
また、自分と磯部くんの連携がまだ上手く行かない点も、
佐々野さんであればしっかりフォローしてくれると思ったんです
佐々野さんであればしっかりフォローしてくれると思ったんです
まどか
まどか
あなた……
あなた……
秀隆
秀隆
それが、オレが磯部くんと佐々野さんを選んだ理由です
それが、オレが磯部くんと佐々野さんを選んだ理由です
秀隆
秀隆
お願いします。力を貸してくれませんか
お願いします。力を貸してくれませんか
あとは、ただ誠意を持って頼むしかない。
あとは、ただ誠意を持って頼むしかない。
深く深く頭を下げた。
深く深く頭を下げた。
反応が無かったので、恐る恐る顔を上げてみると、
反応が無かったので、恐る恐る顔を上げてみると、
磯部
磯部
…………
…………
磯部くんは、ジッとオレを睨みつけて動かなかった。
磯部くんは、ジッとオレを睨みつけて動かなかった。
まどか
まどか
これでも、磯部くんは受けないつもり？
これでも、磯部くんは受けないつもり？
島津くんの言ったことは正しい。私情を持ち込むのはよくない
島津くんの言ったことは正しい。私情を持ち込むのはよくない
まどか
まどか
そうでしょ？
そうでしょ？
磯部
磯部
納得いかねえ……
納得いかねえ……
ポツリと漏らすように、一度そう言って、床に落ちた紙を拾い上げた。
ポツリと漏らすように、一度そう言って、床に落ちた紙を拾い上げた。
磯部
磯部
さっさと説明しろ。じゃなきゃ２度と相手にしねぇぞ
さっさと説明しろ。じゃなきゃ２度と相手にしねぇぞ
秀隆
秀隆
あ……
あ……
秀隆
秀隆
はいっ！
はいっ！
磯部
磯部
なるほど。水野凛へのＣＭ交渉か……
なるほど。水野凛へのＣＭ交渉か……
まどか
まどか
概要は大体把握できたわ
概要は大体把握できたわ
説明を終えた後も、二人はしっかりと資料に目を通していた。
説明を終えた後も、二人はしっかりと資料に目を通していた。
気持ちはどうあれ、取り組みだした仕事には全力で取り掛かってくれる。
気持ちはどうあれ、取り組みだした仕事には全力で取り掛かってくれる。
やっぱりこの二人を選んで正解だった。
やっぱりこの二人を選んで正解だった。
秀隆
秀隆
少し引っかかることがあるんですよね……
少し引っかかることがあるんですよね……
何度か企画書を読み返し情報を調べても、一点腑に落ちないことがあった。
何度か企画書を読み返し情報を調べても、一点腑に落ちないことがあった。
まどか
まどか
引っかかること？
引っかかること？
秀隆
秀隆
これって、まぁ外交交渉ではあると思いますが……
これって、まぁ外交交渉ではあると思いますが……
磯部
磯部
仕事内容にケチつけるなんざ、１０年早いぞ。
仕事内容にケチつけるなんざ、１０年早いぞ。
普通こう言うプロジェクトは新入りには回ってこない
普通こう言うプロジェクトは新入りには回ってこない
秀隆
秀隆
でも、わざわざ特務官に頼むような仕事じゃない、と思えてしまって
でも、わざわざ特務官に頼むような仕事じゃない、と思えてしまって
まどか
まどか
そうね……ＣＭ交渉で特務官に依頼してくるなんて、よっぽどなのかしら？
そうね……ＣＭ交渉で特務官に依頼してくるなんて、よっぽどなのかしら？
秀隆
秀隆
特務官に依頼してくるってことは、
特務官に依頼してくるってことは、
恐らく別の企業がライバル相手として絡んでるんだろうけどさ
恐らく別の企業がライバル相手として絡んでるんだろうけどさ
秀隆
秀隆
なにより
なにより
オレは資金の項目を指差す。
オレは資金の項目を指差す。
秀隆
秀隆
依頼主は、上限１０００万まで出す、だぜ？
依頼主は、上限１０００万まで出す、だぜ？
ホープタウンにおけるＣＭの依頼平均額は、４７５万。
ホープタウンにおけるＣＭの依頼平均額は、４７５万。
その倍以上って言うだけでも、かなり確率は高いだろうに、
その倍以上って言うだけでも、かなり確率は高いだろうに、
依頼先の芸能人を見てさらに驚いた。
依頼先の芸能人を見てさらに驚いた。
秀隆
秀隆
年間契約本数は残り少しらしいけど、
年間契約本数は残り少しらしいけど、
基本的に仕事はこだわらない主義だってさ
基本的に仕事はこだわらない主義だってさ
秀隆
秀隆
誰が交渉しても、一発でオッケー貰えそうじゃないか？
誰が交渉しても、一発でオッケー貰えそうじゃないか？
このアイドル、水野凛、と言う少女は、
このアイドル、水野凛、と言う少女は、
ホープ、ドリーム、双方の街に拘らず仕事を請けるらしい。
ホープ、ドリーム、双方の街に拘らず仕事を請けるらしい。
わざわざ特務官が出向かずとも、
わざわざ特務官が出向かずとも、
直接水野凛のところへ交渉に伺えば良さそうなものだ。
直接水野凛のところへ交渉に伺えば良さそうなものだ。
磯部
磯部
そう簡単にはいかねぇよ
そう簡単にはいかねぇよ
秀隆
秀隆
え？
え？
磯部
磯部
依頼先の企業名をみろ
依頼先の企業名をみろ
秀隆
秀隆
もちろん見ました。アンドロイド製作を行っている、北野重工ですよね
もちろん見ました。アンドロイド製作を行っている、北野重工ですよね
アンドロイドを手がける会社のうちの１つだ。
アンドロイドを手がける会社のうちの１つだ。
最近は業績があまり振るわず、
最近は業績があまり振るわず、
今回のＣＭで最新型を大々的に売り込むって狙いだろう。
今回のＣＭで最新型を大々的に売り込むって狙いだろう。
秀隆
秀隆
人気のアイドルに、一発逆転を狙う北野重工からの依頼。それだけじゃないですか
人気のアイドルに、一発逆転を狙う北野重工からの依頼。それだけじゃないですか
磯部
磯部
アンドロイドの最大手ってどこだか分かるか？
アンドロイドの最大手ってどこだか分かるか？
秀隆
秀隆
いまどき子供でも知ってますよ。倉屋敷重工です
いまどき子供でも知ってますよ。倉屋敷重工です
磯部
磯部
水野凛の所に、その倉屋敷重工がＣＭオファーをかけたことがある
水野凛の所に、その倉屋敷重工がＣＭオファーをかけたことがある
まどか
まどか
それは……かなり高いギャラを貰ったんでしょうね
それは……かなり高いギャラを貰ったんでしょうね
磯部
磯部
いいや。彼女はそのＣＭの依頼を即断った
いいや。彼女はそのＣＭの依頼を即断った
秀隆
秀隆
……え？
……え？
磯部
磯部
水野凛は、大のアンドロイド嫌いなんだよ
水野凛は、大のアンドロイド嫌いなんだよ
まどか
まどか
それは私も調べて分かったことだけど、それでＣＭを断るの？
それは私も調べて分かったことだけど、それでＣＭを断るの？
秀隆
秀隆
んなバカな。ＣＭ一本で巨額の金が……
んなバカな。ＣＭ一本で巨額の金が……
磯部
磯部
例えどんな形だろうと、アンドロイドと関わる仕事はしない。
例えどんな形だろうと、アンドロイドと関わる仕事はしない。
彼女のファンなら誰だって知ってる常識の話だ
彼女のファンなら誰だって知ってる常識の話だ
秀隆
秀隆
…………
…………
磯部
磯部
はっきり言って、絶望的な交渉になるだろうな
はっきり言って、絶望的な交渉になるだろうな
あの、とんでもなく大企業の倉屋敷重工すら、
あの、とんでもなく大企業の倉屋敷重工すら、
断られたアンドロイドのＣＭ。
断られたアンドロイドのＣＭ。
それを……このアイドルに依頼しＣＭに出てもらう必要がある。
それを……このアイドルに依頼しＣＭに出てもらう必要がある。
なるほど、そりゃ普通の交渉じゃ厳しそうだ。
なるほど、そりゃ普通の交渉じゃ厳しそうだ。
交渉に置ける、最も強い力を持つ要素は金だ。
交渉に置ける、最も強い力を持つ要素は金だ。
もちろん如何に最小限の支出で権利を勝ち取るかは大切だが、
もちろん如何に最小限の支出で権利を勝ち取るかは大切だが、
支払える金額が大きければ大きいほど、当然交渉は有利になる。
支払える金額が大きければ大きいほど、当然交渉は有利になる。
実弾が往々にあるのなら、貰ったも同然、そう言いきれるほどに。
実弾が往々にあるのなら、貰ったも同然、そう言いきれるほどに。
だが、磯部くんに言わせれば、金の大小は関係が無いという。
だが、磯部くんに言わせれば、金の大小は関係が無いという。
まどか
まどか
今調べてみてるけど、倉屋敷のＣＭは一本推定２０００万、
今調べてみてるけど、倉屋敷のＣＭは一本推定２０００万、
だそうよ
だそうよ
秀隆
秀隆
２０００万……これで彼女が金で動いてないことは確定ですね
２０００万……これで彼女が金で動いてないことは確定ですね
つまり、資金という武器以外でも交渉に臨む必要があるってことだ。
つまり、資金という武器以外でも交渉に臨む必要があるってことだ。
秀隆
秀隆
でも……さすがですね磯部くん。アイドルに詳しい
でも……さすがですね磯部くん。アイドルに詳しい
磯部
磯部
こんなもん、大した知識じゃねえよ……
こんなもん、大した知識じゃねえよ……
ちょっとテレたのか、プイとあっちの方を向いてしまう。
ちょっとテレたのか、プイとあっちの方を向いてしまう。
まどか
まどか
島津くんは、相変わらずアンドロイドの分野はさっぱりなのね
島津くんは、相変わらずアンドロイドの分野はさっぱりなのね
秀隆
秀隆
元々うちの学園じゃ、アンドロイドの勉強はなかったからな
元々うちの学園じゃ、アンドロイドの勉強はなかったからな
興味を持つことがなかったから、手付かずだった。
興味を持つことがなかったから、手付かずだった。
まどか
まどか
確かにそうね。私も詳しいとは言えないし
確かにそうね。私も詳しいとは言えないし
オレもまどかも出身は同じだから、詳しくないのも無理はない。
オレもまどかも出身は同じだから、詳しくないのも無理はない。
秀隆
秀隆
まさかこんな形で必要になるとはなぁ
まさかこんな形で必要になるとはなぁ
呆れるほどに、オレはアンドロイドに関しては無知だった。
呆れるほどに、オレはアンドロイドに関しては無知だった。
磯部
磯部
…………
…………
ふと、そっぽ向いていたはずの磯部くんがオレを見ていた。
ふと、そっぽ向いていたはずの磯部くんがオレを見ていた。
秀隆
秀隆
ん？
ん？
磯部
磯部
なんでもねえよ
なんでもねえよ
そして、また明後日のほうを向いてしまう。
そして、また明後日のほうを向いてしまう。
まどか
まどか
打ち合わせは午後からだったわね？
打ち合わせは午後からだったわね？
秀隆
秀隆
ああ。クライアントが来ることになってる
ああ。クライアントが来ることになってる
秀隆
秀隆
急に及びたてしてしまい、申し訳御座いませんでした、丸の内さん
急に及びたてしてしまい、申し訳御座いませんでした、丸の内さん
丸の内
丸の内
いえいえいえっ、今回特務官の方々にお引き受けいただけて、
いえいえいえっ、今回特務官の方々にお引き受けいただけて、
大変感謝しております！
大変感謝しております！
丸の内
丸の内
私は北野重工第五開発室担当の、丸の内と申します
私は北野重工第五開発室担当の、丸の内と申します
５０手前の、ちょっと頭皮の薄くなった温厚そうな人が、深々と頭を下げた。
５０手前の、ちょっと頭皮の薄くなった温厚そうな人が、深々と頭を下げた。
秀隆
秀隆
こちらにお座りください。詳細についてお聞かせ願いたいので
こちらにお座りください。詳細についてお聞かせ願いたいので
丸の内
丸の内
は、はいっ
は、はいっ
丸の内さんが正面に座り、オレがその対面に腰を下ろす。
丸の内さんが正面に座り、オレがその対面に腰を下ろす。
そして、オレの左右にはまどかと磯部くんが腰を下ろした。
そして、オレの左右にはまどかと磯部くんが腰を下ろした。
秀隆
秀隆
早速ですが、少々気になっていたご質問をさせていただいてもよろしいでしょうか
早速ですが、少々気になっていたご質問をさせていただいてもよろしいでしょうか
丸の内
丸の内
はいっ
はいっ
秀隆
秀隆
今回売り込む予定の最新型アンドロイドには、社運を賭けているそうで
今回売り込む予定の最新型アンドロイドには、社運を賭けているそうで
丸の内
丸の内
はい。今回のタイプＲＳが売れなければ、苦境に立たされるでしょう……
はい。今回のタイプＲＳが売れなければ、苦境に立たされるでしょう……
丸の内
丸の内
性能には自信があります。あとは、如何に宣伝をするかでして
性能には自信があります。あとは、如何に宣伝をするかでして
秀隆
秀隆
それで、この水野凛と言うアイドルをＣＭに起用したいと
それで、この水野凛と言うアイドルをＣＭに起用したいと
丸の内
丸の内
彼女は今、ホープ、ドリームどちらでも
彼女は今、ホープ、ドリームどちらでも
非常に知名度が高いアイドルと騒がれておりますので
非常に知名度が高いアイドルと騒がれておりますので
秀隆
秀隆
ですが……過去、全てアンドロイドのＣＭはお断りしているとか
ですが……過去、全てアンドロイドのＣＭはお断りしているとか
丸の内
丸の内
それは存じております。ですから、特務官の方々にお願いをしよう、と
それは存じております。ですから、特務官の方々にお願いをしよう、と
秀隆
秀隆
彼女以外の選択肢はないということですね？
彼女以外の選択肢はないということですね？
丸の内
丸の内
知名度だけで言えば、彼女と同等、
知名度だけで言えば、彼女と同等、
あるいはそれ以上の芸能人もたくさんいると思います
あるいはそれ以上の芸能人もたくさんいると思います
そう、引っかかっていたことの１つだ。
そう、引っかかっていたことの１つだ。
彼女は確かに、今人気アイドルの一人だが、最高ってほどではない。
彼女は確かに、今人気アイドルの一人だが、最高ってほどではない。
上を探せばまだまだいることだろう。
上を探せばまだまだいることだろう。
まして資金の上限が高いのなら、そこに縛られる必要もない。
まして資金の上限が高いのなら、そこに縛られる必要もない。
秀隆
秀隆
無理にアンドロイドを嫌う彼女を起用しようとする理由が知りたかったので
無理にアンドロイドを嫌う彼女を起用しようとする理由が知りたかったので
丸の内
丸の内
まさにそこなんです
まさにそこなんです
秀隆
秀隆
そこ？
そこ？
丸の内
丸の内
彼女が大のアンドロイド嫌いだと言うことは、
彼女が大のアンドロイド嫌いだと言うことは、
多くのファンが知るところですよね？
多くのファンが知るところですよね？
秀隆
秀隆
そうですね……
そうですね……
丸の内
丸の内
この最新作のアンドロイドは、
この最新作のアンドロイドは、
そんな彼女も気に入る、と言う触れ込みで行きたいんです
そんな彼女も気に入る、と言う触れ込みで行きたいんです
まどか
まどか
……そう言うこと、ですか……
……そう言うこと、ですか……
確かに、聞いてみればなるほど……と思ってしまった。
確かに、聞いてみればなるほど……と思ってしまった。
アンドロイドを毛嫌いし、どんな大手の仕事も断り続けるアイドル。
アンドロイドを毛嫌いし、どんな大手の仕事も断り続けるアイドル。
そんなアイドルがＣＭを引き受け、例え嘘でも、彼女すら好きになるアンドロイド、なんてキャッチで売り込めば、話題性を集めるのは必然かもしれない。
そんなアイドルがＣＭを引き受け、例え嘘でも、彼女すら好きになるアンドロイド、なんてキャッチで売り込めば、話題性を集めるのは必然かもしれない。
丸の内
丸の内
現ホープタウンでは、年間契約数が定められていることはご存知ですね？
現ホープタウンでは、年間契約数が定められていることはご存知ですね？
秀隆
秀隆
もちろんです
もちろんです
年間契約数。
年間契約数。
テレビで活躍する芸能人が、年間に引き受けることが許される仕事の数だ。
テレビで活躍する芸能人が、年間に引き受けることが許される仕事の数だ。
人気の芸能人だからと言って、１００も２００も仕事ができるわけじゃない。
人気の芸能人だからと言って、１００も２００も仕事ができるわけじゃない。
そんなことが許されたら、人気の芸能人は瞬く間に億万長者だ。
そんなことが許されたら、人気の芸能人は瞬く間に億万長者だ。
ドリームタウンでのＣＭには、制限がないらしいが、
ドリームタウンでのＣＭには、制限がないらしいが、
平等を掲げるホープタウンではそれが出来ない。
平等を掲げるホープタウンではそれが出来ない。
丸の内
丸の内
彼女のＣＭ出演枠は年間で５本。
彼女のＣＭ出演枠は年間で５本。
既に４本契約が決まっていて、枠は残り１つしかありません
既に４本契約が決まっていて、枠は残り１つしかありません
秀隆
秀隆
その枠を、どこかの企業も狙っている……ですか？
その枠を、どこかの企業も狙っている……ですか？
丸の内さんはハイと頷いた。
丸の内さんはハイと頷いた。
丸の内
丸の内
彼女が過去に出演したこともある飲料水のＣＭです
彼女が過去に出演したこともある飲料水のＣＭです
秀隆
秀隆
なるほど……磯部くん、何か気になったことは？
なるほど……磯部くん、何か気になったことは？
磯部
磯部
かなり厳しい状況にあることは、理解いたしました
かなり厳しい状況にあることは、理解いたしました
磯部
磯部
ぶしつけな質問になりますが、１つよろしいですか？
ぶしつけな質問になりますが、１つよろしいですか？
丸の内
丸の内
は、何でも聞いてください
は、何でも聞いてください
磯部
磯部
自分は少々アンドロイドの分野に興味を持っておりまして、
自分は少々アンドロイドの分野に興味を持っておりまして、
丸の内さんのお名前は、実際何度か拝見したことがあるんです
丸の内さんのお名前は、実際何度か拝見したことがあるんです
丸の内
丸の内
恐縮です
恐縮です
磯部
磯部
どうして今回、新型を製作に？
どうして今回、新型を製作に？
御社は今までＡＧシリーズを手がけておられましたよね？
御社は今までＡＧシリーズを手がけておられましたよね？
ＡＧシリーズ、と言う言葉、オレも耳にしたことがある名前だった。
ＡＧシリーズ、と言う言葉、オレも耳にしたことがある名前だった。
磯部くんが予め用意していた資料に目を通す。
磯部くんが予め用意していた資料に目を通す。
ＡＧとは『アーバンガリアス』と言うアンドロイド名の略称らしい。
ＡＧとは『アーバンガリアス』と言うアンドロイド名の略称らしい。
それほど有名ではないが、一部マニアの間では評判だったようだ。
それほど有名ではないが、一部マニアの間では評判だったようだ。
磯部
磯部
ＡＧシリーズの生みの親である丸の内さんは、
ＡＧシリーズの生みの親である丸の内さんは、
私はてっきり、ＡＧシリーズの最新作を製作すると思っていたんです
私はてっきり、ＡＧシリーズの最新作を製作すると思っていたんです
磯部
磯部
内心そこに期待している部分も、１アンドロイドファンとして
内心そこに期待している部分も、１アンドロイドファンとして
思いましたし
思いましたし
秀隆
秀隆
開発中止、になっていたんですね……
開発中止、になっていたんですね……
ＡＧシリーズの製作予定はあったが、途中で頓挫してしまったようだ。
ＡＧシリーズの製作予定はあったが、途中で頓挫してしまったようだ。
丸の内
丸の内
耳の痛いお話です……よくご存知ですね
耳の痛いお話です……よくご存知ですね
磯部
磯部
こんなことを申し上げるのは大変失礼なのですが、
こんなことを申し上げるのは大変失礼なのですが、
先日ある記事で『島流しにあった』と言うものを見つけまして
先日ある記事で『島流しにあった』と言うものを見つけまして
磯部くんは本当にアンドロイドに詳しいな。
磯部くんは本当にアンドロイドに詳しいな。
クライアントが来るまでに調べたこともあるだろうけど、
クライアントが来るまでに調べたこともあるだろうけど、
予め予備知識がなければ出ないようなことばかりだ。
予め予備知識がなければ出ないようなことばかりだ。
丸の内
丸の内
それは……これからお話しすることは、内密にお願いできますか
それは……これからお話しすることは、内密にお願いできますか
磯部
磯部
もちろん外部には漏らしません
もちろん外部には漏らしません
丸の内
丸の内
……実は、正確には、私は今北野重工を退社しているんです
……実は、正確には、私は今北野重工を退社しているんです
秀隆
秀隆
えっ！？　しかし、あなたは
えっ！？　しかし、あなたは
丸の内
丸の内
表向きには、私はただ北野重工社の子会社に移ったことになっています。ですが、実際は独立して会社を起業しているんです
表向きには、私はただ北野重工社の子会社に移ったことになっています。ですが、実際は独立して会社を起業しているんです
秀隆
秀隆
どう言うことですか
どう言うことですか
丸の内
丸の内
北野重工は、タイプＡＧの成功を切っかけに、大きく変わりました。資金が入り潤ったことで、社長が莫大な使い込みを始めたんです
北野重工は、タイプＡＧの成功を切っかけに、大きく変わりました。資金が入り潤ったことで、社長が莫大な使い込みを始めたんです
丸の内
丸の内
私は思い切って、信頼できる社員を連れ独立を申し出ました
私は思い切って、信頼できる社員を連れ独立を申し出ました
丸の内
丸の内
最初は猛反発を受けましたが、
最初は猛反発を受けましたが、
それでも抜けるというと、許可する変わりに条件を提示されたんです
それでも抜けるというと、許可する変わりに条件を提示されたんです
秀隆
秀隆
条件、ですか
条件、ですか
丸の内
丸の内
それは、私たちのチームが独立したことを伏せる、でした
それは、私たちのチームが独立したことを伏せる、でした
磯部
磯部
北野重工の顔でもある丸の内さんが
北野重工の顔でもある丸の内さんが
抜けたことを外部に知らせないことで面子を保つ、と言うことですね
抜けたことを外部に知らせないことで面子を保つ、と言うことですね
丸の内
丸の内
はい。これまでもこれからも、私は表向き北野重工の社員です。
はい。これまでもこれからも、私は表向き北野重工の社員です。
購入者の方々が気付くことはないでしょう
購入者の方々が気付くことはないでしょう
どこの組織も一枚岩じゃないってことだな。
どこの組織も一枚岩じゃないってことだな。
磯部
磯部
そう言う経緯がありましたか。失礼致しました
そう言う経緯がありましたか。失礼致しました
丸の内
丸の内
構いません。多くの方は知る由のないことですから
構いません。多くの方は知る由のないことですから
まどかは小さく頷き、オレに合図を送ってきた。
まどかは小さく頷き、オレに合図を送ってきた。
秀隆
秀隆
分かりました。可能な限り、私たちで交渉の方を行ってみたいと思います
分かりました。可能な限り、私たちで交渉の方を行ってみたいと思います
丸の内
丸の内
何卒、何卒よろしくお願いいたします！
何卒、何卒よろしくお願いいたします！
丸の内さんが帰ったあと、
丸の内さんが帰ったあと、
オレは座る椅子をくるくると回転させながら、物思いにふけっていた。
オレは座る椅子をくるくると回転させながら、物思いにふけっていた。
どうやって交渉を切り出していけばいいのか。
どうやって交渉を切り出していけばいいのか。
正直言って、全く見えなくなってしまった。
正直言って、全く見えなくなってしまった。
いや、とにかく今は、当たってみるしかない。
いや、とにかく今は、当たってみるしかない。
まだ交渉相手に会ってもいないんだから。
まだ交渉相手に会ってもいないんだから。
オレはまどかと磯部くんを連れ、
オレはまどかと磯部くんを連れ、
水野凛さんの働く収録現場へと足を向けた。
水野凛さんの働く収録現場へと足を向けた。
特務官ってのは凄いもので、
特務官ってのは凄いもので、
一般人の踏み込めないスタジオにもすんなりと入らせてもらえた。
一般人の踏み込めないスタジオにもすんなりと入らせてもらえた。
秀隆
秀隆
特務官なら、アイドルに会い放題……
特務官なら、アイドルに会い放題……
まどか
まどか
とか考えてるなら、最低よ？
とか考えてるなら、最低よ？
秀隆
秀隆
だって、磯部くん！
だって、磯部くん！
磯部
磯部
おまえだろうがっ！
おまえだろうがっ！
秀隆
秀隆
はっはっは
はっはっは
まどか
まどか
……最低ね
……最低ね
秀隆
秀隆
えーっと、水野さんはまだかなっと……
えーっと、水野さんはまだかなっと……
まどかの視線から逃げるように、
まどかの視線から逃げるように、
オレは辺りをキョロキョロと見渡した。
オレは辺りをキョロキョロと見渡した。
そろそろ約束の時間だが、まだその姿を確認することが出来ない。
そろそろ約束の時間だが、まだその姿を確認することが出来ない。
凛
凛
すみません、お待たせしてしまいましたかっ？
すみません、お待たせしてしまいましたかっ？
それから数分して、
それから数分して、
小走りでかけてきた一人の少女が、オレたちに頭を下げた。
小走りでかけてきた一人の少女が、オレたちに頭を下げた。
秀隆
秀隆
い、いえ。すみません、急に押しかけてしまいまして
い、いえ。すみません、急に押しかけてしまいまして
凛
凛
そんな。私にお仕事の依頼を、と言うことでしたし、
そんな。私にお仕事の依頼を、と言うことでしたし、
それに特務官の方々が、わざわざ来てくれていると聞いたので
それに特務官の方々が、わざわざ来てくれていると聞いたので
嬉しそうに笑う。
嬉しそうに笑う。
うん、いや、オレは別にアイドルには詳しくないし、
うん、いや、オレは別にアイドルには詳しくないし、
この子も名前くらいしか知らなかったけどさ。
この子も名前くらいしか知らなかったけどさ。
……めっちゃ可愛いんですけど！
……めっちゃ可愛いんですけど！
なにこれ、え、本当にこんな美人が存在するんだな、って感じ。
なにこれ、え、本当にこんな美人が存在するんだな、って感じ。
まさにテレビの中から出てきた、状態だ。
まさにテレビの中から出てきた、状態だ。
磯部くんも、怖そうな顔から一点、ちょっと嬉しそうだ。
磯部くんも、怖そうな顔から一点、ちょっと嬉しそうだ。
坪倉
坪倉
私は専属マネージャーの坪倉です
私は専属マネージャーの坪倉です
さっと名刺を渡され、
さっと名刺を渡され、
オレもすかさず準備していた名刺を取り出し、交換する。
オレもすかさず準備していた名刺を取り出し、交換する。
坪倉
坪倉
このような場で失礼します。凛のほうもかなり多忙でして
このような場で失礼します。凛のほうもかなり多忙でして
秀隆
秀隆
いえっ、こちらこそお時間を頂けまして恐縮です
いえっ、こちらこそお時間を頂けまして恐縮です
凛
凛
お電話で仰っていた……ＣＭのお仕事を依頼したい、でしたか
お電話で仰っていた……ＣＭのお仕事を依頼したい、でしたか
秀隆
秀隆
はい。ホープタウンでの年間契約数があと１本までとお聞きしておりまして
はい。ホープタウンでの年間契約数があと１本までとお聞きしておりまして
凛
凛
そうなんです。その、本当なら快くお引き受けしたいのですが……
そうなんです。その、本当なら快くお引き受けしたいのですが……
秀隆
秀隆
ひょっとして……もう決まってしまった、とか？
ひょっとして……もう決まってしまった、とか？
坪倉
坪倉
そう言うわけではないのですが……
そう言うわけではないのですが……
他方からＣＭのご依頼を頂いておりまして……
他方からＣＭのご依頼を頂いておりまして……
恐らく、某飲料メーカーの依頼だろう。
恐らく、某飲料メーカーの依頼だろう。
こちらで調べた情報では、ドリームタウンの大手企業だ。
こちらで調べた情報では、ドリームタウンの大手企業だ。
あちらもホープタウンでの展開のため、
あちらもホープタウンでの展開のため、
何とか凛との契約を勝ち得たいと思っているはず。
何とか凛との契約を勝ち得たいと思っているはず。
坪倉
坪倉
今回出向いて頂いて申し訳ないのですが、
今回出向いて頂いて申し訳ないのですが、
先方には彼女のことでデビュー当時からお世話になっており、
先方には彼女のことでデビュー当時からお世話になっており、
若干厳しい状況になっております
若干厳しい状況になっております
秀隆
秀隆
なんとかお話の詳細だけでも、聞いていただけないでしょうか
なんとかお話の詳細だけでも、聞いていただけないでしょうか
坪倉
坪倉
それは……
それは……
坪倉さんは、チラリと凛の方へと視線を向けた。
坪倉さんは、チラリと凛の方へと視線を向けた。
凛
凛
そうですね、一度お話だけでも……
そうですね、一度お話だけでも……
ただ、お引き受けすることは難しいと思いますが
ただ、お引き受けすることは難しいと思いますが
秀隆
秀隆
それでも構いません。よろしくお願いいたします
それでも構いません。よろしくお願いいたします
凛
凛
でもこれから収録なので、その後でもいいですか？
でもこれから収録なので、その後でもいいですか？
秀隆
秀隆
問題ありません。場所のご希望などありますか
問題ありません。場所のご希望などありますか
凛
凛
一度特務官の方がいるところに行って見たかったので、お伺いしても？
一度特務官の方がいるところに行って見たかったので、お伺いしても？
秀隆
秀隆
もちろん大丈夫です
もちろん大丈夫です
凛
凛
では、えっと……どれくらいになるかな？
では、えっと……どれくらいになるかな？
坪倉
坪倉
そうだね……
そうだね……
マネージャーは携帯を触り、
マネージャーは携帯を触り、
スケジュールを確認しているようだった。
スケジュールを確認しているようだった。
確か水野さんは、今度ドラマの初主演が決まったんだったな。
確か水野さんは、今度ドラマの初主演が決まったんだったな。
当然多忙だろう。
当然多忙だろう。
坪倉
坪倉
５時前には、お伺いできるかと思います
５時前には、お伺いできるかと思います
秀隆
秀隆
畏まりました。お待ちしております
畏まりました。お待ちしております
まどか
まどか
アンドロイドのＣＭだ、とは伝えてないのね
アンドロイドのＣＭだ、とは伝えてないのね
秀隆
秀隆
電話口でそういえば、門前払いだと思ったんだ
電話口でそういえば、門前払いだと思ったんだ
まどか
まどか
それはそうでしょうけど、大変な交渉になるわよ？
それはそうでしょうけど、大変な交渉になるわよ？
秀隆
秀隆
覚悟の上さ
覚悟の上さ
秀隆
秀隆
とにかく、オレたちは戻ってギリギリまで打ち合わせだ
とにかく、オレたちは戻ってギリギリまで打ち合わせだ
…………。
…………。
……
……
そして、約束の時間は瞬く間に近づき、
そして、約束の時間は瞬く間に近づき、
水野凛さんと、マネージャーの坪倉さんが尋ねてきた。
水野凛さんと、マネージャーの坪倉さんが尋ねてきた。
凛
凛
凄く大きな建物なんですね、私びっくりしました
凄く大きな建物なんですね、私びっくりしました
秀隆
秀隆
この街にとって、重要な仕事をしている建物なので
この街にとって、重要な仕事をしている建物なので
坪倉
坪倉
すみません、実はこの後、もう１つ凛に仕事が入ってしまいまして……
すみません、実はこの後、もう１つ凛に仕事が入ってしまいまして……
坪倉
坪倉
３０分くらいで済むと助かるのですが……
３０分くらいで済むと助かるのですが……
秀隆
秀隆
そうですか、では早速始めさせていただきたいと思います
そうですか、では早速始めさせていただきたいと思います
坪倉
坪倉
すみません
すみません
秀隆
秀隆
改めまして、よろしくお願いいたします
改めまして、よろしくお願いいたします
凛
凛
よろしくお願いします
よろしくお願いします
オレは、３人で用意した企画書を２人に差し出す。
オレは、３人で用意した企画書を２人に差し出す。
秀隆
秀隆
今回依頼したいＣＭは、こちらになります
今回依頼したいＣＭは、こちらになります
こちらのＣＭ内容を知ったとき、彼女はどんな反応をするだろうか。
こちらのＣＭ内容を知ったとき、彼女はどんな反応をするだろうか。
オレが、オレたちが一番気になっていたこと。
オレが、オレたちが一番気になっていたこと。
それは嫌な形で的中することとなった。
それは嫌な形で的中することとなった。
凛
凛
……アンドロイド……
……アンドロイド……
坪倉
坪倉
いや、あの、これは……
いや、あの、これは……
アンドロイドと聞いた瞬間、凛さんの表情が曇る。
アンドロイドと聞いた瞬間、凛さんの表情が曇る。
慌てたように坪倉マネージャーが口を開いた。
慌てたように坪倉マネージャーが口を開いた。
坪倉
坪倉
ご存じなかったかも知れませんが、
ご存じなかったかも知れませんが、
うちの凛はアンドロイドのお仕事はお受けできません
うちの凛はアンドロイドのお仕事はお受けできません
秀隆
秀隆
もちろん、アンドロイドを避けられているのは承知の上です。
もちろん、アンドロイドを避けられているのは承知の上です。
ですが、うちとしてもなんとか交渉の余地を頂けると……
ですが、うちとしてもなんとか交渉の余地を頂けると……
坪倉
坪倉
無理なんです、こればかりは……
無理なんです、こればかりは……
凛
凛
ごめんなさい……
ごめんなさい……
読みかけていた企画書を、ぱらりと閉じる。
読みかけていた企画書を、ぱらりと閉じる。
アンドロイドと知って、交渉する気をなくしたってことか。
アンドロイドと知って、交渉する気をなくしたってことか。
凛
凛
お受けすることは出来ないです
お受けすることは出来ないです
そしてきっぱりとオレたちに言った。
そしてきっぱりとオレたちに言った。
まどか
まどか
難しい問題であることは、私も理解しているつもりです。
難しい問題であることは、私も理解しているつもりです。
ただ、今回私たちに依頼をしてきた会社も、社運を賭けております
ただ、今回私たちに依頼をしてきた会社も、社運を賭けております
まどか
まどか
そのために、水野凛さんが適任だと判断され、期待されております
そのために、水野凛さんが適任だと判断され、期待されております
凛
凛
…………
…………
まどか
まどか
ＣＭの依頼料につきましても
ＣＭの依頼料につきましても
凛
凛
ごめんなさい
ごめんなさい
乾いた一言が、重く会議室に響く。
乾いた一言が、重く会議室に響く。
凛
凛
無理です
無理です
まどか
まどか
…………
…………
会議室が静寂に包まれる。
会議室が静寂に包まれる。
まどか
まどか
えっと……
えっと……
まどかが何とか場を繋ごうとするが、言葉が出てこないようだった。
まどかが何とか場を繋ごうとするが、言葉が出てこないようだった。
それだけ、この場の空気がＮＯと語っている。
それだけ、この場の空気がＮＯと語っている。
磯部くんも半ばあきらめ気味に、口を閉じている。
磯部くんも半ばあきらめ気味に、口を閉じている。
ここはオレが、多少強引にでも進めなければならない。
ここはオレが、多少強引にでも進めなければならない。
黙っていればどのみち可能性は閉ざされる。
黙っていればどのみち可能性は閉ざされる。
秀隆
秀隆
なぜでしょう？　いえ、こんなことを申し上げたくはないのですが
なぜでしょう？　いえ、こんなことを申し上げたくはないのですが
オレは交渉を進めるため、少々失礼なことを口にした。
オレは交渉を進めるため、少々失礼なことを口にした。
秀隆
秀隆
プロであられるなら、検討していただくことくらいはできるのでは？　少なくとも、まだ企画書にはキチンと目を通されていません
プロであられるなら、検討していただくことくらいはできるのでは？　少なくとも、まだ企画書にはキチンと目を通されていません
まどか
まどか
ちょ、ちょっと島津くんっ
ちょ、ちょっと島津くんっ
乱暴な言葉に思わず、身を乗り出したまどか。
乱暴な言葉に思わず、身を乗り出したまどか。
オレは大丈夫だからと軽く手で制した。
オレは大丈夫だからと軽く手で制した。
秀隆
秀隆
それに、水野さんは幅広くお仕事をお受けされていると。
それに、水野さんは幅広くお仕事をお受けされていると。
それが世間で評価され、今人気アイドルとして活動されていると
それが世間で評価され、今人気アイドルとして活動されていると
坪倉
坪倉
……おっしゃりたいことはごもっともです。
……おっしゃりたいことはごもっともです。
実際凛は、どんな仕事でも請けるのが信条です
実際凛は、どんな仕事でも請けるのが信条です
坪倉
坪倉
だからこそ、新人にしてここまで来れたというのもあるでしょう
だからこそ、新人にしてここまで来れたというのもあるでしょう
秀隆
秀隆
では……
では……
坪倉
坪倉
ですが、アンドロイドだけは無理なんです
ですが、アンドロイドだけは無理なんです
秀隆
秀隆
……なぜですか？　こちらで調べた限りでは、
……なぜですか？　こちらで調べた限りでは、
アンドロイドに関してトラウマがある、としか
アンドロイドに関してトラウマがある、としか
凛
凛
…………
…………
水野さんの表情は硬いままだ。
水野さんの表情は硬いままだ。
いや、時間とともに、より硬くなっている。
いや、時間とともに、より硬くなっている。
坪倉
坪倉
あの、詳細はオフレコでお願いいたします
あの、詳細はオフレコでお願いいたします
秀隆
秀隆
もちろん秘密は厳守いたします
もちろん秘密は厳守いたします
坪倉
坪倉
彼女、小さい頃はアンドロイドととても仲がよかったんです
彼女、小さい頃はアンドロイドととても仲がよかったんです
坪倉
坪倉
共働きに出る両親に代わって、
共働きに出る両親に代わって、
アンドロイドが親身に世話をしていたそうですから
アンドロイドが親身に世話をしていたそうですから
秀隆
秀隆
では、どうして？
では、どうして？
坪倉
坪倉
あるときそのアンドロイドが暴走してしまう事故がありまして
あるときそのアンドロイドが暴走してしまう事故がありまして
秀隆
秀隆
アンドロイドが暴走……ですか
アンドロイドが暴走……ですか
坪倉
坪倉
もうそのメーカーは潰れてしまいましたが、
もうそのメーカーは潰れてしまいましたが、
一部不良品があったそうなんです
一部不良品があったそうなんです
秀隆
秀隆
…………
…………
坪倉
坪倉
彼女は、その親代わりだったアンドロイドに、
彼女は、その親代わりだったアンドロイドに、
殺されかけたことがあるんですよ
殺されかけたことがあるんですよ
秀隆
秀隆
まさか……
まさか……
坪倉
坪倉
一命は取り留めたものの、
一命は取り留めたものの、
多重骨折の重体で生死をさ迷ったそうで
多重骨折の重体で生死をさ迷ったそうで
坪倉
坪倉
それ以来凛は、アンドロイドが近づくことを絶対に認めなくなったんです
それ以来凛は、アンドロイドが近づくことを絶対に認めなくなったんです
凛
凛
あたしはアンドロイドが信用できない。ただそれだけです。
あたしはアンドロイドが信用できない。ただそれだけです。
どれだけ技術が凄くなっても、アンドロイドはアンドロイドです。
どれだけ技術が凄くなっても、アンドロイドはアンドロイドです。
いつ暴走するかわからない。私は、それが怖いんです
いつ暴走するかわからない。私は、それが怖いんです
思いがけない話に、オレは戦う気力をもぎ取られそうになる。
思いがけない話に、オレは戦う気力をもぎ取られそうになる。
秀隆
秀隆
……そうでしたか……
……そうでしたか……
不用意にアンドロイドのことを聞いて、申し訳ありませんでした
不用意にアンドロイドのことを聞いて、申し訳ありませんでした
ただ謝ることしか出来ない。
ただ謝ることしか出来ない。
多少のトラウマならばと思っていたが、これはあまりにも重すぎる。
多少のトラウマならばと思っていたが、これはあまりにも重すぎる。
まして幼い頃の事故となれば、
まして幼い頃の事故となれば、
それは生涯心の傷として付きまとうことだってあるのだ。
それは生涯心の傷として付きまとうことだってあるのだ。
病院に通っていたオレにはよくわかる話だった。
病院に通っていたオレにはよくわかる話だった。
坪倉
坪倉
凛も慣れてますから。
凛も慣れてますから。
芸能界と言う場所を、良く理解していますし
芸能界と言う場所を、良く理解していますし
坪倉
坪倉
ただ……幾ら特務官の方によるお願いでも、今回のＣＭは厳しいとしか……
ただ……幾ら特務官の方によるお願いでも、今回のＣＭは厳しいとしか……
まどか
まどか
そうですか……
そうですか……
まどかからの、落胆と諦めの一言。
まどかからの、落胆と諦めの一言。
今の話を聞いて完全に無理だと悟ってしまった。
今の話を聞いて完全に無理だと悟ってしまった。
実際オレもほぼ変わりない。
実際オレもほぼ変わりない。
でも―――。
でも―――。
秀隆
秀隆
……依頼の来ているＣＭに対するお返事は、いつ頃を予定していますか？
……依頼の来ているＣＭに対するお返事は、いつ頃を予定していますか？
坪倉
坪倉
今月末を予定しておりますが、それが？
今月末を予定しておりますが、それが？
秀隆
秀隆
あと２週間ほどですね。出来れば、それまでお時間を頂けませんか
あと２週間ほどですね。出来れば、それまでお時間を頂けませんか
秀隆
秀隆
何とか、凛さんに納得していただける企画内容に致しますので
何とか、凛さんに納得していただける企画内容に致しますので
まどか
まどか
島津くん、でも、もうこれ以上は……
島津くん、でも、もうこれ以上は……
秀隆
秀隆
お願いします水野さん。
お願いします水野さん。
何とか、もう少しご検討していただけませんか
何とか、もう少しご検討していただけませんか
凛
凛
無理です。アンドロイドが関わってる以上
無理です。アンドロイドが関わってる以上
秀隆
秀隆
それは承知しておりますが、それでも何とか
それは承知しておりますが、それでも何とか
se机を強く叩く1
se机を強く叩く1
ダン、と鈍い音がした。
ダン、と鈍い音がした。
目の前の凛さんが、グーで机を叩いたのだ。
目の前の凛さんが、グーで机を叩いたのだ。
その思いがけない行動に、オレたちは思わず目を丸くした。
その思いがけない行動に、オレたちは思わず目を丸くした。
凛
凛
……しつこい
……しつこい
さっきまでの水野さんより、一層冷たい印象を受けた。
さっきまでの水野さんより、一層冷たい印象を受けた。
凛
凛
嫌がる私に、まだ話を押し付けようってわけ？
嫌がる私に、まだ話を押し付けようってわけ？
凛
凛
あーあ、なんていうか、特務官って最低じゃない？
あーあ、なんていうか、特務官って最低じゃない？
凛
凛
街のヒーローだなんて言われてるけど、ただ強引なだけじゃない
街のヒーローだなんて言われてるけど、ただ強引なだけじゃない
秀隆
秀隆
…………
…………
凛
凛
なに急に黙りこんでんのよ。
なに急に黙りこんでんのよ。
こっちは仕事で疲れてるんだから、早くしてよ。
こっちは仕事で疲れてるんだから、早くしてよ。
ま、結果は見えてるけど
ま、結果は見えてるけど
凛さんの隣では、マネージャーの坪倉さんが、
凛さんの隣では、マネージャーの坪倉さんが、
すみませんすみませんと謝っている。
すみませんすみませんと謝っている。
凛
凛
坪っち、いいわよ謝らなくて。
坪っち、いいわよ謝らなくて。
本当に謝らないといけないのはあっちなんだし
本当に謝らないといけないのはあっちなんだし
秀隆
秀隆
私たちは企業を背負ってこの場に座っています。
私たちは企業を背負ってこの場に座っています。
水野さんのお怒りはごもっともですが、
水野さんのお怒りはごもっともですが、
簡単にあきらめるわけにはいきません
簡単にあきらめるわけにはいきません
まどか
まどか
…………
…………
俯きかけていたまどかが、ゆっくりと顔を上げる。
俯きかけていたまどかが、ゆっくりと顔を上げる。
まどか
まどか
あの……失礼は承知しております。
あの……失礼は承知しております。
ですが、なんとか検討の余地はないかと思っています
ですが、なんとか検討の余地はないかと思っています
まどか
まどか
額面による交渉も行わせて頂きますし
額面による交渉も行わせて頂きますし
凛
凛
あのさ、あたしはお金の多い少ないで、
あのさ、あたしはお金の多い少ないで、
仕事を決めたことなんて一度もないのよね
仕事を決めたことなんて一度もないのよね
凛
凛
だから相場より沢山出しますとか言われても、困るの
だから相場より沢山出しますとか言われても、困るの
まどか
まどか
申し訳ありません……失礼な発言になってしまいました
申し訳ありません……失礼な発言になってしまいました
慌ててまどかがフォローを入れる。
慌ててまどかがフォローを入れる。
オレは素早くまどかに視線を送り、最後の賭けに出ることにした。
オレは素早くまどかに視線を送り、最後の賭けに出ることにした。
こちらが用意した、最大限の譲歩。
こちらが用意した、最大限の譲歩。
資金面以外での武器。
資金面以外での武器。
まどか
まどか
では代替案を出させていただく形での交渉は難しいでしょうか？
では代替案を出させていただく形での交渉は難しいでしょうか？
凛
凛
代替案？
代替案？
まどか
まどか
特殊メイクをした人間の方が、アンドロイドを演じる。
特殊メイクをした人間の方が、アンドロイドを演じる。
その演じた人物と共演してＣＭ撮影を行っていただくと言うものです
その演じた人物と共演してＣＭ撮影を行っていただくと言うものです
凛
凛
…………
…………
まどか
まどか
こちらであれば、アンドロイドと接することなく
こちらであれば、アンドロイドと接することなく
凛
凛
あのさー……
あのさー……
呆れたように、ポリポリと頬をかく。
呆れたように、ポリポリと頬をかく。
凛
凛
私はアンドロイドとの共演も絶対に嫌だけど、
私はアンドロイドとの共演も絶対に嫌だけど、
アンドロイドに関わる仕事をするのが嫌なの。分かる？
アンドロイドに関わる仕事をするのが嫌なの。分かる？
凛
凛
なんで嫌いなアンドロイドを好きだって演じなきゃいけないわけ？
なんで嫌いなアンドロイドを好きだって演じなきゃいけないわけ？
凛
凛
中身が人間だろうとロボットだろうと、
中身が人間だろうとロボットだろうと、
アンドロイドと関わりのある仕事は嫌。オッケー？
アンドロイドと関わりのある仕事は嫌。オッケー？
こちらの武器は、呆気なくへし折られてしまう。
こちらの武器は、呆気なくへし折られてしまう。
まどか
まどか
…………
…………
坪倉
坪倉
すみません……。彼女は、今回の主演を得る前にも一度、
すみません……。彼女は、今回の主演を得る前にも一度、
ドラマの主演の話を頂いたことがあるんです
ドラマの主演の話を頂いたことがあるんです
まどか
まどか
……凄いですね
……凄いですね
坪倉
坪倉
凛にとっても、とても喜ばしいことでしたが、
凛にとっても、とても喜ばしいことでしたが、
そのドラマの内容がアンドロイドとの友情物でして
そのドラマの内容がアンドロイドとの友情物でして
凛
凛
蹴ったわよ。間髪いれずに
蹴ったわよ。間髪いれずに
アイドルにとって、ドラマへの進出はとても大きな意味合いを持つ。
アイドルにとって、ドラマへの進出はとても大きな意味合いを持つ。
それは素人のオレが考えるまでもなくわかることだ。
それは素人のオレが考えるまでもなくわかることだ。
まして主演なら、文句のつけようもない。
まして主演なら、文句のつけようもない。
どんな手を使ってでもやりたいと思うのがアイドルだろう。
どんな手を使ってでもやりたいと思うのがアイドルだろう。
でも、その話をこの凛さんは断った。
でも、その話をこの凛さんは断った。
たったひとつ、アンドロイドが関わっているということで。
たったひとつ、アンドロイドが関わっているということで。
まどかは視線を落とし、
まどかは視線を落とし、
何か手はないかと資料を隅から隅まで見渡す。
何か手はないかと資料を隅から隅まで見渡す。
けれど、これ以上凛さんに効きそうな話は何一つ出せなかった。
けれど、これ以上凛さんに効きそうな話は何一つ出せなかった。
何故なら、額面や代替案など、意味を持たない相手だからだ。
何故なら、額面や代替案など、意味を持たない相手だからだ。
アンドロイド、の文字がある限り、絶対に彼女は引き受けない。
アンドロイド、の文字がある限り、絶対に彼女は引き受けない。
つまり、矛盾を生み出してしまっている。
つまり、矛盾を生み出してしまっている。
凛
凛
話が終わったら帰るわよ？
話が終わったら帰るわよ？
まどか
まどか
あ……
あ……
引き止めることすら出来ない。
引き止めることすら出来ない。
こんな状況で、竹内氏ならどうするのだろうか？
こんな状況で、竹内氏ならどうするのだろうか？
アンドロイドに関する依頼で、
アンドロイドに関する依頼で、
アンドロイドに関する仕事は絶対ＮＧの相手に。
アンドロイドに関する仕事は絶対ＮＧの相手に。
凛
凛
じゃあね
じゃあね
オレは最後まで戦うつもりだったが、最後の最後、
オレは最後まで戦うつもりだったが、最後の最後、
彼女を引き留めることは出来なかった。
彼女を引き留めることは出来なかった。
まどか
まどか
はっきり言って、お手上げね……
はっきり言って、お手上げね……
オレたちだけになった会議室で、まどかがため息をついた。
オレたちだけになった会議室で、まどかがため息をついた。
まどか
まどか
唯一の代替案が通じなかった以上、どうすることも出来ないわ……
唯一の代替案が通じなかった以上、どうすることも出来ないわ……
磯部
磯部
初日にして、詰みだな
初日にして、詰みだな
秀隆
秀隆
…………
…………
磯部
磯部
テメェがリーダーだから、手を抜いてるわけじゃないぞ？
テメェがリーダーだから、手を抜いてるわけじゃないぞ？
アンドロイドＮＧの相手に、アンドロイドのＣＭを受けさせるなんて不可能だ
アンドロイドＮＧの相手に、アンドロイドのＣＭを受けさせるなんて不可能だ
磯部
磯部
額面交渉も代替案もダメじゃ、打つ手がない
額面交渉も代替案もダメじゃ、打つ手がない
秀隆
秀隆
分かっています……
分かっています……
でも、ここで簡単に諦めるなら、オレは必要ない。
でも、ここで簡単に諦めるなら、オレは必要ない。
オレが期待されているのは、知識や経験以外の部分。
オレが期待されているのは、知識や経験以外の部分。
普通では到底思いつくことのないような、違う切り口を探すことだ。
普通では到底思いつくことのないような、違う切り口を探すことだ。
秀隆
秀隆
くそっ……
くそっ……
だめだ。
だめだ。
どれだけ考えても、案は浮かんでこない。
どれだけ考えても、案は浮かんでこない。
まどか
まどか
あら？　これ凛さんの携帯電話？
あら？　これ凛さんの携帯電話？
秀隆
秀隆
本当だ。忘れていったのか
本当だ。忘れていったのか
まどか
まどか
届けてくるわね
届けてくるわね
今から持って追いかければ、追いつけるだろう。
今から持って追いかければ、追いつけるだろう。
まどかがコーヒーカップの傍に置かれた携帯に
まどかがコーヒーカップの傍に置かれた携帯に
手を伸ばそうとしたところで、室内への扉が開いた。
手を伸ばそうとしたところで、室内への扉が開いた。
凛
凛
よかった！
よかった！
まどか
まどか
あ。凜さん
あ。凜さん
凛
凛
携帯、忘れちゃって！　はぁっ……ふーっ……！
携帯、忘れちゃって！　はぁっ……ふーっ……！
息を切らせて走ってきたのか、呼吸が荒い。
息を切らせて走ってきたのか、呼吸が荒い。
まどかが手にした携帯を、奪い取るようにして胸に抱え込んだ。
まどかが手にした携帯を、奪い取るようにして胸に抱え込んだ。
まどか
まどか
あの……本日は、大変不快にさせてしまいまして……申し訳ありませんでした
あの……本日は、大変不快にさせてしまいまして……申し訳ありませんでした
凛
凛
まぁ……お仕事でしょ……仕方ないわよね
まぁ……お仕事でしょ……仕方ないわよね
先ほどの怒りも少しは引いたのか、あきれ気味にため息をついた。
先ほどの怒りも少しは引いたのか、あきれ気味にため息をついた。
凛
凛
私も怒って飛び出すなんて、
私も怒って飛び出すなんて、
ちょっと大人気なかったと思う。ごめんなさい
ちょっと大人気なかったと思う。ごめんなさい
まどか
まどか
いえっ……
いえっ……
凛さんは携帯をぐるりと見渡したあと、
凛さんは携帯をぐるりと見渡したあと、
大事そうにポケットにしまった。
大事そうにポケットにしまった。
凛
凛
あ……
あ……
ふと、凛さんは飲み干したコーヒーカップに視線をやった。
ふと、凛さんは飲み干したコーヒーカップに視線をやった。
凛
凛
これ洗わなきゃ。流し場あります？
これ洗わなきゃ。流し場あります？
まどか
まどか
それはこちらで片付けますので
それはこちらで片付けますので
凛
凛
いいの、私にさせてもらえない？
いいの、私にさせてもらえない？
まどか
まどか
お客様にそんな……
お客様にそんな……
凛
凛
いつもそうしてるから
いつもそうしてるから
まどか
まどか
しかし
しかし
凛
凛
お願い
お願い
まどか
まどか
……分かりました
……分かりました
妙な凛さんの気迫を受け、まどかは承諾した。
妙な凛さんの気迫を受け、まどかは承諾した。
まどか
まどか
えっと。ではこちらにどうぞ
えっと。ではこちらにどうぞ
まどかが凛さんを連れて、流し場に案内するために室内を後にした。
まどかが凛さんを連れて、流し場に案内するために室内を後にした。
se特務室の扉開閉音
se特務室の扉開閉音
磯部
磯部
残念だが、唐沢代表に報告するしかないな
残念だが、唐沢代表に報告するしかないな
秀隆
秀隆
…………
…………
このまま、大人しく引き下がるしかないのだろうか？
このまま、大人しく引き下がるしかないのだろうか？
磯部
磯部
おい、俺を恨むなよ？
おい、俺を恨むなよ？
秀隆
秀隆
…………
…………
何か、まだ可能性の糸口は残されているはずだ。
何か、まだ可能性の糸口は残されているはずだ。
秀隆
秀隆
ちょっと、思うんですけど
ちょっと、思うんですけど
磯部
磯部
あ？
あ？
秀隆
秀隆
普通、出されたコーヒーカップを、自分で洗おうとしますかね？
普通、出されたコーヒーカップを、自分で洗おうとしますかね？
通常そんなことはしない。
通常そんなことはしない。
精々、出されたからと思って、無理して飲み干すくらいだろう。
精々、出されたからと思って、無理して飲み干すくらいだろう。
だが凛さんのコーヒーは３分の１ほど残っていた。
だが凛さんのコーヒーは３分の１ほど残っていた。
わざわざその残りまで持って、自分で洗いに行くだろうか？
わざわざその残りまで持って、自分で洗いに行くだろうか？
磯部
磯部
変わってるとは思うが、律儀なんだろ、きっと
変わってるとは思うが、律儀なんだろ、きっと
秀隆
秀隆
律儀ですか。全部飲んでいたわけでもないのに？
律儀ですか。全部飲んでいたわけでもないのに？
磯部
磯部
人にはいろんなタイプがいるんだ、おかしなことじゃない。
人にはいろんなタイプがいるんだ、おかしなことじゃない。
俺からすればおまえの方がよっぽど理解不能な存在だっつの
俺からすればおまえの方がよっぽど理解不能な存在だっつの
秀隆
秀隆
いやぁ……そういわれればそうですね
いやぁ……そういわれればそうですね
磯部
磯部
けっ
けっ
秀隆
秀隆
ただ、もうひとつ気になるところがありまして
ただ、もうひとつ気になるところがありまして
秀隆
秀隆
携帯を忘れたことに対して、随分慌ててませんでした？
携帯を忘れたことに対して、随分慌ててませんでした？
磯部
磯部
あのなぁ、そんなもん誰だって慌てるだろ。
あのなぁ、そんなもん誰だって慌てるだろ。
俺だってどこかの店に携帯を置き忘れたら、慌てて戻る
俺だってどこかの店に携帯を置き忘れたら、慌てて戻る
秀隆
秀隆
…………
…………
もちろん、心配にはなるだろう。
もちろん、心配にはなるだろう。
オレだって飲食店とかに置き忘れたら慌てて戻る。
オレだって飲食店とかに置き忘れたら慌てて戻る。
データを見られて悪用されたりしたら困るからだ。
データを見られて悪用されたりしたら困るからだ。
でも、つい今しがた置き忘れ、しかもここは特務官たちのいる室内だ。
でも、つい今しがた置き忘れ、しかもここは特務官たちのいる室内だ。
息を切らせて戻ってくる必要まではなかったんじゃないだろうか。
息を切らせて戻ってくる必要まではなかったんじゃないだろうか。
仮に誰かが持ち出すようなマネをしても、すぐ特定できるはず。
仮に誰かが持ち出すようなマネをしても、すぐ特定できるはず。
それに、あの携帯があったときに胸を撫で下ろした態度も気にかかる。
それに、あの携帯があったときに胸を撫で下ろした態度も気にかかる。
磯部
磯部
あぁ、多分あれだ
あぁ、多分あれだ
磯部
磯部
俺たちが中を見ないか邪推したんだろ。アイドルだし
俺たちが中を見ないか邪推したんだろ。アイドルだし
秀隆
秀隆
……そうでしょうね。そう思います
……そうでしょうね。そう思います
磯部
磯部
っつーことだ。あぁ、竹内さんに報告するのが欝だぜ
っつーことだ。あぁ、竹内さんに報告するのが欝だぜ
そう……多分中を見られるのが嫌だったんだろう。
そう……多分中を見られるのが嫌だったんだろう。
男でも女でも、携帯の中を他人に見られるのは不快だ。
男でも女でも、携帯の中を他人に見られるのは不快だ。
でも
でも
忘れたばかりの携帯を慌てて探しに戻ってくる態度。
忘れたばかりの携帯を慌てて探しに戻ってくる態度。
そして自ら飲んだコーヒーカップを、自分で洗う行動。
そして自ら飲んだコーヒーカップを、自分で洗う行動。
それらの行動に深い意味がないとは考えづらい。
それらの行動に深い意味がないとは考えづらい。
秀隆
秀隆
……ちょっと行って来ます
……ちょっと行って来ます
磯部
磯部
は？　どこに
は？　どこに
秀隆
秀隆
すぐに戻りますから
すぐに戻りますから
オレは外に出るなり、凛さんと坪倉マネージャーの背中を見つけた。
オレは外に出るなり、凛さんと坪倉マネージャーの背中を見つけた。
秀隆
秀隆
あの―――！
あの―――！
こちらの呼びかけに、くるりと振り返る２人。
こちらの呼びかけに、くるりと振り返る２人。
凛
凛
あんたは……まだ何か？
あんたは……まだ何か？
秀隆
秀隆
あぁいや、その、ＣＭの件とは関係ないんです。ちょっとお話がありまして
あぁいや、その、ＣＭの件とは関係ないんです。ちょっとお話がありまして
坪倉
坪倉
どうかされましたか？
どうかされましたか？
秀隆
秀隆
もしかしたら、凛さんには何か悩みがあるのではないかと思ったものですから
もしかしたら、凛さんには何か悩みがあるのではないかと思ったものですから
坪倉
坪倉
凛に悩みですか
凛に悩みですか
凛
凛
なにいってんの？
なにいってんの？
秀隆
秀隆
いえ、これはあくまでも何となくそう思っただけなんです
いえ、これはあくまでも何となくそう思っただけなんです
秀隆
秀隆
人には言いにくいような、何か……
人には言いにくいような、何か……
坪倉
坪倉
そうなのかい？　凛
そうなのかい？　凛
凛
凛
わけわかんない。帰りましょ
わけわかんない。帰りましょ
秀隆
秀隆
じゃあ、せめてこれを
じゃあ、せめてこれを
凛
凛
……これは？
……これは？
秀隆
秀隆
オレの名刺です。ここに連絡先もあります。いつでも連絡ください
オレの名刺です。ここに連絡先もあります。いつでも連絡ください
凛
凛
あ、そ。連絡することなんてないけど
あ、そ。連絡することなんてないけど
ぱっと名刺を受け取ると、凛はそれをポケットに入れた。
ぱっと名刺を受け取ると、凛はそれをポケットに入れた。
凛
凛
あんたって、ドリームタウンに来たことある？
あんたって、ドリームタウンに来たことある？
秀隆
秀隆
はい？
はい？
凛
凛
今度そこでアイドルのコンサートやるのよね
今度そこでアイドルのコンサートやるのよね
秀隆
秀隆
凛さんも出るんですか？
凛さんも出るんですか？
凛
凛
そりゃ、今をときめくアイドルだもの
そりゃ、今をときめくアイドルだもの
秀隆
秀隆
それは是非見てみたいですけど……
それは是非見てみたいですけど……
生憎と特務官になったばかりで。一度もないんですよね
生憎と特務官になったばかりで。一度もないんですよね
一般人は、街と街を行き来する権限を持たない。
一般人は、街と街を行き来する権限を持たない。
芸能人のように限られた人種か、
芸能人のように限られた人種か、
あるいは外交交渉で赴く特務官くらいのものだ。
あるいは外交交渉で赴く特務官くらいのものだ。
凛
凛
そう。残念
そう。残念
薄く凛さんは笑うと、ひらっと手を振った。
薄く凛さんは笑うと、ひらっと手を振った。
凛
凛
じゃあね
じゃあね
坪倉
坪倉
では、本日はお疲れ様でした
では、本日はお疲れ様でした
秀隆
秀隆
はい
はい
オレは凛さんと坪倉さんの背中を見送る。
オレは凛さんと坪倉さんの背中を見送る。
se心臓の鼓動 (2
se心臓の鼓動 (2
く―――！
く―――！
なんで、こんな場所でっ……。
なんで、こんな場所でっ……。
バクバクと急速に早くなる心臓。
バクバクと急速に早くなる心臓。
そして
そして
秀隆
秀隆
姉さん……！
姉さん……！
オレの前に、じっと立つ姉。
オレの前に、じっと立つ姉。
姉さんはいつものように無表情のまま、
姉さんはいつものように無表情のまま、
すっと腕を上げ、凛さんの背中を指差した。
すっと腕を上げ、凛さんの背中を指差した。
秀隆
秀隆
……彼女に、何か起こるって言うのか？
……彼女に、何か起こるって言うのか？
それとも、何か別の
それとも、何か別の
オレの問いに、姉さんは何も答えない。
オレの問いに、姉さんは何も答えない。
ただただ、無言でオレを見つめているだけ。
ただただ、無言でオレを見つめているだけ。
秀隆
秀隆
姉さん……何か言ってくれよ……姉さ
姉さん……何か言ってくれよ……姉さ
秀隆
秀隆
っ……
っ……
狭まり暗くなっていたオレの視界が開ける。
狭まり暗くなっていたオレの視界が開ける。
目の前には、もう姉の姿はない。
目の前には、もう姉の姿はない。
秀隆
秀隆
また……またかよ……
また……またかよ……
あの日からまた幻覚を見るようになってしまった。
あの日からまた幻覚を見るようになってしまった。
秀隆
秀隆
やっぱり壊れたままなんだな、オレは……
やっぱり壊れたままなんだな、オレは……
se5時のチャイムS
se5時のチャイムS
終業時刻になった。
終業時刻になった。
オレは、勇み足で席を立つと、まどかのところへと向かった。
オレは、勇み足で席を立つと、まどかのところへと向かった。
まどかと磯部くんを、飯に誘おうと思ったのだ。
まどかと磯部くんを、飯に誘おうと思ったのだ。
と、まどかのところに向かう磯部くんを見かける。
と、まどかのところに向かう磯部くんを見かける。
一緒にいるなら好都合と思い近づいていくと、２人の会話が聞こえてきた。
一緒にいるなら好都合と思い近づいていくと、２人の会話が聞こえてきた。
磯部
磯部
今日、飯に行かないか？
今日、飯に行かないか？
まどか
まどか
そうね……
そうね……
そんな会話だ。
そんな会話だ。
まどか
まどか
あら？　島津くんお疲れ様
あら？　島津くんお疲れ様
秀隆
秀隆
お、おう
お、おう
磯部
磯部
…………
…………
まどか
まどか
どうしたの？
どうしたの？
秀隆
秀隆
いや、もう帰ろうと思うんだけど、いいかな？　と
いや、もう帰ろうと思うんだけど、いいかな？　と
まどか
まどか
終業時間が過ぎたなら、私に許可を取る必要は無いわ
終業時間が過ぎたなら、私に許可を取る必要は無いわ
秀隆
秀隆
だよなー。そうだったそうだった
だよなー。そうだったそうだった
秀隆
秀隆
それじゃ、２人ともお疲れ様です
それじゃ、２人ともお疲れ様です
頭を下げ、早々に帰ることを決めた。
頭を下げ、早々に帰ることを決めた。
秀隆
秀隆
あ～……今日も疲れた……
あ～……今日も疲れた……
アクセラ
アクセラ
お帰りなさいませ、秀隆さま
お帰りなさいませ、秀隆さま
ちょうど夕食時だったのか、席には秋とキズナがついていた。
ちょうど夕食時だったのか、席には秋とキズナがついていた。
秋
秋
お帰りなさい、兄さん
お帰りなさい、兄さん
秀隆
秀隆
おう……飯頼む
おう……飯頼む
アクセラ
アクセラ
はい。すぐにご用意いたします
はい。すぐにご用意いたします
なんとなしにテレビをつけると、バラエティ番組が映し出された。
なんとなしにテレビをつけると、バラエティ番組が映し出された。
ゆさゆさと胸を揺らしながらダンスを軽快に踊っている。
ゆさゆさと胸を揺らしながらダンスを軽快に踊っている。
キズナ
キズナ
巨乳が好きなんですか？
巨乳が好きなんですか？
秀隆
秀隆
……は？
……は？
キズナ
キズナ
何かジッと見てるので
何かジッと見てるので
秀隆
秀隆
別に……
別に……
アクセラ
アクセラ
秀隆様は、大の巨乳好きですよ
秀隆様は、大の巨乳好きですよ
台所から、そんな余計な声が飛んでくる。
台所から、そんな余計な声が飛んでくる。
キズナ
キズナ
男の子ですねー
男の子ですねー
秀隆
秀隆
うるせぇな。人の趣味に口を出すな
うるせぇな。人の趣味に口を出すな
キズナ
キズナ
アクセラさんとか、凄い巨乳ですよね。興奮しますかっ
アクセラさんとか、凄い巨乳ですよね。興奮しますかっ
秀隆
秀隆
……しねーよ
……しねーよ
秋
秋
今、ちょっとラグがありましたね
今、ちょっとラグがありましたね
秀隆
秀隆
アンドロイドに欲情するわけ無いだろ
アンドロイドに欲情するわけ無いだろ
って、何言わされてるんだオレは。
って、何言わされてるんだオレは。
キズナ
キズナ
じゃあテレビのアイドルさんには興奮しますかっ
じゃあテレビのアイドルさんには興奮しますかっ
秀隆
秀隆
お前は何を聞いてきてるんだ
お前は何を聞いてきてるんだ
キズナ
キズナ
興味本位です。皆さんのこと知りたいので
興味本位です。皆さんのこと知りたいので
秀隆
秀隆
秋にでも聞け
秋にでも聞け
秋
秋
散々聞かれました
散々聞かれました
キズナ
キズナ
散々聞いちゃいました
散々聞いちゃいました
秀隆
秀隆
さよか……じゃあアクセラにでも聞け
さよか……じゃあアクセラにでも聞け
アクセラ
アクセラ
沢山ご質問を承りました
沢山ご質問を承りました
キズナ
キズナ
ご質問をしてしまいました
ご質問をしてしまいました
秀隆
秀隆
……さよか
……さよか
キズナ
キズナ
なので、次はひーくんの番なのです
なので、次はひーくんの番なのです
秀隆
秀隆
島津秀隆、特務官、巨乳好き。終わり
島津秀隆、特務官、巨乳好き。終わり
アクセラ
アクセラ
出不精で、寝癖が酷く、お酒に弱く、
出不精で、寝癖が酷く、お酒に弱く、
お金は全然なくて、甲斐性もどこかに忘れてきた、と言う方です
お金は全然なくて、甲斐性もどこかに忘れてきた、と言う方です
秀隆
秀隆
…………
…………
キズナ
キズナ
何だか一瞬でひーくんの多くを理解した気がします
何だか一瞬でひーくんの多くを理解した気がします
秀隆
秀隆
するなするな
するなするな
秀隆
秀隆
つか、アイドルって外見は綺麗だよな
つか、アイドルって外見は綺麗だよな
キズナ
キズナ
テレビに出るお仕事ですからね
テレビに出るお仕事ですからね
秀隆
秀隆
でも外見だけ、なんだよなぁ。
でも外見だけ、なんだよなぁ。
アイドルは身も心も綺麗な存在だと思ってたんだが
アイドルは身も心も綺麗な存在だと思ってたんだが
キズナ
キズナ
夢見てますね
夢見てますね
秀隆
秀隆
女の子には夢を抱きたいんだよ
女の子には夢を抱きたいんだよ
キズナ
キズナ
そう言うものですか
そう言うものですか
秀隆
秀隆
そう言うものなんだ
そう言うものなんだ
キズナ
キズナ
アイドルさんにはどんな夢を見てるんですか？
アイドルさんにはどんな夢を見てるんですか？
秀隆
秀隆
アイドルってのは、お淑やかで、
アイドルってのは、お淑やかで、
穢れを知らない優しい女の子だけだと思うじゃん？
穢れを知らない優しい女の子だけだと思うじゃん？
秋
秋
……実にありえない話ですね
……実にありえない話ですね
秀隆
秀隆
うるせぇな……
うるせぇな……
秀隆
秀隆
今痛感してるところだ。
今痛感してるところだ。
実際は、皆腹の中では色々考えてんだろうって
実際は、皆腹の中では色々考えてんだろうって
アクセラ
アクセラ
芸能人とお会いになられたんですか？
芸能人とお会いになられたんですか？
秀隆
秀隆
なんでちょっと嬉しそうなんだよ
なんでちょっと嬉しそうなんだよ
アクセラ
アクセラ
いえ、サインなんて頂くのはどうかと思いまして
いえ、サインなんて頂くのはどうかと思いまして
秀隆
秀隆
お前はアイドルに興味があるのか……
お前はアイドルに興味があるのか……
アクセラ
アクセラ
アイドルにお会いになられたんですか？
アイドルにお会いになられたんですか？
秀隆
秀隆
……なんでもない
……なんでもない
簡単に話して、機密漏えい扱いになったらたまらんからな。
簡単に話して、機密漏えい扱いになったらたまらんからな。
秋
秋
兄さんアイドルとか興味ありましたっけ
兄さんアイドルとか興味ありましたっけ
秀隆
秀隆
気にするな
気にするな
秋
秋
兄さんが好きなのはアイドルじゃなくて巨乳ですよね？
兄さんが好きなのはアイドルじゃなくて巨乳ですよね？
秀隆
秀隆
気にするなってば！
気にするなってば！
秋
秋
じゃあ気にしません
じゃあ気にしません
秀隆
秀隆
…………
…………
秋
秋
…………
…………
アクセラ
アクセラ
私が気に致しましょうか？
私が気に致しましょうか？
秀隆
秀隆
余計なお世話だ……！
余計なお世話だ……！
キズナ
キズナ
ひーくんちょっと泣いてます
ひーくんちょっと泣いてます
秀隆
秀隆
うるさい！
うるさい！
se着信（共通
se着信（共通
その夜、オレの携帯が鳴った。
その夜、オレの携帯が鳴った。
なんとなく、もしかしたら、って期待はあった。
なんとなく、もしかしたら、って期待はあった。
それがすぐにだとは思わなかったが、
それがすぐにだとは思わなかったが、
ともかくオレは携帯電話を握り締めた。
ともかくオレは携帯電話を握り締めた。
se通話ボタン
se通話ボタン
秀隆
秀隆
もしもし、島津です
もしもし、島津です
？？？】※凛
？？？】※凛
…………
…………
秀隆
秀隆
……もしもし
……もしもし
もう一度、静かにたずね返した。
もう一度、静かにたずね返した。
凛
凛
あたしだけど……
あたしだけど……
秀隆
秀隆
水野さんですね。こんばんは
水野さんですね。こんばんは
凛
凛
あぁ、えと、こんばんは
あぁ、えと、こんばんは
秀隆
秀隆
どうかされましたか？
どうかされましたか？
凛
凛
あんたって、何者？
あんたって、何者？
秀隆
秀隆
と、言いますと？
と、言いますと？
凛
凛
ごめん、ちょっと言い方が変だった。
ごめん、ちょっと言い方が変だった。
帰りがけあたしに言ってたこと、どう言う意味
帰りがけあたしに言ってたこと、どう言う意味
秀隆
秀隆
悩み事があるのでは、と言う話ですか？
悩み事があるのでは、と言う話ですか？
凛
凛
そう
そう
秀隆
秀隆
何となく、そう思ったんです
何となく、そう思ったんです
凛
凛
何となく……ね。何の根拠もなしに、言うこととは思えないんだけど？　まぁ……単純にアイドルをナンパ狙いしてのことだったらわかんないけど
何となく……ね。何の根拠もなしに、言うこととは思えないんだけど？　まぁ……単純にアイドルをナンパ狙いしてのことだったらわかんないけど
秀隆
秀隆
いやーそう言うつもりは……ちょっとだけです
いやーそう言うつもりは……ちょっとだけです
凛
凛
ちょっとあるんかい……
ちょっとあるんかい……
秀隆
秀隆
てのは冗談でして。少し凛さんの行動が引っかかったもので
てのは冗談でして。少し凛さんの行動が引っかかったもので
凛
凛
あたしの行動？
あたしの行動？
秀隆
秀隆
何かに怯えているような気がしまして
何かに怯えているような気がしまして
凛
凛
……ふうん。特務官ってさ、結構鋭いんだ。
……ふうん。特務官ってさ、結構鋭いんだ。
ちょうどホープタウンに宿泊する予定だったから良かった
ちょうどホープタウンに宿泊する予定だったから良かった
携帯が鳴ったのは、そう言うわけか。
携帯が鳴ったのは、そう言うわけか。
どうやら凛さんはホープタウンで宿泊しているらしい。
どうやら凛さんはホープタウンで宿泊しているらしい。
凛
凛
怯えるって言い方は、ちょっと格好悪いけど。ま、当たりかな
怯えるって言い方は、ちょっと格好悪いけど。ま、当たりかな
秀隆
秀隆
自分で良ければ、相談役くらいにはなりますが
自分で良ければ、相談役くらいにはなりますが
凛
凛
どうにかして貰えるとも、思えないけど……
どうにかして貰えるとも、思えないけど……
あんたのこと良く知りもしないしさ
あんたのこと良く知りもしないしさ
秀隆
秀隆
そうですね。でも、特務官として、その最低限の責務は果たすつもりです
そうですね。でも、特務官として、その最低限の責務は果たすつもりです
凛
凛
街のヒーローってわけね
街のヒーローってわけね
秀隆
秀隆
そこまで格好いい存在には、まだなれてませんけど
そこまで格好いい存在には、まだなれてませんけど
凛
凛
いいわ。物は試しだと思うし、ちょっと相談させてもらおうかな
いいわ。物は試しだと思うし、ちょっと相談させてもらおうかな
咳払いを軽くすると、凛さんは口を開いた。
咳払いを軽くすると、凛さんは口を開いた。
凛
凛
最近、あたしの周りで不審な出来事が起こるようになったの
最近、あたしの周りで不審な出来事が起こるようになったの
秀隆
秀隆
不振な出来事？
不振な出来事？
凛
凛
例えば……そうね、さっきまで飲んでた飲み物がなくなってたりとか
例えば……そうね、さっきまで飲んでた飲み物がなくなってたりとか
凛
凛
携帯電話の位置が知らない間に少し動いているとか
携帯電話の位置が知らない間に少し動いているとか
凛
凛
……誰かに見られている気がしたりとか
……誰かに見られている気がしたりとか
秀隆
秀隆
それって……つまりは、身近にストーカーがいるってことですか
それって……つまりは、身近にストーカーがいるってことですか
凛
凛
多分ね……確たる証拠はないわよ
多分ね……確たる証拠はないわよ
それなら、あの過剰なまでの凛さんの反応も頷ける。
それなら、あの過剰なまでの凛さんの反応も頷ける。
秀隆
秀隆
他に相談した方は？　例えば警察とか
他に相談した方は？　例えば警察とか
凛
凛
あくまでも、あたしの勝手な想像だし。それに、今は大事を避けたいの
あくまでも、あたしの勝手な想像だし。それに、今は大事を避けたいの
凛
凛
折角ドラマの主演が決まったのに、
折角ドラマの主演が決まったのに、
ストーカー騒ぎが広まって、それに影響するのは絶対に嫌
ストーカー騒ぎが広まって、それに影響するのは絶対に嫌
秀隆
秀隆
なるほど……
なるほど……
凛
凛
あんたにさ、このことどうにかできる？
あんたにさ、このことどうにかできる？
そのままの言葉通り、オレは問われている気がした。
そのままの言葉通り、オレは問われている気がした。
秀隆
秀隆
つまり、このストーカーの件に関して、表ざたにすることなく解決したいと
つまり、このストーカーの件に関して、表ざたにすることなく解決したいと
凛
凛
そう言うことね
そう言うことね
オレにそんなことが出来るだろうか？
オレにそんなことが出来るだろうか？
根拠らしい根拠なんてない。
根拠らしい根拠なんてない。
オレは、直感に従おう。
オレは、直感に従おう。
あの時見えた姉さんの幻覚が、引っかかるのだ。
あの時見えた姉さんの幻覚が、引っかかるのだ。
秀隆
秀隆
じゃあ……これから言うことを良く聞いてください
じゃあ……これから言うことを良く聞いてください
…………。
…………。
……。
……。
