意識が覚醒する……。
意識が覚醒する……。
オレは暗闇の中、あてもなく彷徨い続けていた。
オレは暗闇の中、あてもなく彷徨い続けていた。
どこに向かって？
どこに向かって？
さぁ、どこなんだろうな。
さぁ、どこなんだろうな。
出口なんてありはしない。
出口なんてありはしない。
この闇から抜け出すことは叶わない。
この闇から抜け出すことは叶わない。
何故なら、オレはもう……唯一の光を失ってしまったのだ。
何故なら、オレはもう……唯一の光を失ってしまったのだ。
恭一
恭一
……もう昼前か……
……もう昼前か……
どうやら、オレは本を読みながら眠りについていたらしい。
どうやら、オレは本を読みながら眠りについていたらしい。
朝方、休日にも関わらず、
朝方、休日にも関わらず、
恋の奴がどこかに行く姿を見たのまでは覚えている。
恋の奴がどこかに行く姿を見たのまでは覚えている。
恭一
恭一
ち……っ
ち……っ
携帯がチカチカと点滅しているのに気づいた。
携帯がチカチカと点滅しているのに気づいた。
またオッサンからのメールだ。
またオッサンからのメールだ。
恭一
恭一
あんな奴にモテても仕方ないんだがな
あんな奴にモテても仕方ないんだがな
携帯を手に取る。
携帯を手に取る。
ホープタウンを探れ
ホープタウンを探れ
恭一
恭一
またかよ、面倒臭ぇ……
またかよ、面倒臭ぇ……
キズナと言う少女がどうなろうが、オレには興味ない。
キズナと言う少女がどうなろうが、オレには興味ない。
恭一
恭一
ま、暇つぶしくらいにはなるか
ま、暇つぶしくらいにはなるか
恋が帰ってくるまでは、まだ時間もある。
恋が帰ってくるまでは、まだ時間もある。
様子を見に行くくらいは構わないだろう。
様子を見に行くくらいは構わないだろう。
オレは家を出て、そのままホープタウンに向かう。
オレは家を出て、そのままホープタウンに向かう。
ステーションから、ホープタウンの街に降り立つ。
ステーションから、ホープタウンの街に降り立つ。
恭一
恭一
そのまま島津の家に向かうとしよう
そのまま島津の家に向かうとしよう
こそこそするのは性に合わないしな。
こそこそするのは性に合わないしな。
住宅街までやって来たオレは、チャイムを鳴らす。
住宅街までやって来たオレは、チャイムを鳴らす。
…………。
…………。
恭一
恭一
ち、不在か
ち、不在か
オレ様が折角足を運んでやったのに、仕方の無い連中だ。
オレ様が折角足を運んでやったのに、仕方の無い連中だ。
休日の昼間からでも待機してるのが付き合いってもんだ。
休日の昼間からでも待機してるのが付き合いってもんだ。
恭一
恭一
ガムでも食ってたら、鍵穴にでも詰めてやってるところだ
ガムでも食ってたら、鍵穴にでも詰めてやってるところだ
オレは切り上げようと思い、ステーションに戻ろうとしていた。
オレは切り上げようと思い、ステーションに戻ろうとしていた。
恭一
恭一
あ？
あ？
しかし、幸か不幸か、オレの近くを島津とキズナが通って行った。
しかし、幸か不幸か、オレの近くを島津とキズナが通って行った。
恭一
恭一
どうやら、デートらしいな
どうやら、デートらしいな
歳の差も考えず、堂々と街中で楽しそうにしてやがる。
歳の差も考えず、堂々と街中で楽しそうにしてやがる。
恭一
恭一
後をつけるのもバカらしいが……
後をつけるのもバカらしいが……
恭一
恭一
あの女は……
あの女は……
どこにでも居そうな女の一人だが、その方角は島津たちと同じだ。
どこにでも居そうな女の一人だが、その方角は島津たちと同じだ。
偶然、とも取れるが、その行動にはおかしな点があった。
偶然、とも取れるが、その行動にはおかしな点があった。
明らかに見つからないように動いている。
明らかに見つからないように動いている。
恭一
恭一
なるほど……
なるほど……
アレが例の、ってことか。
アレが例の、ってことか。
このまま後をつけてぶちのめすって手もあるが……。
このまま後をつけてぶちのめすって手もあるが……。
ポケットに入れた携帯が震える。
ポケットに入れた携帯が震える。
どうやら、また懲りずにオッサンからのラブメール、と思ったら違った。
どうやら、また懲りずにオッサンからのラブメール、と思ったら違った。
今日は何が食べたいですか？
今日は何が食べたいですか？
恋からか。
恋からか。
恭一
恭一
いちいちメールで聞いてくることでもないだろうに
いちいちメールで聞いてくることでもないだろうに
っと、どうやら携帯を見てる間に見失ってしまったようだ。
っと、どうやら携帯を見てる間に見失ってしまったようだ。
恭一
恭一
こりゃ、残念だがドリームタウンに戻るしかないようだな
こりゃ、残念だがドリームタウンに戻るしかないようだな
オッサンにはある程度の大義名分で説明がつくだろ。
オッサンにはある程度の大義名分で説明がつくだろ。
もしキズナに何かあったら、それは運がなかっただけのことだ。
もしキズナに何かあったら、それは運がなかっただけのことだ。
自宅に戻ったオレは、ソファーで横になり、携帯でメールを打った。
自宅に戻ったオレは、ソファーで横になり、携帯でメールを打った。
キズナをつける女が居た。見失った。残念（＞＜）
キズナをつける女が居た。見失った。残念（＞＜）
恭一
恭一
我ながら完璧な良い訳だ
我ながら完璧な良い訳だ
眠ることにしよう。
眠ることにしよう。
…………。
…………。
……。
……。
携帯が震える。
携帯が震える。
２度、３度。
２度、３度。
恭一
恭一
オレを寝かせるつもりはねぇのか……
オレを寝かせるつもりはねぇのか……
詳しく聞きたい、すぐに来い
詳しく聞きたい、すぐに来い
恭一
恭一
断る、と
断る、と
短く打ち返信。
短く打ち返信。
新しい本をやる。応接室で待つ、奥の部屋で待機していろ
新しい本をやる。応接室で待つ、奥の部屋で待機していろ
恭一
恭一
毎度毎度本で釣られるオレだと思うなよ？
毎度毎度本で釣られるオレだと思うなよ？
恭一
恭一
ふ、ふん。足がたまたまカジノに向いたんだからね。勘違いしないでよねっ
ふ、ふん。足がたまたまカジノに向いたんだからね。勘違いしないでよねっ
恭一
恭一
……さっさと報告して本を貰うか
……さっさと報告して本を貰うか
応接室に足を踏み入れたはいいが、誰の姿も見えない。
応接室に足を踏み入れたはいいが、誰の姿も見えない。
どうやら、オッサンもまだついていないようだ。
どうやら、オッサンもまだついていないようだ。
オレは指示通り本を得るため、応接室の奥へ。
オレは指示通り本を得るため、応接室の奥へ。
だが、妙だな。
だが、妙だな。
わざわざ物陰になる奥に通して何になるんだか……。
わざわざ物陰になる奥に通して何になるんだか……。
と、応接室に来客だ。
と、応接室に来客だ。
恭一
恭一
…………
…………
高坂だ。
高坂だ。
一度オレを見た後、奥に引っ込むよう指示を飛ばしてくる。
一度オレを見た後、奥に引っ込むよう指示を飛ばしてくる。
どうやら、何か狙いがあるようだが……。
どうやら、何か狙いがあるようだが……。
まぁ、いいさ。
まぁ、いいさ。
いちいち関わるのも面倒だ。
いちいち関わるのも面倒だ。
オレは奥の部屋に入る。
オレは奥の部屋に入る。
暫く適当に過ごしていると、聞き覚えのある声が幾つか届いた。
暫く適当に過ごしていると、聞き覚えのある声が幾つか届いた。
麦蔵
麦蔵
ふん。やはりその情報も漏れてやがるか
ふん。やはりその情報も漏れてやがるか
秀隆
秀隆
彼女は地上時代の記憶を持っていない。
彼女は地上時代の記憶を持っていない。
恭一さんと同じと言うことです。なら、彼女に用はないはずだ
恭一さんと同じと言うことです。なら、彼女に用はないはずだ
龍也
龍也
それが本当かどうか、僕らにはまだ知りえていない話だ。
それが本当かどうか、僕らにはまだ知りえていない話だ。
記憶が無いのか否か、確かめる権利を保有していると思わないかい？
記憶が無いのか否か、確かめる権利を保有していると思わないかい？
秀隆
秀隆
仮にそうだとしても、横暴な行動を見過ごすことは出来ません
仮にそうだとしても、横暴な行動を見過ごすことは出来ません
秀隆
秀隆
キズナはどこですか
キズナはどこですか
麦蔵
麦蔵
強行突破してでも探し出すってツラだな
強行突破してでも探し出すってツラだな
秀隆
秀隆
必要とあらば、オレは何でもします
必要とあらば、オレは何でもします
麦蔵
麦蔵
その小娘は、おまえにとって大切な存在と言うことか
その小娘は、おまえにとって大切な存在と言うことか
麦蔵
麦蔵
おい
おい
どうやら、ここでオレをご指名らしい。
どうやら、ここでオレをご指名らしい。
いちいち面倒な段取り踏ませやがって。
いちいち面倒な段取り踏ませやがって。
島津から何かしらの話を聞きだすことが目的なら、
島津から何かしらの話を聞きだすことが目的なら、
最初からオレに教えておけ。
最初からオレに教えておけ。
まぁ、十中八九協力しなかっただろうが。
まぁ、十中八九協力しなかっただろうが。
オレは応接室に姿を見せる。
オレは応接室に姿を見せる。
島津は親の敵でも見るかのようにオレを睨みつけた。
島津は親の敵でも見るかのようにオレを睨みつけた。
恭一
恭一
…………
…………
秀隆
秀隆
どうしてキズナを攫うような真似、したんですか
どうしてキズナを攫うような真似、したんですか
恭一
恭一
攫うねぇ……
攫うねぇ……
龍也
龍也
やはり、ホープタウンが仕掛けた可能性は低そうです
やはり、ホープタウンが仕掛けた可能性は低そうです
麦蔵
麦蔵
最初から分かりきっていたことだ。回りくどい
最初から分かりきっていたことだ。回りくどい
龍也
龍也
ことは慎重を要します。決め付けは最も危ない行為ですよ
ことは慎重を要します。決め付けは最も危ない行為ですよ
秀隆
秀隆
何の話ですか……
何の話ですか……
龍也
龍也
すまない島津くん。本当のことを話そう
すまない島津くん。本当のことを話そう
秀隆
秀隆
本当のこと？
本当のこと？
龍也
龍也
僕たちドリームタウンは、確かにキズナちゃんのことを知っていた
僕たちドリームタウンは、確かにキズナちゃんのことを知っていた
龍也
龍也
だけど、その彼女を誘拐したのは僕らじゃないんだよ
だけど、その彼女を誘拐したのは僕らじゃないんだよ
秀隆
秀隆
嘘はよしてください。あなたたち以外に考えられる存在はいない
嘘はよしてください。あなたたち以外に考えられる存在はいない
秀隆
秀隆
キズナが誘拐された時、恭一さんを見ました
キズナが誘拐された時、恭一さんを見ました
恭一
恭一
…………
…………
秀隆
秀隆
大河内代表が差し向けたんじゃないんですか？　キズナを攫うために
大河内代表が差し向けたんじゃないんですか？　キズナを攫うために
龍也
龍也
そう考えるのも無理は無い。でも、真実はそうじゃない
そう考えるのも無理は無い。でも、真実はそうじゃない
龍也
龍也
僕たちは、むしろ誘拐を防ぐために動いていたんだ
僕たちは、むしろ誘拐を防ぐために動いていたんだ
秀隆
秀隆
防ぐために……？
防ぐために……？
秀隆
秀隆
……話が見えません
……話が見えません
龍也
龍也
ここにいる恭一くんは、確かに地上の生き残りだ。
ここにいる恭一くんは、確かに地上の生き残りだ。
キズナちゃんと同じ存在と言ってもいいだろう
キズナちゃんと同じ存在と言ってもいいだろう
龍也
龍也
キズナちゃんを誘拐したのは……柳沢と言う男だよ
キズナちゃんを誘拐したのは……柳沢と言う男だよ
秀隆
秀隆
柳沢……柳沢、軍司ですか
柳沢……柳沢、軍司ですか
龍也
龍也
そう。君が調べていた違法アンドロイドを手がける男さ
そう。君が調べていた違法アンドロイドを手がける男さ
秀隆
秀隆
何故彼が、キズナに手を出すんですか
何故彼が、キズナに手を出すんですか
麦蔵
麦蔵
やつは強欲な男だ。俺と同じで金と地位、権力に飢えている。
やつは強欲な男だ。俺と同じで金と地位、権力に飢えている。
だからこそ、地上と言うものに誰よりも憧れと野望を抱いているのさ
だからこそ、地上と言うものに誰よりも憧れと野望を抱いているのさ
麦蔵
麦蔵
キズナや恭一を調べれば、何かを得られるとふんだんだろう
キズナや恭一を調べれば、何かを得られるとふんだんだろう
麦蔵
麦蔵
恭一を向かわせたが一歩遅かったようだな
恭一を向かわせたが一歩遅かったようだな
秀隆
秀隆
あの時そのことを教えてくだされば、
あの時そのことを教えてくだされば、
こんな回りくどいことをしないで済んだんじゃ？
こんな回りくどいことをしないで済んだんじゃ？
龍也
龍也
今の話し合いで、その可能性がないと分かった、ってことさ
今の話し合いで、その可能性がないと分かった、ってことさ
秀隆
秀隆
…………
…………
龍也
龍也
それに、こちらにもこちらの事情があったんだ。
それに、こちらにもこちらの事情があったんだ。
僕らだって、キズナちゃん自身に強い興味はあった。
僕らだって、キズナちゃん自身に強い興味はあった。
言葉は悪いが、狙っていたと言うことだよ
言葉は悪いが、狙っていたと言うことだよ
秀隆
秀隆
寄って集って大人が少女の奪い合いですか
寄って集って大人が少女の奪い合いですか
麦蔵
麦蔵
ホープタウンもな。存在をひた隠しにして、情報を取っていただろうが
ホープタウンもな。存在をひた隠しにして、情報を取っていただろうが
秀隆
秀隆
情報を？　バカな。ホープタウンはキズナを守ろうと
情報を？　バカな。ホープタウンはキズナを守ろうと
ばさりとテーブルの上に資料がばら撒かれる。
ばさりとテーブルの上に資料がばら撒かれる。
麦蔵
麦蔵
おまえは所詮、新人特務官ってことだ
おまえは所詮、新人特務官ってことだ
秀隆
秀隆
……これは……
……これは……
龍也
龍也
キズナちゃんの詳細な記録データだ。
キズナちゃんの詳細な記録データだ。
日々の身体能力や、起床就寝時刻まで全て記載されている
日々の身体能力や、起床就寝時刻まで全て記載されている
秀隆
秀隆
なんだ、これ……
なんだ、これ……
麦蔵
麦蔵
これは唐沢の元に極秘ファイルとして保管されていたものだ
これは唐沢の元に極秘ファイルとして保管されていたものだ
秀隆
秀隆
……そんな、まさか……
……そんな、まさか……
麦蔵
麦蔵
ヤツがただの偽善行為をしていると思っていたのか？
ヤツがただの偽善行為をしていると思っていたのか？
秀隆
秀隆
これが、唐沢代表が集めた資料とは限りません……
これが、唐沢代表が集めた資料とは限りません……
麦蔵
麦蔵
これが偽造だとでも？
これが偽造だとでも？
秀隆
秀隆
いえ……
いえ……
龍也
龍也
君が思っている以上に、僕たちも、
君が思っている以上に、僕たちも、
そしてホープタウンも、街のために行動している。
そしてホープタウンも、街のために行動している。
その中で、キズナちゃんという存在が巻き込まれてしまった
その中で、キズナちゃんという存在が巻き込まれてしまった
麦蔵
麦蔵
柳沢と言う男は頭もキレるが、相当優秀な護衛も多い
柳沢と言う男は頭もキレるが、相当優秀な護衛も多い
秀隆
秀隆
優秀な護衛ですか……
優秀な護衛ですか……
麦蔵
麦蔵
人間を襲うことができるアンドロイドを持っているからな
人間を襲うことができるアンドロイドを持っているからな
秀隆
秀隆
っ……
っ……
麦蔵
麦蔵
あの時は、お前と言う狂犬を飼ってよかったと思ったもんだ
あの時は、お前と言う狂犬を飼ってよかったと思ったもんだ
恭一
恭一
嬉しくないほめ言葉だな
嬉しくないほめ言葉だな
秀隆
秀隆
全てをオレに話したのは、どうしてですか
全てをオレに話したのは、どうしてですか
麦蔵
麦蔵
おまえが嗅ぎまわっていた時とは状況が異なる。
おまえが嗅ぎまわっていた時とは状況が異なる。
ヤツは俺を裏切った。敵に回ったと言うことだ
ヤツは俺を裏切った。敵に回ったと言うことだ
麦蔵
麦蔵
俺にとっては、柳沢はつぶすべき相手に変わったが、
俺にとっては、柳沢はつぶすべき相手に変わったが、
唐沢の秘密を暴くことも目的としている
唐沢の秘密を暴くことも目的としている
麦蔵
麦蔵
おまえも知りたくはないか？　ヤツの隠している秘密を
おまえも知りたくはないか？　ヤツの隠している秘密を
秀隆
秀隆
秘密……
秘密……
龍也
龍也
僕たちはね、地上が滅びてないと思っているんだ
僕たちはね、地上が滅びてないと思っているんだ
秀隆
秀隆
地上が、滅んでいない……まさか……
地上が、滅んでいない……まさか……
龍也
龍也
無論無事な確証はない。だけど、滅びている確証もない
無論無事な確証はない。だけど、滅びている確証もない
龍也
龍也
ホープタウンの所有する電気量が、
ホープタウンの所有する電気量が、
通常考えうる水力発電では、とてもまかない切れるものじゃない
通常考えうる水力発電では、とてもまかない切れるものじゃない
秀隆
秀隆
それと、地上に何の関係があるんですか
それと、地上に何の関係があるんですか
龍也
龍也
君は聞いたことがないかも知れないが、
君は聞いたことがないかも知れないが、
電気には太陽光発電と言うもうひとつの生産方法がある
電気には太陽光発電と言うもうひとつの生産方法がある
秀隆
秀隆
太陽光……
太陽光……
麦蔵
麦蔵
ヤツは地上は間違いなく滅んでいると言うが、
ヤツは地上は間違いなく滅んでいると言うが、
それが本当かどうか、この目で確かめなきゃ納得がいかん
それが本当かどうか、この目で確かめなきゃ納得がいかん
龍也
龍也
君が協力してくれるというのなら、
君が協力してくれるというのなら、
キズナちゃんの救出に一役買ってもいい、と言うことさ
キズナちゃんの救出に一役買ってもいい、と言うことさ
秀隆
秀隆
交渉、と言うことですか
交渉、と言うことですか
麦蔵
麦蔵
俺や高坂では、さすがに唐沢の裏を取るのは容易くない。
俺や高坂では、さすがに唐沢の裏を取るのは容易くない。
だが、おまえならその懐にもぐりこむことが出来るだろう？
だが、おまえならその懐にもぐりこむことが出来るだろう？
麦蔵
麦蔵
その代わりにこちらは柳沢に対抗する武器を貸す
その代わりにこちらは柳沢に対抗する武器を貸す
恭一
恭一
どこに武器があるんだ？
どこに武器があるんだ？
麦蔵
麦蔵
当然おまえだ、恭一
当然おまえだ、恭一
恭一
恭一
おいおい、またオレをアンドロイドにぶつけるつもりか？
おいおい、またオレをアンドロイドにぶつけるつもりか？
麦蔵
麦蔵
おまえなら何とかできるだろ
おまえなら何とかできるだろ
恭一
恭一
面倒臭ぇ……
面倒臭ぇ……
麦蔵
麦蔵
おまえが動かなきゃ、柳沢はどんな手を打つかわからん
おまえが動かなきゃ、柳沢はどんな手を打つかわからん
恭一
恭一
……貸しは高くつくぜ？
……貸しは高くつくぜ？
麦蔵
麦蔵
ああ。それに応えるだけの権力は持っているつもりだ
ああ。それに応えるだけの権力は持っているつもりだ
龍也
龍也
場所の特定は済んでいる。というより
場所の特定は済んでいる。というより
彼自身がねぐらを変えるつもりがないと言ったほうがいいね
彼自身がねぐらを変えるつもりがないと言ったほうがいいね
秀隆
秀隆
それだけ護衛に自信を持っていると
それだけ護衛に自信を持っていると
龍也
龍也
だろうね
だろうね
恭一
恭一
その柳沢って男、どうすればいいんだ
その柳沢って男、どうすればいいんだ
麦蔵
麦蔵
無論、捕縛して連れて来い。この世の地獄を見せてやる
無論、捕縛して連れて来い。この世の地獄を見せてやる
秀隆
秀隆
大河内代表。その前に、彼を捕まえた後、
大河内代表。その前に、彼を捕まえた後、
一度ホープタウンに連行させていただけないでしょうか
一度ホープタウンに連行させていただけないでしょうか
麦蔵
麦蔵
なんだと？
なんだと？
秀隆
秀隆
倉屋敷社長に、違法アンドロイドの主犯を連れてくるよう頼まれています
倉屋敷社長に、違法アンドロイドの主犯を連れてくるよう頼まれています
龍也
龍也
倉屋敷か……それは安易に無視は出来ませんね
倉屋敷か……それは安易に無視は出来ませんね
麦蔵
麦蔵
いいだろう。好きにしろ
いいだろう。好きにしろ
秀隆
秀隆
ありがとうございます
ありがとうございます
恭一
恭一
じゃあ行って来るとするか
じゃあ行って来るとするか
秀隆
秀隆
あの、オレも同行して構いませんか
あの、オレも同行して構いませんか
恭一
恭一
邪魔だ
邪魔だ
秀隆
秀隆
キズナを、助けたいんです
キズナを、助けたいんです
恭一
恭一
おまえが襲われても、オレは無視するぞ
おまえが襲われても、オレは無視するぞ
秀隆
秀隆
それでも構いません
それでも構いません
恭一
恭一
だったら好きにしろ
だったら好きにしろ
廊下で島津を待っていると、数分して応接室から出てきた。
廊下で島津を待っていると、数分して応接室から出てきた。
妙に神妙そうな顔をしている。
妙に神妙そうな顔をしている。
オッサンどもに、色々吹き込まれたってところか。
オッサンどもに、色々吹き込まれたってところか。
恭一
恭一
やれやれ。随分と面倒なことになったな
やれやれ。随分と面倒なことになったな
秀隆
秀隆
恭一さん。恭一さんは、いつから違法アンドロイドのことを知っていたんですか？
恭一さん。恭一さんは、いつから違法アンドロイドのことを知っていたんですか？
恭一
恭一
いつから？　それを聞いたところで何の意味がある
いつから？　それを聞いたところで何の意味がある
秀隆
秀隆
……教えてください
……教えてください
恭一
恭一
おまえの見舞いに行く少し前だ
おまえの見舞いに行く少し前だ
恭一
恭一
オレも恋も、もっと早い段階でお前の入院の事実は知っていた
オレも恋も、もっと早い段階でお前の入院の事実は知っていた
秀隆
秀隆
そうなんですか……？
そうなんですか……？
恭一
恭一
ああ。だが、生憎とその時期は、オレが動くに動けなくてな
ああ。だが、生憎とその時期は、オレが動くに動けなくてな
恭一
恭一
おまえと同じように、病院のベッドで恋に縛り付けられていた
おまえと同じように、病院のベッドで恋に縛り付けられていた
秀隆
秀隆
どういうことですか……
どういうことですか……
恭一
恭一
静乃って女のディーラーは知っているか？
静乃って女のディーラーは知っているか？
秀隆
秀隆
もちろんです。ドリームタウンのカジノでは最も有名な人ですし
もちろんです。ドリームタウンのカジノでは最も有名な人ですし
恭一
恭一
なら話は早い。つまりはそう言うことだ
なら話は早い。つまりはそう言うことだ
秀隆
秀隆
まさか……
まさか……
恭一
恭一
あの女は柳沢って男が
あの女は柳沢って男が
ドリームタウンの情報を集めるために用意したアンドロイドだ
ドリームタウンの情報を集めるために用意したアンドロイドだ
秀隆
秀隆
……信じられない……あの、静乃さんが……
……信じられない……あの、静乃さんが……
秀隆
秀隆
彼女に、襲われた、ということですか？
彼女に、襲われた、ということですか？
恭一
恭一
厳密にはこっちから仕掛けたんだがな
厳密にはこっちから仕掛けたんだがな
恭一
恭一
何にせよアンドロイドとの一戦で入院してたってわけだ
何にせよアンドロイドとの一戦で入院してたってわけだ
秀隆
秀隆
よく無事でしたね……生身の人間がアンドロイドと戦うなんて
よく無事でしたね……生身の人間がアンドロイドと戦うなんて
恭一
恭一
大体その時だな。オレが違法アンドロイドの存在を知るようになったのは
大体その時だな。オレが違法アンドロイドの存在を知るようになったのは
秀隆
秀隆
じゃあ、ホープタウンで色々と調べていたのは……
じゃあ、ホープタウンで色々と調べていたのは……
恭一
恭一
お前の家からステーション、公園、
お前の家からステーション、公園、
主要施設に要する地理、移動時間なんかを計算していたってことだ
主要施設に要する地理、移動時間なんかを計算していたってことだ
恭一
恭一
オレは動くつもりなんてなかったが、
オレは動くつもりなんてなかったが、
事を荒立てないために、おっさんがやれやれと喚きたてやがった
事を荒立てないために、おっさんがやれやれと喚きたてやがった
秀隆
秀隆
オレは事前にアクセラのことをお話しておいたはずです……
オレは事前にアクセラのことをお話しておいたはずです……
秀隆
秀隆
アクセラが違法アンドロイドであり、オレがその事件を追っていると
アクセラが違法アンドロイドであり、オレがその事件を追っていると
恭一
恭一
ああ、言ってたな
ああ、言ってたな
秀隆
秀隆
……もし、もっと早くに情報を共有できていれば……
……もし、もっと早くに情報を共有できていれば……
秀隆
秀隆
柳沢がキズナを狙う可能性があると、教えてくれていれば……
柳沢がキズナを狙う可能性があると、教えてくれていれば……
秀隆
秀隆
キズナが誘拐なんてされることはなかったかもしれません
キズナが誘拐なんてされることはなかったかもしれません
恭一
恭一
どうだろうな。オレはお前に話さなかったことが正しいことだと判断してる
どうだろうな。オレはお前に話さなかったことが正しいことだと判断してる
恭一
恭一
不用意に中途半端な情報を与えれば、柳沢にそれが知れ渡った
不用意に中途半端な情報を与えれば、柳沢にそれが知れ渡った
可能性もある。そうなれば、おまえは再びアンドロイドに刺客を向けられ……
可能性もある。そうなれば、おまえは再びアンドロイドに刺客を向けられ……
親指で、首を切る仕草を見せた。
親指で、首を切る仕草を見せた。
恭一
恭一
今頃は仏になってたかもな
今頃は仏になってたかもな
秀隆
秀隆
それは―――否定できませんけど
それは―――否定できませんけど
竹内
竹内
今から、柳沢の研究所に向かうそうだね
今から、柳沢の研究所に向かうそうだね
秀隆
秀隆
た、竹内特務官っ……
た、竹内特務官っ……
竹内
竹内
そう驚くこともないだろう。私は今、ドリームタウンの住人なのだ
そう驚くこともないだろう。私は今、ドリームタウンの住人なのだ
秀隆
秀隆
それはそうなんですが……
それはそうなんですが……
恭一
恭一
たっぷり怒られたぜ。もっと早く情報を教えろってな
たっぷり怒られたぜ。もっと早く情報を教えろってな
秀隆
秀隆
竹内特務官とお知り合いだったんですか
竹内特務官とお知り合いだったんですか
恭一
恭一
知り合いってほど知っちゃいない
知り合いってほど知っちゃいない
秀隆
秀隆
…………
…………
竹内
竹内
君自身、色々と思うことはあるだろうが……
君自身、色々と思うことはあるだろうが……
竹内
竹内
大河内代表から、地上に関する話は聞いたかね？
大河内代表から、地上に関する話は聞いたかね？
秀隆
秀隆
すみません。今は、キズナの救出に急ぎます
すみません。今は、キズナの救出に急ぎます
竹内
竹内
なるほど、島津くんの言う通りだった。急ぎたまえ
なるほど、島津くんの言う通りだった。急ぎたまえ
秀隆
秀隆
失礼します
失礼します
竹内
竹内
もし、落ち着いて物事が冷静に見られるようになったら、
もし、落ち着いて物事が冷静に見られるようになったら、
改めて地上のことを考えてみるといい
改めて地上のことを考えてみるといい
竹内
竹内
そして行き詰ったなら、私のところに来なさい
そして行き詰ったなら、私のところに来なさい
秀隆
秀隆
…………
…………
恭一
恭一
随分と萎縮してたな。あの男そんなに偉いのか？
随分と萎縮してたな。あの男そんなに偉いのか？
秀隆
秀隆
ホープタウンじゃ、知らない人はいないくらい凄い人物ですよ
ホープタウンじゃ、知らない人はいないくらい凄い人物ですよ
秀隆
秀隆
あの人に憧れて特務官になる人が殆どです
あの人に憧れて特務官になる人が殆どです
恭一
恭一
そうか
そうか
この世界じゃ、特務官って奴の存在はかなり大きいようだ。
この世界じゃ、特務官って奴の存在はかなり大きいようだ。
秀隆
秀隆
だから、未だこうやって、仕事以外で顔を合わせるのには慣れません
だから、未だこうやって、仕事以外で顔を合わせるのには慣れません
秀隆
秀隆
どれだけ時間が経っても割り切れていないんです
どれだけ時間が経っても割り切れていないんです
恭一
恭一
信じてたってことだな？
信じてたってことだな？
秀隆
秀隆
はい……
はい……
恭一
恭一
人間ってのは誰でも裏切る。そう思って生きた方が楽だぜ
人間ってのは誰でも裏切る。そう思って生きた方が楽だぜ
秀隆
秀隆
行き方としては楽かも知れませんが、それだけです
行き方としては楽かも知れませんが、それだけです
秀隆
秀隆
本当の意味で充実し、納得のいく生き方は出来ないと思います
本当の意味で充実し、納得のいく生き方は出来ないと思います
恭一
恭一
オレは十分納得して人生を謳歌させてもらってる
オレは十分納得して人生を謳歌させてもらってる
秀隆
秀隆
それは恭一さんが特殊だからだと思いますよ
それは恭一さんが特殊だからだと思いますよ
恭一
恭一
この辺りじゃないのか？
この辺りじゃないのか？
秀隆
秀隆
っと……
っと……
とあるマンションの、使われていない一室。
とあるマンションの、使われていない一室。
秀隆
秀隆
情報によると、ここに地下への階段があるとか……
情報によると、ここに地下への階段があるとか……
恭一
恭一
ここだろうな
ここだろうな
恭一
恭一
ここだけ埃が積もっていない。人が出入りした証拠だ
ここだけ埃が積もっていない。人が出入りした証拠だ
秀隆
秀隆
ここが、研究所……
ここが、研究所……
地下へと続く階段を降りると、そこには広大な施設が広がっていた。
地下へと続く階段を降りると、そこには広大な施設が広がっていた。
恭一
恭一
ジオフロントには土地がない。
ジオフロントには土地がない。
土地を確保するために横へと面積を広げるのには膨大な費用と時間、そしてリスクを伴う。だが、更に下へと掘り進むのは例外だ
土地を確保するために横へと面積を広げるのには膨大な費用と時間、そしてリスクを伴う。だが、更に下へと掘り進むのは例外だ
恭一
恭一
主要施設の１つくらいなら、コスト、リスクを抑えて確保することができる
主要施設の１つくらいなら、コスト、リスクを抑えて確保することができる
秀隆
秀隆
よく考えられているってことですね……
よく考えられているってことですね……
恭一
恭一
のんびりしてる時間はない。急ぐぞ
のんびりしてる時間はない。急ぐぞ
秀隆
秀隆
恭一さん
恭一さん
恭一
恭一
あ？
あ？
秀隆
秀隆
こんな時にする質問ではないのかも知れませんが……
こんな時にする質問ではないのかも知れませんが……
秀隆
秀隆
オレがこれまで観察してきた限り、
オレがこれまで観察してきた限り、
恭一さんは損得で動くような人間じゃないと思っています
恭一さんは損得で動くような人間じゃないと思っています
恭一
恭一
まぁそうだな。読みたい本があれば、話は別だが
まぁそうだな。読みたい本があれば、話は別だが
秀隆
秀隆
それは例外としても、やはり簡単に動かせる人じゃありません
それは例外としても、やはり簡単に動かせる人じゃありません
秀隆
秀隆
そんなあなたが、今こうして手を貸してくれているのはどうしてですか？
そんなあなたが、今こうして手を貸してくれているのはどうしてですか？
恭一
恭一
まさかキズナのために動いた、そう思ってるんじゃないだろうな？
まさかキズナのために動いた、そう思ってるんじゃないだろうな？
秀隆
秀隆
……そう考えたくなるのが、人の心情ってもんです
……そう考えたくなるのが、人の心情ってもんです
恭一
恭一
残念ながら違うな
残念ながら違うな
恭一
恭一
オレが求めているものは『娯楽』という名の楽しみだ
オレが求めているものは『娯楽』という名の楽しみだ
秀隆
秀隆
違法アンドロイドの調査が、娯楽……ですか
違法アンドロイドの調査が、娯楽……ですか
秀隆
秀隆
下手したら、命を落とすかも知れないんですよ？
下手したら、命を落とすかも知れないんですよ？
恭一
恭一
それはないな
それはないな
はっきりと言い切る。
はっきりと言い切る。
恭一
恭一
確かにアンドロイドって奴は、生身の人間よりも能力は上だ。
確かにアンドロイドって奴は、生身の人間よりも能力は上だ。
だが、戦いってのは能力の良し悪しだけで決まるもんじゃない
だが、戦いってのは能力の良し悪しだけで決まるもんじゃない
ニヤッと笑う。
ニヤッと笑う。
恭一
恭一
静乃をぶっ殺した時の楽しみを、もう一度味わいたい、そう思っただけだ
静乃をぶっ殺した時の楽しみを、もう一度味わいたい、そう思っただけだ
秀隆
秀隆
っ！？
っ！？
恭一
恭一
面倒臭いことしてここまで来てんだ。オレは楽しませてもらう
面倒臭いことしてここまで来てんだ。オレは楽しませてもらう
恭一
恭一
お前はお前で、勝手にキズナを助ければいい
お前はお前で、勝手にキズナを助ければいい
秀隆
秀隆
は、はい
は、はい
恭一
恭一
……待て
……待て
秀隆
秀隆
どうしました？
どうしました？
恭一
恭一
おまえは先に行け。オレは少しやることがある
おまえは先に行け。オレは少しやることがある
秀隆
秀隆
で、でも
で、でも
恭一
恭一
いいからさっさと行け
いいからさっさと行け
秀隆
秀隆
わ、分かりました
わ、分かりました
恭一
恭一
そこに居るのは分かってる。出て来いよ
そこに居るのは分かってる。出て来いよ
杉村
杉村
……よく気づいたわね。私が居ることに
……よく気づいたわね。私が居ることに
恭一
恭一
気配には敏感なんだよ、オレは
気配には敏感なんだよ、オレは
杉村
杉村
あなたは確か……ドリームタウン側が見つけた地上の生き残り、よね？
あなたは確か……ドリームタウン側が見つけた地上の生き残り、よね？
恭一
恭一
ああ。そういうあんたはアンドロイドか？
ああ。そういうあんたはアンドロイドか？
杉村
杉村
ふふ、ええそうよ
ふふ、ええそうよ
杉村
杉村
私がアンドロイドだって分かってて、一人で戦うことを選択したの？
私がアンドロイドだって分かってて、一人で戦うことを選択したの？
杉村
杉村
頭数が多い方が、可能性もあると思うんだけれど
頭数が多い方が、可能性もあると思うんだけれど
恭一
恭一
あいつがいても邪魔なだけだ
あいつがいても邪魔なだけだ
杉村
杉村
すごい自信ね
すごい自信ね
杉村
杉村
ゆっくり遊んであげたいところだけど、そうもいかないわ。
ゆっくり遊んであげたいところだけど、そうもいかないわ。
島津くんがマスターのところに行ってしまったから後を追わないと
島津くんがマスターのところに行ってしまったから後を追わないと
恭一
恭一
心配するな。おまえはどうせ合流できない
心配するな。おまえはどうせ合流できない
杉村
杉村
……その自信の根拠、見せて貰おうかしら
……その自信の根拠、見せて貰おうかしら
恭一
恭一
だが、その前に１つ聞かせて貰ってもいいか？
だが、その前に１つ聞かせて貰ってもいいか？
杉村
杉村
なにかしら。私に答えられることならいいわね
なにかしら。私に答えられることならいいわね
恭一
恭一
あんたのその首からぶら下げたネックレス……どこで手に入れた？
あんたのその首からぶら下げたネックレス……どこで手に入れた？
杉村
杉村
妙なことを聞くのね
妙なことを聞くのね
くすりと笑い、女はネックレスを持ち上げた。
くすりと笑い、女はネックレスを持ち上げた。
杉村
杉村
これは拾いものなの
これは拾いものなの
恭一
恭一
ドリームタウンの下層区画、か？
ドリームタウンの下層区画、か？
杉村
杉村
……あなた、このネックレスのこと知っているの？
……あなた、このネックレスのこと知っているの？
恭一
恭一
まさかとは思ったんだけどな……あたりか
まさかとは思ったんだけどな……あたりか
恭一
恭一
それは本当の持ち主がいる。返してもらおうか
それは本当の持ち主がいる。返してもらおうか
杉村
杉村
へぇ……
へぇ……
杉村
杉村
あなた、あの男の知り合い？
あなた、あの男の知り合い？
あの男……それは、恐らく恋の父親のことだろう。
あの男……それは、恐らく恋の父親のことだろう。
恭一
恭一
拾ったにしては、持ち主が誰かまで知ってるんだな
拾ったにしては、持ち主が誰かまで知ってるんだな
杉村
杉村
よく知ってるわ
よく知ってるわ
恭一
恭一
おまえか、あの男を殺したのは
おまえか、あの男を殺したのは
杉村
杉村
……殺した？
……殺した？
恭一
恭一
落盤事故に見せかけて、あの男が殺されたことには気づいてる
落盤事故に見せかけて、あの男が殺されたことには気づいてる
杉村
杉村
本当に驚いた……どこでその情報を手に入れたの？
本当に驚いた……どこでその情報を手に入れたの？
恭一
恭一
直接現場を見たが、あれは爆発させて強制的に落盤事故を起こしたものだった
直接現場を見たが、あれは爆発させて強制的に落盤事故を起こしたものだった
杉村
杉村
……あなた、面白いわねぇ
……あなた、面白いわねぇ
杉村
杉村
もう少し早く出会っていたら、ときめいていたかも
もう少し早く出会っていたら、ときめいていたかも
杉村が笑うと、一気にこっちへの距離を詰めてきた。
杉村が笑うと、一気にこっちへの距離を詰めてきた。
杉村
杉村
さよなら、美男子さん
さよなら、美男子さん
伸ばされた腕。
伸ばされた腕。
オレはそれを避けることなく、正面から迎え入れる。
オレはそれを避けることなく、正面から迎え入れる。
手と手が、がっちりと交差する。
手と手が、がっちりと交差する。
杉村
杉村
やだ。アンドロイドとパワー勝負でもするつもり？
やだ。アンドロイドとパワー勝負でもするつもり？
恭一
恭一
そのつもりだったが、何か問題でもあったか？
そのつもりだったが、何か問題でもあったか？
杉村
杉村
おバカさんね
おバカさんね
杉村は、軽く力を入れる。
杉村は、軽く力を入れる。
それでも、その握力は１００を超えるパワーだった。
それでも、その握力は１００を超えるパワーだった。
恭一
恭一
…………
…………
杉村
杉村
……へぇ……凄い握力ね、あなた
……へぇ……凄い握力ね、あなた
恭一
恭一
前にも同じことを言われたぜ
前にも同じことを言われたぜ
杉村
杉村
前にも……？
前にも……？
恭一
恭一
静乃ってアンドロイド、おまえの仲間だろ？
静乃ってアンドロイド、おまえの仲間だろ？
杉村
杉村
っ。どうして静乃のことを……
っ。どうして静乃のことを……
恭一
恭一
さぁ、どうしてだろうな？
さぁ、どうしてだろうな？
杉村
杉村
この間からあの子と連絡が取れない……何か知ってるなら教えてもらえる？
この間からあの子と連絡が取れない……何か知ってるなら教えてもらえる？
杉村は、右手にパワーを集中させる。
杉村は、右手にパワーを集中させる。
se首を絞められる0
se首を絞められる0
ミシッ、と骨の軋む音。
ミシッ、と骨の軋む音。
杉村
杉村
あと少し力を入れるだけで、あなたの手の骨は砕ける
あと少し力を入れるだけで、あなたの手の骨は砕ける
恭一
恭一
それで？
それで？
杉村
杉村
彼女は今どこにいるの
彼女は今どこにいるの
ミシッ……ミシ……。
ミシッ……ミシ……。
恭一
恭一
オレが殺した
オレが殺した
杉村
杉村
っ！
っ！
恭一
恭一
……さすがに、パワーだけを見ればとんでもないな
……さすがに、パワーだけを見ればとんでもないな
オレの左腕、手首から先の反応がなくなる。
オレの左腕、手首から先の反応がなくなる。
杉村
杉村
……あなた、痛覚がないの？　ひょっとして
……あなた、痛覚がないの？　ひょっとして
恭一
恭一
アホか。痛いに決まってんだろ
アホか。痛いに決まってんだろ
杉村
杉村
静乃は本当に死んだの？
静乃は本当に死んだの？
恭一
恭一
言ったろ。オレが殺したって
言ったろ。オレが殺したって
杉村
杉村
そう……連絡がつかない時点で、ある程度感じてはいたけれど……
そう……連絡がつかない時点で、ある程度感じてはいたけれど……
恭一
恭一
目の前に敵が居るんだ。さっさと殺しに来い
目の前に敵が居るんだ。さっさと殺しに来い
杉村
杉村
そうさせてもらうわ
そうさせてもらうわ
杉村
杉村
やっ！
やっ！
見た目の穏やかさとは異なり、杉村の俊敏な動きから、重い一撃が繰り出される。
見た目の穏やかさとは異なり、杉村の俊敏な動きから、重い一撃が繰り出される。
オレはそれをぎりぎりのところで回避しながら、わき腹に蹴りを叩き込む。
オレはそれをぎりぎりのところで回避しながら、わき腹に蹴りを叩き込む。
杉村
杉村
やるじゃない、あなた
やるじゃない、あなた
恭一
恭一
アンドロイドってやつは、どうも攻撃を避けるってことを知らないみたいだな
アンドロイドってやつは、どうも攻撃を避けるってことを知らないみたいだな
杉村
杉村
おあいにく様、人間の攻撃くらいじゃ、びくともしないのよねっ
おあいにく様、人間の攻撃くらいじゃ、びくともしないのよねっ
恭一
恭一
そうでもねえさ
そうでもねえさ
二発目。
二発目。
クリーンヒットし、女が後退する。
クリーンヒットし、女が後退する。
杉村
杉村
……損傷？
……損傷？
恭一
恭一
意外と効くもんだろ
意外と効くもんだろ
杉村
杉村
……なるほど。やっぱりあなた、ただものじゃないわねぇ
……なるほど。やっぱりあなた、ただものじゃないわねぇ
警戒心を強めたのか、女は単調な攻撃をやめる。
警戒心を強めたのか、女は単調な攻撃をやめる。
恭一
恭一
それでこそ面白くなるってもんだ
それでこそ面白くなるってもんだ
杉村
杉村
よくわからないわね。……まるで戦闘を楽しんでるみたい
よくわからないわね。……まるで戦闘を楽しんでるみたい
恭一
恭一
みたいじゃねえ。楽しんでるんだよ
みたいじゃねえ。楽しんでるんだよ
杉村
杉村
変わってるわね
変わってるわね
女から徐々に笑みが消えていく。
女から徐々に笑みが消えていく。
杉村
杉村
……時間がないし、終わらせてもらうわね。
……時間がないし、終わらせてもらうわね。
あなたを相手に手加減してたら、噛みつかれそうだし
あなたを相手に手加減してたら、噛みつかれそうだし
人間の身体能力を遥かに上回るアンドロイドの一撃。
人間の身体能力を遥かに上回るアンドロイドの一撃。
触れる寸前に軌道を読んだものの、一発を貰う。
触れる寸前に軌道を読んだものの、一発を貰う。
こちらの体制が崩れた隙を狙い、女の蹴りが飛んできた。
こちらの体制が崩れた隙を狙い、女の蹴りが飛んできた。
既に使い物にならなくなった左腕でガードする。
既に使い物にならなくなった左腕でガードする。
二の腕までが一撃で粉砕される。
二の腕までが一撃で粉砕される。
重機を思い切りたたきつけられたような衝撃だ。
重機を思い切りたたきつけられたような衝撃だ。
杉村
杉村
随分と、ぼろぼろになったわね
随分と、ぼろぼろになったわね
女が、オレの左腕を捉える。
女が、オレの左腕を捉える。
恭一
恭一
おかげさまでな！
おかげさまでな！
杉村
杉村
……あなたのそのやせ我慢、どこまで通用するかしら
……あなたのそのやせ我慢、どこまで通用するかしら
砕けた腕を、さらに握力だけで握りつぶそうと女が力を込める。
砕けた腕を、さらに握力だけで握りつぶそうと女が力を込める。
杉村
杉村
っ……痛いわね……
っ……痛いわね……
恭一
恭一
アンドロイドも痛みを感じるのか？
アンドロイドも痛みを感じるのか？
杉村
杉村
リアルでしょ？
リアルでしょ？
恭一
恭一
ほんとにな
ほんとにな
オレは左腕の代償を払った代わりに、女の右足を貰い受けた。
オレは左腕の代償を払った代わりに、女の右足を貰い受けた。
杉村
杉村
あなた人間？
あなた人間？
恭一
恭一
どうかな
どうかな
頭の下がったところに、蹴りを叩き込んだ。
頭の下がったところに、蹴りを叩き込んだ。
se落下（地面に激突、下も瓦礫で足折れるくらいの高さ）2
se落下（地面に激突、下も瓦礫で足折れるくらいの高さ）2
すぐさま髪を掴み、壁に叩きつける。
すぐさま髪を掴み、壁に叩きつける。
杉村
杉村
これじゃ、どっちがアンドロイドだか……
これじゃ、どっちがアンドロイドだか……
顔面に拳を叩き込み、頭部を破壊する。
顔面に拳を叩き込み、頭部を破壊する。
恭一
恭一
オレはか弱いプリティーボーイだよ
オレはか弱いプリティーボーイだよ
秀隆
秀隆
キズナっ
キズナっ
キズナ
キズナ
ご心配おかけしましたっ
ご心配おかけしましたっ
柳沢
柳沢
感動の再会と言ったところですか
感動の再会と言ったところですか
秀隆
秀隆
あんたを倉屋敷社長のところに連れて行く
あんたを倉屋敷社長のところに連れて行く
秀隆
秀隆
違法アンドロイドの件で、追及してもらうつもりだ
違法アンドロイドの件で、追及してもらうつもりだ
柳沢
柳沢
倉屋敷？　なるほど、それはちょうどいい。
倉屋敷？　なるほど、それはちょうどいい。
私の知りたかった地上について、何か聞けるかもしれない
私の知りたかった地上について、何か聞けるかもしれない
柳沢
柳沢
喜んでお付き合いしましょう。うん、実に興味深い
喜んでお付き合いしましょう。うん、実に興味深い
秀隆
秀隆
彼を倉屋敷ビルまで。お願います
彼を倉屋敷ビルまで。お願います
キズナ
キズナ
彼は、一体何がしたかったのでしょうか？
彼は、一体何がしたかったのでしょうか？
秀隆
秀隆
さぁな……
さぁな……
恭一
恭一
終わったようだな
終わったようだな
秀隆
秀隆
恭一さ……だ、大丈夫ですか！？
恭一さ……だ、大丈夫ですか！？
キズナ
キズナ
手は大丈夫ですか？
手は大丈夫ですか？
恭一
恭一
心配ない。オレはもう帰るぞ
心配ない。オレはもう帰るぞ
秀隆
秀隆
わ、わかりました。ありがとうございました
わ、わかりました。ありがとうございました
恭一
恭一
別に。そいつを助け出したのはおまえだ
別に。そいつを助け出したのはおまえだ
恋
恋
あ……
あ……
恭一
恭一
またか
またか
帰ろうとしていると、座り込む恋の姿があった。
帰ろうとしていると、座り込む恋の姿があった。
恋
恋
また……酷い怪我、してます……
また……酷い怪我、してます……
恭一
恭一
そうだな
そうだな
恋
恋
何があったのか、説明してはくれないんですよね？
何があったのか、説明してはくれないんですよね？
恭一
恭一
別に話すようなことは何も無い
別に話すようなことは何も無い
恭一
恭一
それよりも腹が減った。帰るぞ
それよりも腹が減った。帰るぞ
恋
恋
ま、待ってください！
ま、待ってください！
恋
恋
いつもいつも、身勝手すぎます
いつもいつも、身勝手すぎます
恭一
恭一
それがオレだ
それがオレだ
恋
恋
そんなの、言い訳にもなりません
そんなの、言い訳にもなりません
恭一
恭一
それより、おまえに１ついいものをやろうか？
それより、おまえに１ついいものをやろうか？
恋
恋
そういってセクハラまがいのことをするつもりなら、お断りします
そういってセクハラまがいのことをするつもりなら、お断りします
恭一
恭一
ちっ
ちっ
恋
恋
そのつもりだったんですか……？　最低です……
そのつもりだったんですか……？　最低です……
恭一
恭一
じゃあこれをやる
じゃあこれをやる
恋
恋
えっ……
えっ……
オレはネックレスを取り出し、それを恋に差し出した。
オレはネックレスを取り出し、それを恋に差し出した。
恋
恋
うそ……こ、これ……
うそ……こ、これ……
恋
恋
どうして恭一さんが、これを
どうして恭一さんが、これを
恭一
恭一
ってことは当たりか
ってことは当たりか
恭一
恭一
おまえが探してたネックレスって奴は
おまえが探してたネックレスって奴は
恋
恋
そ、そうです。これ……これです……
そ、そうです。これ……これです……
恭一
恭一
道端の露店に売ってた
道端の露店に売ってた
恋
恋
う、嘘ですッ。露店なんてありませんっ
う、嘘ですッ。露店なんてありませんっ
恭一
恭一
犬が咥えてたのを奪い取った
犬が咥えてたのを奪い取った
恋
恋
犬は限られた人しか飼えないペットです。恭一さんが見かけるはずありません
犬は限られた人しか飼えないペットです。恭一さんが見かけるはずありません
恭一
恭一
……空から降ってきた？
……空から降ってきた？
恋
恋
真面目に教えてくれる気はないんですかっ
真面目に教えてくれる気はないんですかっ
恭一
恭一
大事なのは、今おまえの手元に返って来たってことだ
大事なのは、今おまえの手元に返って来たってことだ
恭一
恭一
そうだろ？
そうだろ？
恋
恋
…………
…………
恭一
恭一
気に入らないか？
気に入らないか？
恋
恋
気に入りません……こんな、ボロボロになって……
気に入りません……こんな、ボロボロになって……
恋
恋
いきなり見つけてきてやったぞって渡されても、困ります……
いきなり見つけてきてやったぞって渡されても、困ります……
恭一
恭一
じゃあ捨ててやろうか
じゃあ捨ててやろうか
恋
恋
い、嫌です
い、嫌です
奪い取ろうとしたら、さっと手を引っ込められた。
奪い取ろうとしたら、さっと手を引っ込められた。
恋
恋
……こんな突然戻ってくるなんて、思いもしませんでした…･･･
……こんな突然戻ってくるなんて、思いもしませんでした…･･･
恋
恋
なんだか、信じられないです
なんだか、信じられないです
恭一
恭一
夢じゃないから安心しろ
夢じゃないから安心しろ
恋
恋
……ありがとうございます……見つけてくれて
……ありがとうございます……見つけてくれて
恭一
恭一
別に。たまたまだ
別に。たまたまだ
恋
恋
帰ったら、傷の手当て、しないといけませんね
帰ったら、傷の手当て、しないといけませんね
恭一
恭一
そうだな
そうだな
恭一
恭一
あ、ちなみに左腕は粉砕骨折してるから
あ、ちなみに左腕は粉砕骨折してるから
恋
恋
それは大変ですね……大変すぎますよ！？
それは大変ですね……大変すぎますよ！？
恭一
恭一
別に大したことないだろ
別に大したことないだろ
恋
恋
あります！　今すぐ病院に行きますよ！
あります！　今すぐ病院に行きますよ！
恭一
恭一
あそこ治りが悪いんだよ、また入院することになったら面倒だろ
あそこ治りが悪いんだよ、また入院することになったら面倒だろ
恋
恋
ダメです！　ほら、早く！
ダメです！　ほら、早く！
恭一
恭一
唾つけときゃ治る
唾つけときゃ治る
恋
恋
だから、治りませんってば！
だから、治りませんってば！
恭一
恭一
ったく、面倒な女だぜ
ったく、面倒な女だぜ
恋
恋
あなたの方が、よっぽど面倒な人ですからっ
あなたの方が、よっぽど面倒な人ですからっ
