秀隆
秀隆
お世話になりました、杉村さん
お世話になりました、杉村さん
杉村
杉村
何度も言うようだけど、これからは慎重に行動してね
何度も言うようだけど、これからは慎重に行動してね
秀隆
秀隆
はい。当分は危ないことは避けようと思っています
はい。当分は危ないことは避けようと思っています
杉村
杉村
それがいいわ。でも、どうしてそう思うようになったの？
それがいいわ。でも、どうしてそう思うようになったの？
あなたは無茶なことでも、突っ走って行く子だと思ってた
あなたは無茶なことでも、突っ走って行く子だと思ってた
秀隆
秀隆
あいつに……秋に……話さなきゃいけないことが沢山あります
あいつに……秋に……話さなきゃいけないことが沢山あります
秀隆
秀隆
多分それには、沢山の時間が必要になりますから
多分それには、沢山の時間が必要になりますから
杉村
杉村
そう、そうね……。秋ちゃんを救えるのは、あなただけよ
そう、そうね……。秋ちゃんを救えるのは、あなただけよ
秀隆
秀隆
それじゃ、失礼します
それじゃ、失礼します
杉村
杉村
またね、島津くん
またね、島津くん
オレは、秋とのことを墓場まで持って行くつもりだった。
オレは、秋とのことを墓場まで持って行くつもりだった。
一度踏み出してしまった以上、
一度踏み出してしまった以上、
どんなことがあっても伝えるべきじゃないと覚悟を決めていた。
どんなことがあっても伝えるべきじゃないと覚悟を決めていた。
今の、あいつの気持ちを考えると、
今の、あいつの気持ちを考えると、
オレはただただ、申し訳ない気持ちでいっぱいになった。
オレはただただ、申し訳ない気持ちでいっぱいになった。
どんな顔をして、家に帰ればいいのだろうか。
どんな顔をして、家に帰ればいいのだろうか。
正直想像もつかない。
正直想像もつかない。
秀隆
秀隆
うだうだ考えたって、仕方ないんだけどな……
うだうだ考えたって、仕方ないんだけどな……
秀隆
秀隆
ただいま、っと
ただいま、っと
アクセラ
アクセラ
お帰りなさいませ、秀隆様
お帰りなさいませ、秀隆様
キズナ
キズナ
お帰りですひーくん！
お帰りですひーくん！
いつもの二人が、笑顔でオレを迎え入れてくれた。
いつもの二人が、笑顔でオレを迎え入れてくれた。
秀隆
秀隆
……秋は学園か？
……秋は学園か？
アクセラ
アクセラ
はい。お戻りは夕方になるかと
はい。お戻りは夕方になるかと
秀隆
秀隆
そうか……一応聞いておくけど、今朝の様子は？
そうか……一応聞いておくけど、今朝の様子は？
アクセラ
アクセラ
分かりません。朝も、黙ってお出かけになられてしまいました
分かりません。朝も、黙ってお出かけになられてしまいました
キズナ
キズナ
家に居る時は、ずっと部屋に篭ってます
家に居る時は、ずっと部屋に篭ってます
秀隆
秀隆
オレが帰ってくることは知ってるんだよな？
オレが帰ってくることは知ってるんだよな？
アクセラ
アクセラ
お伝えはしております
お伝えはしております
キズナ
キズナ
ひーくんは、どうするつもりですか
ひーくんは、どうするつもりですか
秀隆
秀隆
正直わからん。どうしていいかなんて、さっぱりだ
正直わからん。どうしていいかなんて、さっぱりだ
キズナ
キズナ
……ごめんなさいでした
……ごめんなさいでした
キズナが、そう言った。
キズナが、そう言った。
キズナ
キズナ
私が早まらなければ、
私が早まらなければ、
もう少し慎重に行動していればよかったです
もう少し慎重に行動していればよかったです
秀隆
秀隆
おまえは、最善を尽くしたんだろ。だったら気にするな
おまえは、最善を尽くしたんだろ。だったら気にするな
キズナ
キズナ
ですが……
ですが……
秀隆
秀隆
オレたち兄妹のことを想って行動してくれたことに対して、
オレたち兄妹のことを想って行動してくれたことに対して、
責めるなんてこと、今更出来やしないさ
責めるなんてこと、今更出来やしないさ
秀隆
秀隆
偽りの怒りがバレてしまった以上はな
偽りの怒りがバレてしまった以上はな
キズナ
キズナ
……ひーくん……
……ひーくん……
アクセラ
アクセラ
さすがのキズナ様も、秀隆様のお芝居には気づきませんでしたね
さすがのキズナ様も、秀隆様のお芝居には気づきませんでしたね
秀隆
秀隆
気づかれるような芝居じゃ意味がないだろ
気づかれるような芝居じゃ意味がないだろ
キズナ
キズナ
全く分からなかったです。
全く分からなかったです。
本当に、ひーくんはあっきーを嫌ってると思ってました
本当に、ひーくんはあっきーを嫌ってると思ってました
秀隆
秀隆
半分はその通りだからだ
半分はその通りだからだ
キズナ
キズナ
え？
え？
秀隆
秀隆
オレは無理やり、記憶を封じ込めた。
オレは無理やり、記憶を封じ込めた。
あいつが憎いって部分だけをコントロールしていたんだよ
あいつが憎いって部分だけをコントロールしていたんだよ
キズナ
キズナ
そんなこと、出来るんですか？
そんなこと、出来るんですか？
秀隆
秀隆
杉村さんの下で心理学については勉強させてもらってたからな
杉村さんの下で心理学については勉強させてもらってたからな
元々は、姉さんの記憶を封じ込めることを目的に教わった。
元々は、姉さんの記憶を封じ込めることを目的に教わった。
その流れで、オレは秋への気持ちも一緒に封じ込めた。
その流れで、オレは秋への気持ちも一緒に封じ込めた。
何か引き金のような出来事が起こるたび、
何か引き金のような出来事が起こるたび、
必死に心をセーブして思い出さないようにした。
必死に心をセーブして思い出さないようにした。
思い出せば、自らの心に強い負担がかかる。
思い出せば、自らの心に強い負担がかかる。
何度殴っただろう。
何度殴っただろう。
何度、傷つけただろう。
何度、傷つけただろう。
そんな行為に、オレの心は耐えることは出来ない。
そんな行為に、オレの心は耐えることは出来ない。
妹を傷つけているという、自分を見つめたくは無かった。
妹を傷つけているという、自分を見つめたくは無かった。
それが―――心を封じる、セーブすることへと繋げられた。
それが―――心を封じる、セーブすることへと繋げられた。
キズナ
キズナ
ひーくん。あっきーが帰って来ました
ひーくん。あっきーが帰って来ました
秀隆
秀隆
そうか。部屋に戻ったか？
そうか。部屋に戻ったか？
キズナ
キズナ
はい。一直線に
はい。一直線に
秀隆
秀隆
だろうな……
だろうな……
キズナ
キズナ
どうするんですか？
どうするんですか？
秀隆
秀隆
どうするもこうするも、行くしかないだろ
どうするもこうするも、行くしかないだろ
キズナ
キズナ
……はい
……はい
オレは、まっすぐに秋の部屋に向かう。
オレは、まっすぐに秋の部屋に向かう。
アクセラもキズナも、オレの背中を見守るだけだった。
アクセラもキズナも、オレの背中を見守るだけだった。
秀隆
秀隆
……今戻ったよ
……今戻ったよ
秋
秋
……そうですか……お帰りなさい……
……そうですか……お帰りなさい……
秋はベッドの中で、横になっていた。
秋はベッドの中で、横になっていた。
秀隆
秀隆
ちょっと話があるんだ。いいか？
ちょっと話があるんだ。いいか？
秋
秋
よくありません……私には話すことはありませんから
よくありません……私には話すことはありませんから
秀隆
秀隆
少しだけでいいんだ
少しだけでいいんだ
秋
秋
嫌です……
嫌です……
秋
秋
何もありません……
何もありません……
秀隆
秀隆
おまえが、オレの話を耳にしてしまったのはキズナから聞いた
おまえが、オレの話を耳にしてしまったのはキズナから聞いた
秀隆
秀隆
なら、もう正面から向き合うしかないと思うんだ
なら、もう正面から向き合うしかないと思うんだ
秋
秋
何もありません……ありませんから
何もありません……ありませんから
秀隆
秀隆
なあ秋……
なあ秋……
秋
秋
やめてください……兄さんと話すことなんて、何もありません……
やめてください……兄さんと話すことなんて、何もありません……
秀隆
秀隆
オレは、今更過去のことを持ち出すつもりはない
オレは、今更過去のことを持ち出すつもりはない
秀隆
秀隆
ただいつものように
ただいつものように
秋
秋
無理です……もう、無理です……
無理です……もう、無理です……
秋
秋
私には何も、信じることは出来ませんから……
私には何も、信じることは出来ませんから……
秋
秋
出て行ってください……
出て行ってください……
秀隆
秀隆
……わかった。とりあえず部屋に戻るよ
……わかった。とりあえず部屋に戻るよ
秀隆
秀隆
落ち着いたら、話を聞いてほしい
落ち着いたら、話を聞いてほしい
キズナ
キズナ
ひーくん……？
ひーくん……？
すぐに部屋から出て来たオレに、キズナが不安そうな瞳を向けた。
すぐに部屋から出て来たオレに、キズナが不安そうな瞳を向けた。
秀隆
秀隆
心配はいらないから
心配はいらないから
それだけ伝え、オレは自分の部屋に戻る。
それだけ伝え、オレは自分の部屋に戻る。
大丈夫、時間はあるんだ。
大丈夫、時間はあるんだ。
ゆっくりと話し合えばいい……。
ゆっくりと話し合えばいい……。
夕食の時間になったオレは、リビングへと姿を見せた。
夕食の時間になったオレは、リビングへと姿を見せた。
そこには、不安そうにするキズナと、アクセラ。
そこには、不安そうにするキズナと、アクセラ。
秀隆
秀隆
どうした？
どうした？
キズナ
キズナ
あ……
あ……
アクセラ
アクセラ
秋様が、先ほどお出かけになられました……
秋様が、先ほどお出かけになられました……
秀隆
秀隆
お出かけって、もう消灯時刻は過ぎてるぞ？
お出かけって、もう消灯時刻は過ぎてるぞ？
アクセラ
アクセラ
私もお止めしたのですが、聞いて下さりませんでした
私もお止めしたのですが、聞いて下さりませんでした
秀隆
秀隆
そんなにオレと顔を合わせるのが嫌か……
そんなにオレと顔を合わせるのが嫌か……
キズナ
キズナ
すごく心配です
すごく心配です
秀隆
秀隆
……そうだな
……そうだな
秀隆
秀隆
携帯は？
携帯は？
アクセラ
アクセラ
部屋に置いて行かれました……
部屋に置いて行かれました……
キズナ
キズナ
私、あっきーを探しに行きます
私、あっきーを探しに行きます
アクセラ
アクセラ
私も参ります
私も参ります
秀隆
秀隆
待て。アクセラはここに残るんだ
待て。アクセラはここに残るんだ
アクセラ
アクセラ
で、ですが……
で、ですが……
秀隆
秀隆
オレとキズナで探しに行く。
オレとキズナで探しに行く。
おまえは秋が戻った時に、家に居てやってくれ
おまえは秋が戻った時に、家に居てやってくれ
アクセラ
アクセラ
……わかりました
……わかりました
秀隆
秀隆
行くぞ、キズナ
行くぞ、キズナ
秀隆
秀隆
昔、一度秋が家出をしたことがある
昔、一度秋が家出をしたことがある
秀隆
秀隆
まぁ、家出って言うほど大それたもんでもないけどな
まぁ、家出って言うほど大それたもんでもないけどな
キズナ
キズナ
その時は、どうなったんですか？
その時は、どうなったんですか？
秀隆
秀隆
オレが見つけて、オレが連れ戻した
オレが見つけて、オレが連れ戻した
キズナ
キズナ
おぉ、兄妹ですねっ
おぉ、兄妹ですねっ
秀隆
秀隆
あの時、あいつは公園の丘の上に居た。
あの時、あいつは公園の丘の上に居た。
消灯時刻を過ぎても、ずっと膝を抱えてうずくまっていたんだ
消灯時刻を過ぎても、ずっと膝を抱えてうずくまっていたんだ
キズナ
キズナ
じゃあ、あっきーはもしかしたら……
じゃあ、あっきーはもしかしたら……
秀隆
秀隆
……どうかな。正直、居ない気がする
……どうかな。正直、居ない気がする
キズナ
キズナ
ドラマとかでは、思い出の場所に居たりするものです
ドラマとかでは、思い出の場所に居たりするものです
秀隆
秀隆
ドラマとかならなぁ
ドラマとかならなぁ
オレたちは駆け足で、公園へとやって来た。
オレたちは駆け足で、公園へとやって来た。
キズナ
キズナ
ちびあっきーはどこに居たんですか？
ちびあっきーはどこに居たんですか？
秀隆
秀隆
ちびあっきーて……確か、あの辺だ
ちびあっきーて……確か、あの辺だ
さくさくと草を踏み分け、丘の上へ。
さくさくと草を踏み分け、丘の上へ。
キズナ
キズナ
……見当たりませんね？
……見当たりませんね？
丘の上までくれば、公園を見渡すことができる。
丘の上までくれば、公園を見渡すことができる。
でも、秋の姿はどこにもない。
でも、秋の姿はどこにもない。
秀隆
秀隆
やっぱりな……
やっぱりな……
キズナ
キズナ
どうして、いないかもと分かっていたんですか？
どうして、いないかもと分かっていたんですか？
秀隆
秀隆
あいつと８年以上も生活してれば、嫌でもわかるさ
あいつと８年以上も生活してれば、嫌でもわかるさ
秀隆
秀隆
捻くれた性格をしてるんだ、同じ場所で待ってるはずがない
捻くれた性格をしてるんだ、同じ場所で待ってるはずがない
秀隆
秀隆
だけど、絶対に探してほしいとは思ってる……はず
だけど、絶対に探してほしいとは思ってる……はず
キズナ
キズナ
最後が自信なさげでしたね
最後が自信なさげでしたね
秀隆
秀隆
……あいつは捻くれてるからな
……あいつは捻くれてるからな
秀隆
秀隆
悪いんだが、祐輔やユウキに、秋の捜索を手伝ってくれるよう
悪いんだが、祐輔やユウキに、秋の捜索を手伝ってくれるよう
お願いしてもらいたい
お願いしてもらいたい
キズナ
キズナ
ひーくんはどうするんですか？
ひーくんはどうするんですか？
秀隆
秀隆
オレは、思いつく限りの場所に行ってみる
オレは、思いつく限りの場所に行ってみる
秀隆
秀隆
万が一ってことがあるからな……
万が一ってことがあるからな……
キズナ
キズナ
分かりました……
分かりました……
秀隆
秀隆
発見時以外は、やりとりはメールで行おう。
発見時以外は、やりとりはメールで行おう。
いざって時通話中じゃ、何が起こるかわからないからな
いざって時通話中じゃ、何が起こるかわからないからな
キズナ
キズナ
わかりましたっ！
わかりましたっ！
キズナがたたっと駆けて行く。
キズナがたたっと駆けて行く。
気を付けろよ、と声をかけようかと思ったが、
気を付けろよ、と声をかけようかと思ったが、
オレよりもしっかりしていて強いキズナなら、大丈夫だろう。
オレよりもしっかりしていて強いキズナなら、大丈夫だろう。
秀隆
秀隆
さて……
さて……
秀隆
秀隆
…………
…………
オレは立ち止まる。
オレは立ち止まる。
なんか、引っかかる。
なんか、引っかかる。
街の奥、今は封鎖されて立ち入り禁止に指定されている場所。
街の奥、今は封鎖されて立ち入り禁止に指定されている場所。
オレがあの場所で死にかけたことを、秋は知っている……。
オレがあの場所で死にかけたことを、秋は知っている……。
施設の入り口は、キープアウトのテープはあったものの、思いの外簡単に入れた。
施設の入り口は、キープアウトのテープはあったものの、思いの外簡単に入れた。
ゆっくりと奥へと進んで行く。
ゆっくりと奥へと進んで行く。
秋
秋
はぁっ……はぁっ……
はぁっ……はぁっ……
私は、暗い施設の中、壁にもたれて荒くなってきた呼吸を整えていた。
私は、暗い施設の中、壁にもたれて荒くなってきた呼吸を整えていた。
秋
秋
私の身体……どうして、こんなに弱いんだろう……
私の身体……どうして、こんなに弱いんだろう……
家を飛び出して、ちょっと走っただけで、熱が上がってきている。
家を飛び出して、ちょっと走っただけで、熱が上がってきている。
もう、一歩も動けそうにない。
もう、一歩も動けそうにない。
施設の中は冷たくて、すぐにでも凍えてしまいそう。
施設の中は冷たくて、すぐにでも凍えてしまいそう。
秋
秋
いいのかな……もう……
いいのかな……もう……
そんな風に、考える。
そんな風に、考える。
私は……ここで死んだ方がいいんじゃないかな？
私は……ここで死んだ方がいいんじゃないかな？
もう、自分の記憶がよくわからない。
もう、自分の記憶がよくわからない。
どうして……。
どうして……。
秋
秋
どうして、兄さんは……っ……はぁっ……
どうして、兄さんは……っ……はぁっ……
目を閉じたら、すぐに思い出せる。
目を閉じたら、すぐに思い出せる。
怖い顔をして、私を殴る兄さんの顔を。
怖い顔をして、私を殴る兄さんの顔を。
私を躊躇いなく殴る兄さんの顔を。
私を躊躇いなく殴る兄さんの顔を。
秋
秋
あれが……演技なわけない……
あれが……演技なわけない……
兄さんは、本心から私を憎んでた……
兄さんは、本心から私を憎んでた……
絶対、そうだ。
絶対、そうだ。
でも……。
でも……。
兄さんは、唐沢さんと契約を結んでいた。
兄さんは、唐沢さんと契約を結んでいた。
私に万が一のことがあった時、治療を受けられるようにしていた。
私に万が一のことがあった時、治療を受けられるようにしていた。
アクセラにメールを送って、私の体調を気遣っていた。
アクセラにメールを送って、私の体調を気遣っていた。
あれは、本当に私を生かしたいと言う恨みからの行動だったんだろうか？
あれは、本当に私を生かしたいと言う恨みからの行動だったんだろうか？
単純に……私の身体を、心配してくれていたんじゃないだろうか？
単純に……私の身体を、心配してくれていたんじゃないだろうか？
秋
秋
はは……あるわけないのに……
はは……あるわけないのに……
秋
秋
そんなこと、あるわけないのにね……
そんなこと、あるわけないのにね……
ずるっと、身体が重くなり、私は床に身を倒した。
ずるっと、身体が重くなり、私は床に身を倒した。
秋
秋
……昔に……お父さんがいて……お姉さんがいて……
……昔に……お父さんがいて……お姉さんがいて……
秋
秋
優しい兄さんがいて……あのころに、戻りたいな……
優しい兄さんがいて……あのころに、戻りたいな……
秋
秋
戻りたいなぁ……
戻りたいなぁ……
…………。
…………。
姉
姉
あ、あんた今なんて言ったの？
あ、あんた今なんて言ったの？
秀隆
秀隆
だから……彼女が出来たんだよ
だから……彼女が出来たんだよ
秋
秋
…………
…………
姉
姉
もしかして、佐々野さん？
もしかして、佐々野さん？
秀隆
秀隆
……ああ
……ああ
姉
姉
なんか、もしかしたらとは思ってたけど……びっくりしたぁ
なんか、もしかしたらとは思ってたけど……びっくりしたぁ
秋
秋
……本当なんですか、兄さん……
……本当なんですか、兄さん……
秀隆
秀隆
こんなことで嘘ついても仕方ないだろ？
こんなことで嘘ついても仕方ないだろ？
秀隆
秀隆
一応、伝えておこうと思ってさ
一応、伝えておこうと思ってさ
秀隆
秀隆
最初はそんなつもりなかったんだけど……
最初はそんなつもりなかったんだけど……
ずっと一緒に勉強してたら、なんか、そのな……
ずっと一緒に勉強してたら、なんか、そのな……
姉
姉
なんか複雑ぅ。そりゃ佐々野さんは可愛いし頭もいいけど、
なんか複雑ぅ。そりゃ佐々野さんは可愛いし頭もいいけど、
私の秀隆が他の子に取られちゃうのって、寂しいわね
私の秀隆が他の子に取られちゃうのって、寂しいわね
秀隆
秀隆
姉さんが言うかよ……
姉さんが言うかよ……
姉
姉
え？
え？
秀隆
秀隆
なんでもねえ
なんでもねえ
秀隆
秀隆
それより、今度まどかを家に
それより、今度まどかを家に
姉
姉
うわ、まどかだって。もう呼び捨てにしてんの？　ひゅーひゅー
うわ、まどかだって。もう呼び捨てにしてんの？　ひゅーひゅー
秀隆
秀隆
しばくぞ……
しばくぞ……
秋
秋
……私、部屋に戻ります……
……私、部屋に戻ります……
秀隆
秀隆
あ、おいっ。まだ話は終わってないぞ
あ、おいっ。まだ話は終わってないぞ
姉
姉
そっとしておいてあげたら？
そっとしておいてあげたら？
ほら、あの子秀隆のこと大好きだし
ほら、あの子秀隆のこと大好きだし
秀隆
秀隆
兄妹だろ、オレと秋は
兄妹だろ、オレと秋は
姉
姉
そんなことは分かってるわよ。
そんなことは分かってるわよ。
でも、お兄ちゃんが取られちゃうって思う気持ちは、一緒じゃない
でも、お兄ちゃんが取られちゃうって思う気持ちは、一緒じゃない
秀隆
秀隆
とられるとか、大げさな
とられるとか、大げさな
姉
姉
はー、でもそっか。佐々野さんとねぇ
はー、でもそっか。佐々野さんとねぇ
秀隆
秀隆
んだよ
んだよ
姉
姉
エッチなことはまだ早いわよ？
エッチなことはまだ早いわよ？
秀隆
秀隆
う、うるせえな！　それはオレたちの問題だろ！
う、うるせえな！　それはオレたちの問題だろ！
姉
姉
まさか……もうしちゃったとか？
まさか……もうしちゃったとか？
秀隆
秀隆
うっ……
うっ……
姉
姉
うわーうわー、いけないんだいけないんだ！
うわーうわー、いけないんだいけないんだ！
秀隆
秀隆
うるせぇ！　オレは本気でまどかを大切にしてんだよ！
うるせぇ！　オレは本気でまどかを大切にしてんだよ！
秋
秋
……兄さんの、バカ……
……兄さんの、バカ……
まどか
まどか
じゃ、じゃあ……秀隆。また、明日学園でね……
じゃ、じゃあ……秀隆。また、明日学園でね……
秀隆
秀隆
お、おう
お、おう
まどか
まどか
…………
…………
秀隆
秀隆
…………
…………
まどか
まどか
帰らない、の？
帰らない、の？
秀隆
秀隆
いや……帰るけど……。キスしていいか？
いや……帰るけど……。キスしていいか？
まどか
まどか
そ、そういうことは、許可取らなくても……嫌なわけ、ないし
そ、そういうことは、許可取らなくても……嫌なわけ、ないし
秀隆
秀隆
じゃあ……遠慮なく
じゃあ……遠慮なく
秋
秋
兄さん
兄さん
秀隆
秀隆
うお！？
うお！？
まどか
まどか
わっ！？
わっ！？
秋
秋
……どうも
……どうも
まどか
まどか
こ、こんにちは秋ちゃん。じゃあ、私は帰るからっ
こ、こんにちは秋ちゃん。じゃあ、私は帰るからっ
秀隆
秀隆
また明日な……！
また明日な……！
秋
秋
……何してたんですか？　兄さん
……何してたんですか？　兄さん
秀隆
秀隆
何って……別に
何って……別に
秀隆
秀隆
それより、もうすぐ消灯だろ。おまえこそ何してんだよ
それより、もうすぐ消灯だろ。おまえこそ何してんだよ
秋
秋
兄さんの帰りがいつもより遅いので、迎えに来ました
兄さんの帰りがいつもより遅いので、迎えに来ました
秀隆
秀隆
迎えにって……
迎えにって……
ぎゅっとオレの袖を握る。
ぎゅっとオレの袖を握る。
秋
秋
帰りましょう
帰りましょう
秀隆
秀隆
あ、あぁ。帰るけど……
あ、あぁ。帰るけど……
後ろを振り返ると、まどかがオレの方を見ていた。
後ろを振り返ると、まどかがオレの方を見ていた。
秋
秋
兄さん
兄さん
ぐいぐいと袖を引く。
ぐいぐいと袖を引く。
秀隆
秀隆
わかった、わかったよ
わかった、わかったよ
秀隆
秀隆
ただいま、っと
ただいま、っと
秋
秋
ただいま……
ただいま……
…………。
…………。
秀隆
秀隆
あれ？
あれ？
妙に静かだ。
妙に静かだ。
秀隆
秀隆
もしかして、二人出かけてるのか？
もしかして、二人出かけてるのか？
秋
秋
靴あります
靴あります
秀隆
秀隆
だな
だな
少なくとも姉さんは自宅に居る。
少なくとも姉さんは自宅に居る。
秀隆
秀隆
姉さん……そんなところで何してんだ？
姉さん……そんなところで何してんだ？
姉
姉
あ……お、お帰り秀隆
あ……お、お帰り秀隆
姉さんは、放心状態で床に座り込んでいた。
姉さんは、放心状態で床に座り込んでいた。
オレに背を向けたまま、立ち上がる。
オレに背を向けたまま、立ち上がる。
姉
姉
そろそろ、ご飯ね。用意するから
そろそろ、ご飯ね。用意するから
秀隆
秀隆
あ、ああ
あ、ああ
何かあったのか？
何かあったのか？
いつも明るく気丈な姉さんらしくない。
いつも明るく気丈な姉さんらしくない。
この時のオレは、不思議に思いながらもそこまで深くは考えなかった。
この時のオレは、不思議に思いながらもそこまで深くは考えなかった。
でも、その考えはすぐ改めることになる。
でも、その考えはすぐ改めることになる。
秀隆
秀隆
ただい
ただい
se平手うち (3
se平手うち (3
玄関を開いた瞬間、乾いた音が耳に飛び込んできた。
玄関を開いた瞬間、乾いた音が耳に飛び込んできた。
緑川
緑川
いい加減にしろ！
いい加減にしろ！
そんな怒声。
そんな怒声。
秀隆
秀隆
な、なんだよ
な、なんだよ
オレは慌てて靴を脱ぎ、家の中へ。
オレは慌てて靴を脱ぎ、家の中へ。
姉
姉
いい加減にって、どういう意味よ！
いい加減にって、どういう意味よ！
秀隆
秀隆
姉さん？　それに、拓海さんも……何やってんだよ
姉さん？　それに、拓海さんも……何やってんだよ
緑川
緑川
ちっ……お前には関係ない
ちっ……お前には関係ない
秀隆
秀隆
関係ないってなんだよ。姉さん。何があったんだ？
関係ないってなんだよ。姉さん。何があったんだ？
頬を押さえている。
頬を押さえている。
その様子を見れば、何があったのかは一目瞭然だ。
その様子を見れば、何があったのかは一目瞭然だ。
姉
姉
何でもないから……
何でもないから……
秀隆
秀隆
なんでもないって……
なんでもないって……
姉
姉
なんでもないのよ、秀隆
なんでもないのよ、秀隆
秀隆
秀隆
…………
…………
緑川
緑川
出かけてくる
出かけてくる
姉
姉
いつ、帰って来るの
いつ、帰って来るの
緑川
緑川
さあな
さあな
姉
姉
…………
…………
秀隆
秀隆
なんなんだよ、あいつ……
なんなんだよ、あいつ……
姉
姉
今日も、学園お疲れ様……
今日も、学園お疲れ様……
秀隆
秀隆
姉さん、何があったのか教えてくれよ
姉さん、何があったのか教えてくれよ
秀隆
秀隆
あいつに、殴られたのか？
あいつに、殴られたのか？
姉
姉
何もないって
何もないって
秀隆
秀隆
そうは思えない……だって……
そうは思えない……だって……
姉
姉
もうすぐ秋ちゃんも帰って来る。
もうすぐ秋ちゃんも帰って来る。
私たちが変な空気だったら、秋ちゃんが気にしちゃうでしょ
私たちが変な空気だったら、秋ちゃんが気にしちゃうでしょ
姉
姉
ね？
ね？
秀隆
秀隆
……わかった
……わかった
秀隆
秀隆
でも、本当に大丈夫なんだな？
でも、本当に大丈夫なんだな？
姉
姉
ええ。私が悪かったの。もう大丈夫だから
ええ。私が悪かったの。もう大丈夫だから
秀隆
秀隆
わかった……
わかった……
…………。
…………。
夜。
夜。
眠っていると、声が聞こえて来た……。
眠っていると、声が聞こえて来た……。
姉
姉
なんで！　なんで私を裏切るのよ、拓海さん！
なんで！　なんで私を裏切るのよ、拓海さん！
秀隆
秀隆
……姉さん……？
……姉さん……？
姉さんの、怒ったような、泣いたような声が聞こえる。
姉さんの、怒ったような、泣いたような声が聞こえる。
緑川
緑川
ちょっと魔がさしただけだ。あいつとは一回きりだよ
ちょっと魔がさしただけだ。あいつとは一回きりだよ
姉
姉
嘘よ！　あなた、この間だって……！
嘘よ！　あなた、この間だって……！
緑川
緑川
夫の俺が信じられないのか？
夫の俺が信じられないのか？
姉
姉
信じられるわけないでしょ！　あなたが遊び歩いてるの、知ってるんだから！
信じられるわけないでしょ！　あなたが遊び歩いてるの、知ってるんだから！
緑川
緑川
……おまえは黙って家に居ればいいんだ
……おまえは黙って家に居ればいいんだ
姉
姉
なっ！？
なっ！？
緑川
緑川
現場の苦労も知らないお前に、俺の気持ちがわかるわけないだろ！
現場の苦労も知らないお前に、俺の気持ちがわかるわけないだろ！
se平手うち (3
se平手うち (3
姉
姉
っ！
っ！
緑川
緑川
今日も、また竹内さんに全員の前で説教を受けた。
今日も、また竹内さんに全員の前で説教を受けた。
あんな惨めな思いをしたら、ストレスの発散くらいしたくなるんだよ
あんな惨めな思いをしたら、ストレスの発散くらいしたくなるんだよ
オレは、リビングに行こうと忍び寄る。
オレは、リビングに行こうと忍び寄る。
秋
秋
……お父さん？
……お父さん？
だが、その前に、秋の声が聞こえて来た。
だが、その前に、秋の声が聞こえて来た。
緑川
緑川
……おまえは寝てなさい
……おまえは寝てなさい
秋
秋
ん……なんか、声が聞こえたから……
ん……なんか、声が聞こえたから……
秋
秋
どうかしたの？
どうかしたの？
緑川
緑川
なんでもない
なんでもない
秋
秋
何でもないって……だって……
何でもないって……だって……
姉
姉
秋ちゃん、あなたは部屋に戻ってなさい。大丈夫だから
秋ちゃん、あなたは部屋に戻ってなさい。大丈夫だから
秋
秋
……お顔……赤くなってるよ……？
……お顔……赤くなってるよ……？
緑川
緑川
……ちっ
……ちっ
姉
姉
何でもないから
何でもないから
緑川
緑川
秋、俺の言うことが聞けないのか？
秋、俺の言うことが聞けないのか？
秋
秋
……お父さん？
……お父さん？
緑川
緑川
俺は寝なさいって言ったんだ。何度も言わせるな
俺は寝なさいって言ったんだ。何度も言わせるな
秋
秋
でも、怪我してるみたいだから……
でも、怪我してるみたいだから……
緑川
緑川
寝なさい！
寝なさい！
se平手うち (4
se平手うち (4
秋
秋
あうっ！
あうっ！
オレは、その瞬間我慢できず、その場に飛び出した。
オレは、その瞬間我慢できず、その場に飛び出した。
秀隆
秀隆
てめぇ！　秋に、姉さんになにやってんだ！
てめぇ！　秋に、姉さんになにやってんだ！
緑川
緑川
ちっ。おまえも起きて来たのか……
ちっ。おまえも起きて来たのか……
緑川
緑川
どいつもこいつも……
どいつもこいつも……
露骨な舌打ちに、悪態。
露骨な舌打ちに、悪態。
酒が入っているのか、いつもの温厚な拓海さんの姿はなかった。
酒が入っているのか、いつもの温厚な拓海さんの姿はなかった。
秀隆
秀隆
なんだよその態度は……二人に謝れよ！
なんだよその態度は……二人に謝れよ！
緑川
緑川
うるさい
うるさい
緑川
緑川
お前には関係ないことだ、引っ込んでろ
お前には関係ないことだ、引っ込んでろ
秀隆
秀隆
なっ―――てめえええええ！
なっ―――てめえええええ！
緑川
緑川
ぐっ！　な、なにする！
ぐっ！　な、なにする！
秀隆
秀隆
やっていいことと悪いことがあるだろうが！
やっていいことと悪いことがあるだろうが！
オレはボコボコにしてやろうと、拓海の上にのしかかった。
オレはボコボコにしてやろうと、拓海の上にのしかかった。
拳を振り上げる。
拳を振り上げる。
姉
姉
秀隆！
秀隆！
だが、そんなオレの行動を、姉さんが止める。
だが、そんなオレの行動を、姉さんが止める。
そして
そして
se平手うち (1
se平手うち (1
秀隆
秀隆
っ！？
っ！？
オレの頬を、強く叩いた。
オレの頬を、強く叩いた。
姉
姉
自分が、何をやろうとしているかわかってるの！？
自分が、何をやろうとしているかわかってるの！？
秀隆
秀隆
お、オレはただ二人を助けようと……
お、オレはただ二人を助けようと……
姉
姉
余計なことしないで！
余計なことしないで！
秀隆
秀隆
ね、姉さん……
ね、姉さん……
緑川
緑川
このガキが！
このガキが！
秀隆
秀隆
ずあっ！
ずあっ！
オレは殴り飛ばされ、思い切り柱に体を叩きつけた。
オレは殴り飛ばされ、思い切り柱に体を叩きつけた。
緑川
緑川
父親を殴るなんて、許せん！
父親を殴るなんて、許せん！
秀隆
秀隆
あ、が、ぐっ！
あ、が、ぐっ！
姉
姉
…………
…………
姉さんは、秋を抱きしめながらオレを冷たい目で見ていた。
姉さんは、秋を抱きしめながらオレを冷たい目で見ていた。
オレが悪い、ただそういうように……。
オレが悪い、ただそういうように……。
…………。
…………。
拓海……父親は特務官として働いていたが、
拓海……父親は特務官として働いていたが、
業績は上がらず、同期や後輩に次々と抜かれていた。
業績は上がらず、同期や後輩に次々と抜かれていた。
そのストレスもあり、姉以外の女に手を出し、酒に溺れる日々が始まった。
そのストレスもあり、姉以外の女に手を出し、酒に溺れる日々が始まった。
家に帰って来ては姉に暴力を振るい、ただの性的な道具として行為を繰り返した。
家に帰って来ては姉に暴力を振るい、ただの性的な道具として行為を繰り返した。
オレと秋が薄壁一枚向こうに居ると知りながら、奴はそれを躊躇わなかった。
オレと秋が薄壁一枚向こうに居ると知りながら、奴はそれを躊躇わなかった。
幼い秋には、その現実が受け入れられなかった。
幼い秋には、その現実が受け入れられなかった。
優しく頼りがいのある父親が、酷いことをするはずがない、と。
優しく頼りがいのある父親が、酷いことをするはずがない、と。
でも……。
でも……。
秀隆
秀隆
……何やってんだよ……
……何やってんだよ……
緑川
緑川
あぁ？
あぁ？
秋
秋
うっ、う……うっ……っ……
うっ、う……うっ……っ……
秋の上に、馬乗りになった拓海は、何度も平手打ちを繰り返していた。
秋の上に、馬乗りになった拓海は、何度も平手打ちを繰り返していた。
秀隆
秀隆
あんた、何やってんだよっ……
あんた、何やってんだよっ……
姉
姉
秀隆、あなたは黙ってて……
秀隆、あなたは黙ってて……
秀隆
秀隆
黙ってろ？　冗談だろ姉さん……こいつは、実の娘に手をあげてんだぞ！
黙ってろ？　冗談だろ姉さん……こいつは、実の娘に手をあげてんだぞ！
姉
姉
それは秋が悪いからでしょ！
それは秋が悪いからでしょ！
姉
姉
何度も寝なさいって言ってるのに、言うことを聞かないからよ！
何度も寝なさいって言ってるのに、言うことを聞かないからよ！
秀隆
秀隆
それは……二人が喧嘩してるのが、心配になって……だからだろ
それは……二人が喧嘩してるのが、心配になって……だからだろ
姉
姉
お父さんの言うことを聞かない子は、悪い子よ。そうでしょ秀隆
お父さんの言うことを聞かない子は、悪い子よ。そうでしょ秀隆
秀隆
秀隆
何言ってんだよ姉さん。秋が悪いことなんてひとつもない
何言ってんだよ姉さん。秋が悪いことなんてひとつもない
姉
姉
違う。悪いのは秋。あんたも謝りなさい秀隆。お父さんに謝りなさい
違う。悪いのは秋。あんたも謝りなさい秀隆。お父さんに謝りなさい
秀隆
秀隆
何言ってんだよ……こんなのおかしいだろ……！
何言ってんだよ……こんなのおかしいだろ……！
緑川
緑川
どいつもこいつも……俺を苛立たせやがる……
どいつもこいつも……俺を苛立たせやがる……
緑川
緑川
どいつもこいつも！
どいつもこいつも！
se平手うち (1
se平手うち (1
信じられないほど、強力な一発を秋の頬に叩き込む。
信じられないほど、強力な一発を秋の頬に叩き込む。
悲鳴や痛みをあげることもできない、意識を奪うほどの一発。
悲鳴や痛みをあげることもできない、意識を奪うほどの一発。
秀隆
秀隆
てめぇ……殺してやる！
てめぇ……殺してやる！
オレは拓海に掴みかかった。
オレは拓海に掴みかかった。
如何なる理由があろうと、叱っていい限度ってもんがある。
如何なる理由があろうと、叱っていい限度ってもんがある。
緑川
緑川
殺す？　俺に向かって殺すだと？　子供の分際で！
殺す？　俺に向かって殺すだと？　子供の分際で！
姉
姉
ダメよ。ダメよ秀隆っ！　拓海さんに暴力はダメよ！
ダメよ。ダメよ秀隆っ！　拓海さんに暴力はダメよ！
オレの足元へ、すがるように抱き付いてくる姉さん。
オレの足元へ、すがるように抱き付いてくる姉さん。
秀隆
秀隆
どうしちゃったんだよ……こんなの、異常だろ……！
どうしちゃったんだよ……こんなの、異常だろ……！
姉
姉
お願い、お願いだから、何もしないで！
お願い、お願いだから、何もしないで！
私……もし拓海さんに捨てられたら、生きていけない！
私……もし拓海さんに捨てられたら、生きていけない！
姉
姉
ごめんなさい、ごめんなさい拓海さん！
ごめんなさい、ごめんなさい拓海さん！
この子は私が叱っておくから！
この子は私が叱っておくから！
緑川
緑川
……脱げ
……脱げ
姉
姉
え……？
え……？
緑川
緑川
今ここで脱げ
今ここで脱げ
姉
姉
た、拓海さ
た、拓海さ
緑川
緑川
なんなら、お前とは別れてもいいんだぞ？
なんなら、お前とは別れてもいいんだぞ？
姉
姉
っ……！
っ……！
秀隆
秀隆
ふざけんな……ふざけんなっ！
ふざけんな……ふざけんなっ！
姉
姉
あんたは、秋ちゃんを連れて部屋に戻ってなさい
あんたは、秋ちゃんを連れて部屋に戻ってなさい
秀隆
秀隆
こんな奴に、なんで依存してんだよ！　さっさと別れちまえよ！
こんな奴に、なんで依存してんだよ！　さっさと別れちまえよ！
姉
姉
私には拓海さんしかいないのよ！
私には拓海さんしかいないのよ！
姉
姉
あんたに何が分かるって言うの？　私が、どれだけ苦労したと思ってんの……
あんたに何が分かるって言うの？　私が、どれだけ苦労したと思ってんの……
姉
姉
拓海さんがいなかったら、私は……！
拓海さんがいなかったら、私は……！
秀隆
秀隆
……なんで……こんなことに……
……なんで……こんなことに……
緑川
緑川
生意気だな、おまえは
生意気だな、おまえは
オレの胸倉を掴み上げると、オレの頬に拳をたたきつけた。
オレの胸倉を掴み上げると、オレの頬に拳をたたきつけた。
そして、オレは体中のあちこちを殴られた。
そして、オレは体中のあちこちを殴られた。
でも、反撃は出来ない。
でも、反撃は出来ない。
反撃すれば、姉さんがオレを憎む。
反撃すれば、姉さんがオレを憎む。
オレは、それから毎日のように殴られ始めた。
オレは、それから毎日のように殴られ始めた。
だけど……起きている時の父は、嘘のように明るかった。
だけど……起きている時の父は、嘘のように明るかった。
酒さえ飲まなければ、仕事さえ上手く行っていれば、
酒さえ飲まなければ、仕事さえ上手く行っていれば、
秋にとっても姉さんにとっても、優しい夫だった。
秋にとっても姉さんにとっても、優しい夫だった。
信じられないほどの二面性を持つ男。
信じられないほどの二面性を持つ男。
秋は、どんどんと現実を受け入れなくなっていった。
秋は、どんどんと現実を受け入れなくなっていった。
寝つきが悪くなり、夜は無意識のうちに体を震わせるようになった。
寝つきが悪くなり、夜は無意識のうちに体を震わせるようになった。
自分が父親に暴力を振るわれるはずがない、そう信じて疑わなかった。
自分が父親に暴力を振るわれるはずがない、そう信じて疑わなかった。
歪んだ家族。
歪んだ家族。
夫に依存し、弟と娘への暴力を受け入れる姉さん。
夫に依存し、弟と娘への暴力を受け入れる姉さん。
自分の不甲斐なさを、妻と子、そしてオレに向ける夫。
自分の不甲斐なさを、妻と子、そしてオレに向ける夫。
父親の暴力を受け入れられず、無意識のうちに記憶から消す秋。
父親の暴力を受け入れられず、無意識のうちに記憶から消す秋。
それらの事実を知りながら、どうすることも出来ないオレ。
それらの事実を知りながら、どうすることも出来ないオレ。
そんな酷いものであっても……家族として繋がっている。
そんな酷いものであっても……家族として繋がっている。
それは、消えることのない事実。
それは、消えることのない事実。
オレはそんな日々が始まってから、いつも公園で秋の帰りを待った。
オレはそんな日々が始まってから、いつも公園で秋の帰りを待った。
出来るだけ一緒に帰ることで、秋を危険から守ろうと思った。
出来るだけ一緒に帰ることで、秋を危険から守ろうと思った。
秋
秋
あの、あのね、兄さん。ひとつ考えてることがあるの……
あの、あのね、兄さん。ひとつ考えてることがあるの……
帰り道、秋はいつもの口調で言った。
帰り道、秋はいつもの口調で言った。
秀隆
秀隆
なんだよ改まって。言ってみろ
なんだよ改まって。言ってみろ
秋
秋
もうすぐ二人の結婚記念日だよね？　だから、お祝いがしたいの
もうすぐ二人の結婚記念日だよね？　だから、お祝いがしたいの
一部の記憶を改編している秋にとって、
一部の記憶を改編している秋にとって、
姉さんも拓海も、大切な家族として認識されていることは変わらない。
姉さんも拓海も、大切な家族として認識されていることは変わらない。
恥ずかしそうに、もじもじとそう言った。
恥ずかしそうに、もじもじとそう言った。
秀隆
秀隆
お祝い？　確か二人はレストランで食事じゃなかったか？
お祝い？　確か二人はレストランで食事じゃなかったか？
秀隆
秀隆
無理してする必要もないだろ
無理してする必要もないだろ
秋
秋
そうなんだけど……その前に、手作りのケーキを作りたくて
そうなんだけど……その前に、手作りのケーキを作りたくて
秀隆
秀隆
手作りって……おまえが？
手作りって……おまえが？
秋
秋
な、なんでそんな顔するの？
な、なんでそんな顔するの？
秀隆
秀隆
いや別に……まぁ、いいんじゃないか？　気持ちが大切だしな
いや別に……まぁ、いいんじゃないか？　気持ちが大切だしな
秋
秋
味も、頑張るもん……
味も、頑張るもん……
秀隆
秀隆
ほどほどにしてやってくれ……
ほどほどにしてやってくれ……
秋
秋
うんっ
うんっ
秀隆
秀隆
……なあ、秋？
……なあ、秋？
秋
秋
なんですか？
なんですか？
秀隆
秀隆
おまえ……本当に、分かってないのか？
おまえ……本当に、分かってないのか？
秋
秋
分かってない、ですか？
分かってない、ですか？
秀隆
秀隆
多分……もう、オレたち家族は……
多分……もう、オレたち家族は……
秋
秋
大丈夫です
大丈夫です
秀隆
秀隆
え……？
え……？
秋
秋
私は、兄さんが傍に居てくれたら、大丈夫です……
私は、兄さんが傍に居てくれたら、大丈夫です……
秀隆
秀隆
……おまえ……
……おまえ……
秋
秋
きっと、きっと上手く行きますから……
きっと、きっと上手く行きますから……
秋
秋
私頑張って、美味しいケーキ……作りますから……
私頑張って、美味しいケーキ……作りますから……
秋
秋
……だから、帰りましょう
……だから、帰りましょう
秀隆
秀隆
……そうだな……帰ろう。家に……
……そうだな……帰ろう。家に……
どんなことがあっても、秋だけは守ろう。
どんなことがあっても、秋だけは守ろう。
オレがどれだけ殴られたっていい。
オレがどれだけ殴られたっていい。
姉さんに冷たい目で見られたっていい。
姉さんに冷たい目で見られたっていい。
秋だけは守ってみせる……。
秋だけは守ってみせる……。
まどか
まどか
ねえ。今日はデートって約束だったのに、どうして？
ねえ。今日はデートって約束だったのに、どうして？
秀隆
秀隆
悪いな。今日は家で誕生日パーティーなんだ
悪いな。今日は家で誕生日パーティーなんだ
まどか
まどか
誕生日パーティーって、子供じゃないんだから……
誕生日パーティーって、子供じゃないんだから……
秀隆
秀隆
この埋め合わせは必ずするから。な？
この埋め合わせは必ずするから。な？
まどか
まどか
もう。約束だからね？
もう。約束だからね？
秀隆
秀隆
ああ。約束だ
ああ。約束だ
オレはまどかと別れ、家路を目指す。
オレはまどかと別れ、家路を目指す。
秀隆
秀隆
……なんだ？
……なんだ？
家に戻る途中、地鳴りのような音が聞こえて来た。
家に戻る途中、地鳴りのような音が聞こえて来た。
やがて、それはオレの、家族の居るマンションからだということがわかった。
やがて、それはオレの、家族の居るマンションからだということがわかった。
家の一つ下の階から、立ち込める炎と黒煙。
家の一つ下の階から、立ち込める炎と黒煙。
飛び交う悲鳴。
飛び交う悲鳴。
秀隆
秀隆
姉さん……姉さんっ！？
姉さん……姉さんっ！？
消防士
消防士
こら、今はまだ危ない！
こら、今はまだ危ない！
秀隆
秀隆
離せ、離せよ！
離せ、離せよ！
部屋に姉さんが居るかもしれないんだ！　離せっ！
部屋に姉さんが居るかもしれないんだ！　離せっ！
オレは止められるのを振り切り、鎮火したばかりの自分の家に飛び込んだ。
オレは止められるのを振り切り、鎮火したばかりの自分の家に飛び込んだ。
秀隆
秀隆
うっ……
うっ……
熱気と、焼け焦げた臭いが充満している。
熱気と、焼け焦げた臭いが充満している。
秀隆
秀隆
姉さんっ！
姉さんっ！
消防士２
消防士２
な、なんだ君は。ここは危ないから入って来ちゃいけない
な、なんだ君は。ここは危ないから入って来ちゃいけない
秀隆
秀隆
家の中に、家の中には誰も居なかったですか！？
家の中に、家の中には誰も居なかったですか！？
消防士２
消防士２
ここの家の人？
ここの家の人？
秀隆
秀隆
そ、そうです
そ、そうです
消防士２
消防士２
……とにかく、外で話そう
……とにかく、外で話そう
一度、男は視線を奥へとやった。
一度、男は視線を奥へとやった。
まさか……。
まさか……。
オレは、部屋の中に踏み込み、リビングへと足を踏み入れた。
オレは、部屋の中に踏み込み、リビングへと足を踏み入れた。
消防士
消防士
こ、こら！
こ、こら！
リビングに……。
リビングに……。
そこには……。
そこには……。
二つのナニカが、転がっていた。
二つのナニカが、転がっていた。
秀隆
秀隆
うぶっ……！　おげえっ！！！
うぶっ……！　おげえっ！！！
苦しそうな格好で、焼け焦げた人間らしきもの。
苦しそうな格好で、焼け焦げた人間らしきもの。
それはもはや、どちらが姉で、どちらが拓海なのか、見分けもつかない。
それはもはや、どちらが姉で、どちらが拓海なのか、見分けもつかない。
ただの焼け爛れた肉がそこにあった。
ただの焼け爛れた肉がそこにあった。
オレは放心状態で、家の外へと連れ出される。
オレは放心状態で、家の外へと連れ出される。
受け入れがたい現実。
受け入れがたい現実。
家の下にはマンションを見上げ、立ち尽くす秋が居た。
家の下にはマンションを見上げ、立ち尽くす秋が居た。
足元には、ケーキの箱が無残にも転がり落ちている。
足元には、ケーキの箱が無残にも転がり落ちている。
秀隆
秀隆
…………
…………
秋
秋
あ、あは……あはは……
あ、あは……あはは……
秋はオレに気づいた様子も無く、
秋はオレに気づいた様子も無く、
ただただ乾いた笑いを漏らした。
ただただ乾いた笑いを漏らした。
秋
秋
やっぱり私は……皆を不幸にするんだ……
やっぱり私は……皆を不幸にするんだ……
秀隆
秀隆
…………
…………
秋
秋
…………
…………
オレと秋は、無言のまま新居に足を踏み入れた。
オレと秋は、無言のまま新居に足を踏み入れた。
父親と姉さんの保険金から用意された、その新居へ。
父親と姉さんの保険金から用意された、その新居へ。
秀隆
秀隆
……おぇっ！
……おぇっ！
突如襲い来る吐き気。
突如襲い来る吐き気。
オレは台所のシンクへ、胃液を吐き出す。
オレは台所のシンクへ、胃液を吐き出す。
目を閉じるたびに、黒焦げになった姉さんの死体が、頭を過ぎる。
目を閉じるたびに、黒焦げになった姉さんの死体が、頭を過ぎる。
秋
秋
私が……私がいなかったら……
私が……私がいなかったら……
秀隆
秀隆
はぁ、はぁっ……
はぁ、はぁっ……
秋
秋
私さえいなかったら……お姉さんも、お父さんも……
私さえいなかったら……お姉さんも、お父さんも……
秀隆
秀隆
何、言ってんだ……あれは事故だ……おまえのせいじゃない
何、言ってんだ……あれは事故だ……おまえのせいじゃない
秋
秋
違う……私のせいです……私が、あんなこと言わなきゃ……
違う……私のせいです……私が、あんなこと言わなきゃ……
秋
秋
お母さんみたいに、困らせちゃったから……
お母さんみたいに、困らせちゃったから……
秋
秋
だから、死んじゃったんだ……
だから、死んじゃったんだ……
秀隆
秀隆
違う！　おまえのせいじゃない！
違う！　おまえのせいじゃない！
秋
秋
私のせいだよ！
私のせいだよ！
秀隆
秀隆
っ？！
っ？！
秋
秋
私がいけないの、全部！
私がいけないの、全部！
幸せになりたいって、思っちゃったから！
幸せになりたいって、思っちゃったから！
秋
秋
……私が悪いの……
……私が悪いの……
秋
秋
ごめんなさい……
ごめんなさい……
秋
秋
私、お姉さん……兄さんから奪っちゃった……
私、お姉さん……兄さんから奪っちゃった……
秀隆
秀隆
……秋……
……秋……
秀隆
秀隆
おまえは……何も悪くない
おまえは……何も悪くない
オレは、涙を流し尽くした秋を抱きしめた。
オレは、涙を流し尽くした秋を抱きしめた。
秀隆
秀隆
仕方がなかったんだ……これは、そういう運命だったんだ……
仕方がなかったんだ……これは、そういう運命だったんだ……
秋
秋
ごめんなさい……ごめんなさい……ごめんなさい……
ごめんなさい……ごめんなさい……ごめんなさい……
秀隆
秀隆
秋っ……
秋っ……
オレは泣き続ける秋の身体を優しくなでる。
オレは泣き続ける秋の身体を優しくなでる。
だが、オレの言葉は秋に届くことは無く、延々と懺悔を繰り返した。
だが、オレの言葉は秋に届くことは無く、延々と懺悔を繰り返した。
どんなに悲しくとも、どんなに辛くとも、時間は流れていく。
どんなに悲しくとも、どんなに辛くとも、時間は流れていく。
オレは学園にも行かず、ただ呆然と空を見上げていた。
オレは学園にも行かず、ただ呆然と空を見上げていた。
姉さんが死んだ。
姉さんが死んだ。
そんな現実を、どうやって受け入れろというのか。
そんな現実を、どうやって受け入れろというのか。
あの焼け焦げた死体は別人の者で、
あの焼け焦げた死体は別人の者で、
ひょっとしたら姉さんは生きているのかも。
ひょっとしたら姉さんは生きているのかも。
そんな風に考えたことも少なくは無かった。
そんな風に考えたことも少なくは無かった。
だが、鑑定の結果は残酷で無残な現実だった。
だが、鑑定の結果は残酷で無残な現実だった。
あの２つの死体は、結婚記念日を祝うための秋を待っていた二人だった。
あの２つの死体は、結婚記念日を祝うための秋を待っていた二人だった。
二人の死によって、街に用意された住居。
二人の死によって、街に用意された住居。
こんな無駄に広い場所に居ても、姉さんが居なければ何の意味も無い。
こんな無駄に広い場所に居ても、姉さんが居なければ何の意味も無い。
いや……オレには守らなければならない存在がまだ居る。
いや……オレには守らなければならない存在がまだ居る。
秀隆
秀隆
秋、起きてるか……？
秋、起きてるか……？
返事のない部屋に呼びかける。
返事のない部屋に呼びかける。
秀隆
秀隆
入るぞ……
入るぞ……
秋の部屋は暗く、明かりを消している。
秋の部屋は暗く、明かりを消している。
秋自身は部屋の隅に座り、空虚に正面を見つめているだけ。
秋自身は部屋の隅に座り、空虚に正面を見つめているだけ。
秀隆
秀隆
秋……ご飯だ。いい加減食べないと
秋……ご飯だ。いい加減食べないと
秋
秋
…………
…………
秀隆
秀隆
秋
秋
秋
秋
……ごめんなさい……
……ごめんなさい……
秀隆
秀隆
…………
…………
何回目の、ごめんなさいだろうか。
何回目の、ごめんなさいだろうか。
秀隆
秀隆
自分を責めるな。秋のせいじゃない
自分を責めるな。秋のせいじゃない
秋
秋
違います……私のせいで、お父さんと姉さんが死んだんです……
違います……私のせいで、お父さんと姉さんが死んだんです……
秀隆
秀隆
違う。あれは事故だ
違う。あれは事故だ
秋
秋
私のせいなんです……私がいけなかったんです……
私のせいなんです……私がいけなかったんです……
秋
秋
幸せだなって、思っちゃったから……
幸せだなって、思っちゃったから……
秋
秋
お父さんがいて、姉さんが居て……兄さんが居て……
お父さんがいて、姉さんが居て……兄さんが居て……
秋
秋
私が、幸せだと思っちゃったから……
私が、幸せだと思っちゃったから……
秀隆
秀隆
そんなのは関係ない
そんなのは関係ない
秀隆
秀隆
何度でも言うぞ。事故は秋のせいじゃない
何度でも言うぞ。事故は秋のせいじゃない
秋
秋
兄さんは……優しいですね……きっと、私のこと、殺したいくらい憎いはずなのに
兄さんは……優しいですね……きっと、私のこと、殺したいくらい憎いはずなのに
秋
秋
それでも、私に優しい言葉を投げかけてくれる……
それでも、私に優しい言葉を投げかけてくれる……
秀隆
秀隆
バカ言うな。妹を憎むなんてあるはずないだろ
バカ言うな。妹を憎むなんてあるはずないだろ
秋
秋
……私……
……私……
秋
秋
姉さんに、一言も言えなかった……ずっとずっと、言いたい言葉があったのに……
姉さんに、一言も言えなかった……ずっとずっと、言いたい言葉があったのに……
秋
秋
う、うっ……ううっ……
う、うっ……ううっ……
秋
秋
お母さん、って、呼びたかったのに……う、ううっ……
お母さん、って、呼びたかったのに……う、ううっ……
秀隆
秀隆
秋……
秋……
秀隆
秀隆
おまえがそう言ってくれれば、姉さんもうかばれる
おまえがそう言ってくれれば、姉さんもうかばれる
秀隆
秀隆
お父さんだって、きっと喜んでくれてるさ
お父さんだって、きっと喜んでくれてるさ
秋
秋
もう、遅いです……何もかも、私が壊してしまったから……
もう、遅いです……何もかも、私が壊してしまったから……
秋
秋
ごめんなさい……ごめんなさい……
ごめんなさい……ごめんなさい……
秀隆
秀隆
もういい。もういいから……
もういい。もういいから……
秋
秋
ごめんなさい……私が、居なくなればよかったのに……
ごめんなさい……私が、居なくなればよかったのに……
秀隆
秀隆
…………
…………
オレは半ば放心状態で、椅子に腰を下ろした。
オレは半ば放心状態で、椅子に腰を下ろした。
目の前には、センスの欠片もない料理が乱雑に並んでいる。
目の前には、センスの欠片もない料理が乱雑に並んでいる。
秀隆
秀隆
秋のことは言えないよな……
秋のことは言えないよな……
秀隆
秀隆
……っ……く……！
……っ……く……！
張り裂けそうな胸の痛みが、強く襲ってきた。
張り裂けそうな胸の痛みが、強く襲ってきた。
秀隆
秀隆
なんで……なんで死んじゃったんだよ……姉さんっ……！
なんで……なんで死んじゃったんだよ……姉さんっ……！
必死に、オレは姉さんの姿を思い返そうとした。
必死に、オレは姉さんの姿を思い返そうとした。
だが、２０年近く一緒に居たにも関わらず、
だが、２０年近く一緒に居たにも関わらず、
オレは鮮明に姉さんの姿を思い返すことができなかった。
オレは鮮明に姉さんの姿を思い返すことができなかった。
思い出されるのは……。
思い出されるのは……。
秀隆
秀隆
うぶっ……！
うぶっ……！
こみ上げてきた吐き気。
こみ上げてきた吐き気。
オレは慌てて流し場に行き、胃液を吐き出した。
オレは慌てて流し場に行き、胃液を吐き出した。
姉さんの死後、オレは定期的に強い痛みと吐き気に襲われるようになった。
姉さんの死後、オレは定期的に強い痛みと吐き気に襲われるようになった。
秀隆
秀隆
ぐっ……！
ぐっ……！
目を閉じているのに、ぼんやりと何かが見える。
目を閉じているのに、ぼんやりと何かが見える。
なんだ……。
なんだ……。
オレの体に、何が起きている……？
オレの体に、何が起きている……？
秀隆
秀隆
はあ、はぁっ……
はあ、はぁっ……
秀隆
秀隆
ね……姉さん……？
ね……姉さん……？
感情もない目で、オレを見つめていたのは姉さんだった。
感情もない目で、オレを見つめていたのは姉さんだった。
秀隆
秀隆
あ、あぁ……なんで……姉さん……オレ、オレはっ……
あ、あぁ……なんで……姉さん……オレ、オレはっ……
秀隆
秀隆
オレは
オレは
ドサリと、オレはその場に崩れ落ちた。
ドサリと、オレはその場に崩れ落ちた。
まどか
まどか
秀隆……もう学園を休んで１ヶ月以上になる。そろそろ戻って来られないの？
秀隆……もう学園を休んで１ヶ月以上になる。そろそろ戻って来られないの？
まどか
まどか
もうすぐ卒業試験も近いし、それに……
もうすぐ卒業試験も近いし、それに……
特務官になるための申込書だって出さないと……
特務官になるための申込書だって出さないと……
秀隆
秀隆
特務官か……
特務官か……
秀隆
秀隆
なあまどか。特務官になって、その先には何が待ってるんだろうな……
なあまどか。特務官になって、その先には何が待ってるんだろうな……
まどか
まどか
え……？　何を言ってるの？
え……？　何を言ってるの？
秀隆
秀隆
オレは特務官にはなれない
オレは特務官にはなれない
まどか
まどか
ど、どうして？　お姉さんたちのことは、その、辛いかもしれない。だけど秀隆が特務官の夢を諦めるなんて、私は絶対に嫌……
ど、どうして？　お姉さんたちのことは、その、辛いかもしれない。だけど秀隆が特務官の夢を諦めるなんて、私は絶対に嫌……
秀隆
秀隆
今日病院に行って来た……それで、これを貰った
今日病院に行って来た……それで、これを貰った
まどか
まどか
何、これ……
何、これ……
秀隆
秀隆
診断書だ。オレは病気らしい
診断書だ。オレは病気らしい
秀隆
秀隆
そう診断されたよ
そう診断されたよ
まどか
まどか
そんな……
そんな……
秀隆
秀隆
特務官は心身ともに健康でなければならない。そういうことだ
特務官は心身ともに健康でなければならない。そういうことだ
まどか
まどか
今からだって、治療に専念すれば治るかも知れないじゃない
今からだって、治療に専念すれば治るかも知れないじゃない
秀隆
秀隆
仮にそうだとしても、オレはもう特務官を目指すつもりはない
仮にそうだとしても、オレはもう特務官を目指すつもりはない
秀隆
秀隆
秋は、姉さんのことや父親のことを思い出すたびに、自分を責める
秋は、姉さんのことや父親のことを思い出すたびに、自分を責める
秀隆
秀隆
オレが特務官なんかになってみろよ。また、秋は辛い思いをするだろ
オレが特務官なんかになってみろよ。また、秋は辛い思いをするだろ
秀隆
秀隆
それに……オレだって、特務官を、もう憧れの対象としては見れない
それに……オレだって、特務官を、もう憧れの対象としては見れない
かつては、オレは拓海に憧れたこともあった。
かつては、オレは拓海に憧れたこともあった。
ひたむきに仕事に取り組む姿勢を、尊敬したこともあった。
ひたむきに仕事に取り組む姿勢を、尊敬したこともあった。
でも、もう何もかも、どうでもいい。
でも、もう何もかも、どうでもいい。
秀隆
秀隆
あんなクズ野郎の後を追うなんて、真っ平ごめんだ
あんなクズ野郎の後を追うなんて、真っ平ごめんだ
まどか
まどか
そんなのって……
そんなのって……
特務官を目指さないで、どうするつもりなのよっ……
特務官を目指さないで、どうするつもりなのよっ……
秀隆
秀隆
学園を辞める。学園に行く意味も、なくなったしな
学園を辞める。学園に行く意味も、なくなったしな
まどか
まどか
な
な
秀隆
秀隆
いつ幻覚を見るか分からない。きっと、学園の皆にも迷惑をかける
いつ幻覚を見るか分からない。きっと、学園の皆にも迷惑をかける
秀隆
秀隆
そういうことだ
そういうことだ
まどか
まどか
……わかった
……わかった
まどか
まどか
私も、学園を辞める
私も、学園を辞める
秀隆
秀隆
何言ってんだ
何言ってんだ
まどか
まどか
それで、私秀隆と秋ちゃんを支えるから……
それで、私秀隆と秋ちゃんを支えるから……
まどか
まどか
二人が早く元気になるように、支えられるように頑張るから
二人が早く元気になるように、支えられるように頑張るから
秀隆
秀隆
はっ、おまえに何が出来る
はっ、おまえに何が出来る
秀隆
秀隆
……今日おまえを呼んだのは、終わりにしようと思ったからなんだよ
……今日おまえを呼んだのは、終わりにしようと思ったからなんだよ
まどか
まどか
終わり……？　終わりって、何？
終わり……？　終わりって、何？
秀隆
秀隆
別れようってことだ
別れようってことだ
まどか
まどか
わ、別れるって、どういうこと！？
わ、別れるって、どういうこと！？
秀隆
秀隆
そのままの意味だ。それ以上でもそれ以下でもない
そのままの意味だ。それ以上でもそれ以下でもない
まどか
まどか
わ、私は秀隆を支えたいと思ってるの……！
わ、私は秀隆を支えたいと思ってるの……！
秀隆
秀隆
……別れよう
……別れよう
まどか
まどか
どうして！？
どうして！？
秀隆
秀隆
ここまでにしてくれ……家には秋が居るんだ
ここまでにしてくれ……家には秋が居るんだ
秀隆
秀隆
悪いけど帰ってくれ……
悪いけど帰ってくれ……
まどか
まどか
私は納得してない！　こんな形で秀隆との関係が終わるなんて嫌！
私は納得してない！　こんな形で秀隆との関係が終わるなんて嫌！
秀隆
秀隆
……オレは……
……オレは……
秀隆
秀隆
オレはあいつを支えていかなきゃならないから……
オレはあいつを支えていかなきゃならないから……
まどか
まどか
嫌だよ……秀隆と、別れたくなんてないよ……
嫌だよ……秀隆と、別れたくなんてないよ……
まどか
まどか
私、秀隆のこと、好きだからっ……
私、秀隆のこと、好きだからっ……
秀隆
秀隆
オレはもう、好きじゃない
オレはもう、好きじゃない
まどか
まどか
っ……！　ま、待って
っ……！　ま、待って
オレの後を追って、家の中までまどかが入って来る。
オレの後を追って、家の中までまどかが入って来る。
まどか
まどか
え……
え……
秀隆
秀隆
……っ……
……っ……
玄関。
玄関。
靴を脱いだ先に、横たわる秋。
靴を脱いだ先に、横たわる秋。
その下には、真っ赤な血が溜まり、流れていた。
その下には、真っ赤な血が溜まり、流れていた。
まどか
まどか
な、なに……なんで……
な、なに……なんで……
秀隆
秀隆
…………
…………
オレは……心が張り裂けそうになる痛みに襲われた。
オレは……心が張り裂けそうになる痛みに襲われた。
どうして、こんなことをするのか。
どうして、こんなことをするのか。
オレは、おまえを責めるつもりなんて、まったくない。
オレは、おまえを責めるつもりなんて、まったくない。
ただの不幸が続いただけで、秋は全く関係なんてない。
ただの不幸が続いただけで、秋は全く関係なんてない。
なのに……。
なのに……。
まどか
まどか
きゅ、救急車……救急車！
きゅ、救急車……救急車！
秀隆
秀隆
…………
…………
まどか
まどか
何してるのよ、秀隆っ！
何してるのよ、秀隆っ！
秋は……けして心の強い子じゃない。
秋は……けして心の強い子じゃない。
沢山の出来事の前に、心がパンクしてしまったんだ。
沢山の出来事の前に、心がパンクしてしまったんだ。
どうすればいい？
どうすればいい？
どうすれば、秋を助けることが出来る？
どうすれば、秋を助けることが出来る？
姉の死を、父親の死を、暴力を……。
姉の死を、父親の死を、暴力を……。
どうすれば死から生へと救い出すことが出来るんだ？
どうすれば死から生へと救い出すことが出来るんだ？
記憶を消し去ることが出来る……？
記憶を消し去ることが出来る……？
秋
秋
……今になって、なんで……
……今になって、なんで……
私は、意識の覚醒と共に、昔の夢を見ていたことを思い出した。
私は、意識の覚醒と共に、昔の夢を見ていたことを思い出した。
でも……何かがおかしい。
でも……何かがおかしい。
私のせいで、兄さんのお姉さんが死んだ。
私のせいで、兄さんのお姉さんが死んだ。
お父さんが死んでしまった……。
お父さんが死んでしまった……。
だけど、その後を、はっきりと思い出すことが出来ない。
だけど、その後を、はっきりと思い出すことが出来ない。
次に思い出せるのは、兄さんを嫌いになった日々。
次に思い出せるのは、兄さんを嫌いになった日々。
なんで？
なんで？
秋
秋
なんで思い出せないの……
なんで思い出せないの……
意識は朦朧として、もう起き上がることも出来ない。
意識は朦朧として、もう起き上がることも出来ない。
秋
秋
……このまま……死ぬ……んだ……
……このまま……死ぬ……んだ……
こんな廃墟のような場所に、誰かが来るはずなんてない。
こんな廃墟のような場所に、誰かが来るはずなんてない。
昔みたいに、兄さんが迎えに来てくれることはない。
昔みたいに、兄さんが迎えに来てくれることはない。
se瓦礫の上を歩く足音 (0
se瓦礫の上を歩く足音 (0
足音が、聞こえた。
足音が、聞こえた。
秀隆
秀隆
……秋……
……秋……
秋
秋
はあ、はぁっ……なんで……どうして、兄さんがここに……
はあ、はぁっ……なんで……どうして、兄さんがここに……
秋
秋
私、夢でも……見てるのかな……
私、夢でも……見てるのかな……
秀隆
秀隆
何寝ぼけたこと言ってんだ
何寝ぼけたこと言ってんだ
オレは秋の傍まで行くと、そっと額に手を当てた。
オレは秋の傍まで行くと、そっと額に手を当てた。
秀隆
秀隆
ひどい熱だ
ひどい熱だ
秋
秋
どうして、兄さん……
どうして、兄さん……
秀隆
秀隆
帰るぞ。みんなが心配してる
帰るぞ。みんなが心配してる
秋
秋
嫌です……帰りたくありません……
嫌です……帰りたくありません……
秀隆
秀隆
何子供みたいなこと言ってんだ
何子供みたいなこと言ってんだ
秋
秋
……あの家に、私は居ない方がいいと思います
……あの家に、私は居ない方がいいと思います
秋
秋
このまま放っておいてください……
このまま放っておいてください……
秀隆
秀隆
放っておけるわけないだろ
放っておけるわけないだろ
秋
秋
そんなことないはずです……放っておけるはずです……
そんなことないはずです……放っておけるはずです……
秋
秋
兄さんは、ずっと私を憎んできたじゃないですか……
兄さんは、ずっと私を憎んできたじゃないですか……
オレが差し出した手を、拒絶する。
オレが差し出した手を、拒絶する。
秋
秋
それともまだ、私を生かしたいんですか？
それともまだ、私を生かしたいんですか？
最後の最後まで生にすがりつかせて、死なせたいんですか？
最後の最後まで生にすがりつかせて、死なせたいんですか？
秀隆
秀隆
…………
…………
秋
秋
お願いです……『そうだ』って、言ってください……
お願いです……『そうだ』って、言ってください……
秋
秋
私が嫌いだって、憎いって……殺したいって、言ってください……
私が嫌いだって、憎いって……殺したいって、言ってください……
秀隆
秀隆
帰るぞ
帰るぞ
もう一度手を伸ばす。
もう一度手を伸ばす。
だが、秋は顔を背けた。
だが、秋は顔を背けた。
秀隆
秀隆
子供だな、おまえはいつまで経っても
子供だな、おまえはいつまで経っても
秋
秋
な、何するんですか……
な、何するんですか……
秀隆
秀隆
聞き分けがないからだ
聞き分けがないからだ
オレは秋の上半身を起こし、その体を持ち上げた。
オレは秋の上半身を起こし、その体を持ち上げた。
秋
秋
やっ、やめてください……っ……
やっ、やめてください……っ……
秋
秋
……どうして……
……どうして……
秋
秋
どうして、私を助けるんですか……っ……
どうして、私を助けるんですか……っ……
オレの腕に抱きかかえられた秋が、悲痛な声を漏らす。
オレの腕に抱きかかえられた秋が、悲痛な声を漏らす。
秀隆
秀隆
どうして……か……
どうして……か……
秋
秋
あのまま放っておけば、私は死んでいたはずです……
あのまま放っておけば、私は死んでいたはずです……
秀隆
秀隆
……かもな
……かもな
現在立ち入り禁止になっているこの施設に、
現在立ち入り禁止になっているこの施設に、
足を踏み入れる者はいない。
足を踏み入れる者はいない。
もしかしたら、と言うことは十分ありえただろう。
もしかしたら、と言うことは十分ありえただろう。
秋
秋
私が死んだ方が、兄さんも重荷がなくなったはずです
私が死んだ方が、兄さんも重荷がなくなったはずです
秀隆
秀隆
……かもな
……かもな
秋
秋
なら、どうして……
なら、どうして……
秋
秋
私は兄さんになんて、助けられたくなかった……
私は兄さんになんて、助けられたくなかった……
秋
秋
あのまま、死んでしまってもよかった……
あのまま、死んでしまってもよかった……
秀隆
秀隆
そうか……
そうか……
秋
秋
どうして助けたんですかっ……
どうして助けたんですかっ……
秋
秋
どうして……どうしてっ……！
どうして……どうしてっ……！
息を切らせながらも、喋ることをやめようとしない。
息を切らせながらも、喋ることをやめようとしない。
オレの真意を、知りたくて仕方が無い、ということだ。
オレの真意を、知りたくて仕方が無い、ということだ。
秋
秋
私……思い出せないっ……
私……思い出せないっ……
秋
秋
兄さんは、本当に私を、私を憎んでいたんですかっ！
兄さんは、本当に私を、私を憎んでいたんですかっ！
秀隆
秀隆
今は無理するな
今は無理するな
秋
秋
教えてください……教えてくださいっ……
教えてください……教えてくださいっ……
秀隆
秀隆
……教えるもなにも……
……教えるもなにも……
秀隆
秀隆
……オレが……お前を嫌いになると思うか？
……オレが……お前を嫌いになると思うか？
秋
秋
っ！？
っ！？
秀隆
秀隆
オレが本当に、姉さんの死をおまえのせいにすると思うか？
オレが本当に、姉さんの死をおまえのせいにすると思うか？
秋
秋
だ、だって……だって兄さんは……
だ、だって……だって兄さんは……
私の、記憶の底にあったはずの思い。
私の、記憶の底にあったはずの思い。
兄さんに殴られ続けた日々。
兄さんに殴られ続けた日々。
そう、覚えてる……。
そう、覚えてる……。
私を仇のように睨み付ける兄さん。
私を仇のように睨み付ける兄さん。
恨みをぶつけてくる兄さんを……。
恨みをぶつけてくる兄さんを……。
秀隆
秀隆
おまえのせいで、姉さんは死んだんだ
おまえのせいで、姉さんは死んだんだ
秋
秋
……わかっています……
……わかっています……
秋
秋
だから、私は責任を取ろうと思って……
だから、私は責任を取ろうと思って……
秀隆
秀隆
いいや、わかっちゃいない
いいや、わかっちゃいない
秀隆
秀隆
オレの許可もなく死のうとしやがって。甘いんだよ
オレの許可もなく死のうとしやがって。甘いんだよ
秀隆
秀隆
おまえは、罪そのものだ。おまえは死んで楽になろうとしている
おまえは、罪そのものだ。おまえは死んで楽になろうとしている
秀隆
秀隆
オレに悲しみを全部背負わせて、逃げるつもりか？
オレに悲しみを全部背負わせて、逃げるつもりか？
秋
秋
そうすることしか、私にはできません……
そうすることしか、私にはできません……
秀隆
秀隆
ふざけんな
ふざけんな
秋
秋
…………
…………
秀隆
秀隆
ふざけんじゃねえぞ、人殺し
ふざけんじゃねえぞ、人殺し
秋
秋
なら……兄さんの手で私を殺してください……
なら……兄さんの手で私を殺してください……
秀隆
秀隆
ぬかすな。なんでオレが人殺しにならなきゃいけないんだ
ぬかすな。なんでオレが人殺しにならなきゃいけないんだ
秀隆
秀隆
オレはおまえを恨み続ける。おまえが病気で死ぬその日まで。
オレはおまえを恨み続ける。おまえが病気で死ぬその日まで。
勝手に命を絶つなんて甘っちょろいことは、絶対に認めない
勝手に命を絶つなんて甘っちょろいことは、絶対に認めない
秀隆
秀隆
殴りたいときにオレは殴る。恨みをおまえにぶつけてやる
殴りたいときにオレは殴る。恨みをおまえにぶつけてやる
秀隆
秀隆
痛いだろ？　なあ、どうなんだよ
痛いだろ？　なあ、どうなんだよ
秋
秋
……好きにしてください……
……好きにしてください……
秀隆
秀隆
ああ、そうするさ。そうしてやる！
ああ、そうするさ。そうしてやる！
あの時の、私を見る目。
あの時の、私を見る目。
私を恨んで、殺したいと思っていた表情。
私を恨んで、殺したいと思っていた表情。
あれが演技のはずがない。
あれが演技のはずがない。
なのに―――。
なのに―――。
何かが引っかかってしまう。
何かが引っかかってしまう。
私は、確かにあの時兄さんの顔を見ていた。
私は、確かにあの時兄さんの顔を見ていた。
虚ろな状態で、放心状態で、確かに見たはず。
虚ろな状態で、放心状態で、確かに見たはず。
そう、間違いない。
そう、間違いない。
兄さんは私を殺したがっていた。
兄さんは私を殺したがっていた。
姉さんを殺した罪を、私に押し付けて……。
姉さんを殺した罪を、私に押し付けて……。
兄さんは……そんなことをする、人だっただろうか……？
兄さんは……そんなことをする、人だっただろうか……？
私と過ごした３年間、兄さんはずっと優しかった。
私と過ごした３年間、兄さんはずっと優しかった。
どんな時も、私を温かく見守り、守ってくれていた。
どんな時も、私を温かく見守り、守ってくれていた。
本当に、私を憎んでいた？
本当に、私を憎んでいた？
…………。
…………。
違う……。
違う……。
本当は……。
本当は……。
なんで―――そんな、泣きそうな顔をしているの？
なんで―――そんな、泣きそうな顔をしているの？
私を恨んでいるんじゃないの？
私を恨んでいるんじゃないの？
秀隆
秀隆
ごめん……ごめんな、秋……
ごめん……ごめんな、秋……
兄さんはあの時
兄さんはあの時
意識が薄れていく中で、確かにそう……言った。
意識が薄れていく中で、確かにそう……言った。
私を殴りながら、まるで自分が殴られたように、その顔をクシャクシャにして。
私を殴りながら、まるで自分が殴られたように、その顔をクシャクシャにして。
秋
秋
……あ……
……あ……
私を抱き上げ、歩く兄さんの横顔。
私を抱き上げ、歩く兄さんの横顔。
少しの間、私は意識を失っていた。
少しの間、私は意識を失っていた。
秋
秋
なんで……
なんで……
秀隆
秀隆
秋？
秋？
私を見下ろす、優しげな兄さんの顔。
私を見下ろす、優しげな兄さんの顔。
秋
秋
なんでっ……！
なんでっ……！
秋
秋
本当は、兄さんは……
本当は、兄さんは……
秀隆
秀隆
いいんだよ、秋
いいんだよ、秋
秀隆
秀隆
悪いのは全部オレなんだ
悪いのは全部オレなんだ
秀隆
秀隆
おまえは、無理に思い出さなくていい
おまえは、無理に思い出さなくていい
秋
秋
ひどい……ひどいです、兄さん……
ひどい……ひどいです、兄さん……
私は思い出してしまった。
私は思い出してしまった。
お父さんに、暴力を振るわれていたこと。
お父さんに、暴力を振るわれていたこと。
それを庇って、いつも兄さんや姉さんが傷つけられていたこと。
それを庇って、いつも兄さんや姉さんが傷つけられていたこと。
今になって……。
今になって……。
違う。
違う。
忘れたことなんてなかったはず。
忘れたことなんてなかったはず。
お父さんがしたこと、姉さんがされたこと。
お父さんがしたこと、姉さんがされたこと。
兄さんが、本当は誰よりも私のことを愛してくれていたこと。
兄さんが、本当は誰よりも私のことを愛してくれていたこと。
そのことを忘れてなんていなかったはずだ。
そのことを忘れてなんていなかったはずだ。
なのに、どうして私は、記憶と正面から向き合えなかったんだろう。
なのに、どうして私は、記憶と正面から向き合えなかったんだろう。
ボロボロと涙が溢れる。
ボロボロと涙が溢れる。
自分が情けなくて、恥ずかしくて、申し訳なくて。
自分が情けなくて、恥ずかしくて、申し訳なくて。
秀隆
秀隆
オレが悪いんだ
オレが悪いんだ
そっと、兄さんは私の涙を指先で拭った。
そっと、兄さんは私の涙を指先で拭った。
秀隆
秀隆
お前は何も悪くない
お前は何も悪くない
私を、責めようとしない。
私を、責めようとしない。
あの時のように……私を、腕の中で抱きしめてくれていた。
あの時のように……私を、腕の中で抱きしめてくれていた。
どれだけ自分が辛くても私のことだけを考えていてくれた。
どれだけ自分が辛くても私のことだけを考えていてくれた。
秋
秋
私は……私は……バカみたいじゃないですかっ……
私は……私は……バカみたいじゃないですかっ……
秋
秋
ずっとずっと、意味もなく、兄さんを恨み続けてきて……
ずっとずっと、意味もなく、兄さんを恨み続けてきて……
秋
秋
どうしてこんな、ひどいことをしたんですかっ
どうしてこんな、ひどいことをしたんですかっ
秀隆
秀隆
ああ……そうだな。そう思う。おまえには残酷なことをした
ああ……そうだな。そう思う。おまえには残酷なことをした
秀隆
秀隆
どんな形にせよ、暴力を振るったのは事実だし、
どんな形にせよ、暴力を振るったのは事実だし、
おまえに恨ませるようなことをしてしまったのは、恥じるばかりだ
おまえに恨ませるようなことをしてしまったのは、恥じるばかりだ
秀隆
秀隆
でもな……それでも良かったんだ
でもな……それでも良かったんだ
秀隆
秀隆
オレは―――オレは、おまえに生きてほしかったから
オレは―――オレは、おまえに生きてほしかったから
秀隆
秀隆
お父さんと、姉さんと思い出を、大切にしてほしかった
お父さんと、姉さんと思い出を、大切にしてほしかった
秀隆
秀隆
ただ、それだけの理由だ
ただ、それだけの理由だ
秋
秋
こんなことを思い出すくらいなら……私を、死なせてほしかったです……
こんなことを思い出すくらいなら……私を、死なせてほしかったです……
秀隆
秀隆
バカ言うな
バカ言うな
秀隆
秀隆
どんなに心配したり、恨んだりしても、変わらない答えがある
どんなに心配したり、恨んだりしても、変わらない答えがある
秀隆
秀隆
それはオレたちが、兄妹だってことだ
それはオレたちが、兄妹だってことだ
秀隆
秀隆
それだけは、絶対に変わらない、変えようのない事実なんだよ
それだけは、絶対に変わらない、変えようのない事実なんだよ
秋
秋
……っ……
……っ……
オレは、秋の肩にそっと力を込めた。
オレは、秋の肩にそっと力を込めた。
秀隆
秀隆
こうやっておまえに触れるの、何年ぶりかな……
こうやっておまえに触れるの、何年ぶりかな……
秀隆
秀隆
もう、よく思い出せないや
もう、よく思い出せないや
秋
秋
なんで……兄さんっ……
なんで……兄さんっ……
秀隆
秀隆
ごめんな秋。ずっと辛い思いをさせて……
ごめんな秋。ずっと辛い思いをさせて……
秋
秋
どうしたらいいんですか……私は……どうしたらいいんですかっ
どうしたらいいんですか……私は……どうしたらいいんですかっ
秀隆
秀隆
オレもよくわからないんだよ
オレもよくわからないんだよ
秀隆
秀隆
もう、おまえを恨み続けるフリも疲れたし
もう、おまえを恨み続けるフリも疲れたし
秀隆
秀隆
……普通に、おまえを愛してるって言っても、困るよな？
……普通に、おまえを愛してるって言っても、困るよな？
秋
秋
っ！？
っ！？
秀隆
秀隆
いいよ、おまえはオレを好きにして。
いいよ、おまえはオレを好きにして。
恨み続けてもいいし、オレはそれに文句を言うつもりはない
恨み続けてもいいし、オレはそれに文句を言うつもりはない
秀隆
秀隆
だけど死ぬことだけは許さない。それは覚えておいてくれ
だけど死ぬことだけは許さない。それは覚えておいてくれ
秋
秋
残酷なこと、言うんですね……
残酷なこと、言うんですね……
秀隆
秀隆
もし約束を破っておまえが死んだら、オレも死ぬ
もし約束を破っておまえが死んだら、オレも死ぬ
秀隆
秀隆
ずるいけど、そう言いきっといてやる
ずるいけど、そう言いきっといてやる
秋
秋
……ずるいです。本当に……
……ずるいです。本当に……
秋
秋
あ、あの。私、もう一人で歩けますから……
あ、あの。私、もう一人で歩けますから……
秀隆
秀隆
ウソつけ。フラフラのくせに
ウソつけ。フラフラのくせに
秋
秋
で……でも……
で……でも……
秀隆
秀隆
兄妹なんだから、大して恥ずかしがる必要もないだろ
兄妹なんだから、大して恥ずかしがる必要もないだろ
秀隆
秀隆
堂々としてればいいんだよ
堂々としてればいいんだよ
秋
秋
……兄さんはいつもずるい……
……兄さんはいつもずるい……
秋
秋
なんか、自分だけ吹っ切っています……
なんか、自分だけ吹っ切っています……
秀隆
秀隆
そうかもな
そうかもな
ちょっと強く、秋を抱きしめてみたり。
ちょっと強く、秋を抱きしめてみたり。
秋
秋
な、なにするんですかっ！？
な、なにするんですかっ！？
秀隆
秀隆
なんとなく
なんとなく
秋
秋
なんとなくで、そんなことしないでください！
なんとなくで、そんなことしないでください！
秀隆
秀隆
じゃあ、真剣にだったらいいのか？
じゃあ、真剣にだったらいいのか？
秋
秋
もっとダメですっ
もっとダメですっ
秀隆
秀隆
どっちにせよダメってことか
どっちにせよダメってことか
秋
秋
…………
…………
秀隆
秀隆
家まで我慢しろ
家まで我慢しろ
秋
秋
……わかりました
……わかりました
秀隆
秀隆
そういや、やっぱりおまえ、丘の上にはいなかったな
そういや、やっぱりおまえ、丘の上にはいなかったな
秋
秋
……どういう意味ですか
……どういう意味ですか
秀隆
秀隆
いや、家出するなら、丘の上あたりかと思ったんだけどな
いや、家出するなら、丘の上あたりかと思ったんだけどな
秋
秋
あの場所は……昔兄さんに見つかってるから……ダメです
あの場所は……昔兄さんに見つかってるから……ダメです
秀隆
秀隆
はははは、だろうな。思った通り、捻くれた性格してやがる
はははは、だろうな。思った通り、捻くれた性格してやがる
秋
秋
私があの場所にいるって、なんでわかったんですか
私があの場所にいるって、なんでわかったんですか
秀隆
秀隆
この街は、隠れられる場所なんてほとんどない。
この街は、隠れられる場所なんてほとんどない。
体調を悪くしてお前が倒れてたら、誰かが助けを呼ぶのはわかりきってる
体調を悪くしてお前が倒れてたら、誰かが助けを呼ぶのはわかりきってる
秀隆
秀隆
おまえが知ってて、でも誰にも見つからない場所なんて……
おまえが知ってて、でも誰にも見つからない場所なんて……
あそこくらいだ
あそこくらいだ
秋
秋
…………
…………
秋
秋
兄さん……私は、まだ分からないことがあります……
兄さん……私は、まだ分からないことがあります……
秀隆
秀隆
なんだよ、分からないことって
なんだよ、分からないことって
秋
秋
……私に暴力を振るった時のこと、ずっと覚えていたんですか？
……私に暴力を振るった時のこと、ずっと覚えていたんですか？
秀隆
秀隆
ん？　……ああ、そう言うことか
ん？　……ああ、そう言うことか
秀隆
秀隆
なんていえばいいんだろうな。
なんていえばいいんだろうな。
覚えていたけど、覚えてないと言うか
覚えていたけど、覚えてないと言うか
秀隆
秀隆
オレは姉さんが死んだ後、幻覚を見るようになった
オレは姉さんが死んだ後、幻覚を見るようになった
秀隆
秀隆
それは紛れも無い事実だし、一種の精神病になった。それはわかってるな？
それは紛れも無い事実だし、一種の精神病になった。それはわかってるな？
秋
秋
はい……
はい……
秀隆
秀隆
オレは杉村さんと出会って、心の病気とは何か、と言うことを沢山学んだ
オレは杉村さんと出会って、心の病気とは何か、と言うことを沢山学んだ
秀隆
秀隆
そこで自己洗脳ってものを知ったんだ
そこで自己洗脳ってものを知ったんだ
秋
秋
じこせんのう……ですか？
じこせんのう……ですか？
秀隆
秀隆
嘘はいつかバレる。オレがおまえを大切に思ってると知られないためには、オレ自身を騙す必要があった。秋を嫌っているんだと、思い込む必要が
嘘はいつかバレる。オレがおまえを大切に思ってると知られないためには、オレ自身を騙す必要があった。秋を嫌っているんだと、思い込む必要が
秀隆
秀隆
だから、言い聞かせた。オレは秋を嫌っていると
だから、言い聞かせた。オレは秋を嫌っていると
秀隆
秀隆
でも、所詮は塗り固められた嘘だ。過去の話に触れると、
でも、所詮は塗り固められた嘘だ。過去の話に触れると、
閉じ込めたはずの本当の記憶が顔を出そうとしてくる
閉じ込めたはずの本当の記憶が顔を出そうとしてくる
秀隆
秀隆
だからずっと、誤魔化し続けた。
だからずっと、誤魔化し続けた。
おまえに聞かれた時も知らないフリをして、忘れたフリをして
おまえに聞かれた時も知らないフリをして、忘れたフリをして
秀隆
秀隆
……ほんと、酷い兄だよ
……ほんと、酷い兄だよ
秋
秋
……そんなことまで、私はさせてしまっていたんですね……
……そんなことまで、私はさせてしまっていたんですね……
秀隆
秀隆
よせ。おまえのそう言うマイナス思考は悪い癖だ
よせ。おまえのそう言うマイナス思考は悪い癖だ
秋
秋
ですが……
ですが……
秀隆
秀隆
逆にこう考えろ。お前には、オレをそうさせるだけの価値がある
逆にこう考えろ。お前には、オレをそうさせるだけの価値がある
秀隆
秀隆
他の誰であっても、オレはここまで自分を犠牲にしない
他の誰であっても、オレはここまで自分を犠牲にしない
秀隆
秀隆
な？
な？
秋
秋
っ……な、なんですかそれ……
っ……な、なんですかそれ……
秀隆
秀隆
また言ってやろうか？　オレはお前を愛し
また言ってやろうか？　オレはお前を愛し
秋
秋
だだ、ダメです。そんなこと、こんな格好の時に言わないで下さいっ……
だだ、ダメです。そんなこと、こんな格好の時に言わないで下さいっ……
秋
秋
自分が惨めになりますから……
自分が惨めになりますから……
秀隆
秀隆
出たよ、マイナス思考
出たよ、マイナス思考
秋
秋
私は……こういう性格です。兄さんみたいに、コントロールなんて、出来ません
私は……こういう性格です。兄さんみたいに、コントロールなんて、出来ません
秀隆
秀隆
ただいま
ただいま
アクセラ
アクセラ
お帰りなさいませ。秋様のご容態は？
お帰りなさいませ。秋様のご容態は？
秀隆
秀隆
あまりよくない。すぐ寝かせて薬を
あまりよくない。すぐ寝かせて薬を
アクセラ
アクセラ
はい
はい
秀隆
秀隆
キズナにはメールをしてある。すぐに帰ってくると思うが……
キズナにはメールをしてある。すぐに帰ってくると思うが……
秀隆
秀隆
一応外で待ってる
一応外で待ってる
秋
秋
兄さん……
兄さん……
秀隆
秀隆
今は体調を治せ
今は体調を治せ
秋
秋
……はい……
……はい……
キズナ
キズナ
ひーくん。あっきーは大丈夫ですか？
ひーくん。あっきーは大丈夫ですか？
秀隆
秀隆
ああ。大丈夫だ。熱はひどいけどな
ああ。大丈夫だ。熱はひどいけどな
秀隆
秀隆
もう、勝手に命を絶つような真似はしないはずだ
もう、勝手に命を絶つような真似はしないはずだ
キズナ
キズナ
そうですか……良かったです
そうですか……良かったです
キズナ
キズナ
私のせいで、ひどいことになってしまいました
私のせいで、ひどいことになってしまいました
秀隆
秀隆
いや、キズナは何も悪くない。ただオレや秋のためを思ってくれただけだろ？
いや、キズナは何も悪くない。ただオレや秋のためを思ってくれただけだろ？
秀隆
秀隆
それによかったのかも知れない。オレも秋も、過去に縛られてきたから
それによかったのかも知れない。オレも秋も、過去に縛られてきたから
キズナ
キズナ
これからは、仲良く出来るんですか？
これからは、仲良く出来るんですか？
秀隆
秀隆
そうありたい。そうなっていきたいと、思ってるよ
そうありたい。そうなっていきたいと、思ってるよ
…………。
…………。
……。
……。
