学園の仕事を終わらせたオレは、待ち合わせの１０分ほど前に、
学園の仕事を終わらせたオレは、待ち合わせの１０分ほど前に、
そこについた。
そこについた。
昼間は学生街として、カフェなんかが営業しているが、
昼間は学生街として、カフェなんかが営業しているが、
消灯後は大人の街に変わり、学生は立ち入れなくなる。
消灯後は大人の街に変わり、学生は立ち入れなくなる。
まだ来ていないだろうと思っていると、
まだ来ていないだろうと思っていると、
店の前に唐沢さんの姿を見かけた。
店の前に唐沢さんの姿を見かけた。
唐沢
唐沢
やぁ、島津くん。久しぶりだね
やぁ、島津くん。久しぶりだね
人柄のよさそうな男性が手をあげる。
人柄のよさそうな男性が手をあげる。
唐沢浩二、この街の代表を務める、一番偉い人だ。
唐沢浩二、この街の代表を務める、一番偉い人だ。
秀隆
秀隆
ご無沙汰しておりました。すみません、待たせてしまったでしょうか？
ご無沙汰しておりました。すみません、待たせてしまったでしょうか？
唐沢
唐沢
いやいや、僕の方が早く着きすぎただけだよ
いやいや、僕の方が早く着きすぎただけだよ
唐沢
唐沢
いやしかし、本当に久しぶりだね。１年以上は経つんじゃないのかな？
いやしかし、本当に久しぶりだね。１年以上は経つんじゃないのかな？
秀隆
秀隆
それくらい経ちます、かね
それくらい経ちます、かね
唐沢
唐沢
杉村の方から、だいぶ良くなったと聞いてるよ
杉村の方から、だいぶ良くなったと聞いてるよ
秀隆
秀隆
本当に、その節はお世話になりました。
本当に、その節はお世話になりました。
臨時教師としてやれてるのも、こうして普通に生活できているのも、全部唐沢さんと杉村さんのおかげっす
臨時教師としてやれてるのも、こうして普通に生活できているのも、全部唐沢さんと杉村さんのおかげっす
唐沢
唐沢
いやいや……僕は大したことはしていないよ。ともかく、お店に入ろうか
いやいや……僕は大したことはしていないよ。ともかく、お店に入ろうか
秀隆
秀隆
はい
はい
二人で入るのは、この街で一番人気のバーだ。
二人で入るのは、この街で一番人気のバーだ。
敷居が高く、オレのような人間は初めて足を踏み入れる。
敷居が高く、オレのような人間は初めて足を踏み入れる。
秀隆
秀隆
凄いお店ですね
凄いお店ですね
唐沢
唐沢
この街でお酒と言えばここだろうね。
この街でお酒と言えばここだろうね。
僕や竹内くんは勿論、有名な方々もここを良く訪れる
僕や竹内くんは勿論、有名な方々もここを良く訪れる
秀隆
秀隆
そうですか……
そうですか……
感心しながら、辺りを見渡す。
感心しながら、辺りを見渡す。
バーのマスターは渋いおじさんだが、
バーのマスターは渋いおじさんだが、
働く店員は可愛い女の子ばかりだった。
働く店員は可愛い女の子ばかりだった。
唐沢
唐沢
マスター。今日こそ例の、入ってる？
マスター。今日こそ例の、入ってる？
そう言うと、マスターは小さく頷いた。
そう言うと、マスターは小さく頷いた。
唐沢
唐沢
実はね、おススメの酒があるんだ
実はね、おススメの酒があるんだ
秀隆
秀隆
おススメ、ですか
おススメ、ですか
唐沢
唐沢
ドリームタウンだけで出回ってるもので、
ドリームタウンだけで出回ってるもので、
かなり希少価値の高いお酒だよ。半年ほど入荷待ちさせられてね
かなり希少価値の高いお酒だよ。半年ほど入荷待ちさせられてね
唐沢
唐沢
島津くんと、そのお酒が飲めるなんて幸せだなぁ
島津くんと、そのお酒が飲めるなんて幸せだなぁ
秀隆
秀隆
なんか身に余りますね……
なんか身に余りますね……
きっと、想像を絶するほど高いに違いない。
きっと、想像を絶するほど高いに違いない。
唐沢
唐沢
なに心配要らないさ。
なに心配要らないさ。
実を言うと竹内くんとも飲もうと２本頼んであるんだ
実を言うと竹内くんとも飲もうと２本頼んであるんだ
竹内、と言うと、もちろんあの竹内特務官のことだろう。
竹内、と言うと、もちろんあの竹内特務官のことだろう。
うん、あの人ならそう言うお酒も似合いそうだ。
うん、あの人ならそう言うお酒も似合いそうだ。
唐沢
唐沢
だから遠慮はいらないよ
だから遠慮はいらないよ
秀隆
秀隆
ありがとうございます……
ありがとうございます……
カウンターの前を通り過ぎてから、
カウンターの前を通り過ぎてから、
唐沢さんは奥の高そうなソファーに腰を下ろした。
唐沢さんは奥の高そうなソファーに腰を下ろした。
オレもその隣にそっと腰を下ろす。
オレもその隣にそっと腰を下ろす。
秀隆
秀隆
あの、オレに話って一体なんでしょうか？
あの、オレに話って一体なんでしょうか？
唐沢
唐沢
うん。ちょっと、どうしても僕のほうから、伝えたいと思ったんだ
うん。ちょっと、どうしても僕のほうから、伝えたいと思ったんだ
秀隆
秀隆
もしかして……特務官のお話、ですか？
もしかして……特務官のお話、ですか？
唐沢
唐沢
……結論から言えばそうだ
……結論から言えばそうだ
どうやら、オレの悪い予感は当たっていたらしい。
どうやら、オレの悪い予感は当たっていたらしい。
杉村さんの話によれば、唐沢さんは、まだオレを特務官にさせたがっている。
杉村さんの話によれば、唐沢さんは、まだオレを特務官にさせたがっている。
秀隆
秀隆
杉村さんにもお伝えしましたが、オレには無理です
杉村さんにもお伝えしましたが、オレには無理です
唐沢
唐沢
もちろん事情は理解しているつもりだ。
もちろん事情は理解しているつもりだ。
だが、僕としても、君には特務官になってもらわないと困る
だが、僕としても、君には特務官になってもらわないと困る
秀隆
秀隆
困るって……
困るって……
秀隆
秀隆
いったいなんなんです？
いったいなんなんです？
唐沢
唐沢
覚えているかな？　君が学生の頃、僕と話をしたときのこと
覚えているかな？　君が学生の頃、僕と話をしたときのこと
秀隆
秀隆
……はい
……はい
まだ、夢を見て、全てに満たされていた学生の頃の話だ。
まだ、夢を見て、全てに満たされていた学生の頃の話だ。
唐沢
唐沢
誰よりも優秀で、真面目で、
誰よりも優秀で、真面目で、
特務官に憧れていた君を、時期尚早と知りながら口説いたっけ
特務官に憧れていた君を、時期尚早と知りながら口説いたっけ
唐沢さんの表情は柔らかく、暖かいものだった。
唐沢さんの表情は柔らかく、暖かいものだった。
オレはその横顔を見ていられず、視線を逸らしてしまう。
オレはその横顔を見ていられず、視線を逸らしてしまう。
唐沢
唐沢
君は飛びぬけて凄かった。成績もそうだけど、
君は飛びぬけて凄かった。成績もそうだけど、
物事の判断能力や発想、行動力も人並みはずれていたっけ
物事の判断能力や発想、行動力も人並みはずれていたっけ
唐沢
唐沢
絶対、将来とてつもない特務官になる、そう確信したよ
絶対、将来とてつもない特務官になる、そう確信したよ
秀隆
秀隆
…………
…………
唐沢
唐沢
僕はまだ、君のことが諦められないんだ。恋する乙女のように
僕はまだ、君のことが諦められないんだ。恋する乙女のように
秀隆
秀隆
どうして……ですか
どうして……ですか
いったい、なぜ未だオレなんかにこだわるのだろうか。
いったい、なぜ未だオレなんかにこだわるのだろうか。
秀隆
秀隆
今のオレなんか、絶対にお役に立てません
今のオレなんか、絶対にお役に立てません
唐沢
唐沢
それを決めるのは君じゃない。雇う僕たちじゃないのかな？
それを決めるのは君じゃない。雇う僕たちじゃないのかな？
秀隆
秀隆
明白です。断言できますよ
明白です。断言できますよ
もし、本気でオレがモノになると思ってるような人がいるなら、
もし、本気でオレがモノになると思ってるような人がいるなら、
それは愚か者だ。
それは愚か者だ。
賢い唐沢さんに分からないはずがない。
賢い唐沢さんに分からないはずがない。
唐沢
唐沢
おっと、どうやら来たみたいだ
おっと、どうやら来たみたいだ
いったん会話が中断されると、
いったん会話が中断されると、
運ばれてきたお酒とグラスがテーブルに置かれた。
運ばれてきたお酒とグラスがテーブルに置かれた。
唐沢
唐沢
夢風月。なんとなく、ドリームタウンらしい名前のお酒だろう？
夢風月。なんとなく、ドリームタウンらしい名前のお酒だろう？
秀隆
秀隆
はい
はい
酒瓶は緑色をしていて、白く濁ったものが沈殿している。
酒瓶は緑色をしていて、白く濁ったものが沈殿している。
にごり酒と呼ばれるものだ。
にごり酒と呼ばれるものだ。
オレがその、夢風月の酒瓶に手を伸ばそうとすると……
オレがその、夢風月の酒瓶に手を伸ばそうとすると……
唐沢
唐沢
今日は君がお客さんだ。僕がやろう
今日は君がお客さんだ。僕がやろう
そう言って、唐沢さんが酒瓶を持った。
そう言って、唐沢さんが酒瓶を持った。
唐沢
唐沢
それににごり酒にはちょっと変わった拘りがあってね
それににごり酒にはちょっと変わった拘りがあってね
秀隆
秀隆
こだわり、ですか
こだわり、ですか
唐沢
唐沢
最初のうちは、下の濁りと混ざらないように飲むんだ
最初のうちは、下の濁りと混ざらないように飲むんだ
唐沢
唐沢
最初に振ってしまうと、勿体ないからね
最初に振ってしまうと、勿体ないからね
秀隆
秀隆
そんな飲み方があったんですね。
そんな飲み方があったんですね。
自分はいつも、最初に振ってから飲んでいました
自分はいつも、最初に振ってから飲んでいました
唐沢
唐沢
通ならではの飲み方、と思ってくれてもいいよ
通ならではの飲み方、と思ってくれてもいいよ
ふふふ、と少しだけ自慢げだ。
ふふふ、と少しだけ自慢げだ。
唐沢
唐沢
ささ
ささ
秀隆
秀隆
恐縮です
恐縮です
seにごり酒を混ざらないようにそっと注ぐ
seにごり酒を混ざらないようにそっと注ぐ
唐沢さんが、グラスにお酒を丁寧に注いでくれた。
唐沢さんが、グラスにお酒を丁寧に注いでくれた。
唐沢
唐沢
うん……香りも凄くいい。じゃあ、乾杯
うん……香りも凄くいい。じゃあ、乾杯
se乾杯 (0
se乾杯 (0
秀隆
秀隆
お疲れ様です
お疲れ様です
そっとグラスを重ね、オレはグラスを口元に近づけた。
そっとグラスを重ね、オレはグラスを口元に近づけた。
芳醇な香りと、濃く、でも飲みやすい酒だった。
芳醇な香りと、濃く、でも飲みやすい酒だった。
はっきりいって、一口飲んだだけで高いとわかる。
はっきりいって、一口飲んだだけで高いとわかる。
人生で一度も飲んだことがないといいきれる美味しさだった。
人生で一度も飲んだことがないといいきれる美味しさだった。
秀隆
秀隆
美味しいです、凄く……
美味しいです、凄く……
唐沢
唐沢
うん、そうだね。僕も待ったかいがあったよ
うん、そうだね。僕も待ったかいがあったよ
満足げに一度頷いてから、唐沢さんはこちらを見やった。
満足げに一度頷いてから、唐沢さんはこちらを見やった。
唐沢
唐沢
正直に言えば……君が特務官になってくれたとしても、
正直に言えば……君が特務官になってくれたとしても、
即戦力になる、と言うことはまずないだろう
即戦力になる、と言うことはまずないだろう
唐沢
唐沢
恐らく他の特務官たちに追いつくには、５年６年では無理だろうね
恐らく他の特務官たちに追いつくには、５年６年では無理だろうね
秀隆
秀隆
それが分かってるなら
それが分かってるなら
唐沢
唐沢
だけどね、それはあくまでも目に見える実力だけだと僕は思ってる
だけどね、それはあくまでも目に見える実力だけだと僕は思ってる
唐沢
唐沢
君に秘められた『才』は本物だ。それは間違いない
君に秘められた『才』は本物だ。それは間違いない
秀隆
秀隆
買い被りにも、程があるっすね……
買い被りにも、程があるっすね……
オレはこれ以上まともに聞いていられなくなり、酒をぐっと喉に
オレはこれ以上まともに聞いていられなくなり、酒をぐっと喉に
流し込んだ。
流し込んだ。
唐沢
唐沢
買い被りなものか。僕は今でも覚えているよ、
買い被りなものか。僕は今でも覚えているよ、
君を慶桜学園に連れて行った時のことを
君を慶桜学園に連れて行った時のことを
秀隆
秀隆
慶桜学園に連れて行った時、ですか？
慶桜学園に連れて行った時、ですか？
唐沢
唐沢
２年ほど前だったか……仕事のない君のところに、僕が足を向けたのは
２年ほど前だったか……仕事のない君のところに、僕が足を向けたのは
教師になる前のオレは、ことごとく仕事の面接を落とされていた。
教師になる前のオレは、ことごとく仕事の面接を落とされていた。
どこにいっても、学歴、病気の経歴を見た途端に顔を背けられる。
どこにいっても、学歴、病気の経歴を見た途端に顔を背けられる。
稀に雇ってくれるところがあっても、
稀に雇ってくれるところがあっても、
精神面で問題が起こった途端、即首にされた。
精神面で問題が起こった途端、即首にされた。
病気が影を潜め、落ち着きを取り戻してからも、
病気が影を潜め、落ち着きを取り戻してからも、
オレはどこを受けても落ちると勝手に思い込み、働く意欲すら失っていた。
オレはどこを受けても落ちると勝手に思い込み、働く意欲すら失っていた。
唐沢
唐沢
僕が君に臨時教師の話を持ちかけたのは覚えているね？
僕が君に臨時教師の話を持ちかけたのは覚えているね？
秀隆
秀隆
はい……。本当に救われました
はい……。本当に救われました
唐沢
唐沢
ふふふ。最初は嫌がっていたのになぁ
ふふふ。最初は嫌がっていたのになぁ
秀隆
秀隆
う、申し訳ないです……未熟でした
う、申し訳ないです……未熟でした
唐沢
唐沢
いやいや。責めてるわけじゃないよ。
いやいや。責めてるわけじゃないよ。
君のあの時の心理状態は、僕にだってある程度理解は出来る
君のあの時の心理状態は、僕にだってある程度理解は出来る
秀隆
秀隆
…………
…………
唐沢
唐沢
慶桜学園は僕の知り合いの女性が理事長を務めていたから、
慶桜学園は僕の知り合いの女性が理事長を務めていたから、
簡単に採用して貰えると思って、何の準備もせず連れて行ったねぇ
簡単に採用して貰えると思って、何の準備もせず連れて行ったねぇ
唐沢
唐沢
そしたら当日いきなり、やっぱり納得できないって言われて
そしたら当日いきなり、やっぱり納得できないって言われて
唐沢
唐沢
君には『面接は形だけ、絶対に採用してもらえるから大丈夫』なんて言っていたのに
君には『面接は形だけ、絶対に採用してもらえるから大丈夫』なんて言っていたのに
そうだった。
そうだった。
オレは、少しだけ記憶を遡る。
オレは、少しだけ記憶を遡る。
食うことに困っていた事実を背に受け、
食うことに困っていた事実を背に受け、
オレは唐沢さんの助け、説得を経て臨時教師になることを決めた。
オレは唐沢さんの助け、説得を経て臨時教師になることを決めた。
だけど教師になるには、本来学歴も資格も必要だ。
だけど教師になるには、本来学歴も資格も必要だ。
オレにはそもそも、無理なんじゃないかと思っていたんだ。
オレにはそもそも、無理なんじゃないかと思っていたんだ。
でも、唐沢さんは大丈夫だからと笑顔でオレを学園に連れて行った。
でも、唐沢さんは大丈夫だからと笑顔でオレを学園に連れて行った。
そしたら、そこの理事長がオレの面接をし、難癖をつけだしたのだ。
そしたら、そこの理事長がオレの面接をし、難癖をつけだしたのだ。
中卒で、資格もなく、オマケに病気持ち。
中卒で、資格もなく、オマケに病気持ち。
誰が好き好んでそんな教師を雇うのだと。
誰が好き好んでそんな教師を雇うのだと。
唐沢
唐沢
どうしても採用させたいなら、実力を証明しろ、なんて言い出してねぇ
どうしても採用させたいなら、実力を証明しろ、なんて言い出してねぇ
ははは、と笑う。
ははは、と笑う。
唐沢
唐沢
突然、彼女が大量のテストを君に押し付けてきたときには、正直焦ったよ
突然、彼女が大量のテストを君に押し付けてきたときには、正直焦ったよ
唐沢
唐沢
学生時代君が優秀だったことは間違いないが、
学生時代君が優秀だったことは間違いないが、
その後３年間、精神科へ通院を繰り返すだけの日々だったからね
その後３年間、精神科へ通院を繰り返すだけの日々だったからね
苦笑いした笑みをオレに向けてくる。
苦笑いした笑みをオレに向けてくる。
オレも、釣られて笑った。
オレも、釣られて笑った。
唐沢
唐沢
でもその後が圧巻だった。
でもその後が圧巻だった。
僕らの前で、動じた様子も見せず、黙々とテストに取り掛かる君がいた
僕らの前で、動じた様子も見せず、黙々とテストに取り掛かる君がいた
唐沢
唐沢
そして、ほぼ満点の結果だった時には、思わず鳥肌が立ったよ
そして、ほぼ満点の結果だった時には、思わず鳥肌が立ったよ
唐沢
唐沢
結果を見たら、理事長も納得せざるを得なくなってさ。ほんと、凄かったなぁ
結果を見たら、理事長も納得せざるを得なくなってさ。ほんと、凄かったなぁ
唐沢
唐沢
君の才能は本物なんだと、その時改めて感じたよ
君の才能は本物なんだと、その時改めて感じたよ
秀隆
秀隆
そんな大したもんじゃないです
そんな大したもんじゃないです
唐沢
唐沢
いやいや、あのテストの難易度はかなりのものだったみたいじゃないか
いやいや、あのテストの難易度はかなりのものだったみたいじゃないか
秀隆
秀隆
確かに内容は、結構レベルが高かったです
確かに内容は、結構レベルが高かったです
でも、そう、本当に大したことはないのだ。
でも、そう、本当に大したことはないのだ。
秀隆
秀隆
あの時は格好つけて言いませんでしたけど……理由があるんです
あの時は格好つけて言いませんでしたけど……理由があるんです
唐沢
唐沢
理由？
理由？
秀隆
秀隆
オレ、臨時教師のお話を頂いた後、必死に勉強してたんです
オレ、臨時教師のお話を頂いた後、必死に勉強してたんです
唐沢
唐沢
えっ？
えっ？
秀隆
秀隆
満足に学園も出ていない、資格もない。
満足に学園も出ていない、資格もない。
そんな男を、簡単に雇うとは思えません。何か、課題のようなものを出されるんじゃないかって予想してたんです
そんな男を、簡単に雇うとは思えません。何か、課題のようなものを出されるんじゃないかって予想してたんです
数週間後の面接に備え、オレは学生時代の復習を徹底的にやった。
数週間後の面接に備え、オレは学生時代の復習を徹底的にやった。
その結果が、あのテストに繋がっただけに過ぎない。
その結果が、あのテストに繋がっただけに過ぎない。
秀隆
秀隆
そう言う種です
そう言う種です
唐沢
唐沢
そうだったのか……
そうだったのか……
秀隆
秀隆
がっかりしましたか？
がっかりしましたか？
唐沢
唐沢
いやっ
いやっ
se頬をパチッと叩かれる
se頬をパチッと叩かれる
パン、と唐沢さんは自分の膝を強く叩いた。
パン、と唐沢さんは自分の膝を強く叩いた。
唐沢
唐沢
ますます君を気に入った。
ますます君を気に入った。
あの時の状態で、よくその考えに至ったと思う
あの時の状態で、よくその考えに至ったと思う
唐沢
唐沢
仮にも街の代表である僕が、絶対に採用されるから大丈夫って
仮にも街の代表である僕が、絶対に採用されるから大丈夫って
言ったんだ、受かると思って高をくくっていてもおかしくないからね
言ったんだ、受かると思って高をくくっていてもおかしくないからね
唐沢
唐沢
それに面接までの僅かな期間で、
それに面接までの僅かな期間で、
あの高い難易度のテストを攻略したのも素晴らしい
あの高い難易度のテストを攻略したのも素晴らしい
秀隆
秀隆
唐沢さんも人が悪いなぁ
唐沢さんも人が悪いなぁ
くくく、と思わず笑いが漏れてしまった。
くくく、と思わず笑いが漏れてしまった。
さすがに街の代表を務めるだけはある。
さすがに街の代表を務めるだけはある。
唐沢
唐沢
んんっ？　僕は過大評価したつもりはないよ？
んんっ？　僕は過大評価したつもりはないよ？
秀隆
秀隆
いえそうじゃなくて。まぁこれはオレの勝手な想像なんですけど…
いえそうじゃなくて。まぁこれはオレの勝手な想像なんですけど…
秀隆
秀隆
唐沢さんはテストの課題があること、オレに黙ってたんじゃないですか？
唐沢さんはテストの課題があること、オレに黙ってたんじゃないですか？
唐沢
唐沢
…………
…………
唐沢
唐沢
……と、言うと？
……と、言うと？
秀隆
秀隆
理事長が経歴のないオレを簡単に雇うとは思えない。
理事長が経歴のないオレを簡単に雇うとは思えない。
そんなこと、街の代表である唐沢さんが分からないはずがない
そんなこと、街の代表である唐沢さんが分からないはずがない
秀隆
秀隆
まして理事長の旧知の仲であるなら、
まして理事長の旧知の仲であるなら、
その性格がどう言うものかも把握しているはず
その性格がどう言うものかも把握しているはず
秀隆
秀隆
それだけじゃありません。
それだけじゃありません。
絶対に採用されるから大丈夫と言い切っていたことも気になりました
絶対に採用されるから大丈夫と言い切っていたことも気になりました
秀隆
秀隆
オレが唐沢さんの立場であったなら、
オレが唐沢さんの立場であったなら、
不測の事態にも備えて、確約してしまうようなことは言わないですから
不測の事態にも備えて、確約してしまうようなことは言わないですから
秀隆
秀隆
臨時教師の話があるんだが、一度チャレンジしてみないか？
臨時教師の話があるんだが、一度チャレンジしてみないか？
って具合で
って具合で
唐沢
唐沢
…………
…………
秀隆
秀隆
てわけで、唐沢さんは理事長と予め約束してたんじゃないかなと思うんです
てわけで、唐沢さんは理事長と予め約束してたんじゃないかなと思うんです
秀隆
秀隆
リスキーな人間をただ教師にするのは割に合わない。
リスキーな人間をただ教師にするのは割に合わない。
であるなら、難題があることをあえて伏せ、
であるなら、難題があることをあえて伏せ、
オレがそれに合格できるかどうかで判断して欲しい
オレがそれに合格できるかどうかで判断して欲しい
秀隆
秀隆
それに合格できるなら、教師としても十分通用すると思うよ
それに合格できるなら、教師としても十分通用すると思うよ
秀隆
秀隆
と、そんな感じで話をつけて
と、そんな感じで話をつけて
seグラスで氷が鳴る1
seグラスで氷が鳴る1
氷が溶け、グラスの中でカランと氷が鳴った。
氷が溶け、グラスの中でカランと氷が鳴った。
唐沢さんはグラスを手に持ったまま、オレの顔をじっと見ていた。
唐沢さんはグラスを手に持ったまま、オレの顔をじっと見ていた。
どうやら、オレの推測は当たりだったらしい。
どうやら、オレの推測は当たりだったらしい。
唐沢
唐沢
君って子は……そこまで考えてたのか
君って子は……そこまで考えてたのか
唐沢
唐沢
いや、当初は、もちろんノーチェックで就職させるつもりだった。
いや、当初は、もちろんノーチェックで就職させるつもりだった。
でも、理事長と話をしたとき、自然の流れで説得されてしまってね
でも、理事長と話をしたとき、自然の流れで説得されてしまってね
唐沢
唐沢
学生を預かる身として、それに足らない者を教師には絶対に出来ないと
学生を預かる身として、それに足らない者を教師には絶対に出来ないと
唐沢
唐沢
内心僕は焦ったけど、その通りだと納得させられたからね……
内心僕は焦ったけど、その通りだと納得させられたからね……
唐沢
唐沢
君には大恥をかかせてしまうかも知れないと思った。
君には大恥をかかせてしまうかも知れないと思った。
だけど、期待もしていた。僕や理事長に一泡吹かせて欲しいと
だけど、期待もしていた。僕や理事長に一泡吹かせて欲しいと
唐沢
唐沢
すまなかった
すまなかった
今言ったことは、ちょっと嘘なんじゃないかと思った。
今言ったことは、ちょっと嘘なんじゃないかと思った。
この人は頭がいい。
この人は頭がいい。
多分、最初から課題を出させるつもりだったんじゃないかな。
多分、最初から課題を出させるつもりだったんじゃないかな。
でもそれは些細なことだ。
でもそれは些細なことだ。
いちいち追求するような話じゃない。
いちいち追求するような話じゃない。
秀隆
秀隆
謝ることなんて何もないですよ。オレ、感謝してるんですから
謝ることなんて何もないですよ。オレ、感謝してるんですから
仕事のことだけじゃない。
仕事のことだけじゃない。
あなたがいなければ、オレはここに、こうしていられなかっただろう。
あなたがいなければ、オレはここに、こうしていられなかっただろう。
どれだけ感謝しても、足りないくらいだ。
どれだけ感謝しても、足りないくらいだ。
唐沢
唐沢
嬉しいなぁ。こうして君と飲めるなんて
嬉しいなぁ。こうして君と飲めるなんて
秀隆
秀隆
照れるじゃないですか、よしてください
照れるじゃないですか、よしてください
それから、オレたちは会っていなかった２年間の話題で盛り上がった。
それから、オレたちは会っていなかった２年間の話題で盛り上がった。
ちょっぴりエッチな話でも、大いに笑いあって。
ちょっぴりエッチな話でも、大いに笑いあって。
でも、いつしか互いに口数は少なくなり、酔いに任せて酒を飲む。
でも、いつしか互いに口数は少なくなり、酔いに任せて酒を飲む。
こう言う雰囲気は、嫌いじゃない。
こう言う雰囲気は、嫌いじゃない。
やがて、ぽつりと唐沢さんが口を開いた。
やがて、ぽつりと唐沢さんが口を開いた。
唐沢
唐沢
正攻法に誘っても、君は、多分特務官にはならないんだろうね
正攻法に誘っても、君は、多分特務官にはならないんだろうね
秀隆
秀隆
……申し訳ないです。こればかりは……
……申し訳ないです。こればかりは……
唐沢
唐沢
気持ちは分かるよ。分かる……だけど、僕は君を諦めたくない
気持ちは分かるよ。分かる……だけど、僕は君を諦めたくない
秀隆
秀隆
……あいつ、まどかのヤツは、どうですか。優秀だと思うんですけど
……あいつ、まどかのヤツは、どうですか。優秀だと思うんですけど
唐沢
唐沢
ああ、彼女は良くやってくれている。新人では頭ひとつ抜けているね
ああ、彼女は良くやってくれている。新人では頭ひとつ抜けているね
秀隆
秀隆
根っから真面目ですから
根っから真面目ですから
秀隆
秀隆
他にも、あいつに負けない新人たちが、
他にも、あいつに負けない新人たちが、
沢山入ってると思うんです。その人たちじゃダメなんですか
沢山入ってると思うんです。その人たちじゃダメなんですか
唐沢
唐沢
もちろん頼もしい者たちばかりだ。だけど彼女も普通の特務官なんだよ
もちろん頼もしい者たちばかりだ。だけど彼女も普通の特務官なんだよ
唐沢
唐沢
今僕が欲しいのは、流れを変えてくれるような人材だ
今僕が欲しいのは、流れを変えてくれるような人材だ
秀隆
秀隆
流れ……ですか？
流れ……ですか？
唐沢
唐沢
最近は、ドリームタウンに出し抜かれるケースが増えてきているんだ
最近は、ドリームタウンに出し抜かれるケースが増えてきているんだ
秀隆
秀隆
え……
え……
それは、初耳だった。
それは、初耳だった。
唐沢
唐沢
もちろんニュースにはなっていない。あくまでも内々での話さ
もちろんニュースにはなっていない。あくまでも内々での話さ
秀隆
秀隆
竹内氏が、いるじゃないですか
竹内氏が、いるじゃないですか
唐沢
唐沢
うん。彼がいるから、今のホープタウンがある。
うん。彼がいるから、今のホープタウンがある。
でも、いつまでも彼一人で戦い抜けるほど、特務官の世界は甘くない
でも、いつまでも彼一人で戦い抜けるほど、特務官の世界は甘くない
秀隆
秀隆
…………
…………
唐沢
唐沢
若く、そして変革をもたらしてくれる人材が欲しい
若く、そして変革をもたらしてくれる人材が欲しい
唐沢
唐沢
だから僕は、君に会いに来ている
だから僕は、君に会いに来ている
秀隆
秀隆
オレは……
オレは……
唐沢
唐沢
君はずるいと、言うかも知れない。でも
君はずるいと、言うかも知れない。でも
唐沢
唐沢
そうも言ってられなくなってきている。そう言う事態が起きてるんだ
そうも言ってられなくなってきている。そう言う事態が起きてるんだ
秀隆
秀隆
……ん、なんですか……？
……ん、なんですか……？
唐沢
唐沢
いいかい、今から見せるものは、非常に深刻な問題を含んでいる
いいかい、今から見せるものは、非常に深刻な問題を含んでいる
秀隆
秀隆
は、はぁ……
は、はぁ……
唐沢
唐沢
心を乱さず、冷静でいられると約束してくれるかい？
心を乱さず、冷静でいられると約束してくれるかい？
当然、他言無用だ
当然、他言無用だ
秀隆
秀隆
内容は分からないですが、わかりました……
内容は分からないですが、わかりました……
唐沢
唐沢
……これだ
……これだ
そう言い、取り出した茶色い大きめの封筒。
そう言い、取り出した茶色い大きめの封筒。
大事そうな書類が入っている感じだ。
大事そうな書類が入っている感じだ。
オレはそれを受け取り、そっと紙を取り出した。
オレはそれを受け取り、そっと紙を取り出した。
そして、失礼しますと言い目を通す。
そして、失礼しますと言い目を通す。
秀隆
秀隆
…………
…………
唐沢
唐沢
…………
…………
唐沢さんは、オレの横で静かにお酒を口元に運ぶ。
唐沢さんは、オレの横で静かにお酒を口元に運ぶ。
秀隆
秀隆
これは……
これは……
オレはそれがすぐに何であるか理解した。
オレはそれがすぐに何であるか理解した。
なぜなら、過去に何度も見たことがあるものだったからだ。
なぜなら、過去に何度も見たことがあるものだったからだ。
でも
でも
読み進めていくうちに、心拍数が上がっていくのを感じていた。
読み進めていくうちに、心拍数が上がっていくのを感じていた。
秀隆
秀隆
なんですか……これ……
なんですか……これ……
唐沢
唐沢
そこに書かれてあるのは、本当のことだよ
そこに書かれてあるのは、本当のことだよ
秀隆
秀隆
な、なんで……いや、そんな、まさか、何かの間違いじゃ……
な、なんで……いや、そんな、まさか、何かの間違いじゃ……
唐沢
唐沢
これが間違いであってくれればと僕も思ったよ。
これが間違いであってくれればと僕も思ったよ。
でも、ここにあることは全て事実だ。間違いで書かれてはならないことだよ
でも、ここにあることは全て事実だ。間違いで書かれてはならないことだよ
秀隆
秀隆
……は……
……は……
意図せずして、息が漏れた。
意図せずして、息が漏れた。
かかかかか、と小刻みに足が震える。
かかかかか、と小刻みに足が震える。
秀隆
秀隆
いや……はは、参ったな……そうっすか……
いや……はは、参ったな……そうっすか……
秀隆
秀隆
んまぁ、ある種、理解してはいたって言うか……
んまぁ、ある種、理解してはいたって言うか……
秀隆
秀隆
だから、驚くことじゃなくて、納得することなんですよ
だから、驚くことじゃなくて、納得することなんですよ
秀隆
秀隆
オレ、いや、あの、だから……
オレ、いや、あの、だから……
唐沢
唐沢
島津くん
島津くん
秀隆
秀隆
はは、は……こんなの見ても、オレ……
はは、は……こんなの見ても、オレ……
秀隆
秀隆
無理、無理っす、無理です……オレには、特務官なんて……
無理、無理っす、無理です……オレには、特務官なんて……
秀隆
秀隆
それに……この問題は、
それに……この問題は、
例えオレが特務官になったとしても解決できるような
例えオレが特務官になったとしても解決できるような
胃の中から込み上げてくる、強烈な吐き気。
胃の中から込み上げてくる、強烈な吐き気。
秀隆
秀隆
う……く……
う……く……
喉元まで這い上がってきたどろどろの酒を、飲み込む。
喉元まで這い上がってきたどろどろの酒を、飲み込む。
唐沢
唐沢
もし君が特務官になってくれるというなら……
もし君が特務官になってくれるというなら……
唐沢
唐沢
もしもの時に力を貸すと約束しよう
もしもの時に力を貸すと約束しよう
秀隆
秀隆
え……っ……？
え……っ……？
唐沢
唐沢
ひどい言い方だ。僕は君の人生を勝手に決めようとしている。
ひどい言い方だ。僕は君の人生を勝手に決めようとしている。
だけど、その人生を決めさせてもらうだけの対価は、支払うつもりだ
だけど、その人生を決めさせてもらうだけの対価は、支払うつもりだ
秀隆
秀隆
力を貸す、って……
力を貸す、って……
唐沢
唐沢
もちろんそこに書かれてある通りのこと、だ
もちろんそこに書かれてある通りのこと、だ
秀隆
秀隆
…………
…………
そこに書かれてある項目。
そこに書かれてある項目。
それは、オレにはどれだけ足掻いても不可能なことが書かれてある。
それは、オレにはどれだけ足掻いても不可能なことが書かれてある。
秀隆
秀隆
これを……オレなんか、に……？
これを……オレなんか、に……？
唐沢
唐沢
それだけの価値があると思っているからこそだ
それだけの価値があると思っているからこそだ
唐沢
唐沢
早急に決断しなければならない。
早急に決断しなければならない。
それこそ、今すぐに返答が欲しいくらいだ
それこそ、今すぐに返答が欲しいくらいだ
唐沢
唐沢
悠長に考えている時間はないだろう。お互いにね
悠長に考えている時間はないだろう。お互いにね
秀隆
秀隆
唐沢さん、オレは
唐沢さん、オレは
唐沢
唐沢
短い時間の中で、しっかり考えて欲しい
短い時間の中で、しっかり考えて欲しい
秀隆
秀隆
…………
…………
秀隆
秀隆
……はい……
……はい……
この場では、頷くことしか出来なかった。
この場では、頷くことしか出来なかった。
…………。
…………。
……。
……。
秀隆
秀隆
ただい、ひくっ、ま……うぃ……
ただい、ひくっ、ま……うぃ……
アクセラ
アクセラ
お帰りなさいませ。今日は、随分とお飲みになられたんですね
お帰りなさいませ。今日は、随分とお飲みになられたんですね
秀隆
秀隆
あぁ……ちょっとな。悪かったな、連絡しなくて
あぁ……ちょっとな。悪かったな、連絡しなくて
アクセラ
アクセラ
いえ
いえ
秋
秋
お帰りなさい
お帰りなさい
秀隆
秀隆
……おう
……おう
秋
秋
唐沢さんと、一緒だったんですよね。
唐沢さんと、一緒だったんですよね。
何となく遅くなると思って先に食事は頂きました
何となく遅くなると思って先に食事は頂きました
秀隆
秀隆
そうか……
そうか……
アクセラ
アクセラ
お風呂に入られますか？
お風呂に入られますか？
秀隆
秀隆
いや、ちょっと頭が痛いから、横になるわ
いや、ちょっと頭が痛いから、横になるわ
アクセラ
アクセラ
畏まりました
畏まりました
オレは部屋に戻ろうと、扉に手をかけたところで立ち止まった。
オレは部屋に戻ろうと、扉に手をかけたところで立ち止まった。
秀隆
秀隆
……秋
……秋
秋
秋
なんですか、兄さん
なんですか、兄さん
秀隆
秀隆
おまえ、今楽しいか？
おまえ、今楽しいか？
秋
秋
なんですかそれ……酔っ払いの相手はしたくありませんよ
なんですかそれ……酔っ払いの相手はしたくありませんよ
秀隆
秀隆
なんとなく、聞いてみただけなんだけどな
なんとなく、聞いてみただけなんだけどな
秋
秋
お答えしなければいけませんか
お答えしなければいけませんか
秀隆
秀隆
出来れば
出来れば
秋
秋
はぁっ……楽しいと思います？
はぁっ……楽しいと思います？
秀隆
秀隆
さぁ、オレにはお前の気持ちはわからないよ
さぁ、オレにはお前の気持ちはわからないよ
秋
秋
そうですよね……
そうですよね……
オレは後ろを振り返る。
オレは後ろを振り返る。
そこには冷ややかな、何も感情を持たない妹の顔があった。
そこには冷ややかな、何も感情を持たない妹の顔があった。
淡々と口を開く。
淡々と口を開く。
秋
秋
楽しくなんてありませんよ
楽しくなんてありませんよ
秋
秋
楽しいはずがありません。毎日毎日、吐き気のする日々を送ってます
楽しいはずがありません。毎日毎日、吐き気のする日々を送ってます
秋
秋
何もかも捨てて、どこかに消え去りたいと思ったことも、
何もかも捨てて、どこかに消え去りたいと思ったことも、
数え切れません
数え切れません
秀隆
秀隆
そうか。そうだよな……
そうか。そうだよな……
秋
秋
兄さんにとっては、満足な答えじゃないですか？
兄さんにとっては、満足な答えじゃないですか？
秀隆
秀隆
……かもな……
……かもな……
秋
秋
実につまらない質問でしたね。酔いも冷めちゃいますよ？
実につまらない質問でしたね。酔いも冷めちゃいますよ？
秀隆
秀隆
だな……。折角のほろ酔い気分が台無しだ
だな……。折角のほろ酔い気分が台無しだ
もう、満足に思考も働かない。
もう、満足に思考も働かない。
秋のことなんて、どうでもいいのに。
秋のことなんて、どうでもいいのに。
秋
秋
おやすみなさい、兄さん
おやすみなさい、兄さん
秀隆
秀隆
ああ、おやすみ……
ああ、おやすみ……
そりゃそうだ。
そりゃそうだ。
あっはは、バカなことを聞いたもんだ。
あっはは、バカなことを聞いたもんだ。
秀隆
秀隆
くそったれ……
くそったれ……
秀隆
秀隆
くそったれめ……
くそったれめ……
オレは、ベッドに倒れ込み天井を見上げた。
オレは、ベッドに倒れ込み天井を見上げた。
瞬く間に意識は飛んでいく。
瞬く間に意識は飛んでいく。
秀隆
秀隆
……姉さん……
……姉さん……
オレの声は、闇に溶けた。
オレの声は、闇に溶けた。
