日曜日の朝。
日曜日の朝。
凛
凛
うー……あそこ痛い……
うー……あそこ痛い……
秀隆
秀隆
まだ慣れないか？
まだ慣れないか？
凛
凛
２回目で慣れるわけないでしょ？　……痛い……
２回目で慣れるわけないでしょ？　……痛い……
昨日のムードもどこへやら。
昨日のムードもどこへやら。
やっぱり痛みはあったのか、凛は不機嫌そうに言った。
やっぱり痛みはあったのか、凛は不機嫌そうに言った。
秀隆
秀隆
なかなか難しいもんだな
なかなか難しいもんだな
凛
凛
男はいいわよね。別に痛くもなくて
男はいいわよね。別に痛くもなくて
秀隆
秀隆
いや、そういわれてもだな……
いや、そういわれてもだな……
男には男にで色々あるんだが。
男には男にで色々あるんだが。
まあ、女の子の苦労に比べたら、発言なんて出来るはずもなく。
まあ、女の子の苦労に比べたら、発言なんて出来るはずもなく。
凛
凛
初体験の時に比べたら、何倍もマシだったけどさ
初体験の時に比べたら、何倍もマシだったけどさ
秀隆
秀隆
あれはお前が悪い
あれはお前が悪い
凛
凛
ふん
ふん
秀隆
秀隆
…………
…………
凛
凛
…………
…………
お互いに文句を言っても、実はずっとそばで見つめあっていたり。
お互いに文句を言っても、実はずっとそばで見つめあっていたり。
凛
凛
ちゅっ……
ちゅっ……
凛から、オレにキスして来たり。
凛から、オレにキスして来たり。
凛
凛
んっ……
んっ……
オレから、凛にキスしたり。
オレから、凛にキスしたり。
秀隆
秀隆
……凛の大切なとこ、触ってもいいか？
……凛の大切なとこ、触ってもいいか？
と、普通ならぶったたかれるようなことを、ストレートに言ってみる。
と、普通ならぶったたかれるようなことを、ストレートに言ってみる。
凛
凛
痛くしないなら……
痛くしないなら……
秀隆
秀隆
しないよ
しないよ
オレは、そっと凛のマ○コに指を伸ばす。
オレは、そっと凛のマ○コに指を伸ばす。
凛
凛
っ……あたしも、触るからっ
っ……あたしも、触るからっ
秀隆
秀隆
オレのチ○コ好きか？
オレのチ○コ好きか？
凛
凛
別にっ……標準サイズだし
別にっ……標準サイズだし
秀隆
秀隆
うるせえな
うるせえな
凛
凛
……標準でよかったけど
……標準でよかったけど
お互いに、優しく性器を刺激する。
お互いに、優しく性器を刺激する。
凛
凛
あんっ……ん……
あんっ……ん……
秀隆
秀隆
凛……
凛……
凛
凛
んぅ、ちゅ、ちゅっ……ちゅ……
んぅ、ちゅ、ちゅっ……ちゅ……
凛
凛
んぅっ……秀隆……んっ……
んぅっ……秀隆……んっ……
身体を密着させ、くちゅくちゅと凛のあそこを弄る。
身体を密着させ、くちゅくちゅと凛のあそこを弄る。
凛
凛
やぁ、くちゅくちゅ言ってる……んぅっ……
やぁ、くちゅくちゅ言ってる……んぅっ……
秀隆
秀隆
……うるさいな
……うるさいな
凛
凛
……もしかしたら、マネージャーかも
……もしかしたら、マネージャーかも
秀隆
秀隆
仕事はないんじゃないのか？
仕事はないんじゃないのか？
凛
凛
そうなんだけどね。ちょっと見てくる
そうなんだけどね。ちょっと見てくる
そういい、凛は身体を起こした。
そういい、凛は身体を起こした。
秀隆
秀隆
玄関靴あるから、気を付けてくれ
玄関靴あるから、気を付けてくれ
凛
凛
わかってる
わかってる
秀隆
秀隆
アイドルなんだよな……
アイドルなんだよな……
オレの存在は間違っても知られるわけにはいかない。
オレの存在は間違っても知られるわけにはいかない。
オレはパンツをはきリビングへ。
オレはパンツをはきリビングへ。
凛
凛
希望だった
希望だった
秀隆
秀隆
希望か。何の用だって？
希望か。何の用だって？
凛
凛
なんか学園で配られたのを持ってきたみたい。ちょっと受け取るから、あんた奥
なんか学園で配られたのを持ってきたみたい。ちょっと受け取るから、あんた奥
秀隆
秀隆
お、おう
お、おう
奥に引っ込む。
奥に引っ込む。
希望
希望
おはよー凛ちゃん
おはよー凛ちゃん
凛
凛
おはよ。ごめんね、わざわざ持ってきてもらってさ
おはよ。ごめんね、わざわざ持ってきてもらってさ
希望
希望
ううん。凛ちゃんの友達だし
ううん。凛ちゃんの友達だし
凛
凛
ありがと
ありがと
希望
希望
おじゃましまーす
おじゃましまーす
凛
凛
ちょ、ちょっと！　なんで上がり込んでんの！？
ちょ、ちょっと！　なんで上がり込んでんの！？
希望
希望
え？　なんで？　ついでに遊ぼうかなあって
え？　なんで？　ついでに遊ぼうかなあって
凛
凛
ほら、あたしみてよ。髪とかぼさぼさでしょ？
ほら、あたしみてよ。髪とかぼさぼさでしょ？
希望
希望
ほんとだ。くんくん……凛ちゃん、なんか臭いよ？
ほんとだ。くんくん……凛ちゃん、なんか臭いよ？
凛
凛
えっ！？
えっ！？
希望
希望
汗っていうかなんていうか……す、凄い臭いしてる……
汗っていうかなんていうか……す、凄い臭いしてる……
凛
凛
げげ、まったく気づかなかった……
げげ、まったく気づかなかった……
希望
希望
お風呂入ってきた方がいいよ？
お風呂入ってきた方がいいよ？
凛
凛
そ、それはそうなんだけど……あははは……
そ、それはそうなんだけど……あははは……
希望
希望
何かあったの？
何かあったの？
凛
凛
え、ど、どうして……？
え、ど、どうして……？
希望
希望
だって何か様子おかしいし……
だって何か様子おかしいし……
凛
凛
別にぃ？
別にぃ？
演技力がある凛とは言え、臭いや外見まではどうにもできない。
演技力がある凛とは言え、臭いや外見まではどうにもできない。
希望
希望
……ねえ凛ちゃん
……ねえ凛ちゃん
凛
凛
あ、あたし忙しいからさ、その……
あ、あたし忙しいからさ、その……
希望
希望
ひょっとして、今秀隆くん来てる？
ひょっとして、今秀隆くん来てる？
凛
凛
いっ！？
いっ！？
希望
希望
だって、あれ秀隆くんの鞄だよね？
だって、あれ秀隆くんの鞄だよね？
凛
凛
さささ、さぁ？
さささ、さぁ？
希望
希望
うーん、そうだと思うんだけど
うーん、そうだと思うんだけど
とととと、と足音。
とととと、と足音。
凛
凛
ちょっとこら！
ちょっとこら！
さすが希望、オレは見えていなくても状況がよくわかる。
さすが希望、オレは見えていなくても状況がよくわかる。
希望
希望
ほらやっぱり、秀隆くんの鞄だ。秀隆くんは？　トイレ？
ほらやっぱり、秀隆くんの鞄だ。秀隆くんは？　トイレ？
凛
凛
えーっと……
えーっと……
希望
希望
ん？
ん？
暫くの沈黙。
暫くの沈黙。
そして……。
そして……。
凛
凛
はぁっ……わかった、あんたにはちゃんと報告しなきゃね
はぁっ……わかった、あんたにはちゃんと報告しなきゃね
凛は折れたようだった。
凛は折れたようだった。
凛
凛
秀隆
秀隆
秀隆
秀隆
……しゃーないか
……しゃーないか
オレは上着を着て、寝室からリビングへ。
オレは上着を着て、寝室からリビングへ。
希望
希望
わ……
わ……
明らかにオレのラフな格好を見て驚く。
明らかにオレのラフな格好を見て驚く。
もちろん、寝室から出て来たことに驚いたんだろうけど。
もちろん、寝室から出て来たことに驚いたんだろうけど。
希望
希望
おはよう
おはよう
秀隆
秀隆
おはようさん
おはようさん
オレと凛を交互に見る希望。
オレと凛を交互に見る希望。
凛
凛
あたしたち、その、付き合うことになって
あたしたち、その、付き合うことになって
希望
希望
そうなんだ。あ、それでちょっと慌ててたんだね
そうなんだ。あ、それでちょっと慌ててたんだね
凛
凛
ごめん。なんか急に教えるとあれかと思ってさ……
ごめん。なんか急に教えるとあれかと思ってさ……
希望
希望
水臭いよ。私は凛ちゃんの友達なんだから
水臭いよ。私は凛ちゃんの友達なんだから
凛
凛
そうね……
そうね……
希望
希望
もしかして、大人の階段をのぼっちゃった？
もしかして、大人の階段をのぼっちゃった？
能天気な爆弾発言。
能天気な爆弾発言。
凛
凛
あーさっぱりした
あーさっぱりした
シャワーから上がった凛。
シャワーから上がった凛。
凛
凛
あんたも入ってきたら？
あんたも入ってきたら？
秀隆
秀隆
そうしようかな……
そうしようかな……
希望
希望
どうせなら一緒に入ればよかったのに
どうせなら一緒に入ればよかったのに
凛
凛
ば、バカ言わないでよ
ば、バカ言わないでよ
秀隆
秀隆
一緒に入ったら１時間は出てこないか……大人しく入ってきます
一緒に入ったら１時間は出てこないか……大人しく入ってきます
希望
希望
ねえねえ
ねえねえ
凛
凛
な、なによ
な、なによ
希望
希望
いつから付き合ってるの？
いつから付き合ってるの？
凛は、その発言に思わずトロフィーを見た。
凛は、その発言に思わずトロフィーを見た。
運動会で２位に入賞した時のものだ。
運動会で２位に入賞した時のものだ。
それを見て希望が察知する。
それを見て希望が察知する。
希望
希望
わ、最近だ
わ、最近だ
希望
希望
秀隆くんから告白したの？　凛ちゃんからなの？
秀隆くんから告白したの？　凛ちゃんからなの？
凛
凛
そ、そんなことどうだっていいんじゃない？
そ、そんなことどうだっていいんじゃない？
希望
希望
私は興味あるなっ、すごく
私は興味あるなっ、すごく
凛
凛
……誰にも言っちゃだめよ？
……誰にも言っちゃだめよ？
希望
希望
もちろんだよ
もちろんだよ
秀隆
秀隆
あーさっぱりした
あーさっぱりした
凛と同じようにリビングに戻ってくる。
凛と同じようにリビングに戻ってくる。
と、二人がくるっとオレの方を向いた。
と、二人がくるっとオレの方を向いた。
希望
希望
ニヤニヤ
ニヤニヤ
秀隆
秀隆
なんでそんなニヤニヤしてんだよ
なんでそんなニヤニヤしてんだよ
凛
凛
こ、こら希望っ
こ、こら希望っ
希望
希望
いやぁ、朝から凛ちゃんのおのろけばなしを聞いちゃって
いやぁ、朝から凛ちゃんのおのろけばなしを聞いちゃって
秀隆
秀隆
おのろけ？
おのろけ？
希望
希望
秀隆くんに抱きしめて貰ったこととか、優しい言葉を
秀隆くんに抱きしめて貰ったこととか、優しい言葉を
凛
凛
わーっわーっ！　あ、あんた誰にも言わないでって言ったでしょ！
わーっわーっ！　あ、あんた誰にも言わないでって言ったでしょ！
希望
希望
秀隆くんは当事者なんだし、ノーカウントだよ
秀隆くんは当事者なんだし、ノーカウントだよ
凛
凛
んなの聞いてないっての！
んなの聞いてないっての！
秀隆
秀隆
なんだかわからんが、オレはお邪魔そうだな……
なんだかわからんが、オレはお邪魔そうだな……
秀隆
秀隆
あー……
あー……
ベッドで寝ようと思ったが、色々大惨事だ。
ベッドで寝ようと思ったが、色々大惨事だ。
シーツはぐちょぐちょだし、エロイ臭いも充満している。
シーツはぐちょぐちょだし、エロイ臭いも充満している。
秀隆
秀隆
別にいいか
別にいいか
凛の匂いと思えば……。
凛の匂いと思えば……。
興奮してちょっとたってきたぞっ☆
興奮してちょっとたってきたぞっ☆
se着信（バイブ
se着信（バイブ
秀隆
秀隆
…………
…………
凛の携帯が鳴った。
凛の携帯が鳴った。
se着信（バイブ
se着信（バイブ
二度、三度。
二度、三度。
そう言えば最近やたら凛がメールを受信している気がする。
そう言えば最近やたら凛がメールを受信している気がする。
もちろん、別に彼氏がいるってことは、まずないと思うが……。
もちろん、別に彼氏がいるってことは、まずないと思うが……。
なら、一体誰が？
なら、一体誰が？
希望の可能性も考えていたが、今来てるしな。
希望の可能性も考えていたが、今来てるしな。
秀隆
秀隆
…………
…………
悪いことだとは思いつつも、携帯を手に取った。
悪いことだとは思いつつも、携帯を手に取った。
着信　１９８件。
着信　１９８件。
秀隆
秀隆
なんだこれ……
なんだこれ……
希望
希望
うーん、遊園地の時からちょっと怪しいとは思ってたんだ
うーん、遊園地の時からちょっと怪しいとは思ってたんだ
リビングに出ると、まだ話を続けているようだった。
リビングに出ると、まだ話を続けているようだった。
凛
凛
あ、あたし態度に出てた？
あ、あたし態度に出てた？
希望
希望
他の人には見せない表情してたかも
他の人には見せない表情してたかも
凛
凛
うっわ、マジ無意識なんだけど……
うっわ、マジ無意識なんだけど……
秀隆
秀隆
ちょっと出かけてくるな
ちょっと出かけてくるな
凛
凛
え、どこに行くの？
え、どこに行くの？
秀隆
秀隆
すぐ戻るから。希望と話しててくれ
すぐ戻るから。希望と話しててくれ
凛
凛
うん、わかった。気を付けてね
うん、わかった。気を付けてね
希望
希望
気を付けてね、だって
気を付けてね、だって
凛
凛
うっさいわね
うっさいわね
秀隆
秀隆
……凛……
……凛……
オレは、強い苛立ちを感じていた。
オレは、強い苛立ちを感じていた。
もちろん凛に対してじゃない。
もちろん凛に対してじゃない。
このメールの送り主に対してだ。
このメールの送り主に対してだ。
…………。
…………。
ホープタウンに戻ってきたオレは、そのまま自宅へ。
ホープタウンに戻ってきたオレは、そのまま自宅へ。
そして帰宅するなり、端末を立ち上げた。
そして帰宅するなり、端末を立ち上げた。
凛の携帯からコピーしたメールを、全て取り込んでいく。
凛の携帯からコピーしたメールを、全て取り込んでいく。
秀隆
秀隆
…………
…………
…………。
…………。
……。
……。
秀隆
秀隆
ただいま
ただいま
凛
凛
お帰り。遅かったわね
お帰り。遅かったわね
秀隆
秀隆
ああ、悪い。ちょっと用事が長引いてさ
ああ、悪い。ちょっと用事が長引いてさ
希望
希望
ただいまとお帰りだって
ただいまとお帰りだって
どうやら、まだ希望は家に居たらしい。
どうやら、まだ希望は家に居たらしい。
凛
凛
なによ。別に普通の会話じゃない
なによ。別に普通の会話じゃない
希望
希望
そうなんだけどね。普通の会話でも、関係の違いで大きく変わって聞こえるなって
そうなんだけどね。普通の会話でも、関係の違いで大きく変わって聞こえるなって
うんうんと、自分で言って何か納得している。
うんうんと、自分で言って何か納得している。
秀隆
秀隆
そりゃ、オレたちは恋人同士だからな。な？
そりゃ、オレたちは恋人同士だからな。な？
凛
凛
……バーカ
……バーカ
何故か、ちょっと怒られた。
何故か、ちょっと怒られた。
希望
希望
秀隆くんは、ひょっとして凛ちゃんの家で暮らすようになるの？
秀隆くんは、ひょっとして凛ちゃんの家で暮らすようになるの？
凛
凛
は、はぁ？　なんでそんな話になるのよっ
は、はぁ？　なんでそんな話になるのよっ
希望
希望
だって、ここ数日は一緒に生活してるんだよね？
だって、ここ数日は一緒に生活してるんだよね？
凛
凛
それは、まぁ、そうなんだけど。違うわよ、ね？
それは、まぁ、そうなんだけど。違うわよ、ね？
秀隆
秀隆
オレとしては、凛との生活も悪くないと思ってる
オレとしては、凛との生活も悪くないと思ってる
凛
凛
そ、そりゃそうよね。あたしと生活したくなるのは、当然よね
そ、そりゃそうよね。あたしと生活したくなるのは、当然よね
希望
希望
熱々だね、二人ともっ
熱々だね、二人ともっ
秀隆
秀隆
とは言え、物理的な問題は多々あるし、それは無理だろうな
とは言え、物理的な問題は多々あるし、それは無理だろうな
凛
凛
何よ、その物理的な問題って
何よ、その物理的な問題って
秀隆
秀隆
規制緩和がされたって言っても、制限はあるってことだ
規制緩和がされたって言っても、制限はあるってことだ
秀隆
秀隆
そうじゃないと、トラブルの元になるからな
そうじゃないと、トラブルの元になるからな
希望
希望
なるほど。それはそうかも知れないね。
なるほど。それはそうかも知れないね。
じゃあ、凛ちゃんが秀隆くんの家に住むのは？
じゃあ、凛ちゃんが秀隆くんの家に住むのは？
秀隆
秀隆
家はそこそこ広いって言っても、既に４人暮らしだからな
家はそこそこ広いって言っても、既に４人暮らしだからな
希望
希望
そっか……
そっか……
凛
凛
別に一緒に住む必要なんてないって。ほら、付き合い始めたばっかりだし？
別に一緒に住む必要なんてないって。ほら、付き合い始めたばっかりだし？
秀隆
秀隆
そうだな。浮気して１ヶ月後には別れてるかも知れな
そうだな。浮気して１ヶ月後には別れてるかも知れな
痛たたたたた！
痛たたたたた！
ぎゅーっと耳を引っ張られる。
ぎゅーっと耳を引っ張られる。
凛
凛
もう一回いってみ？　ん？
もう一回いってみ？　ん？
秀隆
秀隆
や、やだな。軽い冗談に決まってるじゃないです
や、やだな。軽い冗談に決まってるじゃないです
痛たたたたた！
痛たたたたた！
凛
凛
軽い冗談も性質が悪いし、本当だったら耳を引きちぎるレベルだから
軽い冗談も性質が悪いし、本当だったら耳を引きちぎるレベルだから
秀隆
秀隆
すいませんすいませんすいません！
すいませんすいませんすいません！
希望
希望
将来は大変だよ、秀隆くん
将来は大変だよ、秀隆くん
凛
凛
なーに言ってんの。あたしって言う最高の美少女を彼女に出来たのよ？　その時点で秀隆はこれ以上を望めない状況にあるんだから
なーに言ってんの。あたしって言う最高の美少女を彼女に出来たのよ？　その時点で秀隆はこれ以上を望めない状況にあるんだから
秀隆
秀隆
それはごもっともです、はい
それはごもっともです、はい
美人、もしくは可愛い子だけに限定すれば、
美人、もしくは可愛い子だけに限定すれば、
凛は間違いなく上位数％に入ってくる逸材だ。
凛は間違いなく上位数％に入ってくる逸材だ。
そんな子と付き合えるだけで、幸せなことこの上ない。
そんな子と付き合えるだけで、幸せなことこの上ない。
秀隆
秀隆
それに、凛のこういう性格も、彼女としてみれば可愛いというか
それに、凛のこういう性格も、彼女としてみれば可愛いというか
秀隆
秀隆
オレは凄く嬉しいんだよ
オレは凄く嬉しいんだよ
凛
凛
……分かってきたじゃない
……分かってきたじゃない
ちょっとテレながらも、頷く凛。
ちょっとテレながらも、頷く凛。
秀隆
秀隆
凛……好きだぞ
凛……好きだぞ
凛
凛
……あたしだって……秀隆のこと……
……あたしだって……秀隆のこと……
オレと凛は、見つめあい、手を取り合う。
オレと凛は、見つめあい、手を取り合う。
そして、近づいていく唇。
そして、近づいていく唇。
希望
希望
…………
…………
秀隆
秀隆
…………
…………
凛
凛
…………
…………
希望
希望
キス、しないの？
キス、しないの？
秀隆
秀隆
希望くん。君は、いつ帰るのかな？
希望くん。君は、いつ帰るのかな？
希望
希望
私帰ったほうがいいの？　ご飯一緒に食べて帰ろうかと思ったんだけど
私帰ったほうがいいの？　ご飯一緒に食べて帰ろうかと思ったんだけど
秀隆
秀隆
……図太いよな、希望は
……図太いよな、希望は
希望
希望
私のことは気にしないでいいのに。さ、どうぞどうぞ
私のことは気にしないでいいのに。さ、どうぞどうぞ
どうぞどうぞって……。
どうぞどうぞって……。
秀隆
秀隆
じゃあ、とりあえずキスだけ
じゃあ、とりあえずキスだけ
凛
凛
するかっ！
するかっ！
その後、一緒に夕食を食べ、テレビを見て談笑した後、
その後、一緒に夕食を食べ、テレビを見て談笑した後、
ようやく希望は家に帰った。
ようやく希望は家に帰った。
秀隆
秀隆
さすが大河内代表の娘というか、大物だな。
さすが大河内代表の娘というか、大物だな。
最初からあんな感じだったのか？
最初からあんな感じだったのか？
凛
凛
そうね。出会ってから変わってないかな。
そうね。出会ってから変わってないかな。
天然なようで天然じゃないし、バカなようでバカじゃないし
天然なようで天然じゃないし、バカなようでバカじゃないし
凛
凛
分かりやすそうで、そうでもない。
分かりやすそうで、そうでもない。
確かに秀隆の言うように、大河内代表の娘だけあるかもね
確かに秀隆の言うように、大河内代表の娘だけあるかもね
秀隆
秀隆
だな
だな
秀隆
秀隆
……なあ凛
……なあ凛
秀隆
秀隆
なにかオレに話すことはないか？
なにかオレに話すことはないか？
凛
凛
ん？　話すこと？　……別にないけど
ん？　話すこと？　……別にないけど
秀隆
秀隆
そうか……
そうか……
凛
凛
なによ、なんか含みのある言い方じゃない。なんかあるの？
なによ、なんか含みのある言い方じゃない。なんかあるの？
秀隆
秀隆
いや、そのだな……オレが言いたいのは……
いや、そのだな……オレが言いたいのは……
秀隆
秀隆
一緒に風呂、入らないか？　ってことなんだが
一緒に風呂、入らないか？　ってことなんだが
凛
凛
は？　お風呂って……ちょっと、またエッチなことするつもりなんじゃないの？
は？　お風呂って……ちょっと、またエッチなことするつもりなんじゃないの？
秀隆
秀隆
ダメか？
ダメか？
凛
凛
……嫌じゃないけど。あたし、お風呂長いわよ？
……嫌じゃないけど。あたし、お風呂長いわよ？
秀隆
秀隆
望むところだ
望むところだ
二人で脱衣所へ。
二人で脱衣所へ。
秀隆
秀隆
さー脱ごうぜ
さー脱ごうぜ
凛
凛
分かって、るけど、何じろじろ見てるのよ……
分かって、るけど、何じろじろ見てるのよ……
秀隆
秀隆
いいだろ？　凛の脱ぐところみたいし。
いいだろ？　凛の脱ぐところみたいし。
ほら、オレはもう全裸待機だ
ほら、オレはもう全裸待機だ
凛
凛
ほんとだ……しかも、ギンギンになってるしぃ……
ほんとだ……しかも、ギンギンになってるしぃ……
秀隆
秀隆
好きな子といると、こうなるんだって
好きな子といると、こうなるんだって
凛
凛
……そりゃ、あたしで勃ってるのは悪い気しないけど……
……そりゃ、あたしで勃ってるのは悪い気しないけど……
凛が、オレの前で脱いでいく。
凛が、オレの前で脱いでいく。
下着になり、そして、全裸に。
下着になり、そして、全裸に。
秀隆
秀隆
たまらん……
たまらん……
凛
凛
あーほらほら、触るのは後でね。とりあえずお風呂入るわよ
あーほらほら、触るのは後でね。とりあえずお風呂入るわよ
秀隆
秀隆
り、凛！　辛抱たまらん！！
り、凛！　辛抱たまらん！！
…………。
…………。
……。
……。
