秀隆
秀隆
絶景だな……最高だ
絶景だな……最高だ
アクセラ
アクセラ
秀隆様のオチ○チンも……最高です。私だけの、秀隆様です
秀隆様のオチ○チンも……最高です。私だけの、秀隆様です
秀隆
秀隆
素敵か？
素敵か？
アクセラ
アクセラ
……素敵です……
……素敵です……
アクセラのおっぱいにオレの息子を挟むことで、究極の形が出来あがる。
アクセラのおっぱいにオレの息子を挟むことで、究極の形が出来あがる。
秀隆
秀隆
オレはじっとしてるから。アクセラが奉仕してみてくれ
オレはじっとしてるから。アクセラが奉仕してみてくれ
アクセラ
アクセラ
はい……ですが、やり方を間違えていたら言ってください
はい……ですが、やり方を間違えていたら言ってください
秀隆
秀隆
任せろ
任せろ
もちろん、パイズリなんて人生で初めてだ。
もちろん、パイズリなんて人生で初めてだ。
アクセラは自分のおっぱいを手ではさみ、オレの竿を刺激し始める。
アクセラは自分のおっぱいを手ではさみ、オレの竿を刺激し始める。
秀隆
秀隆
そ、そうそう。いいぞ……
そ、そうそう。いいぞ……
アクセラ
アクセラ
上手くできているといいのですが……
上手くできているといいのですが……
竿にくる快感もそうだが、そもそもこの構図がエロイ。
竿にくる快感もそうだが、そもそもこの構図がエロイ。
これだけで射精まで達することも難しくはないだろう。
これだけで射精まで達することも難しくはないだろう。
秀隆
秀隆
ああ、気持ちいいぞ
ああ、気持ちいいぞ
乳首をつまんでみる。
乳首をつまんでみる。
アクセラ
アクセラ
ひゃっ！　そ、そんなことされたら、集中できませんっ……
ひゃっ！　そ、そんなことされたら、集中できませんっ……
秀隆
秀隆
いやらしい乳首が悪い。こんなにぷっくらしてるから
いやらしい乳首が悪い。こんなにぷっくらしてるから
アクセラ
アクセラ
……秀隆さま、私の乳首は……好きですか？
……秀隆さま、私の乳首は……好きですか？
秀隆
秀隆
オフコース……
オフコース……
くりくりと刺激する。
くりくりと刺激する。
アクセラ
アクセラ
あぅあ！　あ……そんなに強くつねられたら……
あぅあ！　あ……そんなに強くつねられたら……
秀隆
秀隆
つねられたら？
つねられたら？
アクセラ
アクセラ
濡れてしまいます……
濡れてしまいます……
秀隆
秀隆
……素晴らしい
……素晴らしい
アクセラ
アクセラ
あ……秀隆様が、より硬くなりました
あ……秀隆様が、より硬くなりました
アクセラ
アクセラ
ん……んっ……
ん……んっ……
懸命におっぱいを動かし、オレのモノを愛するアクセラ。
懸命におっぱいを動かし、オレのモノを愛するアクセラ。
アクセラ
アクセラ
こ、これ……私、なめても、いいんでしょうか？
こ、これ……私、なめても、いいんでしょうか？
秀隆
秀隆
舐めたいのか？
舐めたいのか？
アクセラ
アクセラ
すごく、舐めたいです……
すごく、舐めたいです……
秀隆
秀隆
許可
許可
グッと親指を立てる。
グッと親指を立てる。
アクセラ
アクセラ
ありがとうございます……ちゅっ
ありがとうございます……ちゅっ
まず、アクセラはオレの先端にキスをした。
まず、アクセラはオレの先端にキスをした。
そして、そのあと舌先を出して、ぺろりと舐める。
そして、そのあと舌先を出して、ぺろりと舐める。
アクセラ
アクセラ
ぺろ……
ぺろ……
アクセラ
アクセラ
…………
…………
秀隆
秀隆
どうだ？
どうだ？
アクセラ
アクセラ
ん、れろ、ちゅ、ちゅっ、れるっ、ん、ちゅぅっ
ん、れろ、ちゅ、ちゅっ、れるっ、ん、ちゅぅっ
秀隆
秀隆
うおっ！？
うおっ！？
アクセラは、夢中にオレのモノを舐めはじめた。
アクセラは、夢中にオレのモノを舐めはじめた。
アクセラ
アクセラ
ど、どうしましょう……おいひい、れす……んっちゅっ
ど、どうしましょう……おいひい、れす……んっちゅっ
アクセラ
アクセラ
ふぅ、ん……ん……んっ……気持ちいいでしょうか？
ふぅ、ん……ん……んっ……気持ちいいでしょうか？
秀隆
秀隆
や、やば……
や、やば……
ゆっくりと舌先で敏感な先端に触れてきた。
ゆっくりと舌先で敏感な先端に触れてきた。
秀隆
秀隆
くっ……
くっ……
がくがくと膝が震える。
がくがくと膝が震える。
アクセラ
アクセラ
ふふ、ん、んっ……ちゅ、ちゅっ……
ふふ、ん、んっ……ちゅ、ちゅっ……
それが嬉しかったのか、すぐアクセラは激しい行動を始めた。
それが嬉しかったのか、すぐアクセラは激しい行動を始めた。
アクセラ
アクセラ
ん、ちゅ……ちゅっ、ちゅっ……ちゅぱ……れるっ、りゅ、ちゅ、ちゅんっ……
ん、ちゅ……ちゅっ、ちゅっ……ちゅぱ……れるっ、りゅ、ちゅ、ちゅんっ……
アクセラ
アクセラ
はむっ、ん……んっ、んっ……ちゅっ……はんっ、んっ、ちゅむっ……
はむっ、ん……んっ、んっ……ちゅっ……はんっ、んっ、ちゅむっ……
秀隆
秀隆
あくせ、ら……
あくせ、ら……
アクセラ
アクセラ
もっと、もっともっと、気持ちよくなってもらいたいです……
もっと、もっともっと、気持ちよくなってもらいたいです……
アクセラ
アクセラ
ちゅ……ちゅっ……れるっ……んっ……んちゅうっ、ちゅうっ……
ちゅ……ちゅっ……れるっ……んっ……んちゅうっ、ちゅうっ……
アクセラ
アクセラ
んっ、んっ、んっ、じゅ、じゅっ、っ……ちゅっ、んぅっ……
んっ、んっ、んっ、じゅ、じゅっ、っ……ちゅっ、んぅっ……
アクセラ
アクセラ
秀隆様……もし射精したくなりましたら、私の顔と胸に……
秀隆様……もし射精したくなりましたら、私の顔と胸に……
アクセラ
アクセラ
熱い精子を、かけてほしいです……
熱い精子を、かけてほしいです……
秀隆
秀隆
い、いいのか？
い、いいのか？
オレとしては、そうさせてくれるなら嬉しいけど。
オレとしては、そうさせてくれるなら嬉しいけど。
アクセラ
アクセラ
もちろんです……ちゅ、ちゅっ……んぅっ、ちゅるっ……
もちろんです……ちゅ、ちゅっ……んぅっ、ちゅるっ……
アクセラ
アクセラ
はむっ、んっ……んっ、ちゅ、くちゅっ……んっ……
はむっ、んっ……んっ、ちゅ、くちゅっ……んっ……
アクセラはだんだん舌の動きを激しくし、
アクセラはだんだん舌の動きを激しくし、
さらにおっぱいで挟む力もあげていく。
さらにおっぱいで挟む力もあげていく。
オレは自分から腰を使い、アクセラの奉仕を催促させる。
オレは自分から腰を使い、アクセラの奉仕を催促させる。
アクセラ
アクセラ
じゅっ、ちゅっ、んぅ、じゅぽっ、じゅ……ちゅ……んぅっ……
じゅっ、ちゅっ、んぅ、じゅぽっ、じゅ……ちゅ……んぅっ……
アクセラ
アクセラ
ん、れろ、ちゅ、ちゅっ、れるっ、ん、ちゅぅっ
ん、れろ、ちゅ、ちゅっ、れるっ、ん、ちゅぅっ
アクセラ
アクセラ
んっ、んっ、んっ、じゅ、じゅるっ、じゅっ……ちゅっ、んぅっ……
んっ、んっ、んっ、じゅ、じゅるっ、じゅっ……ちゅっ、んぅっ……
アクセラ
アクセラ
ちゅぱ、ちゅ、れるれっ、ちゅ……んぅ、ちゅっ……
ちゅぱ、ちゅ、れるれっ、ちゅ……んぅ、ちゅっ……
秀隆
秀隆
は、あぁっ……アクセラ……
は、あぁっ……アクセラ……
アクセラ
アクセラ
オチ○チンから溢れてくるもの、とても美味しいです……
オチ○チンから溢れてくるもの、とても美味しいです……
チューチューと、あふれ出る我慢汁を吸い上げるアクセラ。
チューチューと、あふれ出る我慢汁を吸い上げるアクセラ。
そして時折、見上げてオレにいやらしくピンク色に光る唇を見せてくる。
そして時折、見上げてオレにいやらしくピンク色に光る唇を見せてくる。
アクセラ
アクセラ
んっ、んじゅ、じゅるっ、じゅっ……ちゅっ、んぅっ……んんっ！
んっ、んじゅ、じゅるっ、じゅっ……ちゅっ、んぅっ……んんっ！
アクセラ
アクセラ
んぐっ、んんぅっ、んぐっ、んむっ、じゅ、んぶぅっ……
んぐっ、んんぅっ、んぐっ、んむっ、じゅ、んぶぅっ……
秀隆
秀隆
つ、っ……く……！
つ、っ……く……！
オレは、瞬く間に発射体制を整えてしまう。
オレは、瞬く間に発射体制を整えてしまう。
こんな短時間でいったら……。
こんな短時間でいったら……。
アクセラ
アクセラ
ちゅ、ん、ちゅっ、ちゅっ、んぁ、はあっ。秀隆様ぁ
ちゅ、ん、ちゅっ、ちゅっ、んぁ、はあっ。秀隆様ぁ
いったら……。
いったら……。
アクセラ
アクセラ
はむっ、んふぅっ、ふ、じゅ、んっ…んっ、んんっ
はむっ、んふぅっ、ふ、じゅ、んっ…んっ、んんっ
秀隆
秀隆
かふっ！
かふっ！
僅か２分足らずで、オレイク。
僅か２分足らずで、オレイク。
アクセラ
アクセラ
あ……白いの、出てきました……
あ……白いの、出てきました……
秀隆
秀隆
やばすぎっしょ……
やばすぎっしょ……
アクセラ
アクセラ
この白いの、私にください……全部くださいっ
この白いの、私にください……全部くださいっ
アクセラは、オレの精液をぺろぺろと舌ですくっていく。
アクセラは、オレの精液をぺろぺろと舌ですくっていく。
秀隆
秀隆
ぱ、ぱねぇす！
ぱ、ぱねぇす！
アクセラ
アクセラ
おいしい…んっ……
おいしい…んっ……
そして、見える範囲の精子全てを、なめとってしまった。
そして、見える範囲の精子全てを、なめとってしまった。
アクセラ
アクセラ
……秀隆様……
……秀隆様……
オレに抱き付き、すりすりするアクセラ。
オレに抱き付き、すりすりするアクセラ。
アクセラ
アクセラ
秀隆様が、ほしいです……
秀隆様が、ほしいです……
秀隆
秀隆
わ、わかった
わ、わかった
再装填まで多少時間の余裕がほしかったが、
再装填まで多少時間の余裕がほしかったが、
アクセラは既に準備万端のようだった。
アクセラは既に準備万端のようだった。
我慢しきれず自分の手であそこを弄っている。
我慢しきれず自分の手であそこを弄っている。
オレはアクセラを上にさせる。
オレはアクセラを上にさせる。
秀隆
秀隆
オレはじっとしてるから、好きに動いてみろ
オレはじっとしてるから、好きに動いてみろ
アクセラ
アクセラ
はい……
はい……
アクセラはオレの竿を握り、自分のマ○コへと導く。
アクセラはオレの竿を握り、自分のマ○コへと導く。
アクセラ
アクセラ
はぁん……オチ○チン、凄く固いです……
はぁん……オチ○チン、凄く固いです……
腰を落とし、アクセラはすっぽりとオレのを咥えこんでしまう。
腰を落とし、アクセラはすっぽりとオレのを咥えこんでしまう。
だらだらと愛液が、オレの竿を垂れていく。
だらだらと愛液が、オレの竿を垂れていく。
秀隆
秀隆
ほんと、濡れすぎだって……
ほんと、濡れすぎだって……
アクセラ
アクセラ
あっ……あっ……ん……っ……
あっ……あっ……ん……っ……
すぐ我慢できなくなったのか、腰を振りはじめるアクセラ。
すぐ我慢できなくなったのか、腰を振りはじめるアクセラ。
秀隆
秀隆
う、やべ……
う、やべ……
アクセラ
アクセラ
秀隆様が、私のおっぱいやマ○コを、じっと見てます……
秀隆様が、私のおっぱいやマ○コを、じっと見てます……
アクセラ
アクセラ
見られて恥ずかしくてそれが気持ちいいです……
見られて恥ずかしくてそれが気持ちいいです……
ぴちゅぴちゅ音を立て、夢中で腰を振る。
ぴちゅぴちゅ音を立て、夢中で腰を振る。
オレは少しでも楽しもうと、揺れる大きなおっぱいを掴んだ。
オレは少しでも楽しもうと、揺れる大きなおっぱいを掴んだ。
アクセラ
アクセラ
もっと、強く握ってくださっても、大丈夫です……
もっと、強く握ってくださっても、大丈夫です……
秀隆
秀隆
お、おう
お、おう
言われるがまま、オレはぎゅっとおっぱいを揉む。
言われるがまま、オレはぎゅっとおっぱいを揉む。
アクセラ
アクセラ
ひゃう！　気持ち、いいっ……ですっ！
ひゃう！　気持ち、いいっ……ですっ！
にちゅ、にちゅ。
にちゅ、にちゅ。
アクセラ
アクセラ
あぁっ、あっ、あっ、くっ、んっ、んっ、んぅっ……
あぁっ、あっ、あっ、くっ、んっ、んっ、んぅっ……
早くも、アクセラは激しい動きで自ら腰を上下させはじめた。
早くも、アクセラは激しい動きで自ら腰を上下させはじめた。
本当にエッチな子だ。
本当にエッチな子だ。
オレもまた、アクセラの動きに合わせるようにして、腰を突き上げる。
オレもまた、アクセラの動きに合わせるようにして、腰を突き上げる。
アクセラ
アクセラ
そ、そんなに激しくされますと……あ、あぁああっ、ああっ
そ、そんなに激しくされますと……あ、あぁああっ、ああっ
ズン、ズンと突き上げ、アクセラの中を堪能するように、
ズン、ズンと突き上げ、アクセラの中を堪能するように、
粘膜のあちこちを刺激していく。
粘膜のあちこちを刺激していく。
アクセラ
アクセラ
ふぅっ……んっ、んくっ、あ、あぅっ……！
ふぅっ……んっ、んくっ、あ、あぅっ……！
アクセラ
アクセラ
や、ぁっ、ああっ、ふああ、っ、あ、あっ、ああ、んっ！
や、ぁっ、ああっ、ふああ、っ、あ、あっ、ああ、んっ！
アクセラ
アクセラ
はぁ、はあ、あっ、ああっ、あっ、あ、あっ、あっ！
はぁ、はあ、あっ、ああっ、あっ、あ、あっ、あっ！
アクセラ
アクセラ
はあ、あ、あ、あっ……あっ……
はあ、あ、あ、あっ……あっ……
奥で、私の奥で、秀隆様のが、出入りしてるのがわかりますっ
奥で、私の奥で、秀隆様のが、出入りしてるのがわかりますっ
アクセラ
アクセラ
はあ、あ、あ、あっ……あっ……
はあ、あ、あ、あっ……あっ……
奥で、私の奥で、秀隆様のが、出入りしてるのがわかりますっ
奥で、私の奥で、秀隆様のが、出入りしてるのがわかりますっ
アクセラ
アクセラ
ふ、あ、あ、あっ……こりって、奥……っ……
ふ、あ、あ、あっ……こりって、奥……っ……
アクセラ
アクセラ
……くっ……んぅっ……
……くっ……んぅっ……
アクセラ
アクセラ
どうしてこんなに、気持ちいいんですかっ……！
どうしてこんなに、気持ちいいんですかっ……！
アクセラ
アクセラ
も、もう秀隆様抜きでは、生きていけませんっ……！
も、もう秀隆様抜きでは、生きていけませんっ……！
アクセラ
アクセラ
あっ……あっ……あっ……ああっ！
あっ……あっ……あっ……ああっ！
アクセラ
アクセラ
や、あんっ、あっ、あっ、あっ、はぁっ、は、激しっ……！
や、あんっ、あっ、あっ、あっ、はぁっ、は、激しっ……！
もはや止めることの出来ない快楽の波。
もはや止めることの出来ない快楽の波。
アクセラ
アクセラ
はぁ、あっ、ああっ、あっ……！
はぁ、あっ、ああっ、あっ……！
アクセラ
アクセラ
あっ……あっ……あっ……ああっ！
あっ……あっ……あっ……ああっ！
アクセラ
アクセラ
は、ひゃ、き、気持ちよすぎます、はぁっ、秀隆様、秀隆様っ！
は、ひゃ、き、気持ちよすぎます、はぁっ、秀隆様、秀隆様っ！
アクセラ
アクセラ
ひ、秀隆様にイかされます、イかされちゃいますっ！
ひ、秀隆様にイかされます、イかされちゃいますっ！
秀隆
秀隆
イ、イってくれアクセラ……っ
イ、イってくれアクセラ……っ
アクセラの容赦のない腰使い。
アクセラの容赦のない腰使い。
秀隆
秀隆
くっ
くっ
アクセラ
アクセラ
やっ、や、やっ、あっ、あ、あっ、あっ、ふあ、ああっ！
やっ、や、やっ、あっ、あ、あっ、あっ、ふあ、ああっ！
アクセラ
アクセラ
だ、ダメです、や、やぁあああっ、あああああっ！！
だ、ダメです、や、やぁあああっ、あああああっ！！
一際大きく鳴いたアクセラに、オレは最後の一突きをお見舞いした。
一際大きく鳴いたアクセラに、オレは最後の一突きをお見舞いした。
秀隆
秀隆
島津の精子を、お注ぎ申すっ！！
島津の精子を、お注ぎ申すっ！！
オレは、早くも２度目の射精を迎える。
オレは、早くも２度目の射精を迎える。
秀隆
秀隆
だは……ふあ……っ……
だは……ふあ……っ……
ばたりとその場に尽きるオレ。
ばたりとその場に尽きるオレ。
アクセラ
アクセラ
なかぁ、なかにぃ……もっと、いれてくださいっ……
なかぁ、なかにぃ……もっと、いれてくださいっ……
それを、アクセラは搾り取ろうと必死だった。
それを、アクセラは搾り取ろうと必死だった。
