愛佳
愛佳
センセ、どういうことか説明してくれるよね？
センセ、どういうことか説明してくれるよね？
秋
秋
最低です兄さん
最低です兄さん
秀隆
秀隆
お、落ち着けっておまえら。朝からそんな怖い顔するなって！
お、落ち着けっておまえら。朝からそんな怖い顔するなって！
朝、オレは愛佳と秋に詰め寄られていた。
朝、オレは愛佳と秋に詰め寄られていた。
秋
秋
人様の家族を傷つけるなんて……見損ないました。今まで以上に
人様の家族を傷つけるなんて……見損ないました。今まで以上に
秀隆
秀隆
今まで以上は余計だっ
今まで以上は余計だっ
裕輔
裕輔
すまないな。止めたんだが
すまないな。止めたんだが
昨日、傷ついて帰ってきた裕輔を見て驚いたんだろう。
昨日、傷ついて帰ってきた裕輔を見て驚いたんだろう。
妹として心配してしまうのは、無理もない。
妹として心配してしまうのは、無理もない。
裕輔
裕輔
何度も話したが、これは秀隆のせいじゃない。
何度も話したが、これは秀隆のせいじゃない。
俺の不用意な行動のせいでミスをしただけに過ぎないんだ
俺の不用意な行動のせいでミスをしただけに過ぎないんだ
愛佳
愛佳
あたしは、別に先生を怒ってるんじゃなくて、
あたしは、別に先生を怒ってるんじゃなくて、
キチンと説明して貰いたいだけなの。
キチンと説明して貰いたいだけなの。
お兄ちゃんに聞いても何も教えてくれないから
お兄ちゃんに聞いても何も教えてくれないから
秀隆
秀隆
裕輔には口止めしてたんだ。悪かった
裕輔には口止めしてたんだ。悪かった
オレはテーブルに手をついて頭を下げた。
オレはテーブルに手をついて頭を下げた。
でも、秋は常に怒ったような視線を向けてきている。
でも、秋は常に怒ったような視線を向けてきている。
余計なトラブルを持ち込まれて迷惑だ、ってことだろう。
余計なトラブルを持ち込まれて迷惑だ、ってことだろう。
愛佳
愛佳
秋ちゃんごめんね。朝からメールとか送っちゃって
秋ちゃんごめんね。朝からメールとか送っちゃって
秋
秋
ううん。悪いのは兄さんだから
ううん。悪いのは兄さんだから
秀隆
秀隆
批判は甘んじて受け入れるっ
批判は甘んじて受け入れるっ
アクセラ
アクセラ
どうしてお給料は上がったのに、生活は楽にならないのでしょうか？
どうしてお給料は上がったのに、生活は楽にならないのでしょうか？
秀隆
秀隆
そう言うどうにもならない批判は受け付けません
そう言うどうにもならない批判は受け付けません
アクセラ
アクセラ
都合の良い批判ですね
都合の良い批判ですね
愛佳
愛佳
あー……ところで、誰なの？　この美人でスタイルの良い人……
あー……ところで、誰なの？　この美人でスタイルの良い人……
どうやら、アクセラの存在が気になるらしい。
どうやら、アクセラの存在が気になるらしい。
秀隆
秀隆
何でオレを睨みながら説明を求めるんだ？
何でオレを睨みながら説明を求めるんだ？
愛佳
愛佳
何となく？
何となく？
秋
秋
アクセラって言って、アンドロイドなの
アクセラって言って、アンドロイドなの
秋も状況的に仕方なく説明をする。
秋も状況的に仕方なく説明をする。
愛佳
愛佳
アンドロイド……
アンドロイド……
そうなんだ。良かった
そうなんだ。良かった
キズナ
キズナ
イカイカ嬉しそうです
イカイカ嬉しそうです
秋
秋
ただ……
ただ……
秀隆
秀隆
悪いんだが、アクセラのことは他言無用で頼む
悪いんだが、アクセラのことは他言無用で頼む
愛佳
愛佳
どういうこと？
どういうこと？
秀隆
秀隆
少し訳ありなんだ。理由は聞かないでくれると助かる
少し訳ありなんだ。理由は聞かないでくれると助かる
秋
秋
お願い
お願い
愛佳
愛佳
センセと秋ちゃんがそう言うなら、あたしは深く聞かないよ
センセと秋ちゃんがそう言うなら、あたしは深く聞かないよ
裕輔
裕輔
ああ
ああ
二人は不快な顔を見せず、快く承諾してくれた。
二人は不快な顔を見せず、快く承諾してくれた。
オレは状況の説明をする義務があると判断する。
オレは状況の説明をする義務があると判断する。
秀隆
秀隆
先日、裕輔にお願いして貧困街と呼ばれる場所に行ってきた
先日、裕輔にお願いして貧困街と呼ばれる場所に行ってきた
隠し通せば強い不満を与えると判断したオレは、
隠し通せば強い不満を与えると判断したオレは、
昨日のことを包み隠さず話すことを決めた。
昨日のことを包み隠さず話すことを決めた。
秀隆
秀隆
ドリームタウンにある、ちょっと危険な場所だ
ドリームタウンにある、ちょっと危険な場所だ
愛佳
愛佳
ドリームタウン……そっか、だからお兄ちゃん……
ドリームタウン……そっか、だからお兄ちゃん……
恐らく家庭内、プラントのことで思い当たることがあったんだろう。
恐らく家庭内、プラントのことで思い当たることがあったんだろう。
少し驚いたものの、すぐ愛佳が納得した。
少し驚いたものの、すぐ愛佳が納得した。
秀隆
秀隆
オレ一人じゃ不安だったから、裕輔に助けを求めたんだ。
オレ一人じゃ不安だったから、裕輔に助けを求めたんだ。
不用意に話せば心配させるだろうと思って伝えなかったが、
不用意に話せば心配させるだろうと思って伝えなかったが、
それが逆に沢山心配させることになった。申し訳ない
それが逆に沢山心配させることになった。申し訳ない
愛佳
愛佳
最初に話してくれなかったのは寂しいけど……。
最初に話してくれなかったのは寂しいけど……。
でも、センセがちゃんと説明してくれたからいいよ
でも、センセがちゃんと説明してくれたからいいよ
そう言い、愛佳は笑って言った。
そう言い、愛佳は笑って言った。
秀隆
秀隆
ありがとう
ありがとう
秋
秋
今後、そう言う物騒な場所に行く時は一人で行ってください
今後、そう言う物騒な場所に行く時は一人で行ってください
秀隆
秀隆
兄を殺す気か妹よ
兄を殺す気か妹よ
アクセラ
アクセラ
人様に迷惑をかけるよりはマシかと
人様に迷惑をかけるよりはマシかと
秀隆
秀隆
オレの命って思ったより軽そうだね！
オレの命って思ったより軽そうだね！
アクセラ
アクセラ
今頃お気づきになられたのですか？
今頃お気づきになられたのですか？
秋
秋
信じられない……
信じられない……
秀隆
秀隆
…………
…………
キズナ
キズナ
いじけちゃいましたよ、ひーくん。急に爪の間とか触り始めました
いじけちゃいましたよ、ひーくん。急に爪の間とか触り始めました
裕輔
裕輔
恐らく冗談だろう。気にするな
恐らく冗談だろう。気にするな
秀隆
秀隆
そんな真顔でフォローされても嬉しくない。
そんな真顔でフォローされても嬉しくない。
つか、どうせフォローされるなら女の子にされたい
つか、どうせフォローされるなら女の子にされたい
裕輔
裕輔
そうか……すまない
そうか……すまない
何故か、ややショックを受けたようにうな垂れた。
何故か、ややショックを受けたようにうな垂れた。
オレは出かけるついでに、裕輔と愛佳を送っていくことにした。
オレは出かけるついでに、裕輔と愛佳を送っていくことにした。
裕輔
裕輔
今日も行くつもりなのか？
今日も行くつもりなのか？
秀隆
秀隆
ん、まあ、そうだな
ん、まあ、そうだな
愛佳
愛佳
ええっ、危ないって！　やめときなよ！
ええっ、危ないって！　やめときなよ！
秀隆
秀隆
どうしても行かなきゃならないんだ
どうしても行かなきゃならないんだ
裕輔
裕輔
秀隆には、秀隆の信念があるということだ。
秀隆には、秀隆の信念があるということだ。
だが俺には付いていってやることができない
だが俺には付いていってやることができない
秀隆
秀隆
許可があっても、もう裕輔は連れていけないって
許可があっても、もう裕輔は連れていけないって
愛佳への不安もそうだし、これ以上巻き込むわけにはいかない。
愛佳への不安もそうだし、これ以上巻き込むわけにはいかない。
裕輔
裕輔
一人で大丈夫か？　俺も
一人で大丈夫か？　俺も
秀隆
秀隆
けが人のおまえを連れて行けるわけないだろ
けが人のおまえを連れて行けるわけないだろ
隣で心配そうに兄を見上げる愛佳。
隣で心配そうに兄を見上げる愛佳。
秀隆
秀隆
心配するな。裕輔を連れてったりはしないよ
心配するな。裕輔を連れてったりはしないよ
愛佳
愛佳
先生も同じくらい心配。もう行かない方がいいよ
先生も同じくらい心配。もう行かない方がいいよ
秀隆
秀隆
そうも言ってられないんだ。
そうも言ってられないんだ。
どうしても今回の仕事に、必要不可欠なことだから
どうしても今回の仕事に、必要不可欠なことだから
裕輔
裕輔
昨日のようなことにはならないと思うが、
昨日のようなことにはならないと思うが、
それでも、あの場所が危険なことに変わりはない
それでも、あの場所が危険なことに変わりはない
秀隆
秀隆
その辺は少し考えがある。多分大丈夫だ
その辺は少し考えがある。多分大丈夫だ
裕輔
裕輔
俺が口を挟むべきことじゃなかったな
俺が口を挟むべきことじゃなかったな
裕輔
裕輔
だが無茶はするな
だが無茶はするな
秀隆
秀隆
次に危ない目にあったら、脱兎のごとく逃げ出すさ
次に危ない目にあったら、脱兎のごとく逃げ出すさ
ドリームタウンに着いたオレは、早速ある場所へと向かった。
ドリームタウンに着いたオレは、早速ある場所へと向かった。
秀隆
秀隆
朝、急に押しかけてしまい申し訳ございません
朝、急に押しかけてしまい申し訳ございません
恋
恋
大丈夫ですよ。私も、お友達の容態が気になっていましたから
大丈夫ですよ。私も、お友達の容態が気になっていましたから
秀隆
秀隆
裕輔の方はピンピンしてます。元々身体が丈夫ですから
裕輔の方はピンピンしてます。元々身体が丈夫ですから
恋
恋
それはよかったです……昨日は大変失礼しました
それはよかったです……昨日は大変失礼しました
秀隆
秀隆
いえいえ……！
いえいえ……！
互いに頭を下げあう。
互いに頭を下げあう。
恋
恋
それで、ご用件はなんでしょう？
それで、ご用件はなんでしょう？
秀隆
秀隆
あの……実は
あの……実は
話を切り出そうとしていると、奥の寝室が開いた。
話を切り出そうとしていると、奥の寝室が開いた。
そして、恭一さんが出てくる。
そして、恭一さんが出てくる。
一瞬オレの方を見たが、すぐ興味が失せたのか、
一瞬オレの方を見たが、すぐ興味が失せたのか、
無視して冷蔵庫の中身をチェックしだした。
無視して冷蔵庫の中身をチェックしだした。
恋
恋
挨拶くらいできないのですか？
挨拶くらいできないのですか？
恭一
恭一
できないな
できないな
恋
恋
まったく！
まったく！
秀隆
秀隆
…………
…………
分かっちゃいたことだけど、本当に一緒に暮らしてるんだな。
分かっちゃいたことだけど、本当に一緒に暮らしてるんだな。
寝室はひとつしかない。
寝室はひとつしかない。
つまり、そう言うことだ。
つまり、そう言うことだ。
って、それは今は関係ない。
って、それは今は関係ない。
秀隆
秀隆
ちょうどよかったです。今日は恭一さんに頼みがあってきました
ちょうどよかったです。今日は恭一さんに頼みがあってきました
恋
恋
恭一さんに？
恭一さんに？
秀隆
秀隆
実は、用心棒をお願いできないかと思ってるんです
実は、用心棒をお願いできないかと思ってるんです
恋
恋
それは……昨日下層地区にいらっしゃったのと関係があるんですか？
それは……昨日下層地区にいらっしゃったのと関係があるんですか？
秀隆
秀隆
はい。今日も向かいたいと思っています
はい。今日も向かいたいと思っています
恋さんたちがあの場所にいたことも気にかかるが、
恋さんたちがあの場所にいたことも気にかかるが、
それはオレが踏み込んでいい話でもないだろう。
それはオレが踏み込んでいい話でもないだろう。
恋
恋
あの場所は大変危険です。できればやめておいた方が
あの場所は大変危険です。できればやめておいた方が
恭一
恭一
男に捕まって犯されそうになったおまえが言うなよ
男に捕まって犯されそうになったおまえが言うなよ
恋
恋
わ、私のことは放っておいてください！
わ、私のことは放っておいてください！
恭一
恭一
なら次は助けず見物しててやるよ
なら次は助けず見物しててやるよ
恋
恋
結構です！　あなたに助けてほしいなんて思ったことはありません！
結構です！　あなたに助けてほしいなんて思ったことはありません！
恋さんは、恭一さんの前では常に怒っている気がする。
恋さんは、恭一さんの前では常に怒っている気がする。
喧嘩するほど仲がいいってことなんだろうけど。
喧嘩するほど仲がいいってことなんだろうけど。
秀隆
秀隆
お願いします恭一さん。お礼はさせていただきます
お願いします恭一さん。お礼はさせていただきます
恭一
恭一
お礼？　オレは金に興味はないぜ
お礼？　オレは金に興味はないぜ
秀隆
秀隆
…………
…………
お幾らお渡しすれば、と切り出す前に封じられてしまった。
お幾らお渡しすれば、と切り出す前に封じられてしまった。
恭一
恭一
それに誰かを守るなんて、柄じゃないしな
それに誰かを守るなんて、柄じゃないしな
恋
恋
あなたに守られたい人なんて、きっといないでしょうね
あなたに守られたい人なんて、きっといないでしょうね
恭一
恭一
その通ぉり
その通ぉり
恋
恋
と、このようにふざけてばかりの人なので……
と、このようにふざけてばかりの人なので……
島津さんが求められているような人物ではないかと
島津さんが求められているような人物ではないかと
秀隆
秀隆
ですが、強さは本物です。
ですが、強さは本物です。
正直、相対しただけで怖くて仕方なかったです
正直、相対しただけで怖くて仕方なかったです
恋
恋
ただ野蛮なだけですから
ただ野蛮なだけですから
恭一
恭一
野蛮ねえ
野蛮ねえ
恭一さんは恋さんの隣に、密着するように腰を下ろす。
恭一さんは恋さんの隣に、密着するように腰を下ろす。
恋
恋
もう少し離れて座ってください
もう少し離れて座ってください
恭一
恭一
狭いんだから仕方ないだろ
狭いんだから仕方ないだろ
恋
恋
だったら床に座ればいいじゃないですか
だったら床に座ればいいじゃないですか
恭一
恭一
このオレ様が？　床に？　おいおい、お前は何様だ？
このオレ様が？　床に？　おいおい、お前は何様だ？
恋
恋
この部屋の家主です
この部屋の家主です
恭一
恭一
家主とオレと、どっちが偉いと思ってるんだ
家主とオレと、どっちが偉いと思ってるんだ
恋
恋
当然家主です
当然家主です
恭一
恭一
オレとは見解が違うようだな。おい、お前はどう思う
オレとは見解が違うようだな。おい、お前はどう思う
秀隆
秀隆
え、自分ですか？
え、自分ですか？
恋
恋
どちらが正しいか言ってあげてください
どちらが正しいか言ってあげてください
秀隆
秀隆
えっと……
えっと……
恋さんが正しい
恋さんが正しい
恭一さんが正しい
恭一さんが正しい
秀隆
秀隆
恭一さんが正しいですね。さすがに床は可哀想かと
恭一さんが正しいですね。さすがに床は可哀想かと
恭一
恭一
だろ？　おまえ気に入った、これ飲んでいいぞ
だろ？　おまえ気に入った、これ飲んでいいぞ
そう言い、飲みかけのペットボトルを目の前に置かれた。
そう言い、飲みかけのペットボトルを目の前に置かれた。
全然うれしくない。
全然うれしくない。
秀隆
秀隆
あ、ありがとうございます
あ、ありがとうございます
恭一
恭一
今全然うれしくないとか思っただろ
今全然うれしくないとか思っただろ
秀隆
秀隆
おお、思ってないです
おお、思ってないです
恭一
恭一
今のでオレのお気に入りからおまえは外れたわ
今のでオレのお気に入りからおまえは外れたわ
秀隆
秀隆
そ、そうですか……残念です
そ、そうですか……残念です
秀隆
秀隆
恋さんですね。家主が正しいと思います
恋さんですね。家主が正しいと思います
恋
恋
ありがとうございます
ありがとうございます
恭一
恭一
おまえそれ本心か？　本当に本心か？
おまえそれ本心か？　本当に本心か？
秀隆
秀隆
一部の迷いも無く本心です
一部の迷いも無く本心です
恭一
恭一
よかったな、同情票が入って
よかったな、同情票が入って
恋
恋
あなたって人は……
あなたって人は……
恋
恋
どうしても、行かれるおつもりですか？
どうしても、行かれるおつもりですか？
秀隆
秀隆
はい
はい
恋
恋
……分かりました。恭一さん、島津さんにお力を貸してあげてください
……分かりました。恭一さん、島津さんにお力を貸してあげてください
恭一
恭一
分かった。断る
分かった。断る
恋
恋
それは分かったとは言いません
それは分かったとは言いません
恭一
恭一
じゃあ分かってない。断る
じゃあ分かってない。断る
恋
恋
先日、島津さんのお友達を傷つけたのを忘れたんですかっ
先日、島津さんのお友達を傷つけたのを忘れたんですかっ
恭一
恭一
記憶にないな
記憶にないな
恋
恋
もういいです。あなたに頼もうとした私がバカでした
もういいです。あなたに頼もうとした私がバカでした
恋さんは、何を思ったか立ち上がる。
恋さんは、何を思ったか立ち上がる。
秀隆
秀隆
あの？
あの？
恋
恋
私がついていきます
私がついていきます
秀隆
秀隆
ええっ！？
ええっ！？
恋
恋
もしもの時は、私を置いて逃げてくださいっ
もしもの時は、私を置いて逃げてくださいっ
秀隆
秀隆
いやいやいやいや！
いやいやいやいや！
そんなことできるはずもない。
そんなことできるはずもない。
恭一
恭一
なるほど、そりゃ良い案だな
なるほど、そりゃ良い案だな
恭一さんは悪びれた様子も無く、一人納得しているようだった。
恭一さんは悪びれた様子も無く、一人納得しているようだった。
恋
恋
……行きましょう島津さん
……行きましょう島津さん
秀隆
秀隆
待ってください
待ってください
オレは慌てて恋さんを呼び止める。
オレは慌てて恋さんを呼び止める。
秀隆
秀隆
今の話は忘れてください。自分ひとりで行きますから
今の話は忘れてください。自分ひとりで行きますから
恋
恋
ダメです。島津さん一人危険な目に遭わせられません
ダメです。島津さん一人危険な目に遭わせられません
秀隆
秀隆
恋さんを巻き込むこと、オレにはできませんから
恋さんを巻き込むこと、オレにはできませんから
恋
恋
ですが
ですが
秀隆
秀隆
恭一さんを責めないで上げてください。
恭一さんを責めないで上げてください。
元々は、無理なお願いをしようとしたオレが悪いんです
元々は、無理なお願いをしようとしたオレが悪いんです
恭一
恭一
そりゃそうだ。勝手にオレを悪者にされても困る
そりゃそうだ。勝手にオレを悪者にされても困る
恋
恋
あなたが悪者でしょう！
あなたが悪者でしょう！
恭一
恭一
オレが何したってんだよ
オレが何したってんだよ
恋
恋
島津さんのお友達を傷つけましたっ！
島津さんのお友達を傷つけましたっ！
恭一
恭一
アレは事故だろ。勘違いによるミスを責めるのかお前は
アレは事故だろ。勘違いによるミスを責めるのかお前は
恋
恋
勘違いでもなんでも、ひどいことをしました
勘違いでもなんでも、ひどいことをしました
恭一
恭一
うるせぇなあ
うるせぇなあ
面倒臭そうに立ち上がる。
面倒臭そうに立ち上がる。
恭一
恭一
カジノで遊んでくるわ。金クレ
カジノで遊んでくるわ。金クレ
恋
恋
恭一さん！
恭一さん！
恭一さんは一度寝室へと姿を消す。
恭一さんは一度寝室へと姿を消す。
そしてすぐ戻ってくる。
そしてすぐ戻ってくる。
手にはピンク色のモノを持っている。
手にはピンク色のモノを持っている。
恋
恋
それ、私の財布じゃないですか！
それ、私の財布じゃないですか！
恭一
恭一
オレは金持ってないからな
オレは金持ってないからな
そう言い、見せ付けるように目の前で財布から紙幣を取り出す。
そう言い、見せ付けるように目の前で財布から紙幣を取り出す。
恭一
恭一
これだけあれば、ま、遊べるか
これだけあれば、ま、遊べるか
紙幣を悠々と数える。
紙幣を悠々と数える。
恋
恋
最低ですね、あなたは……
最低ですね、あなたは……
恋
恋
本当に最低です……
本当に最低です……
顔を俯かせていたが、少しだけ涙声だった。
顔を俯かせていたが、少しだけ涙声だった。
恐らく恭一さんの行動が深く傷つけてしまったんだろう。
恐らく恭一さんの行動が深く傷つけてしまったんだろう。
でも、まるで悪びれる様子を見せない。
でも、まるで悪びれる様子を見せない。
恭一
恭一
じゃあな
じゃあな
恋さんに目もくれず、恭一さんは家を後にした。
恋さんに目もくれず、恭一さんは家を後にした。
オレと恋さんだけがその場に残される。
オレと恋さんだけがその場に残される。
秀隆
秀隆
えーっと……
えーっと……
恋さんは一度指先を顔付近にやった後、顔を上げた。
恋さんは一度指先を顔付近にやった後、顔を上げた。
恋
恋
ごめんなさい。ひどいところ、見せちゃいました
ごめんなさい。ひどいところ、見せちゃいました
秀隆
秀隆
いえ……
いえ……
恋
恋
すぐ準備するので、一緒に行きましょう
すぐ準備するので、一緒に行きましょう
秀隆
秀隆
それはダメです。恋さんを連れてはいけません
それはダメです。恋さんを連れてはいけません
秀隆
秀隆
少し対策を練ることにします。今日はやめておきますから
少し対策を練ることにします。今日はやめておきますから
恋
恋
本当ですか？　無茶はされないですか？
本当ですか？　無茶はされないですか？
秀隆
秀隆
はい。朝から押しかけて、申し訳なかったです
はい。朝から押しかけて、申し訳なかったです
恋
恋
そんな……私の方こそ、期待に応えられず申し訳ございません
そんな……私の方こそ、期待に応えられず申し訳ございません
ちっとも悪くなんてないのに、恋さんは頭を下げた。
ちっとも悪くなんてないのに、恋さんは頭を下げた。
秀隆
秀隆
恭一さんって、掴みどころのない人ですね
恭一さんって、掴みどころのない人ですね
恋
恋
掴みどころがなさすぎて困ります
掴みどころがなさすぎて困ります
秀隆
秀隆
なんか、恋さんの彼氏って感じはしませんよね
なんか、恋さんの彼氏って感じはしませんよね
恋
恋
え、そ、そうですか？
え、そ、そうですか？
秀隆
秀隆
もうちょっと控えめな人がタイプだと思ってたので
もうちょっと控えめな人がタイプだと思ってたので
恋
恋
あはは……
あはは……
何故か困ったような苦笑いを見せる。
何故か困ったような苦笑いを見せる。
あまりこの話題に触れてほしくはなさそうだ。
あまりこの話題に触れてほしくはなさそうだ。
秀隆
秀隆
何とかお願いできればと思ったんですけど……
何とかお願いできればと思ったんですけど……
恋
恋
あの人は、お金には無頓着です。
あの人は、お金には無頓着です。
それと、縛られるようなことを極端に嫌うので
それと、縛られるようなことを極端に嫌うので
秀隆
秀隆
何か交渉材料になるようなこと、ありませんか
何か交渉材料になるようなこと、ありませんか
恋
恋
……無いわけでは、無いかもしれません
……無いわけでは、無いかもしれません
秀隆
秀隆
何かあるんですかっ？　何でもいいです、仰ってください
何かあるんですかっ？　何でもいいです、仰ってください
恋
恋
こちらへ
こちらへ
そう言い、恋さんが寝室の方へ招く。
そう言い、恋さんが寝室の方へ招く。
恋
恋
これを見ていただけますか？
これを見ていただけますか？
そう言い、引き出しを開ける。
そう言い、引き出しを開ける。
そこには
そこには
極薄くん
極薄くん
秀隆
秀隆
……コンドームですね
……コンドームですね
恋
恋
あああっ、違います違います！！　間違えました！
あああっ、違います違います！！　間違えました！
慌てて引き出しを閉じる。
慌てて引き出しを閉じる。
顔を真っ赤にして、わたわたとしている。
顔を真っ赤にして、わたわたとしている。
恋
恋
こ、これはあの人がカジノの景品で勝手に持って帰ってきたものですから！
こ、これはあの人がカジノの景品で勝手に持って帰ってきたものですから！
秀隆
秀隆
き、気にしてません、はい。避妊は大事ですし
き、気にしてません、はい。避妊は大事ですし
恋
恋
違います！　そう言うんじゃありません！
違います！　そう言うんじゃありません！
秀隆
秀隆
でも……一個減ってるし……
でも……一個減ってるし……
恋
恋
っっ！！！
っっ！！！
慌てて極薄くんを取り上げ、引き出しにしまう。
慌てて極薄くんを取り上げ、引き出しにしまう。
見なかったことにしよう……うん。
見なかったことにしよう……うん。
恋
恋
お、お見せしたいのはこちらなんです！
お、お見せしたいのはこちらなんです！
そう言い、その下の段の引き出しを開けた。
そう言い、その下の段の引き出しを開けた。
そこには
そこには
秀隆
秀隆
本ですね
本ですね
引き出しにびっしりと本が詰まっている。
引き出しにびっしりと本が詰まっている。
恋
恋
これ、恭一さんが最近読んだ本なんです
これ、恭一さんが最近読んだ本なんです
秀隆
秀隆
最近読んだって……失礼します
最近読んだって……失礼します
一冊を手に取る。
一冊を手に取る。
ドリームタウンの歴史を紐解いた難しい字が並ぶ本や、
ドリームタウンの歴史を紐解いた難しい字が並ぶ本や、
最近流行していると思われる小説まで、幅広く置かれてある。
最近流行していると思われる小説まで、幅広く置かれてある。
恋
恋
彼、異常なまでに読書が好きみたいで
彼、異常なまでに読書が好きみたいで
秀隆
秀隆
意外ですね……本とか読むタイプだと思いませんでした
意外ですね……本とか読むタイプだと思いませんでした
恋
恋
私もです
私もです
くすりと笑う。
くすりと笑う。
恋
恋
いつもふざけたことばかり言っているのに、
いつもふざけたことばかり言っているのに、
新しい本を手に入れると子供みたいに喜んじゃって
新しい本を手に入れると子供みたいに喜んじゃって
恋
恋
読んでる時なんか、放っておくと朝まで読んでるんですよ
読んでる時なんか、放っておくと朝まで読んでるんですよ
先ほどまでの表情と違って、どこか嬉しそうだ。
先ほどまでの表情と違って、どこか嬉しそうだ。
恋
恋
以前、ホープタウンの歴史に関する本も読んでみたいって言ってたんです。けれど、こちらでは中々手に入らないものですので
以前、ホープタウンの歴史に関する本も読んでみたいって言ってたんです。けれど、こちらでは中々手に入らないものですので
秀隆
秀隆
本を手土産にすれば、ということですか？
本を手土産にすれば、ということですか？
恋
恋
あくまでも可能性の話ですが。それくらいしかありません
あくまでも可能性の話ですが。それくらいしかありません
秀隆
秀隆
なるほど……
なるほど……
普通、本一冊でどうこうなるとは思えないが、
普通、本一冊でどうこうなるとは思えないが、
人は自分の趣味によっては心を開いたりすることもある。
人は自分の趣味によっては心を開いたりすることもある。
それは時に、１００万２００万を積まれるより大きかったりするのだ。
それは時に、１００万２００万を積まれるより大きかったりするのだ。
秀隆
秀隆
ホープタウンに関する資料なら、どうにかなるかも知れません
ホープタウンに関する資料なら、どうにかなるかも知れません
恋
恋
ぜひこのことを、話してみてあげてください
ぜひこのことを、話してみてあげてください
秀隆
秀隆
分かりました。ありがとうございます
分かりました。ありがとうございます
秀隆
秀隆
これ以上、恋さんたちに迷惑はかけられないよな
これ以上、恋さんたちに迷惑はかけられないよな
オレは一人、下層地区へと足を運んだ。
オレは一人、下層地区へと足を運んだ。
裕輔に教わった護身術だけで、乗り切れる保証はない。
裕輔に教わった護身術だけで、乗り切れる保証はない。
でも、やるしか道はない。
でも、やるしか道はない。
もう時間は残されていないのだ。
もう時間は残されていないのだ。
松下さんを捜し出せるのはオレしかいない。
松下さんを捜し出せるのはオレしかいない。
大河内代表や高坂特務官には、
大河内代表や高坂特務官には、
この場所に足を運んで直接捜索することは出来ないだろうから。
この場所に足を運んで直接捜索することは出来ないだろうから。
闇雲に歩いていても、事態は進展しない。
闇雲に歩いていても、事態は進展しない。
とにかく話の出来そうな人を見つけ、情報を集めていこう。
とにかく話の出来そうな人を見つけ、情報を集めていこう。
出来るだけリスクのない、危険の少ない人に声をかける。
出来るだけリスクのない、危険の少ない人に声をかける。
それがオレの明暗を分けることになるんだ。
それがオレの明暗を分けることになるんだ。
そこで、オレは壁にもたれ、ぐったりとしている男を見つけた。
そこで、オレは壁にもたれ、ぐったりとしている男を見つけた。
この男なら、こちらを襲ってくる元気もない、かも知れない。
この男なら、こちらを襲ってくる元気もない、かも知れない。
秀隆
秀隆
あの、すみません……
あの、すみません……
男
男
……あぁっ？
……あぁっ？
顔を上げたヒゲだらけの男は、こちらをにらみつけた。
顔を上げたヒゲだらけの男は、こちらをにらみつけた。
このご尊顔には、なんだか見覚えがある気がする。
このご尊顔には、なんだか見覚えがある気がする。
男
男
どこかで見た顔だな……
どこかで見た顔だな……
オレと同じ気持ちだったんだろう。
オレと同じ気持ちだったんだろう。
数秒目と目が合う。
数秒目と目が合う。
男
男
思い出した……テメェ……
思い出した……テメェ……
ゆっくりと立ち上がる男。
ゆっくりと立ち上がる男。
男
男
おれのこと覚えてるだろ？　なあ
おれのこと覚えてるだろ？　なあ
秀隆
秀隆
いや……どうだったかなぁ……なんて
いや……どうだったかなぁ……なんて
間違いない。
間違いない。
この男は、オレと裕輔が相手をしたうちの一人だ。
この男は、オレと裕輔が相手をしたうちの一人だ。
男
男
おまえら、カモがネギ背負ってきたぜぇ
おまえら、カモがネギ背負ってきたぜぇ
秀隆
秀隆
げ……
げ……
わき道から、ぞろぞろと男たちが出てくる。
わき道から、ぞろぞろと男たちが出てくる。
オレは逃げ出そうと一歩後ろに後ずさったが、
オレは逃げ出そうと一歩後ろに後ずさったが、
男たちは逃がさないようぐるりとオレを取り囲んだ。
男たちは逃がさないようぐるりとオレを取り囲んだ。
男
男
今日はてめえ一人か？　運がなかったな
今日はてめえ一人か？　運がなかったな
秀隆
秀隆
…………
…………
やるしかないか……。
やるしかないか……。
男
男
うらぁ！
うらぁ！
正面の男が、こちらに飛び掛ってくる。
正面の男が、こちらに飛び掛ってくる。
動きそのものは単調で、早さもそれほどではない。
動きそのものは単調で、早さもそれほどではない。
オレは冷静にそれを避け、その伸ばされた腕を掴んだ。
オレは冷静にそれを避け、その伸ばされた腕を掴んだ。
そして、相手の力を利用して地面へと押し倒す。
そして、相手の力を利用して地面へと押し倒す。
男
男
ぐっ！
ぐっ！
秀隆
秀隆
出来れば、争いなんてしたくないんですが……！
出来れば、争いなんてしたくないんですが……！
男２
男２
ふざけんな！　おらぁ！
ふざけんな！　おらぁ！
秀隆
秀隆
どうしてこう、ここの人たちは……！
どうしてこう、ここの人たちは……！
目の前に蹴りが迫る。
目の前に蹴りが迫る。
それを慌ててしゃがんで避け、オレは立ち上がった。
それを慌ててしゃがんで避け、オレは立ち上がった。
男
男
よくもやってくれたな！　くらぁ！！
よくもやってくれたな！　くらぁ！！
秀隆
秀隆
あーもう……！
あーもう……！
繰り返し攻撃を避けるが、徐々にこちらの体力は奪われていく。
繰り返し攻撃を避けるが、徐々にこちらの体力は奪われていく。
男３
男３
ちょろちょろしやがって！
ちょろちょろしやがって！
向こうもやや息は荒くなっているが、
向こうもやや息は荒くなっているが、
こちらが反撃をしないため数は一方的に減らない。
こちらが反撃をしないため数は一方的に減らない。
秀隆
秀隆
これ、これで何とか話を聞いてもらえませんか！
これ、これで何とか話を聞いてもらえませんか！
オレはポケットにしまっていた紙幣を取り出した。
オレはポケットにしまっていた紙幣を取り出した。
男
男
それは当然もらう。だが、テメェもぶっ飛ばす！
それは当然もらう。だが、テメェもぶっ飛ばす！
秀隆
秀隆
……て、なるよな畜生っ！
……て、なるよな畜生っ！
男３
男３
っしゃ！
っしゃ！
秀隆
秀隆
しまっ―――！
しまっ―――！
男の一人に、タックルされる形でオレは壁へと押し付けられた。
男の一人に、タックルされる形でオレは壁へと押し付けられた。
それを好機と見るや、男たちが詰め寄り、拳を振り上げる。
それを好機と見るや、男たちが詰め寄り、拳を振り上げる。
だが、その拳が振りぬかれることはなく、中空でぴったりととまる。
だが、その拳が振りぬかれることはなく、中空でぴったりととまる。
恭一
恭一
５対１か。そんな警戒するような相手でもないだろうに
５対１か。そんな警戒するような相手でもないだろうに
秀隆
秀隆
きょ、恭一さん！？
きょ、恭一さん！？
オレに襲い掛かろうとしていた男の腕を掴みながら、
オレに襲い掛かろうとしていた男の腕を掴みながら、
面倒臭そうにする恭一さんの姿があった。
面倒臭そうにする恭一さんの姿があった。
場に現れた瞬間、男たちの顔が青ざめていくのが分かる。
場に現れた瞬間、男たちの顔が青ざめていくのが分かる。
不意を突かれ戸惑っている間に、
不意を突かれ戸惑っている間に、
恭一さんは男の腹に拳を叩き込み、一人の男へと詰め寄った。
恭一さんは男の腹に拳を叩き込み、一人の男へと詰め寄った。
その一瞬の出来事に男は何も出来ず、壁に押し付けられた。
その一瞬の出来事に男は何も出来ず、壁に押し付けられた。
男
男
ぐっ！
ぐっ！
恭一
恭一
おまえがこの連中のリーダーだな？
おまえがこの連中のリーダーだな？
男
男
ぐぐっ……あ、あんたは！？
ぐぐっ……あ、あんたは！？
恭一
恭一
今すぐ撤退するなら良し。そうでないなら、殺すぞ？
今すぐ撤退するなら良し。そうでないなら、殺すぞ？
男たちは戦意を失っていて、慌てたように言った。
男たちは戦意を失っていて、慌てたように言った。
男
男
か、勘弁してくれ―――これ以上あんたに暴れられたら、
か、勘弁してくれ―――これ以上あんたに暴れられたら、
こっちは命がいくつあっても足りやしねぇ
こっちは命がいくつあっても足りやしねぇ
恭一さんが手を離すと、男たちは全員慌てたように逃げだした。
恭一さんが手を離すと、男たちは全員慌てたように逃げだした。
秀隆
秀隆
……あの、助かりました
……あの、助かりました
恭一
恭一
反撃することも出来ただろ。なんでしなかった
反撃することも出来ただろ。なんでしなかった
秀隆
秀隆
ここで反撃すれば、後々厄介なことになります。
ここで反撃すれば、後々厄介なことになります。
ますます敵が増えて、目的を達成するのが困難になる
ますます敵が増えて、目的を達成するのが困難になる
恭一
恭一
なるほど。それが最善の策と言うことか
なるほど。それが最善の策と言うことか
秀隆
秀隆
はい。それに、１人２人倒せても、５人は無理でした
はい。それに、１人２人倒せても、５人は無理でした
恭一
恭一
戦い方次第だ。１人しか殺れなくても勝つ方法はある。
戦い方次第だ。１人しか殺れなくても勝つ方法はある。
リーダーさえ潰せば、戦局はいくらでも変えられる
リーダーさえ潰せば、戦局はいくらでも変えられる
秀隆
秀隆
それも一つの策、ですね
それも一つの策、ですね
オレには、とても実行する力も度胸もないが。
オレには、とても実行する力も度胸もないが。
恭一
恭一
最も、あの程度の連中、１０人いようが問題にはならないが
最も、あの程度の連中、１０人いようが問題にはならないが
秀隆
秀隆
恭一さん……カジノに、遊びに行かれたんじゃないんですか？
恭一さん……カジノに、遊びに行かれたんじゃないんですか？
恭一
恭一
道を間違えたんだ
道を間違えたんだ
秀隆
秀隆
…………
…………
どう考えても間違えるような場所じゃないぞ。
どう考えても間違えるような場所じゃないぞ。
もしかしたら、この人はカジノに行くつもりなんてなかったんじゃ。
もしかしたら、この人はカジノに行くつもりなんてなかったんじゃ。
秀隆
秀隆
それにしても……
それにしても……
オレは逃げていった男たちの通りを見通す。
オレは逃げていった男たちの通りを見通す。
秀隆
秀隆
何者なんですか、恭一さん。凄い恐れられてましたけど
何者なんですか、恭一さん。凄い恐れられてましたけど
恭一
恭一
最近、この辺でカツアゲを繰り返してたからな
最近、この辺でカツアゲを繰り返してたからな
秀隆
秀隆
カツアゲって……
カツアゲって……
本当なのか冗談なのか、もうオレには判断が付かない。
本当なのか冗談なのか、もうオレには判断が付かない。
恭一
恭一
で、お前は危険を冒してまで、何を探してる
で、お前は危険を冒してまで、何を探してる
秀隆
秀隆
人を……失踪した人を探しています
人を……失踪した人を探しています
恭一
恭一
人ねぇ。こういう場所じゃ、最も厄介なもんだ。
人ねぇ。こういう場所じゃ、最も厄介なもんだ。
探されたいと願わない連中が集まる場所だろう、ここは
探されたいと願わない連中が集まる場所だろう、ここは
秀隆
秀隆
それは重々承知してのことです
それは重々承知してのことです
恭一
恭一
どんな奴だ
どんな奴だ
秀隆
秀隆
松下吉平と言う、画家の男性です
松下吉平と言う、画家の男性です
恭一
恭一
知らないな
知らないな
秀隆
秀隆
あまり有名な方ではないので、無理もないです
あまり有名な方ではないので、無理もないです
恭一
恭一
場所がどこかは分かってるのか？
場所がどこかは分かってるのか？
秀隆
秀隆
それがはっきりしていないんです。
それがはっきりしていないんです。
ただ、この場所に住む老人は画家を見たことがあると
ただ、この場所に住む老人は画家を見たことがあると
恭一
恭一
それだけじゃ探すのは面倒そうだ
それだけじゃ探すのは面倒そうだ
秀隆
秀隆
はい。時間はないんですが、地道にやるしかありません
はい。時間はないんですが、地道にやるしかありません
オレは恭一さんに頭を下げる。
オレは恭一さんに頭を下げる。
秀隆
秀隆
お願いします。自分に力を貸していただけませんかっ
お願いします。自分に力を貸していただけませんかっ
恭一
恭一
断る
断る
秀隆
秀隆
恋さんにお聞きしました。恭一さんは本に目が無いとか？
恋さんにお聞きしました。恭一さんは本に目が無いとか？
恭一
恭一
本は嫌いじゃないな
本は嫌いじゃないな
秀隆
秀隆
ホープタウンに関する歴史の本を、読みたくはありませんか
ホープタウンに関する歴史の本を、読みたくはありませんか
恭一
恭一
それを交換条件にしたいってことか？
それを交換条件にしたいってことか？
秀隆
秀隆
はい
はい
恭一
恭一
中途半端な教科書みたいなレベルじゃ納得しないぜ
中途半端な教科書みたいなレベルじゃ納得しないぜ
秀隆
秀隆
一般には販売されていない、希少価値の高いものであればどうでしょうか
一般には販売されていない、希少価値の高いものであればどうでしょうか
恭一
恭一
面白ぇ。で、それをどうやって用意するつもりだ？
面白ぇ。で、それをどうやって用意するつもりだ？
秀隆
秀隆
自分は特務官です。必要とあればご用意させて貰います
自分は特務官です。必要とあればご用意させて貰います
恭一
恭一
だったら、まずはそれを用意して貰おうか
だったら、まずはそれを用意して貰おうか
秀隆
秀隆
もちろん本当ならそうすべきです。
もちろん本当ならそうすべきです。
けれど、オレには生憎と時間がありません
けれど、オレには生憎と時間がありません
秀隆
秀隆
本を用意している間に、松下さんを探すタイムリミットがきてしまう
本を用意している間に、松下さんを探すタイムリミットがきてしまう
恭一
恭一
おまえを信用して、先に護衛をしろ、と？
おまえを信用して、先に護衛をしろ、と？
秀隆
秀隆
はい
はい
オレは無茶を承知で頭を下げた。
オレは無茶を承知で頭を下げた。
断られるのは覚悟の上だが、そう言うしかない。
断られるのは覚悟の上だが、そう言うしかない。
でも―――。
でも―――。
恭一
恭一
いいだろう
いいだろう
秀隆
秀隆
ほ、本当ですか！？　信用していただけるんですね
ほ、本当ですか！？　信用していただけるんですね
恭一
恭一
別におまえを信用したわけじゃない。
別におまえを信用したわけじゃない。
ひとつだけ、脅しておけば十分だろうと思ったんだよ
ひとつだけ、脅しておけば十分だろうと思ったんだよ
秀隆
秀隆
脅す……ですか
脅す……ですか
恭一
恭一
今の交換条件を反故にしたら、おまえを殺すぞ？
今の交換条件を反故にしたら、おまえを殺すぞ？
軽い口調だったが、それを冗談だとは受け取れなかった。
軽い口調だったが、それを冗談だとは受け取れなかった。
秀隆
秀隆
……お約束します
……お約束します
恭一
恭一
だったらそれでいい
だったらそれでいい
そう言うと、恭一さんはオレの隣に立った。
そう言うと、恭一さんはオレの隣に立った。
恭一
恭一
さっさと見つけろ。その松下って男を
さっさと見つけろ。その松下って男を
秀隆
秀隆
分かりました
分かりました
どんな形にせよ、恭一さんの手助けを受けることになった。
どんな形にせよ、恭一さんの手助けを受けることになった。
それは、怖いと同時にとてつもなく頼もしいことだと思った。
それは、怖いと同時にとてつもなく頼もしいことだと思った。
二人きりの時間に居心地が悪いと思ってしまうのは、
二人きりの時間に居心地が悪いと思ってしまうのは、
この場所が原因だろうか。
この場所が原因だろうか。
それとも、恭一さんだからだろうか。
それとも、恭一さんだからだろうか。
恭一
恭一
随分と緊張してるようだな
随分と緊張してるようだな
秀隆
秀隆
こういう場所ですから、無理ないですよ
こういう場所ですから、無理ないですよ
恭一
恭一
場所ね。てっきり、オレに対する警戒心かと思ったぜ
場所ね。てっきり、オレに対する警戒心かと思ったぜ
秀隆
秀隆
……ストレートに言いますね
……ストレートに言いますね
恭一
恭一
遠まわしに言っても面倒なだけだ
遠まわしに言っても面倒なだけだ
秀隆
秀隆
少しお聞きしてもいいですか
少しお聞きしてもいいですか
恭一
恭一
聞くのは自由だ。答えるかは別だけどな
聞くのは自由だ。答えるかは別だけどな
秀隆
秀隆
先日、恭一さんが戦った裕輔は、オレの友達です
先日、恭一さんが戦った裕輔は、オレの友達です
恭一
恭一
それがどうした。慰謝料でも請求するか？
それがどうした。慰謝料でも請求するか？
秀隆
秀隆
そうではなく……あいつは、喧嘩が強いです。
そうではなく……あいつは、喧嘩が強いです。
でも、あなたを相手には全く歯が立たなかった
でも、あなたを相手には全く歯が立たなかった
秀隆
秀隆
何か武術のようなものをやられていたのかなと
何か武術のようなものをやられていたのかなと
恭一
恭一
さぁどうかな
さぁどうかな
秀隆
秀隆
答えては貰えない質問でしたか
答えては貰えない質問でしたか
恭一
恭一
人のルーツを話すということは、
人のルーツを話すということは、
ある種弱点を露呈することにも繋がる。それだけだ
ある種弱点を露呈することにも繋がる。それだけだ
秀隆
秀隆
なるほど……
なるほど……
秀隆
秀隆
じゃあ、恋さんとはいつからお付き合いを？
じゃあ、恋さんとはいつからお付き合いを？
これも応えてもらえないと思ったが、恭一さんはすんなりと口を開いた。
これも応えてもらえないと思ったが、恭一さんはすんなりと口を開いた。
恭一
恭一
ここ３ヶ月ほどだな
ここ３ヶ月ほどだな
秀隆
秀隆
意外と最近ですね
意外と最近ですね
……オレがキズナと出遭った時期とそれほど変わらない。
……オレがキズナと出遭った時期とそれほど変わらない。
それはただの偶然だろうか？
それはただの偶然だろうか？
恭一
恭一
おまえが本当に聞きたかったのはそれか？
おまえが本当に聞きたかったのはそれか？
秀隆
秀隆
と、言いますと？
と、言いますと？
恭一
恭一
人はある真実を聞き出したいと思ったとき、
人はある真実を聞き出したいと思ったとき、
ストレートにそれを聞けば警戒されることを知っている
ストレートにそれを聞けば警戒されることを知っている
恭一
恭一
だからどうでもいい話を混ぜ、
だからどうでもいい話を混ぜ、
その真実をカモフラージュさせたがる傾向があるってことだ
その真実をカモフラージュさせたがる傾向があるってことだ
秀隆
秀隆
そこまで難しいことは、分からないですね
そこまで難しいことは、分からないですね
恭一
恭一
そうか
そうか
どうも、恭一さんと話すと腹の探りあいをしているように感じてしまう。
どうも、恭一さんと話すと腹の探りあいをしているように感じてしまう。
実際オレは探りを入れてるんだけど、
実際オレは探りを入れてるんだけど、
恭一さんもこちらを図ろうとしている。
恭一さんもこちらを図ろうとしている。
恭一
恭一
そろそろ行くぞ
そろそろ行くぞ
秀隆
秀隆
あ、はいっ
あ、はいっ
まるで警戒心などないかのように、
まるで警戒心などないかのように、
恭一さんは奥へと躊躇わず進んでいく。
恭一さんは奥へと躊躇わず進んでいく。
時折すれ違う男たちはいたが、
時折すれ違う男たちはいたが、
誰もが恭一さんへと突っかかってくる様子はない。
誰もが恭一さんへと突っかかってくる様子はない。
先ほどのやり取りといい、
先ほどのやり取りといい、
どうもこの人は、ここの連中に恐れられている。
どうもこの人は、ここの連中に恐れられている。
秀隆
秀隆
前にもここでお見かけしましたが、何をしていたんですか？
前にもここでお見かけしましたが、何をしていたんですか？
恭一
恭一
さぁな
さぁな
秀隆
秀隆
さぁなって……
さぁなって……
恭一
恭一
オレにも分かっていない。と言うことだ
オレにも分かっていない。と言うことだ
恭一
恭一
何となくここには、落ち着きを感じる
何となくここには、落ち着きを感じる
こんなジメジメとした暗く物騒な場所が、落ち着く？
こんなジメジメとした暗く物騒な場所が、落ち着く？
からかわれているのだろうか。
からかわれているのだろうか。
……この人の言ってる言葉の重さはどれも同じだ。
……この人の言ってる言葉の重さはどれも同じだ。
全て中空に漂っているように、捕らえようがない。
全て中空に漂っているように、捕らえようがない。
どれも真実のようであり、嘘のようでもある。
どれも真実のようであり、嘘のようでもある。
秀隆
秀隆
あ……
あ……
老人
老人
……またおまえか
……またおまえか
前と全く同じ場所で、老人が壁にもたれていた。
前と全く同じ場所で、老人が壁にもたれていた。
恭一
恭一
このじじいと知り合いか？
このじじいと知り合いか？
老人
老人
おぬしか……
おぬしか……
どうやら、恭一さんも知っている人物らしい。
どうやら、恭一さんも知っている人物らしい。
秀隆
秀隆
以前少し、お尋ねしたことがありまして
以前少し、お尋ねしたことがありまして
老人
老人
例の画家、だろう？
例の画家、だろう？
秀隆
秀隆
はい
はい
老人
老人
……ついてこい
……ついてこい
秀隆
秀隆
え？
え？
老人
老人
その男と知り合いなら、下手に隠せばわしの命がない
その男と知り合いなら、下手に隠せばわしの命がない
秀隆
秀隆
命がないって……
命がないって……
この人、本当にここで何をやっていたんだ？
この人、本当にここで何をやっていたんだ？
秀隆
秀隆
あの、ついてこいってどういうことですか
あの、ついてこいってどういうことですか
老人
老人
松下吉平のことが知りたい、そうなんだろ？
松下吉平のことが知りたい、そうなんだろ？
秀隆
秀隆
ご存知なんですか
ご存知なんですか
老人
老人
……ついてくればわかる
……ついてくればわかる
恭一
恭一
なんでもいい、いくぞ
なんでもいい、いくぞ
秀隆
秀隆
は、はいっ
は、はいっ
オレは老人の後を追い、右へ左へと入り組んだ道を進む。
オレは老人の後を追い、右へ左へと入り組んだ道を進む。
そして、あるマンションらしき建物の前までやって来た。
そして、あるマンションらしき建物の前までやって来た。
老人はその半壊した建物に入ると、
老人はその半壊した建物に入ると、
ある一部屋の前で立ち止まった。
ある一部屋の前で立ち止まった。
老人
老人
ここじゃ
ここじゃ
そういい、扉を開ける。
そういい、扉を開ける。
そこには無数の絵と、絵を一心不乱に描く男の姿があった。
そこには無数の絵と、絵を一心不乱に描く男の姿があった。
でも、それは松下さんとは違う、別人だ。
でも、それは松下さんとは違う、別人だ。
そしてもう一人。
そしてもう一人。
ベッドに座る男……容姿や風貌はかなり違うが、
ベッドに座る男……容姿や風貌はかなり違うが、
この人が松下さんだ、間違いない。
この人が松下さんだ、間違いない。
老人
老人
帰ったぞ
帰ったぞ
老人がそう言う。
老人がそう言う。
だが、二人の男はこちらに見向きもせず、絵を描き続けていた。
だが、二人の男はこちらに見向きもせず、絵を描き続けていた。
秀隆
秀隆
松下さん。あなたにお会いしたかったんです
松下さん。あなたにお会いしたかったんです
秀隆
秀隆
あなたがどうして表舞台から去ったのかは知りません。
あなたがどうして表舞台から去ったのかは知りません。
ですが、少しご相談させていただきたいことがあります
ですが、少しご相談させていただきたいことがあります
声は届いているはずだが、松下さんは微動だにしない。
声は届いているはずだが、松下さんは微動だにしない。
老人
老人
無駄じゃ
無駄じゃ
秀隆
秀隆
無駄、って……
無駄、って……
老人
老人
その男は精神を病んでおる。声は届かぬよ
その男は精神を病んでおる。声は届かぬよ
秀隆
秀隆
そんな
そんな
オレは松下さんを覗き込む。
オレは松下さんを覗き込む。
でも、その瞳に色はない。
でも、その瞳に色はない。
秀隆
秀隆
松下さん……
松下さん……
老人は首を振ると、一枚の絵を手にとって、部屋の外へ。
老人は首を振ると、一枚の絵を手にとって、部屋の外へ。
老人
老人
ついてこい
ついてこい
秀隆
秀隆
あの、今の松下さんと居た男性は？
あの、今の松下さんと居た男性は？
老人
老人
わしの息子じゃ
わしの息子じゃ
秀隆
秀隆
息子さん……
息子さん……
老人
老人
息子もこの場所で精神をヤラレてな。満足に会話もできん。
息子もこの場所で精神をヤラレてな。満足に会話もできん。
そんなあいつが、ここに落ちぶれてきた画家と出会った
そんなあいつが、ここに落ちぶれてきた画家と出会った
オレに見せてくれた絵は、黄色い植物がいっぱい描かれた絵だった。
オレに見せてくれた絵は、黄色い植物がいっぱい描かれた絵だった。
老人
老人
あの画家がここに来て描いた、たった１枚の絵じゃ
あの画家がここに来て描いた、たった１枚の絵じゃ
秀隆
秀隆
１枚……
１枚……
オレにはその絵の魅力は分からないが、
オレにはその絵の魅力は分からないが、
何か強い思いが篭っているように思えた。
何か強い思いが篭っているように思えた。
老人
老人
息子は、松下に絵を教わっておった。
息子は、松下に絵を教わっておった。
今では、毎日毎日、ひたすら絵を描き続けておる
今では、毎日毎日、ひたすら絵を描き続けておる
秀隆
秀隆
そうですか……
そうですか……
老人
老人
役に立つのかは分からないが、これをおまえにやろう
役に立つのかは分からないが、これをおまえにやろう
秀隆
秀隆
いいんですか……？
いいんですか……？
老人
老人
わしには元々価値などわからんし、
わしには元々価値などわからんし、
息子も、もはやこれが誰の絵なのか分かっておらん
息子も、もはやこれが誰の絵なのか分かっておらん
こんな場所にありながら、
こんな場所にありながら、
この植物の絵は額縁に入っていて、保存状態は悪くなかった。
この植物の絵は額縁に入っていて、保存状態は悪くなかった。
老人
老人
ただし、この男を金輪際ここに近づけないのが条件だ
ただし、この男を金輪際ここに近づけないのが条件だ
秀隆
秀隆
恭一さんを？
恭一さんを？
恭一
恭一
聞きうける理由はないが、別にいいさ。もう用はない
聞きうける理由はないが、別にいいさ。もう用はない
老人
老人
この男は災いだ。ここに住む人間にとってはな
この男は災いだ。ここに住む人間にとってはな
…………。
…………。
恭一
恭一
無理やり連れ出さなくて、良かったのか？
無理やり連れ出さなくて、良かったのか？
秀隆
秀隆
あの状態では、仕方ありません。
あの状態では、仕方ありません。
それに、この１枚が本物であるなら、十分使い道はあります
それに、この１枚が本物であるなら、十分使い道はあります
秀隆
秀隆
ありがとうございました。恭一さん
ありがとうございました。恭一さん
恭一
恭一
礼は本で貰う。言葉は必要ない
礼は本で貰う。言葉は必要ない
秀隆
秀隆
近いうち、必ずお届けします
近いうち、必ずお届けします
恭一
恭一
そうしろ。じゃあオレは帰るぞ
そうしろ。じゃあオレは帰るぞ
秀隆
秀隆
ありがとうございました。失礼します
ありがとうございました。失礼します
秀隆
秀隆
よく分からない人だな、恭一さんは
よく分からない人だな、恭一さんは
一見、ただ冷たいだけのようにも思える。
一見、ただ冷たいだけのようにも思える。
でもこうしてオレに協力してくれたり。
でもこうしてオレに協力してくれたり。
秀隆
秀隆
いや、今はこの絵をどう使うかだ……
いや、今はこの絵をどう使うかだ……
地上の絵を描く、数少ない画家、松下吉平。
地上の絵を描く、数少ない画家、松下吉平。
彼はもう画家としては使えない。
彼はもう画家としては使えない。
残された絵はこの一枚だけ。
残された絵はこの一枚だけ。
なら
なら
…………。
…………。
……。
……。
