すべてが終わった後、オレは倉屋敷社長に呼び出されていた。
すべてが終わった後、オレは倉屋敷社長に呼び出されていた。
和葉
和葉
ご苦労だったな。今回の件
ご苦労だったな。今回の件
秀隆
秀隆
いえ……無事解決できてよかったです
いえ……無事解決できてよかったです
和葉
和葉
その割には、随分と元気がないじゃないか
その割には、随分と元気がないじゃないか
秀隆
秀隆
まだ、受け入れられていないんです。現実が
まだ、受け入れられていないんです。現実が
倉屋敷社長の部屋に並べられた、２つのアンドロイド。
倉屋敷社長の部屋に並べられた、２つのアンドロイド。
杉村さんに、静乃さん。
杉村さんに、静乃さん。
和葉
和葉
どれもこれも、知り合いなんだってな
どれもこれも、知り合いなんだってな
秀隆
秀隆
はい……この杉村さんという女性は、唐沢代表の彼女でした
はい……この杉村さんという女性は、唐沢代表の彼女でした
秀隆
秀隆
オレも、５年間の付き合いがあります
オレも、５年間の付き合いがあります
秀隆
秀隆
こちらの静乃さんは、ドリームタウンのディーラーをされていました
こちらの静乃さんは、ドリームタウンのディーラーをされていました
和葉
和葉
うまく潜り込ませ、情報を収集していたってことだ
うまく潜り込ませ、情報を収集していたってことだ
秀隆
秀隆
…………
…………
秀隆
秀隆
アクセラは、もうどうにもならないんでしょうか？
アクセラは、もうどうにもならないんでしょうか？
和葉
和葉
もちろん復元は出来る。だが、記憶はどうにもならないだろうな。
もちろん復元は出来る。だが、記憶はどうにもならないだろうな。
そういう意味じゃ、お前の求める結果は得ることができない
そういう意味じゃ、お前の求める結果は得ることができない
秀隆
秀隆
……そうですね
……そうですね
同じパーツを使い、同じ外見のように仕上げても、
同じパーツを使い、同じ外見のように仕上げても、
オレはそれをアクセラと認めることは出来ないだろう。
オレはそれをアクセラと認めることは出来ないだろう。
和葉
和葉
人間とアンドロイドの違いはなんだ、とおまえは言ったな
人間とアンドロイドの違いはなんだ、とおまえは言ったな
和葉
和葉
ある意味、これは１つの答えかもしれん
ある意味、これは１つの答えかもしれん
秀隆
秀隆
どういうことでしょうか？
どういうことでしょうか？
和葉
和葉
キズナは記憶が消えてもキズナだ。
キズナは記憶が消えてもキズナだ。
多少趣味や好きな物は変わっても元の人格に似て行く。
多少趣味や好きな物は変わっても元の人格に似て行く。
だが、アンドロイドの場合はそうはいかない
だが、アンドロイドの場合はそうはいかない
和葉
和葉
これまで培ったものすべてが消えてしまった以上、
これまで培ったものすべてが消えてしまった以上、
それはもはや、どれだけ精巧に似せても別人になってしまう
それはもはや、どれだけ精巧に似せても別人になってしまう
秀隆
秀隆
……そうですね……
……そうですね……
今、ここでアクセラが目を覚ましたとしても……。
今、ここでアクセラが目を覚ましたとしても……。
もはやそれは、意味をなさないのかも知れない。
もはやそれは、意味をなさないのかも知れない。
秀隆
秀隆
……何の真似ですか、倉屋敷社長
……何の真似ですか、倉屋敷社長
和葉
和葉
なにが
なにが
秀隆
秀隆
オレは、アクセラの外見をしただけのアンドロイドに、興味はありません
オレは、アクセラの外見をしただけのアンドロイドに、興味はありません
秀隆
秀隆
そうお伝えさせていただいたかと思うのですが……
そうお伝えさせていただいたかと思うのですが……
目の前に立つ、アクセラの外見をしただけのアンドロイド。
目の前に立つ、アクセラの外見をしただけのアンドロイド。
オレの弱さを知り、過去を知り、互いに愛し合った。
オレの弱さを知り、過去を知り、互いに愛し合った。
その記憶があって、初めてアクセラなんだ。
その記憶があって、初めてアクセラなんだ。
和葉
和葉
別にあのままスクラップにしても良かったんだけどな
別にあのままスクラップにしても良かったんだけどな
和葉
和葉
せっかく直したんだが、処分するか？
せっかく直したんだが、処分するか？
秀隆
秀隆
……処分……
……処分……
和葉
和葉
これはおまえのアンドロイドだ。
これはおまえのアンドロイドだ。
記憶がないだけで、素材はすべて同じ
記憶がないだけで、素材はすべて同じ
和葉
和葉
それじゃ不満か？
それじゃ不満か？
秀隆
秀隆
オレは、これをアクセラだとは思えません……
オレは、これをアクセラだとは思えません……
和葉
和葉
そうか
そうか
和葉
和葉
ならこいつは遠慮なく処分させてもらう。
ならこいつは遠慮なく処分させてもらう。
元々違法アンドロイドとして改造を受けた機体だ。
元々違法アンドロイドとして改造を受けた機体だ。
無理に残す理由はない
無理に残す理由はない
秀隆
秀隆
……っ……
……っ……
目の前にアクセラの外見をしたアンドロイドがいる。
目の前にアクセラの外見をしたアンドロイドがいる。
なんて残酷な光景だろうか。
なんて残酷な光景だろうか。
和葉
和葉
気にするくらいなら、ひきとりゃいいだろうが
気にするくらいなら、ひきとりゃいいだろうが
和葉
和葉
また一からセッティングしなおせばいい
また一からセッティングしなおせばいい
秀隆
秀隆
そんなんじゃ、ないんですよ。オレはアクセラをアンドロイドとしては見ていない
そんなんじゃ、ないんですよ。オレはアクセラをアンドロイドとしては見ていない
和葉
和葉
柳沢って男が言っていた。このアクセラは、自分の過去を疑問に思っていたと
柳沢って男が言っていた。このアクセラは、自分の過去を疑問に思っていたと
和葉
和葉
おまえと出会う前、どこで何をしていたのか。それを気にしていたらしい
おまえと出会う前、どこで何をしていたのか。それを気にしていたらしい
秀隆
秀隆
そんなくだらないことで……
そんなくだらないことで……
和葉
和葉
こいつにとっては、そのことが大切だったんだろうさ。
こいつにとっては、そのことが大切だったんだろうさ。
お前の隣に居てもいいのか。その答えを探し求めていた
お前の隣に居てもいいのか。その答えを探し求めていた
秀隆
秀隆
オレは……アクセラの過去なんてどうでもいい。
オレは……アクセラの過去なんてどうでもいい。
ただ、アクセラが傍にいてくれただけで……良かったんです……
ただ、アクセラが傍にいてくれただけで……良かったんです……
オレは、恐る恐る手を伸ばし、アクセラの頬に触れた。
オレは、恐る恐る手を伸ばし、アクセラの頬に触れた。
表情に変化はない。
表情に変化はない。
まるでオレを初めて見る……そんな目だ。
まるでオレを初めて見る……そんな目だ。
和葉
和葉
そうか。なら、あたしはもう何も言うことはない。
そうか。なら、あたしはもう何も言うことはない。
不要ならそこに置いとけ
不要ならそこに置いとけ
秀隆
秀隆
どこに行かれるんですか……？
どこに行かれるんですか……？
和葉
和葉
どこだっていいだろ。ここじゃないどこかだ
どこだっていいだろ。ここじゃないどこかだ
倉屋敷社長が、外へと出ていく。
倉屋敷社長が、外へと出ていく。
秀隆
秀隆
あの人が外に出る……？　んなことが……
あの人が外に出る……？　んなことが……
オレの手に、アクセラの手が触れた。
オレの手に、アクセラの手が触れた。
秀隆
秀隆
っ……
っ……
思わず手を引きそうになったが、そのぬくもりを感じ思いとどまる。
思わず手を引きそうになったが、そのぬくもりを感じ思いとどまる。
秀隆
秀隆
オレは……
オレは……
アクセラ
アクセラ
…………
…………
秀隆
秀隆
オレは、おまえが大好きだったんだ……
オレは、おまえが大好きだったんだ……
秀隆
秀隆
ずっとそばに居てほしかった……
ずっとそばに居てほしかった……
どうして
どうして
アクセラ
アクセラ
お約束、しましたよね
お約束、しましたよね
秀隆
秀隆
……えっ……？
……えっ……？
アクセラ
アクセラ
私は危うく、お約束を破ってしまうところでした
私は危うく、お約束を破ってしまうところでした
アクセラ
アクセラ
秀隆様の元で、最期を全うする。それが、私の役目です
秀隆様の元で、最期を全うする。それが、私の役目です
秀隆
秀隆
……なんで、そのこと……
……なんで、そのこと……
アクセラ
アクセラ
全部覚えています。秀隆様のことも、秋様のことも、
全部覚えています。秀隆様のことも、秋様のことも、
私が秀隆様を愛し……秀隆様が私を愛してくれたことを
私が秀隆様を愛し……秀隆様が私を愛してくれたことを
秀隆
秀隆
で、でも……おまえの記憶は……
で、でも……おまえの記憶は……
アクセラ
アクセラ
私の記憶は、破壊されてはいなかったんです。
私の記憶は、破壊されてはいなかったんです。
秀隆様が壊されたメモリは、私の身体に搭載されていた
秀隆様が壊されたメモリは、私の身体に搭載されていた
別のメモリです
別のメモリです
秀隆
秀隆
は、はぁっ？
は、はぁっ？
アクセラ
アクセラ
倉屋敷様が言うには、柳沢と言う男は私の記憶に興味があったようです。それで、処分せずに研究所の方で保管していたそうなのです
倉屋敷様が言うには、柳沢と言う男は私の記憶に興味があったようです。それで、処分せずに研究所の方で保管していたそうなのです
秀隆
秀隆
じゃ、じゃあ、おまえは本当にアクセラ、なのか？
じゃ、じゃあ、おまえは本当にアクセラ、なのか？
アクセラ
アクセラ
はい。秀隆様が１２センチの平均サイズであることも、しっかり把握しておりますよ
はい。秀隆様が１２センチの平均サイズであることも、しっかり把握しておりますよ
秀隆
秀隆
ぶっ！
ぶっ！
秀隆
秀隆
そ、そこは覚えておかなくてもいいとこだろ！
そ、そこは覚えておかなくてもいいとこだろ！
アクセラ
アクセラ
……ご心配、おかけしてしまいました
……ご心配、おかけしてしまいました
秀隆
秀隆
バカが。ほんとに、死んだと思っただろ……
バカが。ほんとに、死んだと思っただろ……
アクセラ
アクセラ
申し訳ございません
申し訳ございません
秀隆
秀隆
ほんと、ふざけんなよ畜生……
ほんと、ふざけんなよ畜生……
秀隆
秀隆
帰ったら……たっぷりお仕置きしてやる……
帰ったら……たっぷりお仕置きしてやる……
アクセラ
アクセラ
その覚悟は、ちゃんとできておりますよ
その覚悟は、ちゃんとできておりますよ
オレはアクセラを抱きしめた。
オレはアクセラを抱きしめた。
壊れてしまいそうなほどに、強く強く。
壊れてしまいそうなほどに、強く強く。
秀隆
秀隆
……お帰り
……お帰り
