恭一
恭一
出かけてくる
出かけてくる
恋
恋
こんな朝早くからですか？　外出許可が出たからって、ちょっと頻繁すぎます
こんな朝早くからですか？　外出許可が出たからって、ちょっと頻繁すぎます
恭一
恭一
許可が下りたんだからオレの勝手だ
許可が下りたんだからオレの勝手だ
恋
恋
それは、そうですけど……でも、私には恭一さんを監督する義務があります
それは、そうですけど……でも、私には恭一さんを監督する義務があります
恭一
恭一
ならついてくるか？　平日は仕事なんだろ？
ならついてくるか？　平日は仕事なんだろ？
恋
恋
……はい
……はい
恭一
恭一
オレを少しは信頼しろ
オレを少しは信頼しろ
恋
恋
少しも信頼できません
少しも信頼できません
言い切られた。
言い切られた。
恋
恋
無茶だけはしないでくださいね
無茶だけはしないでくださいね
恭一
恭一
当然だ
当然だ
オレは街へと繰り出す。
オレは街へと繰り出す。
それから様々な場所に出向いた後、カジノへと向かった。
それから様々な場所に出向いた後、カジノへと向かった。
結局のところ、何をするにも何を探すにも、ここが一番だ。
結局のところ、何をするにも何を探すにも、ここが一番だ。
金が集まるところに人が集まり、
金が集まるところに人が集まり、
人が集まるところには情報が集まる。
人が集まるところには情報が集まる。
下層区画について調べていて、分かったことがある。
下層区画について調べていて、分かったことがある。
それは想像よりも遥かに、地上に関する関心が、人々の間では薄いことだ。
それは想像よりも遥かに、地上に関する関心が、人々の間では薄いことだ。
中には気にする者もいるが、それは本当に稀で、
中には気にする者もいるが、それは本当に稀で、
殆どが存在を知っている程度に過ぎない。
殆どが存在を知っている程度に過ぎない。
これだけ文明の発達した世の中で、
これだけ文明の発達した世の中で、
わざわざリスクある地上のことを考えても意味がない、そう言うことだろう。
わざわざリスクある地上のことを考えても意味がない、そう言うことだろう。
龍也
龍也
身体の調子はどうだい？
身体の調子はどうだい？
オレがカジノで座り込んでいると、背後から声をかけられた。
オレがカジノで座り込んでいると、背後から声をかけられた。
恭一
恭一
おまえか。まあ、５分ってところだな
おまえか。まあ、５分ってところだな
龍也
龍也
……長谷川くんとはうまくやれてるかい？　困らせたりはしていないだろうね
……長谷川くんとはうまくやれてるかい？　困らせたりはしていないだろうね
恭一
恭一
おまえはオレの親か。何でもかんでも聞いてくるなよ鬱陶しい
おまえはオレの親か。何でもかんでも聞いてくるなよ鬱陶しい
恭一
恭一
今現在、セックスを教え込んでる最中だ
今現在、セックスを教え込んでる最中だ
龍也
龍也
笑えない冗談だね……
笑えない冗談だね……
恭一
恭一
そいつは残念だ。あの女のどこがいい？
そいつは残念だ。あの女のどこがいい？
龍也
龍也
どういう意味かな、それは。僕は彼女とはただの同僚だよ
どういう意味かな、それは。僕は彼女とはただの同僚だよ
恭一
恭一
ただの同僚にしちゃ、随分気にしてるみたいだな
ただの同僚にしちゃ、随分気にしてるみたいだな
龍也
龍也
彼女のような淑女が男性を家に住まわせているんだ、心配にもなるよ
彼女のような淑女が男性を家に住まわせているんだ、心配にもなるよ
恭一
恭一
淑女ねぇ
淑女ねぇ
龍也
龍也
何もおかしなところは無かったと思うが、どうして笑うのかな
何もおかしなところは無かったと思うが、どうして笑うのかな
恭一
恭一
そう言うことにしておいてやるさ
そう言うことにしておいてやるさ
龍也
龍也
君には人を苛立たせる才能があるかも知れないよ
君には人を苛立たせる才能があるかも知れないよ
恭一
恭一
そりゃいい。長所としてしっかり伸ばしていこう
そりゃいい。長所としてしっかり伸ばしていこう
龍也
龍也
皮肉だよ
皮肉だよ
恭一
恭一
皮肉も素直に受け取る純情ボーイなんだ、オレは
皮肉も素直に受け取る純情ボーイなんだ、オレは
龍也
龍也
……真面目に相手にすると、痛い目を見るね
……真面目に相手にすると、痛い目を見るね
恭一
恭一
真面目に相手をしたことがあるのか、オレに対して
真面目に相手をしたことがあるのか、オレに対して
龍也
龍也
日々努力しようとはしているが、
日々努力しようとはしているが、
君の行動や言動を見ていると、どうしてもソレが出来ない
君の行動や言動を見ていると、どうしてもソレが出来ない
龍也
龍也
低レベルの相手に合わせると言うのは、難しいものだね
低レベルの相手に合わせると言うのは、難しいものだね
恭一
恭一
言葉でおまえが下だと言わなきゃ、気がすまなかったか？
言葉でおまえが下だと言わなきゃ、気がすまなかったか？
恭一
恭一
それはおまえがオレを恐れてるってことだ
それはおまえがオレを恐れてるってことだ
龍也
龍也
僕が君を？　笑えない冗談だね
僕が君を？　笑えない冗談だね
恭一
恭一
はははははははは！
はははははははは！
龍也
龍也
……やれやれ。変わった人だ
……やれやれ。変わった人だ
龍也
龍也
君は記憶がないことをマイナスには考えていないのかな。
君は記憶がないことをマイナスには考えていないのかな。
僕は何人か記憶を無くした方と接したことがあるけど、
僕は何人か記憶を無くした方と接したことがあるけど、
君ほど冷静で大胆な人にはこれまで出会ったことがない
君ほど冷静で大胆な人にはこれまで出会ったことがない
恭一
恭一
その皮肉も、褒め言葉と受け取っておくぜ
その皮肉も、褒め言葉と受け取っておくぜ
龍也
龍也
…………
…………
龍也はオレの隣に並び、一度息を吐いた。
龍也はオレの隣に並び、一度息を吐いた。
龍也
龍也
これからどうするんだい？　何も持たない人生に、意味はあるのかな
これからどうするんだい？　何も持たない人生に、意味はあるのかな
恭一
恭一
さぁな。ゆっくり考えるさ
さぁな。ゆっくり考えるさ
龍也
龍也
何の疑問も、迷いもないと言うことか
何の疑問も、迷いもないと言うことか
恭一
恭一
そうでもない。記憶は無いが、納得のいってない部分はある
そうでもない。記憶は無いが、納得のいってない部分はある
龍也
龍也
と言うと？
と言うと？
恭一
恭一
最初に言ったが、身体の動きが意識に対してついてこない
最初に言ったが、身体の動きが意識に対してついてこない
恐らく、１５０年の歳月肉体を動かしていなかった影響だろう。
恐らく、１５０年の歳月肉体を動かしていなかった影響だろう。
恭一
恭一
今の身体は、自分に馴染めていない
今の身体は、自分に馴染めていない
龍也
龍也
君の身体能力を見たよ。とんでもない数値だ。目を疑うほどに。
君の身体能力を見たよ。とんでもない数値だ。目を疑うほどに。
それも、もう少し時間が経てば元に戻ると思うよ
それも、もう少し時間が経てば元に戻ると思うよ
恭一
恭一
ならいいんだが
ならいいんだが
龍也
龍也
ところで、君は大河内代表をどんな人物に感じているかな
ところで、君は大河内代表をどんな人物に感じているかな
恭一
恭一
それをオレから聞いてどうなる
それをオレから聞いてどうなる
龍也
龍也
興味本位だよ
興味本位だよ
恭一
恭一
迂闊に信用すればとって食われる、ってところか
迂闊に信用すればとって食われる、ってところか
龍也
龍也
大河内代表の怖さを、感じてはいると言うことか。意外だな
大河内代表の怖さを、感じてはいると言うことか。意外だな
恭一
恭一
まぁ、信用するつもりはないし、
まぁ、信用するつもりはないし、
仮に食いつかれても、逆に食い殺してやるがな
仮に食いつかれても、逆に食い殺してやるがな
龍也
龍也
ははははは、随分と強気だね。うん、確かに君は強いだろう
ははははは、随分と強気だね。うん、確かに君は強いだろう
龍也
龍也
だけど彼は社会的に強い人間だ。
だけど彼は社会的に強い人間だ。
君一人が抵抗を見せたところで、どうにかなる問題じゃない
君一人が抵抗を見せたところで、どうにかなる問題じゃない
龍也
龍也
この僕ですら、歯向かえば消し去られてしまうほどだ
この僕ですら、歯向かえば消し去られてしまうほどだ
恭一
恭一
社会的に強いってのは、そんなにアドバンテージか？
社会的に強いってのは、そんなにアドバンテージか？
龍也
龍也
もちろん。この狭い世界では特にね
もちろん。この狭い世界では特にね
恭一
恭一
それはどうかな
それはどうかな
龍也
龍也
……考え方は人それぞれさ。
……考え方は人それぞれさ。
だけど、出来れば君には大人しくしていてもらいたい
だけど、出来れば君には大人しくしていてもらいたい
龍也
龍也
地上時代の生き残りと言う事実は、まだ世間に公開するべきことじゃないから
地上時代の生き残りと言う事実は、まだ世間に公開するべきことじゃないから
恭一
恭一
それは耳にタコが出来るほど聞かされてる
それは耳にタコが出来るほど聞かされてる
龍也
龍也
じゃあ、僕はそろそろ行くよ。これ以上は体力が持たない
じゃあ、僕はそろそろ行くよ。これ以上は体力が持たない
恭一
恭一
必要ならいつでも話し相手になってやるぞ
必要ならいつでも話し相手になってやるぞ
龍也
龍也
遠慮しておくよ。最低限以外は、関わらないようにするさ
遠慮しておくよ。最低限以外は、関わらないようにするさ
廊下に出ると、そこには静乃がいた。
廊下に出ると、そこには静乃がいた。
静乃
静乃
お疲れ様です、恭一さん
お疲れ様です、恭一さん
恭一
恭一
こんなところで何をしてたんだ？
こんなところで何をしてたんだ？
静乃
静乃
休憩です。フロアを見て回るのも私の務めですので
休憩です。フロアを見て回るのも私の務めですので
恭一
恭一
そうか
そうか
静乃
静乃
先ほど応接室から高坂特務官が出てこられましたが……
先ほど応接室から高坂特務官が出てこられましたが……
恭一
恭一
それがどうかしたのか
それがどうかしたのか
静乃
静乃
いえ、あなたと彼は折り合いが悪いと聞いていますので
いえ、あなたと彼は折り合いが悪いと聞いていますので
恭一
恭一
おっさんから、随分と情報を貰ってるようだな
おっさんから、随分と情報を貰ってるようだな
静乃
静乃
世間話程度ですよ
世間話程度ですよ
恭一
恭一
あいつはオレが嫌いなようだからな
あいつはオレが嫌いなようだからな
静乃
静乃
恭一さんとは、タイプが違うから、と言う理由だけではなさそうですね
恭一さんとは、タイプが違うから、と言う理由だけではなさそうですね
静乃
静乃
同居している長谷川さんが原因ですか
同居している長谷川さんが原因ですか
恭一
恭一
オレはひとつ、あんたのイメージを誤解してたようだ
オレはひとつ、あんたのイメージを誤解してたようだ
静乃
静乃
誤解、ですか？
誤解、ですか？
恭一
恭一
イカサマの話をしたとき、そして今。思ったよりもずっと饒舌だ
イカサマの話をしたとき、そして今。思ったよりもずっと饒舌だ
恭一
恭一
最初にブラックジャックをやった時は、淡々とした印象を持ったんだがな
最初にブラックジャックをやった時は、淡々とした印象を持ったんだがな
静乃
静乃
仕事とプライベートは別です。特にあなたには隠していても仕方のないことですし
仕事とプライベートは別です。特にあなたには隠していても仕方のないことですし
恭一
恭一
かもな
かもな
静乃
静乃
もしよろしければ、この後勝負しませんか？
もしよろしければ、この後勝負しませんか？
恭一
恭一
勝負？
勝負？
静乃
静乃
本来、１対１でブラックジャックは行わないのですが。
本来、１対１でブラックジャックは行わないのですが。
イカサマなしであなたと勝負してみたくなったんです
イカサマなしであなたと勝負してみたくなったんです
恭一
恭一
……１回勝負だ
……１回勝負だ
静乃
静乃
はい。勝負は時の運ともいいます、それで十分でしょう
はい。勝負は時の運ともいいます、それで十分でしょう
静乃に連れてこられ、この時間使われていないフロアへ。
静乃に連れてこられ、この時間使われていないフロアへ。
静乃
静乃
どうぞおかけになってください
どうぞおかけになってください
オレは中央の席に座る。
オレは中央の席に座る。
静乃
静乃
では始めます
では始めます
台に置かれていたトランプを開封し、シャッフルする。
台に置かれていたトランプを開封し、シャッフルする。
そして、それを配ろうとした。
そして、それを配ろうとした。
恭一
恭一
冗談だろ？
冗談だろ？
静乃
静乃
ふふ、さすがですね
ふふ、さすがですね
配ろうとしていた手を戻す。
配ろうとしていた手を戻す。
恭一
恭一
新品のトランプってのは規則正しく並んでることが多い。
新品のトランプってのは規則正しく並んでることが多い。
あんたほどになれば切った回数は把握してるだろうからな
あんたほどになれば切った回数は把握してるだろうからな
当然、トランプの並びもある程度推測できる。
当然、トランプの並びもある程度推測できる。
自らイカサマはなしだと言っておきながら、この堂々とした態度。
自らイカサマはなしだと言っておきながら、この堂々とした態度。
恭一
恭一
ほんと食えねぇわ
ほんと食えねぇわ
静乃
静乃
恭一さんの方で、カットをお願いします
恭一さんの方で、カットをお願いします
恭一
恭一
ああ
ああ
オレは自らの手でカットし、それを静乃に戻した。
オレは自らの手でカットし、それを静乃に戻した。
静乃
静乃
では改めまして
では改めまして
オレに配られるカード。
オレに配られるカード。
４、２。
４、２。
対する静乃は１０。
対する静乃は１０。
恭一
恭一
ヒットだ
ヒットだ
新しいカードが配られる。
新しいカードが配られる。
今度は６。
今度は６。
恭一
恭一
ヒットだ
ヒットだ
そして次に来たカードは、７。
そして次に来たカードは、７。
これでオレの合計は１９。
これでオレの合計は１９。
だが……。
だが……。
恭一
恭一
ヒットだ
ヒットだ
静乃
静乃
あくまでも勝ちに行きますか
あくまでも勝ちに行きますか
恭一
恭一
当然だろ
当然だろ
静乃の手が、カードへと伸びる。
静乃の手が、カードへと伸びる。
その瞬間、一瞬だけオレと静乃の目が合った。
その瞬間、一瞬だけオレと静乃の目が合った。
カードが配られる。
カードが配られる。
表になった数字は……８。
表になった数字は……８。
バーストだ。
バーストだ。
静乃
静乃
残念ですね
残念ですね
静乃がめくる。
静乃がめくる。
１０とＡ。
１０とＡ。
やはりブラックジャックだ。
やはりブラックジャックだ。
恭一
恭一
で、オレの本当のカードはなんだったんだ？
で、オレの本当のカードはなんだったんだ？
静乃
静乃
と言いますと？　私はイカサマはしていませんよ
と言いますと？　私はイカサマはしていませんよ
恭一
恭一
オレのカードを、配る直前に１つ下の奴と入れ替えただろ
オレのカードを、配る直前に１つ下の奴と入れ替えただろ
静乃
静乃
…………
…………
恭一
恭一
見破るつもりで見てれば、何とかなるもんだ
見破るつもりで見てれば、何とかなるもんだ
静乃
静乃
完璧なプレーを心掛けたつもりでしたが……
完璧なプレーを心掛けたつもりでしたが……
静乃はトランプの束を置き、片手で一番上のカードを持った。
静乃はトランプの束を置き、片手で一番上のカードを持った。
オレの元に来るはずだったカード。
オレの元に来るはずだったカード。
静乃
静乃
目だけではなく、運もお持ちのようですね
目だけではなく、運もお持ちのようですね
配られたそのカードは２。
配られたそのカードは２。
恭一
恭一
たまには、そういうこともある
たまには、そういうこともある
静乃
静乃
楽しかったです。あなたと勝負が出来て
楽しかったです。あなたと勝負が出来て
恭一
恭一
公約は破られてイカサマオンパレードだったけどな
公約は破られてイカサマオンパレードだったけどな
静乃
静乃
それも含めての真剣勝負ですから
それも含めての真剣勝負ですから
恭一
恭一
そうかよ
そうかよ
静乃
静乃
では、ちょうど時間になりましたので。これで失礼します
では、ちょうど時間になりましたので。これで失礼します
恭一
恭一
ああ。またな
ああ。またな
高坂は、待ち合わせの時刻に応接室で待機していた。
高坂は、待ち合わせの時刻に応接室で待機していた。
隣にはどっしりと構える大河内。
隣にはどっしりと構える大河内。
ゆっくりと扉が開く。
ゆっくりと扉が開く。
そこには、長谷川の姿があった。
そこには、長谷川の姿があった。
二人の姿を見るなり、頭を下げる。
二人の姿を見るなり、頭を下げる。
恋
恋
大河内代表、高坂特務官。お客様がお見えになっております
大河内代表、高坂特務官。お客様がお見えになっております
龍也
龍也
通してください
通してください
恋
恋
はい。畏まりました
はい。畏まりました
柳沢
柳沢
ご無沙汰しております
ご無沙汰しております
麦蔵
麦蔵
来たか。例の件、詳細はどうなった？
来たか。例の件、詳細はどうなった？
柳沢
柳沢
無論、調べが着きました
無論、調べが着きました
龍也
龍也
何か掴めた、ということですか
何か掴めた、ということですか
柳沢
柳沢
はい
はい
麦蔵は頷き、先日の会議を思い返す。
麦蔵は頷き、先日の会議を思い返す。
麦蔵
麦蔵
この結果をどう思う、高坂
この結果をどう思う、高坂
龍也
龍也
ドリームタウンに交渉権が獲得された途端、
ドリームタウンに交渉権が獲得された途端、
食糧の生産工程に問題があった、というのは異常ですね。
食糧の生産工程に問題があった、というのは異常ですね。
間違いなく何かあった、と考えるべきでしょう
間違いなく何かあった、と考えるべきでしょう
麦蔵
麦蔵
向こうで何かしら、不当な取引があったとは考えられねえか？
向こうで何かしら、不当な取引があったとは考えられねえか？
龍也
龍也
それにしては、荒さが目立つ結果です
それにしては、荒さが目立つ結果です
提出された資料には生産過程に異常があったため、契約を無効とする旨の通知。
提出された資料には生産過程に異常があったため、契約を無効とする旨の通知。
龍也
龍也
もしこちらが獲得したラインをホープタウンに回すような真似をすれば、幾らなんでもすぐバレてしまう。不正取引をしてもホープタウン、片桐双方に得はないでしょう
もしこちらが獲得したラインをホープタウンに回すような真似をすれば、幾らなんでもすぐバレてしまう。不正取引をしてもホープタウン、片桐双方に得はないでしょう
麦蔵
麦蔵
…………
…………
恋
恋
竹内特務官が、何か策を打ったのでしょうか？
竹内特務官が、何か策を打ったのでしょうか？
龍也
龍也
策を打ったのは間違いない。でも……
策を打ったのは間違いない。でも……
龍也
龍也
竹内氏らしくない戦術だ。ひょっとすると、
竹内氏らしくない戦術だ。ひょっとすると、
裏で誰かが動いているかも知れないね
裏で誰かが動いているかも知れないね
麦蔵
麦蔵
真相を探る必要がありそうだな
真相を探る必要がありそうだな
龍也
龍也
では……彼に？
では……彼に？
麦蔵
麦蔵
そのために、奴を飼っているんだ。そうだろ？
そのために、奴を飼っているんだ。そうだろ？
龍也
龍也
すぐ連絡を取らせていただきます
すぐ連絡を取らせていただきます
恋
恋
あの、彼とは？
あの、彼とは？
麦蔵
麦蔵
おまえたちの知る必要のないことだ
おまえたちの知る必要のないことだ
恋
恋
し、失礼しました
し、失礼しました
麦蔵は柳沢に片桐食糧プラントの事実を調べさせ、
麦蔵は柳沢に片桐食糧プラントの事実を調べさせ、
その報告結果が上がるのを待っていた。
その報告結果が上がるのを待っていた。
その結果が、今日出たのだ。
その結果が、今日出たのだ。
柳沢
柳沢
片桐食糧プラントの新技術には、欠陥があったようです
片桐食糧プラントの新技術には、欠陥があったようです
報告書を受け取り、目を通す。
報告書を受け取り、目を通す。
麦蔵
麦蔵
……なるほど
……なるほど
龍也
龍也
これなら、ホープタウン側が真実を隠したのも納得がいきます。
これなら、ホープタウン側が真実を隠したのも納得がいきます。
彼らはこの事実を隠蔽する変わりに、従来より良い契約を結んだんでしょう
彼らはこの事実を隠蔽する変わりに、従来より良い契約を結んだんでしょう
麦蔵
麦蔵
こちらから突いても、やぶへびか。具体的な証拠はない
こちらから突いても、やぶへびか。具体的な証拠はない
龍也
龍也
商品に欠陥があったことに変わりはありませんからね。
商品に欠陥があったことに変わりはありませんからね。
もちろん、その点を追求することも出来ますが……
もちろん、その点を追求することも出来ますが……
麦蔵
麦蔵
まあいいさ。いざとなれば武器として使える
まあいいさ。いざとなれば武器として使える
柳沢
柳沢
では私はこれで。また何か御用がありましたら、いつでもどうぞ
では私はこれで。また何か御用がありましたら、いつでもどうぞ
se着信（共通
se着信（共通
携帯が鳴った。
携帯が鳴った。
se通話ボタン
se通話ボタン
恭一
恭一
オレだが？　ラーメンを頼む
オレだが？　ラーメンを頼む
麦蔵
麦蔵
何を言ってるんだおまえは。今空いているか？
何を言ってるんだおまえは。今空いているか？
恭一
恭一
取り込み中だ。忙しい
取り込み中だ。忙しい
麦蔵
麦蔵
何をしている
何をしている
恭一
恭一
裸になって歌って踊ってるんだよ
裸になって歌って踊ってるんだよ
麦蔵
麦蔵
見たくはねえな……
見たくはねえな……
恭一
恭一
つーことで切るぞ
つーことで切るぞ
麦蔵
麦蔵
まぁ待て。少し話がある、カジノまで出て来い
まぁ待て。少し話がある、カジノまで出て来い
恭一
恭一
あ？
あ？
麦蔵
麦蔵
おまえに面白いオモチャを教えてやろう
おまえに面白いオモチャを教えてやろう
恭一
恭一
オレの歌とダンスを止めてまで呼びつけたんだ。本当に面白いことなんだろうな？
オレの歌とダンスを止めてまで呼びつけたんだ。本当に面白いことなんだろうな？
麦蔵
麦蔵
ああ。恭一、おまえ身体を動かしたいとは思わないか？
ああ。恭一、おまえ身体を動かしたいとは思わないか？
恭一
恭一
身体を？
身体を？
麦蔵
麦蔵
おまえは暴力に飢えてるんじゃないかと思ってな
おまえは暴力に飢えてるんじゃないかと思ってな
恭一
恭一
オレのような博愛主義者を捕まえて、暴力に飢えてるだと？
オレのような博愛主義者を捕まえて、暴力に飢えてるだと？
麦蔵
麦蔵
おまえが博愛主義者なら、オレは天使だな
おまえが博愛主義者なら、オレは天使だな
恭一
恭一
おっさん天使か。気持ち悪いな
おっさん天使か。気持ち悪いな
麦蔵
麦蔵
これを見ろ
これを見ろ
おっさんは、端末を呼び出し、地図を開いた。
おっさんは、端末を呼び出し、地図を開いた。
麦蔵
麦蔵
おまえは、このドリームタウンに下層区画と呼ばれる場所があるのを知っているか？
おまえは、このドリームタウンに下層区画と呼ばれる場所があるのを知っているか？
オレは内心驚いたが、それを表には出さず聞き返した。
オレは内心驚いたが、それを表には出さず聞き返した。
恭一
恭一
何度か耳にした名前だ。行き場の無い浮浪者集まる場所だとか
何度か耳にした名前だ。行き場の無い浮浪者集まる場所だとか
麦蔵
麦蔵
そうだ。俺にしてみれば、非常に厄介で邪魔な存在だ
そうだ。俺にしてみれば、非常に厄介で邪魔な存在だ
麦蔵
麦蔵
ここに集まる人間は、人生に失敗したが、死ぬに死ねずたむろする連中だ
ここに集まる人間は、人生に失敗したが、死ぬに死ねずたむろする連中だ
まさか、恋だけじゃなく大河内も下層区画を気にかけてるなんてな。
まさか、恋だけじゃなく大河内も下層区画を気にかけてるなんてな。
恭一
恭一
で、それとオレと、どういう関係がある
で、それとオレと、どういう関係がある
麦蔵
麦蔵
俺はここに住む人間に興味は無いが、この場所には興味があってな
俺はここに住む人間に興味は無いが、この場所には興味があってな
麦蔵
麦蔵
ただでさえ土地がなくて苦労してるんだ、
ただでさえ土地がなくて苦労してるんだ、
こんなクズの社会不適合者に使わせておくのは勿体無い
こんなクズの社会不適合者に使わせておくのは勿体無い
恭一
恭一
だったら強制的に排除すればいいだろ
だったら強制的に排除すればいいだろ
麦蔵
麦蔵
それが出来るなら苦労しねえんだよ。
それが出来るなら苦労しねえんだよ。
いくら俺でも、おおっぴらに暴力を振るうわけにはいかねぇ
いくら俺でも、おおっぴらに暴力を振るうわけにはいかねぇ
麦蔵
麦蔵
だが、暴力抜きで、こいつらを消せるとも考えてはいない
だが、暴力抜きで、こいつらを消せるとも考えてはいない
恭一
恭一
……つまり、オレに何とかしろ、ってことか？
……つまり、オレに何とかしろ、ってことか？
麦蔵
麦蔵
そうだ。と言えば？
そうだ。と言えば？
恭一
恭一
んな面倒なこと、誰が引き受けるかよ
んな面倒なこと、誰が引き受けるかよ
麦蔵
麦蔵
そう言うと思ったがな
そう言うと思ったがな
麦蔵
麦蔵
おまえが引き受けると言うなら
おまえが引き受けると言うなら
ドサリ、とテーブルの上に分厚い本が置かれた。
ドサリ、とテーブルの上に分厚い本が置かれた。
恭一
恭一
それは？
それは？
麦蔵
麦蔵
歴代の代表しか読むことが出来ない、貴重な本だ。
歴代の代表しか読むことが出来ない、貴重な本だ。
ドリームタウンにおける最重要機密が記載されている
ドリームタウンにおける最重要機密が記載されている
恭一
恭一
それをオレに、読ませると？
それをオレに、読ませると？
麦蔵
麦蔵
そう言ったらどうする
そう言ったらどうする
恭一
恭一
一度出したもんは、引っ込められないぜ？
一度出したもんは、引っ込められないぜ？
麦蔵
麦蔵
ただし、条件は厳しい。この下層区画にいる連中を排除することだ
ただし、条件は厳しい。この下層区画にいる連中を排除することだ
恭一
恭一
イマイチはっきりしない条件だな。殺せってわけでもないだろ？
イマイチはっきりしない条件だな。殺せってわけでもないだろ？
麦蔵
麦蔵
この区画に住む人間を、俺は収容施設にぶち込みたいのさ
この区画に住む人間を、俺は収容施設にぶち込みたいのさ
麦蔵
麦蔵
もちろん、表向きは社会復帰の矯正施設、とでも銘打ってな
もちろん、表向きは社会復帰の矯正施設、とでも銘打ってな
麦蔵
麦蔵
その矯正施設へぶち込む時に、
その矯正施設へぶち込む時に、
抵抗する人間が出ないように抑えつけろってことだ。方法は任せる
抵抗する人間が出ないように抑えつけろってことだ。方法は任せる
恭一
恭一
また難儀なことだな
また難儀なことだな
麦蔵
麦蔵
下層区画に関するデータはこのメモリに入れてある。後で見ておけ
下層区画に関するデータはこのメモリに入れてある。後で見ておけ
恭一
恭一
ま、目だけは通しておいてやる
ま、目だけは通しておいてやる
恭一
恭一
オレが動くかどうかは、期待されても困るぜ
オレが動くかどうかは、期待されても困るぜ
麦蔵
麦蔵
期待するさ。お前にはそれだけの力がある
期待するさ。お前にはそれだけの力がある
恭一
恭一
やれやれ
やれやれ
応接室を後にする。
応接室を後にする。
まあ、オッサンの頼みを聞く聞かないは別として。
まあ、オッサンの頼みを聞く聞かないは別として。
同じ下層区画目当てでも、恋とは狙いが全く違うようだな。
同じ下層区画目当てでも、恋とは狙いが全く違うようだな。
あいつの場合は、完全に個人的なことのように思う。
あいつの場合は、完全に個人的なことのように思う。
恭一
恭一
今戻ったぞ
今戻ったぞ
恋
恋
お帰りなさい恭一さん。遅かったですね
お帰りなさい恭一さん。遅かったですね
恭一
恭一
色々とな
色々とな
恋
恋
…………
…………
恋は、何故かジッとオレを見上げている。
恋は、何故かジッとオレを見上げている。
恭一
恭一
なんだよ。キスでもしてほしいのか？
なんだよ。キスでもしてほしいのか？
恋
恋
あの、恭一さん、大河内代表に何か言われていますか？
あの、恭一さん、大河内代表に何か言われていますか？
スルーされた。
スルーされた。
恭一
恭一
何かって何を
何かって何を
恋
恋
それはわかりませんけど……何か、危険なこと
それはわかりませんけど……何か、危険なこと
恭一
恭一
危険？　覚えがないな
危険？　覚えがないな
恋
恋
詳しくは話せませんが、何となく今日、そんなことを聞いたので
詳しくは話せませんが、何となく今日、そんなことを聞いたので
恭一
恭一
それはオレの名前が出たってことか？
それはオレの名前が出たってことか？
恋
恋
具体的には出ていません。ですが
具体的には出ていません。ですが
恭一
恭一
おっさんがオレを仕事のようなことで使うと思うか？
おっさんがオレを仕事のようなことで使うと思うか？
こっちは記憶も無い、地上の生き残りって言う厄介な存在だ
こっちは記憶も無い、地上の生き残りって言う厄介な存在だ
恋
恋
……そうですね
……そうですね
やや納得がいっていないようだったが、頷いた。
やや納得がいっていないようだったが、頷いた。
恋
恋
もし、今後危険なことをさせられるようだったら、私に教えてください
もし、今後危険なことをさせられるようだったら、私に教えてください
恭一
恭一
仮にそうなったとして、おまえが止めてくれるのか？
仮にそうなったとして、おまえが止めてくれるのか？
恭一
恭一
あのおっさんに進言できる立場じゃないだろ
あのおっさんに進言できる立場じゃないだろ
恋
恋
それは……でも、相談くらいには乗れるかも知れません
それは……でも、相談くらいには乗れるかも知れません
恭一
恭一
なるほど、それはそうだな
なるほど、それはそうだな
恭一
恭一
わかった。何かあったときには相談しよう
わかった。何かあったときには相談しよう
恋
恋
はい。約束です
はい。約束です
…………。
…………。
……。
……。
