朝、オレはまったりとコーヒータイムを過ごしていた。
朝、オレはまったりとコーヒータイムを過ごしていた。
この時間、オレを邪魔するものは誰もいない。
この時間、オレを邪魔するものは誰もいない。
秀隆
秀隆
この時間は誰にも邪魔できないのさ
この時間は誰にも邪魔できないのさ
凛
凛
なーにが邪魔できないのさ、よ。
なーにが邪魔できないのさ、よ。
ブラックなんて格好つけて、美味しく飲めてんの？
ブラックなんて格好つけて、美味しく飲めてんの？
秀隆
秀隆
ほっとけよ。オレは小さい頃からブラック派なんだから
ほっとけよ。オレは小さい頃からブラック派なんだから
凛
凛
それは嘘ね、絶対嘘
それは嘘ね、絶対嘘
秀隆
秀隆
まあ、それは嘘だけど……って、いや、おまえなんで家にいるんだよ！
まあ、それは嘘だけど……って、いや、おまえなんで家にいるんだよ！
凛
凛
こっちの収録でさ。ホテルで朝食ってのも味気ないし
こっちの収録でさ。ホテルで朝食ってのも味気ないし
se背中をバシバシ叩かれる
se背中をバシバシ叩かれる
ケラケラと笑いながら、バシバシとオレの背中を叩く。
ケラケラと笑いながら、バシバシとオレの背中を叩く。
アクセラ
アクセラ
よろしければ、どうぞ
よろしければ、どうぞ
アクセラは、朝食のトーストとトウモロコシを出してきた。
アクセラは、朝食のトーストとトウモロコシを出してきた。
凛
凛
……ん
……ん
それを、ちょっと戸惑いながらも受け取る。
それを、ちょっと戸惑いながらも受け取る。
秀隆
秀隆
やっぱりアンドロイドって引っかかるか？
やっぱりアンドロイドって引っかかるか？
凛
凛
苦手なもんは苦手よ。でも、お邪魔してる身で偉そうよね
苦手なもんは苦手よ。でも、お邪魔してる身で偉そうよね
凛は少し姿勢を正すと、ぺこりと頭を下げた。
凛は少し姿勢を正すと、ぺこりと頭を下げた。
凛
凛
ありがと
ありがと
アクセラ
アクセラ
どう致しまして。何かありましたらお呼び下さい
どう致しまして。何かありましたらお呼び下さい
そう言い、アクセラは台所へと戻った。
そう言い、アクセラは台所へと戻った。
凛
凛
いいアンドロイドよね、アクセラって
いいアンドロイドよね、アクセラって
秀隆
秀隆
そうでもないけどな
そうでもないけどな
キズナ
キズナ
そんなことあります。ひーくんはテレてるだけです
そんなことあります。ひーくんはテレてるだけです
凛
凛
あ、おはようキズナー。今日も中々可愛いわねー
あ、おはようキズナー。今日も中々可愛いわねー
キズナ
キズナ
おはようございます。リンリンも眩しいくらい可愛いです
おはようございます。リンリンも眩しいくらい可愛いです
二人は顔を合わせるなり、手を重ね合わせてキャイキャイと騒いだ。
二人は顔を合わせるなり、手を重ね合わせてキャイキャイと騒いだ。
秀隆
秀隆
凛が居ることに不自然さを感じないのか、不自然さを
凛が居ることに不自然さを感じないのか、不自然さを
キズナ
キズナ
特に何も感じないですよ
特に何も感じないですよ
凛
凛
そうよねえ。細かい男はモテないわよー？
そうよねえ。細かい男はモテないわよー？
秀隆
秀隆
細かいところに気配りできる男の方がモテるんだよっ
細かいところに気配りできる男の方がモテるんだよっ
キズナ
キズナ
あはは
あはは
秀隆
秀隆
ふん、オレはお前らみたいな図太い性格の子に興味はないっ！
ふん、オレはお前らみたいな図太い性格の子に興味はないっ！
もっと繊細で、男の一歩後ろを静かに歩いてくる女性がいいんだ。
もっと繊細で、男の一歩後ろを静かに歩いてくる女性がいいんだ。
妄想を膨らませる。
妄想を膨らませる。
凛
凛
あーヤダヤダ。こう言う幻想抱いてる男は、一生彼女なんて無理ね
あーヤダヤダ。こう言う幻想抱いてる男は、一生彼女なんて無理ね
秀隆
秀隆
おまえに言われたくねえよ
おまえに言われたくねえよ
凛
凛
は？　どう言う意味よ
は？　どう言う意味よ
秀隆
秀隆
清純派アイドルなんて、詐欺広告もいいところだ
清純派アイドルなんて、詐欺広告もいいところだ
凛
凛
まあ偽り有りってのは認めるけど、
まあ偽り有りってのは認めるけど、
あたしがその気になれば、彼氏の一ダースや二ダース一瞬よ
あたしがその気になれば、彼氏の一ダースや二ダース一瞬よ
そう言い、前かがみになる凛。
そう言い、前かがみになる凛。
そしてわざとらしく胸をぎゅっと寄せる。
そしてわざとらしく胸をぎゅっと寄せる。
当然オレは、思わずその胸へと視線を向けてしまった。
当然オレは、思わずその胸へと視線を向けてしまった。
秀隆
秀隆
ゴクッ……
ゴクッ……
凛
凛
あたしのどこが、モテないって？
あたしのどこが、モテないって？
秀隆
秀隆
……そ、そんなもんに誘惑されるわけないだろ……
……そ、そんなもんに誘惑されるわけないだろ……
凛
凛
あたしの胸、すっごい柔らかいのよ？
あたしの胸、すっごい柔らかいのよ？
や、柔らかい？
や、柔らかい？
どう言う風に柔らかいの？
どう言う風に柔らかいの？
ねえママン、もう僕お胸の感触なんて忘れちゃったよ。
ねえママン、もう僕お胸の感触なんて忘れちゃったよ。
秀隆
秀隆
よし、触って確かめてやってもいいぞ……うん
よし、触って確かめてやってもいいぞ……うん
秋
秋
…………
…………
秀隆
秀隆
…………
…………
オレはすぐ距離を取ると、コーヒーカップを手に取った。
オレはすぐ距離を取ると、コーヒーカップを手に取った。
秀隆
秀隆
この芳醇な香りは……ひょっとして今日はドリップか？
この芳醇な香りは……ひょっとして今日はドリップか？
なあアクセラ！
なあアクセラ！
アクセラ
アクセラ
いつもの徳用コーヒーです
いつもの徳用コーヒーです
秀隆
秀隆
そ、そう……
そ、そう……
凛
凛
秋ちゃんおはよう
秋ちゃんおはよう
秋
秋
おはようございます
おはようございます
秋も驚いた様子なく、いつものように席についた。
秋も驚いた様子なく、いつものように席についた。
秀隆
秀隆
アイドルが目の前にいることについて、突っ込まないでいいのか？
アイドルが目の前にいることについて、突っ込まないでいいのか？
秋
秋
兄さんが胸を凝視していたことに関してですが
兄さんが胸を凝視していたことに関してですが
秀隆
秀隆
そんなところは突っ込まないでいい
そんなところは突っ込まないでいい
凛
凛
うわ、ちょっと見てよ。テレビに凄い可愛い子が映ってる！
うわ、ちょっと見てよ。テレビに凄い可愛い子が映ってる！
しかも巨乳！
しかも巨乳！
秀隆
秀隆
どれどれ？
どれどれ？
モニターには、インタビューを受け水着撮影をする凛が映っていた。
モニターには、インタビューを受け水着撮影をする凛が映っていた。
凛
凛
って、可愛い子はあたしだったわ
って、可愛い子はあたしだったわ
秀隆
秀隆
…………
…………
凛
凛
なによその白けた視線は
なによその白けた視線は
秀隆
秀隆
別に……
別に……
凛
凛
あんさ、アイドルと朝食できる喜びをもっとかみ締めなさいよ
あんさ、アイドルと朝食できる喜びをもっとかみ締めなさいよ
キズナ
キズナ
やっふー！
やっふー！
目の前のキズナが喜ぶ。
目の前のキズナが喜ぶ。
凛
凛
キズナはかわいいわねー。どこかの誰かさんと違って
キズナはかわいいわねー。どこかの誰かさんと違って
秀隆
秀隆
男がかわいいなんていわれて喜ぶわけないだろ
男がかわいいなんていわれて喜ぶわけないだろ
凛
凛
そんなムキになるところが、秀隆のかわいいところよね
そんなムキになるところが、秀隆のかわいいところよね
秀隆
秀隆
え、そ、そう？
え、そ、そう？
凛
凛
…………
…………
秀隆
秀隆
……ちっともうれしくねえよ
……ちっともうれしくねえよ
秋
秋
はあっ
はあっ
秋のため息が、今日もばっちりと聞こえた。
秋のため息が、今日もばっちりと聞こえた。
