秋
秋
おはようございます、兄さん
おはようございます、兄さん
秀隆
秀隆
おはよう
おはよう
秋
秋
…………
…………
秀隆
秀隆
…………
…………
席につく。
席につく。
ちらっとこちらを見た秋だったが、
ちらっとこちらを見た秋だったが、
オレの傷については、触れてくる様子がない。
オレの傷については、触れてくる様子がない。
秀隆
秀隆
聞かないのか？
聞かないのか？
秋
秋
興味ありませんから
興味ありませんから
秀隆
秀隆
あ、そう……
あ、そう……
秋
秋
それと、謹慎になった話も聞いてます
それと、謹慎になった話も聞いてます
秀隆
秀隆
そうか……
そうか……
アクセラ
アクセラ
無職になったら、生活は非常に大変になります
無職になったら、生活は非常に大変になります
朝食を並べながらそんなことを言う。
朝食を並べながらそんなことを言う。
秀隆
秀隆
……分かってるって。そんときは……何かバイト探すさ
……分かってるって。そんときは……何かバイト探すさ
秋
秋
すぐ見つかればいいですけど
すぐ見つかればいいですけど
アクセラ
アクセラ
見つかったとしても、待遇はよくないでしょうね。
見つかったとしても、待遇はよくないでしょうね。
臨時教師をなさっていた時の半分か、それ以下か……
臨時教師をなさっていた時の半分か、それ以下か……
アクセラ
アクセラ
どちらにせよ、家計はピンチになるかと思います
どちらにせよ、家計はピンチになるかと思います
秋
秋
悲しい現実
悲しい現実
アクセラ
アクセラ
はい
はい
秀隆
秀隆
うぐぐ……
うぐぐ……
謹慎になったことで、ますます肩身の狭い思いをしそうだ。
謹慎になったことで、ますます肩身の狭い思いをしそうだ。
秋
秋
そうだ、これ、謹慎中の兄さんに必要なのかわかりませんが
そうだ、これ、謹慎中の兄さんに必要なのかわかりませんが
そういい携帯を差し出してきた。
そういい携帯を差し出してきた。
秀隆
秀隆
ん？
ん？
その画面を覗き込む。
その画面を覗き込む。
秀隆
秀隆
これは
これは
秋
秋
それ１枚しかありません
それ１枚しかありません
そこには、愛佳の写った姿が映し出されていた。
そこには、愛佳の写った姿が映し出されていた。
そしてその後ろには萩野が写っている。
そしてその後ろには萩野が写っている。
秋
秋
さやかを撮るフリをして写しました
さやかを撮るフリをして写しました
秀隆
秀隆
ありがとな
ありがとな
秋
秋
別に。でもこれ以上は無理です
別に。でもこれ以上は無理です
秀隆
秀隆
大丈夫。これで十分だ
大丈夫。これで十分だ
画面には首元がしっかりと写っていた。
画面には首元がしっかりと写っていた。
秀隆
秀隆
これ転送させてもらうぞ
これ転送させてもらうぞ
秋
秋
ご自由にどうぞ。でも、不要になったら消してください
ご自由にどうぞ。でも、不要になったら消してください
秀隆
秀隆
約束する
約束する
秀隆
秀隆
それから、ついでで悪いんだが、
それから、ついでで悪いんだが、
もうひとつだけ頼まれごとを聞いてくれないか
もうひとつだけ頼まれごとを聞いてくれないか
秋
秋
お断りしたいです
お断りしたいです
秀隆
秀隆
ま、まぁそう言わずに。簡単なことだ
ま、まぁそう言わずに。簡単なことだ
秋
秋
簡単かそうでないかは、それほど重要ではありませんが……
簡単かそうでないかは、それほど重要ではありませんが……
呆れ返る秋。
呆れ返る秋。
秀隆
秀隆
今日学園の帰りに、愛佳に会いたい。
今日学園の帰りに、愛佳に会いたい。
オレが話をしたいと言ってたと伝えてくれないか
オレが話をしたいと言ってたと伝えてくれないか
秋
秋
……それくらいでしたら……
……それくらいでしたら……
秀隆
秀隆
すごく嫌そうだけどな
すごく嫌そうだけどな
秋
秋
嫌ですよ
嫌ですよ
秀隆
秀隆
すいません……
すいません……
秋
秋
どこで待ち合わせ、するつもりですか？
どこで待ち合わせ、するつもりですか？
秀隆
秀隆
公園に７時前……それが厳しいならずっと待ってると
公園に７時前……それが厳しいならずっと待ってると
秋
秋
分かりました
分かりました
秋
秋
でも、頼みごとはこれで最後にしてください
でも、頼みごとはこれで最後にしてください
秀隆
秀隆
ああ
ああ
謹慎中だが、今日一日は忙しくなりそうだった。
謹慎中だが、今日一日は忙しくなりそうだった。
オレはある人物との待ち合わせ場所にたどり着いた。
オレはある人物との待ち合わせ場所にたどり着いた。
秀隆
秀隆
……悪い、待たせたか？
……悪い、待たせたか？
ベンチに座ってくつろいでいた男に、声をかける。
ベンチに座ってくつろいでいた男に、声をかける。
男性】※山之内
男性】※山之内
よー！　久しぶりじゃないか島津！　元気にやってたか？
よー！　久しぶりじゃないか島津！　元気にやってたか？
ベンチに座っているこの男は、山之内と言う男で、元同級生だ。
ベンチに座っているこの男は、山之内と言う男で、元同級生だ。
秀隆
秀隆
ああ、ぼちぼちとな。悪いな、いきなり呼び出して
ああ、ぼちぼちとな。悪いな、いきなり呼び出して
山之内
山之内
昨日電話を貰った時には驚いたよ。
昨日電話を貰った時には驚いたよ。
でも旧友からの連絡とあっちゃ、会わないわけにはいかないさ
でも旧友からの連絡とあっちゃ、会わないわけにはいかないさ
今でも、オレのことを友達と言ってくれる、
今でも、オレのことを友達と言ってくれる、
その何気ない心遣いが嬉しかった。
その何気ない心遣いが嬉しかった。
山之内
山之内
こっちこそ悪いな、真昼間にさせて。
こっちこそ悪いな、真昼間にさせて。
どうも職業柄、夜中は忙しくて時間が作れないんだ
どうも職業柄、夜中は忙しくて時間が作れないんだ
秀隆
秀隆
いや、時間を作ってくれただけでも感謝してるよ
いや、時間を作ってくれただけでも感謝してるよ
オレの過去を知っている一人だというのに、
オレの過去を知っている一人だというのに、
こいつは昔と変わらずにオレと接してくれるようだ。
こいつは昔と変わらずにオレと接してくれるようだ。
山之内
山之内
しっかし……
しっかし……
じろじろとオレの服を上下観察すると、苦笑いを見せた。
じろじろとオレの服を上下観察すると、苦笑いを見せた。
山之内
山之内
まさか、無職か？ それにその顔の怪我はなんだよ
まさか、無職か？ それにその顔の怪我はなんだよ
秀隆
秀隆
ちゃんと就職したよ。特務官になったんだ
ちゃんと就職したよ。特務官になったんだ
秀隆
秀隆
今ちょっとワケあって、怪我してたり私服だったりだけどな
今ちょっとワケあって、怪我してたり私服だったりだけどな
山之内
山之内
……そうか。よかったな
……そうか。よかったな
少し驚いた後、笑ってそう祝福してくれた。
少し驚いた後、笑ってそう祝福してくれた。
秀隆
秀隆
ありがとう。ただ、そう楽観しても居られないんだ
ありがとう。ただ、そう楽観しても居られないんだ
山之内
山之内
と言うと？　俺に声をかけたことに関係があるのか？
と言うと？　俺に声をかけたことに関係があるのか？
秀隆
秀隆
ああ
ああ
オレは山之内の隣に腰を下ろす。
オレは山之内の隣に腰を下ろす。
秀隆
秀隆
確か、山之内は薬剤師になったんだよな
確か、山之内は薬剤師になったんだよな
秀隆
秀隆
薬剤界に敏腕の若手がいるって話は、ちらほらと耳にしてるよ
薬剤界に敏腕の若手がいるって話は、ちらほらと耳にしてるよ
秀隆
秀隆
新薬の開発や研究で大いに貢献してるって？
新薬の開発や研究で大いに貢献してるって？
山之内
山之内
最初は反発してたんだが、結局親父の後を追うことになった
最初は反発してたんだが、結局親父の後を追うことになった
困ったような顔をしているが、まんざらでもないようだった。
困ったような顔をしているが、まんざらでもないようだった。
秀隆
秀隆
お前に、どうしても調べて貰いたいものがある
お前に、どうしても調べて貰いたいものがある
山之内
山之内
ん……？
ん……？
オレは、今までの経緯を山之内に打ち明けることにした。
オレは、今までの経緯を山之内に打ち明けることにした。
山之内
山之内
……なるほど。遺伝子組み換え食品の異常性、か
……なるほど。遺伝子組み換え食品の異常性、か
山之内
山之内
吸ってもいいか？
吸ってもいいか？
秀隆
秀隆
ああ
ああ
seタバコに火をつける0
seタバコに火をつける0
いつの間にタバコを吸うようになったのか、
いつの間にタバコを吸うようになったのか、
山之内はタバコを取り出すと静かに火をつけた。
山之内はタバコを取り出すと静かに火をつけた。
山之内
山之内
おまえの勝算は、ほぼ０だ。機関の検査はそう脆い存在じゃない
おまえの勝算は、ほぼ０だ。機関の検査はそう脆い存在じゃない
山之内
山之内
裏に手をまわしてどうとか、見落としがどうとか、
裏に手をまわしてどうとか、見落としがどうとか、
考えにくい話だ
考えにくい話だ
秀隆
秀隆
分かってる……でも、納得が行かないんだ
分かってる……でも、納得が行かないんだ
秀隆
秀隆
結局オレの知らないところで調べられ、
結局オレの知らないところで調べられ、
異常がないと言われ、その答えだけが返ってくることに
異常がないと言われ、その答えだけが返ってくることに
秀隆
秀隆
おまえが調べてくれれば、オレも納得できると思う
おまえが調べてくれれば、オレも納得できると思う
山之内
山之内
その裏の手ってヤツが及ばないからか？
その裏の手ってヤツが及ばないからか？
秀隆
秀隆
単純に、おまえの実力を買ってるってことさ
単純に、おまえの実力を買ってるってことさ
山之内
山之内
嘘付けよ
嘘付けよ
ケラケラと笑う山之内に、オレも思わず笑みが出た。
ケラケラと笑う山之内に、オレも思わず笑みが出た。
秀隆
秀隆
持ち上げようと思ったんだが、無理だった
持ち上げようと思ったんだが、無理だった
山之内
山之内
ま、言いたいことは分かった。これ預からせてもらうよ
ま、言いたいことは分かった。これ預からせてもらうよ
秀隆
秀隆
いいのか……？
いいのか……？
山之内
山之内
友達の頼みとあれば、断る理由はないさ
友達の頼みとあれば、断る理由はないさ
山之内
山之内
それに遺伝子組み換えとは、薬品も無関係じゃない。
それに遺伝子組み換えとは、薬品も無関係じゃない。
むしろ、薬品も既にその殆どが遺伝子組み換え医薬品だ
むしろ、薬品も既にその殆どが遺伝子組み換え医薬品だ
すっと立ち上がると、オレが持ってきていたサンプルを受け取った。
すっと立ち上がると、オレが持ってきていたサンプルを受け取った。
山之内
山之内
２日くれ。それまでに結果を出してみせる
２日くれ。それまでに結果を出してみせる
秀隆
秀隆
頼むよ
頼むよ
山之内
山之内
……なぁ島津。野暮なことを１つ聞いてもいいか？
……なぁ島津。野暮なことを１つ聞いてもいいか？
秀隆
秀隆
ん？
ん？
山之内
山之内
佐々野は元気にしてるのか？　あいつも特務官だろ
佐々野は元気にしてるのか？　あいつも特務官だろ
秀隆
秀隆
ああ、出世街道に乗ってるよ
ああ、出世街道に乗ってるよ
オレが、その妨害をしそうになってるけど。
オレが、その妨害をしそうになってるけど。
山之内
山之内
そう言うことじゃないんだが……まあいい。じゃあ、２日後に
そう言うことじゃないんだが……まあいい。じゃあ、２日後に
秀隆
秀隆
ありがとう
ありがとう
オレは懐かしい旧友に名残惜しさを感じつつも、別れることになった。
オレは懐かしい旧友に名残惜しさを感じつつも、別れることになった。
時刻は午前１１時前。
時刻は午前１１時前。
オレは、その足で次の目的地へ向かうことにした。
オレは、その足で次の目的地へ向かうことにした。
…………。
…………。
……。
……。
愛佳
愛佳
やっほ、待たせた？
やっほ、待たせた？
って、うわ、何その顔！？
って、うわ、何その顔！？
秀隆
秀隆
やっぱり驚くか？
やっぱり驚くか？
愛佳
愛佳
だって酷い怪我……でもないか。意外といつも通りかも
だって酷い怪我……でもないか。意外といつも通りかも
秀隆
秀隆
……それ、さりげなくバカにしてるか？
……それ、さりげなくバカにしてるか？
愛佳
愛佳
あははは。ごめんごめん
あははは。ごめんごめん
愛佳
愛佳
まさか先生が喧嘩とか？　そんなわけないか
まさか先生が喧嘩とか？　そんなわけないか
愛佳
愛佳
でも、こんな時間にあたしに会いたいなんて、どうしたの？
でも、こんな時間にあたしに会いたいなんて、どうしたの？
愛佳
愛佳
はっ！？　先生、ひょっとしてあたしを！？
はっ！？　先生、ひょっとしてあたしを！？
秀隆
秀隆
安心しろ。違うから
安心しろ。違うから
愛佳
愛佳
とかいいつつ？
とかいいつつ？
秀隆
秀隆
もう２サイズ胸がでかくなってから言うんだな！
もう２サイズ胸がでかくなってから言うんだな！
愛佳
愛佳
うわ、堂々と変態な発言……さすがおっぱい星人
うわ、堂々と変態な発言……さすがおっぱい星人
秀隆
秀隆
マジ巨乳以外興味ないですからー
マジ巨乳以外興味ないですからー
秀隆
秀隆
……と、そう言う話はこれくらいにしておこう
……と、そう言う話はこれくらいにしておこう
そろそろ周囲の視線が痛くなる。
そろそろ周囲の視線が痛くなる。
愛佳
愛佳
そんで？　あ、もしかして……あの件？
そんで？　あ、もしかして……あの件？
秀隆
秀隆
無関係じゃないな。とりあえず、ちょっと歩くか
無関係じゃないな。とりあえず、ちょっと歩くか
愛佳
愛佳
うん
うん
オレは愛佳と並んで歩き出す。
オレは愛佳と並んで歩き出す。
秀隆
秀隆
今日は、彼氏は大丈夫だったか？
今日は、彼氏は大丈夫だったか？
愛佳
愛佳
彼氏？
彼氏？
秀隆
秀隆
この間待ち合わせしてたろ
この間待ち合わせしてたろ
愛佳
愛佳
ああ、別れた
ああ、別れた
秀隆
秀隆
早っ！
早っ！
愛佳
愛佳
あたしって恋多き乙女じゃない？　一人に縛られるのって無理
あたしって恋多き乙女じゃない？　一人に縛られるのって無理
秀隆
秀隆
ったく最近のガキは……
ったく最近のガキは……
愛佳
愛佳
…………
…………
はは、と笑った愛佳だったが、その横顔はどこか辛そうだ。
はは、と笑った愛佳だったが、その横顔はどこか辛そうだ。
愛佳
愛佳
ありがとね、先生
ありがとね、先生
秀隆
秀隆
……ん？
……ん？
愛佳
愛佳
再検査の依頼、してくれたんでしょ？
再検査の依頼、してくれたんでしょ？
秀隆
秀隆
ああ……
ああ……
愛佳
愛佳
父親に怒られた。
父親に怒られた。
そんな嘘を話すとしたら、おまえしかいない、って
そんな嘘を話すとしたら、おまえしかいない、って
やはり、片桐社長は愛佳だと気付いたか。
やはり、片桐社長は愛佳だと気付いたか。
秀隆
秀隆
大丈夫だったか？
大丈夫だったか？
愛佳
愛佳
こってり絞られたけど、平気。あたしは嘘をついてないから
こってり絞られたけど、平気。あたしは嘘をついてないから
愛佳
愛佳
検査は……何も異常が出なかった、んだろうけど……
検査は……何も異常が出なかった、んだろうけど……
秀隆
秀隆
残念ながらな
残念ながらな
愛佳
愛佳
やっぱり疑っちゃうよね、あたしのこと
やっぱり疑っちゃうよね、あたしのこと
愛佳
愛佳
多分先生、困ったことになってるよね？　顔の傷とか見れば分かるよ
多分先生、困ったことになってるよね？　顔の傷とか見れば分かるよ
秀隆
秀隆
オレはおまえを信じる。だから、行動を起こしただけだ
オレはおまえを信じる。だから、行動を起こしただけだ
愛佳
愛佳
……優しいんだ
……優しいんだ
秀隆
秀隆
だって、嘘ついてないんだろ？
だって、嘘ついてないんだろ？
愛佳
愛佳
うん
うん
秀隆
秀隆
なら本当のことだ。あの食品には、何か問題が隠されている
なら本当のことだ。あの食品には、何か問題が隠されている
愛佳
愛佳
……ありがとう、先生
……ありがとう、先生
愛佳
愛佳
もう消灯だ。帰らないと
もう消灯だ。帰らないと
秀隆
秀隆
なあ片桐
なあ片桐
愛佳
愛佳
なに……？
なに……？
秀隆
秀隆
いや、おまえ肩にゴミがついてるぞ？
いや、おまえ肩にゴミがついてるぞ？
愛佳
愛佳
ゴミ？
ゴミ？
オレは腕を上げ、ゆっくりと肩へと手を伸ばした。
オレは腕を上げ、ゆっくりと肩へと手を伸ばした。
愛佳
愛佳
っ！？
っ！？
びくりと反応した愛佳は、鞄を前に突き出し後ろへと下がった。
びくりと反応した愛佳は、鞄を前に突き出し後ろへと下がった。
秀隆
秀隆
なんだよ、急に身構えたりして
なんだよ、急に身構えたりして
愛佳
愛佳
別に……なんでもない。ゴミとか、自分で取れるから……！
別に……なんでもない。ゴミとか、自分で取れるから……！
秀隆
秀隆
そうか。悪かったな
そうか。悪かったな
愛佳
愛佳
ううん。それじゃあ、帰るね
ううん。それじゃあ、帰るね
秀隆
秀隆
片桐
片桐
愛佳
愛佳
ん？
ん？
秀隆
秀隆
他に、オレに話すことはないのか？
他に、オレに話すことはないのか？
愛佳
愛佳
他に？　……何もないよ
他に？　……何もないよ
秀隆
秀隆
オレにはそうは思えない
オレにはそうは思えない
愛佳
愛佳
やだ、どう言うこと？　さっぱりなんだけど
やだ、どう言うこと？　さっぱりなんだけど
オレは直接表現を避けたかったが、そうも言っていられなかった。
オレは直接表現を避けたかったが、そうも言っていられなかった。
ここで愛佳に逃げられれば、真相を追えなくなる。
ここで愛佳に逃げられれば、真相を追えなくなる。
秀隆
秀隆
……おまえ、父親に虐待されてるんじゃないのか？
……おまえ、父親に虐待されてるんじゃないのか？
愛佳
愛佳
えっ！？
えっ！？
その言葉を聞いた瞬間、間違いなく愛佳は動転した。
その言葉を聞いた瞬間、間違いなく愛佳は動転した。
愛佳
愛佳
な、なにそれ。え、意味わかんない。ど、どうして？
な、なにそれ。え、意味わかんない。ど、どうして？
秀隆
秀隆
教えてくれないか？　本当のことを
教えてくれないか？　本当のことを
愛佳
愛佳
いやいやいや、先生、何それ、あたし、そんなのないって
いやいやいや、先生、何それ、あたし、そんなのないって
愛佳
愛佳
全然……
全然……
わたわたと笑みを浮かべ否定する愛佳だったが、
わたわたと笑みを浮かべ否定する愛佳だったが、
やがてその顔からは笑みが消えていく。
やがてその顔からは笑みが消えていく。
秀隆
秀隆
おまえ、よく学園を休んでるよな？
おまえ、よく学園を休んでるよな？
あれって、父親に虐待された次の日、
あれって、父親に虐待された次の日、
痣や傷を見られるのが嫌だったんじゃないのか？
痣や傷を見られるのが嫌だったんじゃないのか？
愛佳
愛佳
ちょ、やだなぁ。それは、ほら……そう言うんじゃなくて
ちょ、やだなぁ。それは、ほら……そう言うんじゃなくて
秀隆
秀隆
隠そうとしてる首付近の痣も、虐待の痕、だろ
隠そうとしてる首付近の痣も、虐待の痕、だろ
愛佳
愛佳
あ、あたしは
あ、あたしは
愛佳
愛佳
あたしは……
あたしは……
それから、どれだけの間、２人でベンチに座っていただろう。
それから、どれだけの間、２人でベンチに座っていただろう。
交わす言葉もなく、静かな重い沈黙だけが流れ続ける。
交わす言葉もなく、静かな重い沈黙だけが流れ続ける。
愛佳
愛佳
お願い……
お願い……
そして、愛佳はポツリと口を開いた。
そして、愛佳はポツリと口を開いた。
愛佳
愛佳
お願いだから、何も言わないで……
お願いだから、何も言わないで……
秀隆
秀隆
それは―――虐待の事実を、ってことか……？
それは―――虐待の事実を、ってことか……？
愛佳
愛佳
…………
…………
愛佳は言葉にせず、そして認めることもなく無言だった。
愛佳は言葉にせず、そして認めることもなく無言だった。
愛佳
愛佳
どうにも出来ないことは、放っとくしかないじゃない？
どうにも出来ないことは、放っとくしかないじゃない？
次に口を開いた時、愛佳の顔には笑みが戻っていた。
次に口を開いた時、愛佳の顔には笑みが戻っていた。
だけど……。
だけど……。
愛佳
愛佳
あたしは平気だから
あたしは平気だから
秀隆
秀隆
虐待なんて、許されていいはずないだろ
虐待なんて、許されていいはずないだろ
愛佳
愛佳
許すも許さないもないんだって。虐待なんてされてないよ、あたし
許すも許さないもないんだって。虐待なんてされてないよ、あたし
愛佳
愛佳
あたし父親のこと嫌いだよ。でも、虐待なんてされてない
あたし父親のこと嫌いだよ。でも、虐待なんてされてない
秀隆
秀隆
おまえ
おまえ
愛佳
愛佳
だから、お願い先生。もうこれ以上、あたしに関わらないで
だから、お願い先生。もうこれ以上、あたしに関わらないで
秀隆
秀隆
…………
…………
愛佳
愛佳
あたしは何ともないんだから
あたしは何ともないんだから
何ともない、だと？
何ともない、だと？
そんなはずがない。
そんなはずがない。
何ともないやつが、笑いながら、泣くはずないだろうがっ。
何ともないやつが、笑いながら、泣くはずないだろうがっ。
オレは、愛佳の肩を強引に抱き寄せた。
オレは、愛佳の肩を強引に抱き寄せた。
愛佳
愛佳
ちょっ、ちょっと先生！？
ちょっ、ちょっと先生！？
秀隆
秀隆
全然大丈夫じゃない
全然大丈夫じゃない
秀隆
秀隆
大丈夫なんかじゃないだろ
大丈夫なんかじゃないだろ
愛佳
愛佳
なんで、あたし、平気って言ってるのに……
なんで、あたし、平気って言ってるのに……
愛佳
愛佳
平気なのにっ……
平気なのにっ……
秀隆
秀隆
平気なんかじゃない。絶対に
平気なんかじゃない。絶対に
愛佳
愛佳
なんでそんなこと、先生に言い切れるのっ……
なんでそんなこと、先生に言い切れるのっ……
秀隆
秀隆
オレは特務官だぞ？　それくらい、分かるさ
オレは特務官だぞ？　それくらい、分かるさ
愛佳
愛佳
なにそれ、全然、答えになってないし……っ
なにそれ、全然、答えになってないし……っ
秀隆
秀隆
誰かを不幸にしたいわけじゃない。
誰かを不幸にしたいわけじゃない。
誰かを罰したいわけじゃない。ただ、おまえを助けたいんだ
誰かを罰したいわけじゃない。ただ、おまえを助けたいんだ
愛佳
愛佳
……あたしは……
……あたしは……
秀隆
秀隆
おまえが、父親を嫌ってることはよく分かった。
おまえが、父親を嫌ってることはよく分かった。
そして、その父親を大切にしていることも、よく分かった
そして、その父親を大切にしていることも、よく分かった
秀隆
秀隆
だからこそ、このままにしちゃおけない
だからこそ、このままにしちゃおけない
秀隆
秀隆
正しい方向に、戻さなきゃいけない
正しい方向に、戻さなきゃいけない
愛佳
愛佳
……せんせ……
……せんせ……
秀隆
秀隆
だから、ちゃんと教えてくれ。どう言うことがあったのか
だから、ちゃんと教えてくれ。どう言うことがあったのか
愛佳
愛佳
…………
…………
愛佳
愛佳
あたしは
あたしは
裕輔
裕輔
何してる……
何してる……
乾いた声が、耳に届いた。
乾いた声が、耳に届いた。
愛佳は慌てて顔を上げ、正面の闇を見つめた。
愛佳は慌てて顔を上げ、正面の闇を見つめた。
愛佳
愛佳
え、お、お兄ちゃん？
え、お、お兄ちゃん？
オレたちの前に、暗闇から出てきた人物が現れた。
オレたちの前に、暗闇から出てきた人物が現れた。
秀隆
秀隆
お待ちしてました、裕輔さん
お待ちしてました、裕輔さん
裕輔
裕輔
愛佳には関わるなと、釘を刺したつもりだったが？
愛佳には関わるなと、釘を刺したつもりだったが？
愛佳
愛佳
え、えっ？　どう言うこと？
え、えっ？　どう言うこと？
秀隆
秀隆
それを承諾した覚えはありませんでしたよ？
それを承諾した覚えはありませんでしたよ？
裕輔
裕輔
……愛佳、帰るぞ
……愛佳、帰るぞ
愛佳
愛佳
う、うん
う、うん
立ち上がろうとする愛佳の腕をオレは掴む。
立ち上がろうとする愛佳の腕をオレは掴む。
愛佳
愛佳
せんせ……？
せんせ……？
秀隆
秀隆
まだ帰らせるわけにはいかない。愛佳だけでなく、裕輔さんの方も
まだ帰らせるわけにはいかない。愛佳だけでなく、裕輔さんの方も
裕輔
裕輔
……どう言うつもりだ
……どう言うつもりだ
秀隆
秀隆
オレは１つ、説教をしなきゃいけないと思いまして
オレは１つ、説教をしなきゃいけないと思いまして
愛佳をベンチに座りなおさせ、代わりにオレが立ち上がる。
愛佳をベンチに座りなおさせ、代わりにオレが立ち上がる。
そして、睨む裕輔さんの方へと足を向けた。
そして、睨む裕輔さんの方へと足を向けた。
秀隆
秀隆
あ、あそこに幽霊が見える！
あ、あそこに幽霊が見える！
ピッと裕輔さんの左側を指差す。
ピッと裕輔さんの左側を指差す。
そして、次の瞬間オレは右腕を振るった。
そして、次の瞬間オレは右腕を振るった。
渾身の一撃を見舞うために！
渾身の一撃を見舞うために！
愛佳
愛佳
っ！？
っ！？
次の瞬間、身体が大きく吹き飛んだ。
次の瞬間、身体が大きく吹き飛んだ。
オレの身体が！
オレの身体が！
秀隆
秀隆
おお、ぅおお、痛たたた……効くっ……！
おお、ぅおお、痛たたた……効くっ……！
渾身の一撃（不意打ち）はあっさりと見破られ、
渾身の一撃（不意打ち）はあっさりと見破られ、
避けられると同時にカウンターを受けてしまった。
避けられると同時にカウンターを受けてしまった。
裕輔
裕輔
なんのつもりだ
なんのつもりだ
秀隆
秀隆
おー痛……なんてパンチだよっ……
おー痛……なんてパンチだよっ……
泣き出しそうなほどに顔が痛かったが、そうもいかない。
泣き出しそうなほどに顔が痛かったが、そうもいかない。
大人ってのは、大変なんだ。
大人ってのは、大変なんだ。
一発殴ってから説教を始めたかったが、
一発殴ってから説教を始めたかったが、
残念ながらそうは行かないようだった。
残念ながらそうは行かないようだった。
秀隆
秀隆
いつつ……せ、先日、裕輔さんはオレが特務官失格だと仰いましたね
いつつ……せ、先日、裕輔さんはオレが特務官失格だと仰いましたね
裕輔
裕輔
ああ
ああ
秀隆
秀隆
それを否定するつもりはありません。
それを否定するつもりはありません。
でも―――あなたも兄としては失格です
でも―――あなたも兄としては失格です
裕輔
裕輔
なんだと……？
なんだと……？
秀隆
秀隆
兄妹って言うのは、助け合う存在です。
兄妹って言うのは、助け合う存在です。
妹が困っていたら、兄が助けるのは当たり前のことです
妹が困っていたら、兄が助けるのは当たり前のことです
裕輔
裕輔
当たり前だ。俺は愛佳を守っている
当たり前だ。俺は愛佳を守っている
秀隆
秀隆
父親に虐待を許しておいて、守っている、ですか
父親に虐待を許しておいて、守っている、ですか
愛佳
愛佳
せんせ、それはっ！　あたしは虐待なんてされてないって！
せんせ、それはっ！　あたしは虐待なんてされてないって！
裕輔
裕輔
…………
…………
一瞬驚いた後、裕輔さんの睨みはより一層強みを増した。
一瞬驚いた後、裕輔さんの睨みはより一層強みを増した。
裕輔
裕輔
愛佳は虐待なんて受けていない
愛佳は虐待なんて受けていない
秀隆
秀隆
そうでしょうか？
そうでしょうか？
秀隆
秀隆
愛佳は定期的に学園を休む癖があった。
愛佳は定期的に学園を休む癖があった。
そして、大抵休み明けには、身体に痣を作っていました
そして、大抵休み明けには、身体に痣を作っていました
裕輔
裕輔
…………
…………
秀隆
秀隆
確証がなかったので今までは公にしませんでしたが
確証がなかったので今までは公にしませんでしたが
秀隆
秀隆
そして、改めて今日確信しました。彼女は虐待されていると
そして、改めて今日確信しました。彼女は虐待されていると
裕輔
裕輔
なにを根拠に……？　所詮ただの痣だ。誰にでもありうる
なにを根拠に……？　所詮ただの痣だ。誰にでもありうる
愛佳
愛佳
そうだよ。あたし、これは転んで出来たやつだしっ……
そうだよ。あたし、これは転んで出来たやつだしっ……
秀隆
秀隆
ただの痣、ですか
ただの痣、ですか
裕輔
裕輔
その痣と虐待の関係を証明することなど、出来るはずがない
その痣と虐待の関係を証明することなど、出来るはずがない
秀隆
秀隆
そうですね……素人には無理かも知れません
そうですね……素人には無理かも知れません
裕輔
裕輔
特務官になら、そんなことまで分かる、とでも？
特務官になら、そんなことまで分かる、とでも？
秀隆
秀隆
まさか。ただ、専門家の意見を聞いてきた、と言うことです
まさか。ただ、専門家の意見を聞いてきた、と言うことです
秀隆
秀隆
それに虐待されているかどうかを見分ける方法もあります
それに虐待されているかどうかを見分ける方法もあります
裕輔
裕輔
バカな。ハッタリだ
バカな。ハッタリだ
秀隆
秀隆
いいえ、ハッタリなんかじゃありません
いいえ、ハッタリなんかじゃありません
回想枠
回想枠
山之内と分かれた後、オレは杉村さんのところを尋ねていた。
山之内と分かれた後、オレは杉村さんのところを尋ねていた。
秀隆
秀隆
おはようございます、杉村さん
おはようございます、杉村さん
杉村
杉村
おはよう島津くん。今日はどうしたのかしら？
おはよう島津くん。今日はどうしたのかしら？
秀隆
秀隆
えっとですね。今日は少し、個人的なお願いがあってきました
えっとですね。今日は少し、個人的なお願いがあってきました
杉村
杉村
個人的な？
個人的な？
秀隆
秀隆
この画像を見ていただけますか
この画像を見ていただけますか
そう言い、オレは携帯ごと杉村さんに差し出した。
そう言い、オレは携帯ごと杉村さんに差し出した。
杉村
杉村
これは……！
これは……！
秀隆
秀隆
気付いていただけましたか
気付いていただけましたか
杉村
杉村
随分と可愛い子ね
随分と可愛い子ね
秀隆
秀隆
でしょ？　いやいや、そうではなくて……首元を見てください
でしょ？　いやいや、そうではなくて……首元を見てください
杉村
杉村
……痣、ね
……痣、ね
秀隆
秀隆
オレはこの子が、虐待されてるんじゃないかと思っています
オレはこの子が、虐待されてるんじゃないかと思っています
杉村
杉村
島津くん、あなた、自分で何を言っているか分かってる？
島津くん、あなた、自分で何を言っているか分かってる？
秀隆
秀隆
えっ？
えっ？
そんなに、驚かれるようなことだったのだろうか。
そんなに、驚かれるようなことだったのだろうか。
杉村さんは、今まで見たことも無いような表情を浮かべる。
杉村さんは、今まで見たことも無いような表情を浮かべる。
杉村
杉村
いえ……それで？
いえ……それで？
秀隆
秀隆
ただ、確証は得られていません
ただ、確証は得られていません
秀隆
秀隆
もしかしたら転んで出来た痣かも知れないですし
もしかしたら転んで出来た痣かも知れないですし
杉村
杉村
そうね……この携帯、少し借りても？
そうね……この携帯、少し借りても？
秀隆
秀隆
はい
はい
杉村さんは携帯からデータを転送し、
杉村さんは携帯からデータを転送し、
近くのパソコンへと移した。
近くのパソコンへと移した。
そして、画像を大きく拡大させる。
そして、画像を大きく拡大させる。
杉村
杉村
……確かに、疑いはもてるかも知れない
……確かに、疑いはもてるかも知れない
秀隆
秀隆
やはりそうですか
やはりそうですか
杉村
杉村
やや痣が出来るにしては不自然な場所だし、
やや痣が出来るにしては不自然な場所だし、
何より幾つか痣が見えているでしょう？
何より幾つか痣が見えているでしょう？
秀隆
秀隆
はい
はい
杉村
杉村
こんな形の痣は、自然に生活していると中々つかないものよ
こんな形の痣は、自然に生活していると中々つかないものよ
秀隆
秀隆
そうですね。それにこっちの傷も不自然です
そうですね。それにこっちの傷も不自然です
秀隆
秀隆
これは身体を庇った時に出来る痣ですから
これは身体を庇った時に出来る痣ですから
秀隆
秀隆
恐らく、いつも自分の身を守ろうと抵抗はしている。
恐らく、いつも自分の身を守ろうと抵抗はしている。
だけど、実の父親と言うこともあって、
だけど、実の父親と言うこともあって、
反撃は出来ない、と言ったところでしょうか
反撃は出来ない、と言ったところでしょうか
秀隆
秀隆
この痣の形だと、そうですね……
この痣の形だと、そうですね……
馬乗りになった父親が、何か道具を持って殴った感じがします
馬乗りになった父親が、何か道具を持って殴った感じがします
脳内で描くシミュレートは、想像以上にスムーズに再現される。
脳内で描くシミュレートは、想像以上にスムーズに再現される。
愛佳は父親に抵抗し、腕を掴み殴られるのを止める。
愛佳は父親に抵抗し、腕を掴み殴られるのを止める。
だが、そのことがより刺激を生み、父親に怒りのストレスを与える。
だが、そのことがより刺激を生み、父親に怒りのストレスを与える。
だから、より強く殴られる。
だから、より強く殴られる。
杉村
杉村
え、ええ、そうね……
え、ええ、そうね……
杉村
杉村
でも……これで虐待されている、と決め付けるまではいかないわね
でも……これで虐待されている、と決め付けるまではいかないわね
秀隆
秀隆
そうですか……
そうですか……
決定的な証拠にはなりえなかったか。
決定的な証拠にはなりえなかったか。
秀隆
秀隆
本人に認めさせるには、どうすればいいでしょう？
本人に認めさせるには、どうすればいいでしょう？
秀隆
秀隆
恐らく普通に聞いても答えてはくれません
恐らく普通に聞いても答えてはくれません
杉村
杉村
そうね……
そうね……
杉村
杉村
単純だけど、信憑性の高い方法があるわ
単純だけど、信憑性の高い方法があるわ
秀隆
秀隆
どんな方法でしょう？
どんな方法でしょう？
杉村
杉村
それは
それは
杉村さんはこちらを見ると、
杉村さんはこちらを見ると、
さっと手を伸ばしオレの髪の毛へと触れた。
さっと手を伸ばしオレの髪の毛へと触れた。
秀隆
秀隆
あの？
あの？
杉村
杉村
これがその方法よ
これがその方法よ
秀隆
秀隆
なるほど……相手の反応を見る、ですね
なるほど……相手の反応を見る、ですね
杉村さんがにっこりと微笑んだ。
杉村さんがにっこりと微笑んだ。
杉村
杉村
日頃から虐待を受けてる子は、相手の仕草や動作に敏感なの。
日頃から虐待を受けてる子は、相手の仕草や動作に敏感なの。
だから何気ない相手の動作でも、過剰に反応したりするのよ
だから何気ない相手の動作でも、過剰に反応したりするのよ
杉村
杉村
今の島津くんには、私が髪に触れただけにしか見えなくても、
今の島津くんには、私が髪に触れただけにしか見えなくても、
虐待を受けている子には、反射的に殴られると思ってしまう
虐待を受けている子には、反射的に殴られると思ってしまう
杉村
杉村
だから触れられる前に、必ず異常な行動を取るはずよ
だから触れられる前に、必ず異常な行動を取るはずよ
秀隆
秀隆
……防衛本能ってヤツですね
……防衛本能ってヤツですね
杉村
杉村
その通り
その通り
秀隆
秀隆
確かめる方法とは……これです
確かめる方法とは……これです
オレは一度頷き、すっと腕を上げた。
オレは一度頷き、すっと腕を上げた。
裕輔さんはじっと腕を見ている。
裕輔さんはじっと腕を見ている。
そのまま手を伸ばし、裕輔さんの肩にそっと触れた。
そのまま手を伸ばし、裕輔さんの肩にそっと触れた。
秀隆
秀隆
分かりましたか？
分かりましたか？
裕輔
裕輔
いや、どういうことだ？
いや、どういうことだ？
秀隆
秀隆
今のオレの動作を見て、何を思いました
今のオレの動作を見て、何を思いました
裕輔
裕輔
俺の肩に触れた、じゃないのか
俺の肩に触れた、じゃないのか
秀隆
秀隆
結果を見ればそうです、でも、愛佳はそう捉えなかった
結果を見ればそうです、でも、愛佳はそう捉えなかった
秀隆
秀隆
オレが肩に手を触れようとした時、防御姿勢をとったんです
オレが肩に手を触れようとした時、防御姿勢をとったんです
裕輔
裕輔
防御姿勢？
防御姿勢？
後ろの愛佳も、ハッとしたように息を呑んだ。
後ろの愛佳も、ハッとしたように息を呑んだ。
秀隆
秀隆
こうカバンを持ち、盾のようにして
こうカバンを持ち、盾のようにして
自分自身で気がついていなかったのだろう。
自分自身で気がついていなかったのだろう。
秀隆
秀隆
オレが突然腕を振り上げたならまだしも、
オレが突然腕を振り上げたならまだしも、
このようなゆっくりとした動作で、
このようなゆっくりとした動作で、
ここまで大げさになるのは明らかにおかしい
ここまで大げさになるのは明らかにおかしい
秀隆
秀隆
異性に触れられるのが嫌だとしても、
異性に触れられるのが嫌だとしても、
ここまで過剰に反応することは、通常ありえません
ここまで過剰に反応することは、通常ありえません
裕輔
裕輔
…………
…………
秀隆
秀隆
これは、普段から誰かに虐待を受けている証拠です
これは、普段から誰かに虐待を受けている証拠です
秀隆
秀隆
ここまでお話して、それでもまだ
ここまでお話して、それでもまだ
認めないようであれば、病院での検査をお願いします
認めないようであれば、病院での検査をお願いします
裕輔
裕輔
……おまえに、何の関係がある
……おまえに、何の関係がある
裕輔
裕輔
これはうちの問題だ。あんたが関わることじゃない
これはうちの問題だ。あんたが関わることじゃない
秀隆
秀隆
そうは行きません。知ってしまった以上放置できませんから
そうは行きません。知ってしまった以上放置できませんから
裕輔
裕輔
頼むから放っておいてくれ
頼むから放っておいてくれ
秀隆
秀隆
なぜ虐待されているのを見過ごすんです
なぜ虐待されているのを見過ごすんです
裕輔
裕輔
見過ごしてなんかいない
見過ごしてなんかいない
そう吐き捨てる裕輔さんに、オレは激しく詰め寄った。
そう吐き捨てる裕輔さんに、オレは激しく詰め寄った。
秀隆
秀隆
……なら、なぜ愛佳は今も痣を作ってるんだ
……なら、なぜ愛佳は今も痣を作ってるんだ
裕輔
裕輔
…………
…………
裕輔さんは強くオレを睨み付ける。
裕輔さんは強くオレを睨み付ける。
裕輔
裕輔
これ以上関わってくるようなら、容赦はしない
これ以上関わってくるようなら、容赦はしない
秀隆
秀隆
それは、暴力って意味だよな？
それは、暴力って意味だよな？
秀隆
秀隆
経歴を調べた。学生時代は随分と喧嘩ばかりしてたんだな
経歴を調べた。学生時代は随分と喧嘩ばかりしてたんだな
裕輔
裕輔
特務官になって間もない割に、こそこそ調べまわるのは得意そうだな
特務官になって間もない割に、こそこそ調べまわるのは得意そうだな
秀隆
秀隆
そう言う性格、かも知れないな
そう言う性格、かも知れないな
秀隆
秀隆
虐待の理由は……愛佳の粗相なのか……
虐待の理由は……愛佳の粗相なのか……
あるいは『血』が繋がっていないことに関係があるのか
あるいは『血』が繋がっていないことに関係があるのか
裕輔
裕輔
それ以上口を開くな
それ以上口を開くな
冷徹な瞳が、オレを睨みつける。
冷徹な瞳が、オレを睨みつける。
秀隆
秀隆
血が繋がっていないとなると、性的な対象としても
血が繋がっていないとなると、性的な対象としても
オレは、何が起こったかを完全に把握する前に、吹っ飛ばされた。
オレは、何が起こったかを完全に把握する前に、吹っ飛ばされた。
秀隆
秀隆
っかあ！　いってぇ！
っかあ！　いってぇ！
裕輔
裕輔
それ以上口を開くなと言ったはずだ
それ以上口を開くなと言ったはずだ
秀隆
秀隆
く……っつぅ……！
く……っつぅ……！
オレは痛みを堪えながら、構わず口を開いた。
オレは痛みを堪えながら、構わず口を開いた。
秀隆
秀隆
大切な妹が虐待されてると知っていながら、なぜ父親を庇う
大切な妹が虐待されてると知っていながら、なぜ父親を庇う
裕輔
裕輔
俺たちに取って、あの男しか父親はいない
俺たちに取って、あの男しか父親はいない
裕輔
裕輔
事業が成功する前から、俺たちを支えてくれたのはあいつだけだ
事業が成功する前から、俺たちを支えてくれたのはあいつだけだ
愛佳
愛佳
…………
…………
秀隆
秀隆
なるほど……随分と、義理堅いんだな……
なるほど……随分と、義理堅いんだな……
秀隆
秀隆
その義を守るために、あんたはこれからも妹を見殺しにするのか？
その義を守るために、あんたはこれからも妹を見殺しにするのか？
裕輔
裕輔
……そんなことはしない。俺は愛佳を守る
……そんなことはしない。俺は愛佳を守る
秀隆
秀隆
は……守るねぇ……
は……守るねぇ……
秀隆
秀隆
オレには、あんたが妹を守れてるようには思えないけどな
オレには、あんたが妹を守れてるようには思えないけどな
愛佳
愛佳
先生……お兄ちゃんはあたしを守ってくれてる……
先生……お兄ちゃんはあたしを守ってくれてる……
愛佳
愛佳
あたしの変わりに、何度も何度も殴られてる！
あたしの変わりに、何度も何度も殴られてる！
裕輔
裕輔
やめろ愛佳。こうやって揺さぶりをかけて、
やめろ愛佳。こうやって揺さぶりをかけて、
俺たちの内情を探ろうとしているんだ、この男は
俺たちの内情を探ろうとしているんだ、この男は
秀隆
秀隆
愛佳……その場でお前の代わりに殴られてたとして、
愛佳……その場でお前の代わりに殴られてたとして、
それが根本的な解決にでもなってると思ってるのか？
それが根本的な解決にでもなってると思ってるのか？
愛佳
愛佳
それは……でも！
それは……でも！
秀隆
秀隆
虐待そのものを止めさせなければ、意味がない
虐待そのものを止めさせなければ、意味がない
裕輔
裕輔
お前の言うことは正論なんだろう。
お前の言うことは正論なんだろう。
だが、所詮は他人事だから言えること
だが、所詮は他人事だから言えること
裕輔
裕輔
おまえに何が出来る。ただ、虐待の事実を公にするだけだろう
おまえに何が出来る。ただ、虐待の事実を公にするだけだろう
裕輔
裕輔
おまえはそれで満足だろうな。少女を救った特務官として名を残す
おまえはそれで満足だろうな。少女を救った特務官として名を残す
裕輔
裕輔
だが、その後苦しむのは愛佳だ。今まで以上に苦しむことになる
だが、その後苦しむのは愛佳だ。今まで以上に苦しむことになる
裕輔
裕輔
そんなものは解決でも何でもない、ただの自己満足だ
そんなものは解決でも何でもない、ただの自己満足だ
秀隆
秀隆
…………
…………
裕輔
裕輔
特務官１人の存在など、何の役にも立ちはしない
特務官１人の存在など、何の役にも立ちはしない
秀隆
秀隆
出来る……皆が幸せになる方法は、必ずあ
出来る……皆が幸せになる方法は、必ずあ
秀隆
秀隆
ぶ―――！？
ぶ―――！？
腹部への強烈な一撃に、胃液が口までこみ上げてきた。
腹部への強烈な一撃に、胃液が口までこみ上げてきた。
膝から崩れ落ちる。
膝から崩れ落ちる。
裕輔
裕輔
何も出来はしない……
何も出来はしない……
秀隆
秀隆
ぐっ――！？
ぐっ――！？
愛佳
愛佳
お、お兄ちゃんやめて！
お、お兄ちゃんやめて！
秀隆
秀隆
は……っ……！
は……っ……！
愛佳が裕輔さんの身体に抱きつくようにして、振り上げた拳を止めさせる。
愛佳が裕輔さんの身体に抱きつくようにして、振り上げた拳を止めさせる。
裕輔
裕輔
愛佳には将来がある。夢がある。
愛佳には将来がある。夢がある。
だが、虐待の事実が公になれば、それらは断たれ兼ねない
だが、虐待の事実が公になれば、それらは断たれ兼ねない
裕輔
裕輔
血の繋がりがない以上、俺たちは父親に見捨てられる。
血の繋がりがない以上、俺たちは父親に見捨てられる。
頼る身寄りのない俺たちには途方もない闇が広がっているだけだ
頼る身寄りのない俺たちには途方もない闇が広がっているだけだ
裕輔
裕輔
それで済めばいい方だろう。
それで済めばいい方だろう。
父親の権力を持ってすれば、俺たちの人生を壊すことだって出来る
父親の権力を持ってすれば、俺たちの人生を壊すことだって出来る
秀隆
秀隆
…………
…………
裕輔
裕輔
分かるか？　俺たちの置かれた境遇の厳しさが
分かるか？　俺たちの置かれた境遇の厳しさが
愛佳を振り切り、裕輔さんが距離を詰めてくる。
愛佳を振り切り、裕輔さんが距離を詰めてくる。
裕輔
裕輔
特務官と言う肩書きなら、何かが変えられるとでも思ったか
特務官と言う肩書きなら、何かが変えられるとでも思ったか
se地面を転げまわる
se地面を転げまわる
殴り飛ばされ、草むらを転げる。
殴り飛ばされ、草むらを転げる。
秀隆
秀隆
オレは
オレは
秀隆
秀隆
オレ……は……
オレ……は……
手で口元を拭うと、べっとりと血がついていた。
手で口元を拭うと、べっとりと血がついていた。
先日の手当てしてもらったガーゼは、どこかへといってしまった。
先日の手当てしてもらったガーゼは、どこかへといってしまった。
手をつきながらも、震える足を地面につけ立ち上がる。
手をつきながらも、震える足を地面につけ立ち上がる。
裕輔
裕輔
誰かを救えると思い込んだ、ヒーロー気取りはやめろ
誰かを救えると思い込んだ、ヒーロー気取りはやめろ
裕輔
裕輔
おまえには愛佳を救えない
おまえには愛佳を救えない
秀隆
秀隆
……救えるさ……
……救えるさ……
前へ一歩進む。
前へ一歩進む。
秀隆
秀隆
オレなら、救える……
オレなら、救える……
裕輔
裕輔
これだけ言っても無駄か……目を覚まさせてやる
これだけ言っても無駄か……目を覚まさせてやる
秀隆
秀隆
目を覚ますのは……あんただ
目を覚ますのは……あんただ
距離を詰めてくる裕輔さん。
距離を詰めてくる裕輔さん。
その裕輔さんの左足が、ぐっと地面を踏んだ。
その裕輔さんの左足が、ぐっと地面を踏んだ。
繰り出される右拳。
繰り出される右拳。
オレはそれをぎりぎりのところで回避すると、
オレはそれをぎりぎりのところで回避すると、
渾身の一撃を顔面に叩き込んだ。
渾身の一撃を顔面に叩き込んだ。
裕輔
裕輔
なっ！？
なっ！？
自分の一撃が避けられるとは思ってもいなかったんだろう。
自分の一撃が避けられるとは思ってもいなかったんだろう。
オレはそのまま、飛び掛る勢いで裕輔さんを押し倒し、
オレはそのまま、飛び掛る勢いで裕輔さんを押し倒し、
馬乗りになって拳を振るった。
馬乗りになって拳を振るった。
その後の殴り合いは、正直記憶が飛び飛びだった。
その後の殴り合いは、正直記憶が飛び飛びだった。
反撃を食らい、逆にマウントを取られ、殴られた。
反撃を食らい、逆にマウントを取られ、殴られた。
噛み付いてさらに反撃して、また反撃されて―――。
噛み付いてさらに反撃して、また反撃されて―――。
とにかく、どっちもぼろぼろになるまで殴りあった。
とにかく、どっちもぼろぼろになるまで殴りあった。
暗闇に染まった公園のベンチで、
暗闇に染まった公園のベンチで、
オレと裕輔さんたちは少し距離を離して腰を下ろしていた。
オレと裕輔さんたちは少し距離を離して腰を下ろしていた。
愛佳は目を真っ赤にし、裕輔さんに寄り添っている。
愛佳は目を真っ赤にし、裕輔さんに寄り添っている。
兄の傷ついた姿なんて、妹に見せるものじゃないな……。
兄の傷ついた姿なんて、妹に見せるものじゃないな……。
だけど、この行動はけして、無意味なんかじゃない。
だけど、この行動はけして、無意味なんかじゃない。
馬鹿げた話だと思うだろうが、
馬鹿げた話だと思うだろうが、
拳を交わらせることで分かりあえることもあるんだ。
拳を交わらせることで分かりあえることもあるんだ。
裕輔
裕輔
さっきも言ったが……俺たちの父親は、実の父親じゃない
さっきも言ったが……俺たちの父親は、実の父親じゃない
秀隆
秀隆
そう、みたいですね……
そう、みたいですね……
裕輔さんと愛佳は、母親の連れ子で、
裕輔さんと愛佳は、母親の連れ子で、
片桐社長と出逢い再婚したと言うことだ。
片桐社長と出逢い再婚したと言うことだ。
資料によれば、母親は再婚後３年ほどして、事故に遭い亡くなっている。
資料によれば、母親は再婚後３年ほどして、事故に遭い亡くなっている。
裕輔
裕輔
母が死ぬまで、父は優しかった。
母が死ぬまで、父は優しかった。
俺たちは実の父のように彼を慕っていた
俺たちは実の父のように彼を慕っていた
裕輔
裕輔
だが、母の死後、酒を飲むようになった父は、
だが、母の死後、酒を飲むようになった父は、
いつしか俺たちに暴力を振るうようになった
いつしか俺たちに暴力を振るうようになった
秀隆
秀隆
…………
…………
秀隆
秀隆
どうして、それを他の人に相談しなかったんです？
どうして、それを他の人に相談しなかったんです？
裕輔
裕輔
幼かったこともあるが……それだけじゃない
幼かったこともあるが……それだけじゃない
裕輔
裕輔
血が繋がっていないからと、邪険にしてもいいのか？
血が繋がっていないからと、邪険にしてもいいのか？
裕輔
裕輔
暴力を振るう父親になら、暴力を振るってもいいのか？
暴力を振るう父親になら、暴力を振るってもいいのか？
裕輔
裕輔
そうじゃない……。そうであってはいけない……
そうじゃない……。そうであってはいけない……
裕輔
裕輔
俺たちにとっては、例え暴力を振るう存在だったとしても、
俺たちにとっては、例え暴力を振るう存在だったとしても、
父親はあの人一人しか居ない……
父親はあの人一人しか居ない……
裕輔
裕輔
幼い俺たちを養い、育ててくれたのは、紛れも無く今の父なんだ
幼い俺たちを養い、育ててくれたのは、紛れも無く今の父なんだ
裕輔さんは、愛佳の手をぎゅっと握り締める。
裕輔さんは、愛佳の手をぎゅっと握り締める。
愛佳も、それに応えるように手を握り締めていた。
愛佳も、それに応えるように手を握り締めていた。
秀隆
秀隆
あんたが、義を大切にしてることは、良く分かった……
あんたが、義を大切にしてることは、良く分かった……
秀隆
秀隆
だけどそれで、妹が……愛佳が苦しんでもいいってのか
だけどそれで、妹が……愛佳が苦しんでもいいってのか
裕輔
裕輔
それは……そんなことは、分かっている……
それは……そんなことは、分かっている……
裕輔
裕輔
だから、俺が
だから、俺が
秀隆
秀隆
無理だ。あんたには
無理だ。あんたには
秀隆
秀隆
あんたは優しすぎる……
あんたは優しすぎる……
愛佳のことも、父親のことも守ろうとして葛藤していたんだ。
愛佳のことも、父親のことも守ろうとして葛藤していたんだ。
だが、結局どちらも救うことは出来ない。
だが、結局どちらも救うことは出来ない。
愛佳を守るために父親を殴り、虐待を強引に止めれば、
愛佳を守るために父親を殴り、虐待を強引に止めれば、
親子の関係は最悪壊れ、２人は辛い人生を歩むことになる。
親子の関係は最悪壊れ、２人は辛い人生を歩むことになる。
逆に愛佳に我慢を強いれば、愛佳そのものの存在を壊してしまう。
逆に愛佳に我慢を強いれば、愛佳そのものの存在を壊してしまう。
裕輔さんはずっと苦しんでいた、そして今も苦しんでいるんだろう。
裕輔さんはずっと苦しんでいた、そして今も苦しんでいるんだろう。
もちろん、愛佳だって。
もちろん、愛佳だって。
自分が逃げ出せば、兄が困ると分かっているから、現実から逃げずにいる。
自分が逃げ出せば、兄が困ると分かっているから、現実から逃げずにいる。
今日だって、必死に虐待を否定し続けていた。
今日だって、必死に虐待を否定し続けていた。
必死に現実を受け入れようとしていたんだ。
必死に現実を受け入れようとしていたんだ。
裕輔
裕輔
どうすればいい？　俺は……何をすればいいんだ……
どうすればいい？　俺は……何をすればいいんだ……
秀隆
秀隆
あんたはただ、妹を守ってやってくれ。父親の手から
あんたはただ、妹を守ってやってくれ。父親の手から
秀隆
秀隆
あとは……オレの仕事だ……
あとは……オレの仕事だ……
裕輔
裕輔
なんだと……？
なんだと……？
秀隆
秀隆
少しだけ時間をくれないか？
少しだけ時間をくれないか？
秀隆
秀隆
必ず２人を救ってみせる
必ず２人を救ってみせる
裕輔
裕輔
だが俺たちは、父を
だが俺たちは、父を
秀隆
秀隆
分かっています。あなたたちのお父さんを、陥れるつもりもありません
分かっています。あなたたちのお父さんを、陥れるつもりもありません
裕輔
裕輔
…………
…………
それ以上、オレたちは言葉を交わすことはなかった。
それ以上、オレたちは言葉を交わすことはなかった。
…………。
…………。
……。
……。
秀隆
秀隆
ただいま……
ただいま……
アクセラ
アクセラ
お帰りなさいま
お帰りなさいま
ひっ、犯罪者！？
ひっ、犯罪者！？
秀隆
秀隆
そのやり取りは、前にもやったろ……
そのやり取りは、前にもやったろ……
アクセラ
アクセラ
そうでした。いえ、ですが、そのお顔は……
そうでした。いえ、ですが、そのお顔は……
アクセラ
アクセラ
すぐ手当て致しましょう
すぐ手当て致しましょう
秀隆
秀隆
そんなに酷い？
そんなに酷い？
アクセラ
アクセラ
それはもう……凄まじく醜いです
それはもう……凄まじく醜いです
秀隆
秀隆
……手当てお願いします……
……手当てお願いします……
…………。
…………。
……。
……。
