オレは、仕事が終わった金曜日の夜、ドリームタウンに足を運んでいた。
オレは、仕事が終わった金曜日の夜、ドリームタウンに足を運んでいた。
もちろん、凛に会うためだ。
もちろん、凛に会うためだ。
凛
凛
秀隆
秀隆
秀隆
秀隆
よう。待たせたか？
よう。待たせたか？
凛
凛
ううん。ちょうどくらい
ううん。ちょうどくらい
秀隆
秀隆
そっか。なんか、二日くらい会えないだけで嫌なもんだな
そっか。なんか、二日くらい会えないだけで嫌なもんだな
凛
凛
あたしは別にそうでもないかなぁ？　なんて……
あたしは別にそうでもないかなぁ？　なんて……
凛
凛
ちょっと寂しかった
ちょっと寂しかった
秀隆
秀隆
そか……。収録忙しかったんだって？
そか……。収録忙しかったんだって？
凛
凛
うん。ドラマの打ち合わせとか、リハで朝方までかかったりするから
うん。ドラマの打ち合わせとか、リハで朝方までかかったりするから
秀隆
秀隆
どこかで、ご飯でも食べないか？
どこかで、ご飯でも食べないか？
折角ドリームタウンに来たしさ
折角ドリームタウンに来たしさ
凛
凛
それもいいんだけど、買って帰らない？
それもいいんだけど、買って帰らない？
秀隆
秀隆
凛の家で食べるってことか
凛の家で食べるってことか
凛
凛
最近知名度が上がったせいか、特にドリームタウンだと見つかることも多くて
最近知名度が上がったせいか、特にドリームタウンだと見つかることも多くて
秀隆
秀隆
そういう理由なら仕方ないよな
そういう理由なら仕方ないよな
万が一にも見つかれば、オレたちの関係は容易ではいかなくなる。
万が一にも見つかれば、オレたちの関係は容易ではいかなくなる。
秀隆
秀隆
お邪魔します
お邪魔します
オレたちは食材（と言っても出来あいのもの）を買いこみ凛の部屋へ。
オレたちは食材（と言っても出来あいのもの）を買いこみ凛の部屋へ。
秀隆
秀隆
そいえば、彼氏になって初めて踏み入る気がする
そいえば、彼氏になって初めて踏み入る気がする
凛
凛
ハイ余計なことは考えない。ご飯ご飯
ハイ余計なことは考えない。ご飯ご飯
秀隆
秀隆
お、おう
お、おう
背中を押され、そのままリビングへ。
背中を押され、そのままリビングへ。
秀隆
秀隆
ドリームタウンの市販弁当初めて見るけど、結構グロテスクだな
ドリームタウンの市販弁当初めて見るけど、結構グロテスクだな
凛
凛
そう？　ホープタウンがシンプルすぎるだけだと思うけどね
そう？　ホープタウンがシンプルすぎるだけだと思うけどね
凛はソファーに腰を下ろす。
凛はソファーに腰を下ろす。
凛
凛
あー今日も疲れたぁ
あー今日も疲れたぁ
秀隆
秀隆
ご苦労さん。芸能界って、不規則な生活とか続いて大変だろ
ご苦労さん。芸能界って、不規則な生活とか続いて大変だろ
凛
凛
まあ。でも一番いやなのは、やっぱり視線が集中することかな
まあ。でも一番いやなのは、やっぱり視線が集中することかな
凛
凛
撮られてるってだけで、凄くストレスになったりするから
撮られてるってだけで、凄くストレスになったりするから
秀隆
秀隆
へえ……
へえ……
しかし、相変わらず凛は無防備だ。
しかし、相変わらず凛は無防備だ。
オレと出会った時から変わらないけど……。
オレと出会った時から変わらないけど……。
ホットパンツの隙間から見えそうな下着とか。
ホットパンツの隙間から見えそうな下着とか。
そういうところに絶対視線が行ってしまう。
そういうところに絶対視線が行ってしまう。
凛
凛
げんてーん
げんてーん
秀隆
秀隆
……な、なにがでございましょう？
……な、なにがでございましょう？
凛
凛
視線分かるって。今……パンツ見ようとしてた
視線分かるって。今……パンツ見ようとしてた
秀隆
秀隆
おま、仕事で培った勘を生かし過ぎだ！
おま、仕事で培った勘を生かし過ぎだ！
凛
凛
知らないわよ。わかっちゃうんだから仕方ないでしょ
知らないわよ。わかっちゃうんだから仕方ないでしょ
と言う割に足を閉じようとしない。
と言う割に足を閉じようとしない。
凛
凛
あたしはあたしのしたいようにしてるわけだから。秀隆が気を付けて
あたしはあたしのしたいようにしてるわけだから。秀隆が気を付けて
秀隆
秀隆
み、見てたつもりは……あったけど……
み、見てたつもりは……あったけど……
視線を外す。
視線を外す。
凛
凛
ほらたべよ。秀隆もご飯まだだったんでしょ？
ほらたべよ。秀隆もご飯まだだったんでしょ？
秀隆
秀隆
うい
うい
二人で、弁当を食べる。
二人で、弁当を食べる。
秀隆
秀隆
美味しいは美味しいけど、料理作った方がいいぞ
美味しいは美味しいけど、料理作った方がいいぞ
凛
凛
なに、あんたが作ってくれるの？
なに、あんたが作ってくれるの？
秀隆
秀隆
オレに料理は無理だ
オレに料理は無理だ
凛
凛
あたしも無理。つまり無理ってことね
あたしも無理。つまり無理ってことね
秀隆
秀隆
凛の手料理が食べたいなー
凛の手料理が食べたいなー
凛
凛
願望を口にするのは勝手だけど、あたし料理はしないから
願望を口にするのは勝手だけど、あたし料理はしないから
秀隆
秀隆
彼氏がお願いしても？
彼氏がお願いしても？
凛
凛
誰がお願いしても一緒よ。そもそも料理は得意じゃないしね
誰がお願いしても一緒よ。そもそも料理は得意じゃないしね
秀隆
秀隆
残念……
残念……
凛
凛
彼女が料理できなきゃ嫌ってわけでもないでしょ
彼女が料理できなきゃ嫌ってわけでもないでしょ
秀隆
秀隆
それはそうなんだが……食べたいと思う気持ちは当然ある
それはそうなんだが……食べたいと思う気持ちは当然ある
凛
凛
ふぅーん
ふぅーん
でも、凛は本当に興味なさそうだった。
でも、凛は本当に興味なさそうだった。
秀隆
秀隆
今度こっそり練習しておこうかなっ、とか考えるタイプじゃないよな
今度こっそり練習しておこうかなっ、とか考えるタイプじゃないよな
凛
凛
もちろん
もちろん
ぱくりと弁当のおかずを口に運んだ。
ぱくりと弁当のおかずを口に運んだ。
凛
凛
出来あいも十分美味しいし、あたしはこれで十分
出来あいも十分美味しいし、あたしはこれで十分
秀隆
秀隆
…………
…………
あ、ちょっとだけ下着見えたかも。
あ、ちょっとだけ下着見えたかも。
っていかん！　また視線気づかれるぞっ……。
っていかん！　また視線気づかれるぞっ……。
凛
凛
気づいたけどね
気づいたけどね
秀隆
秀隆
だーっ！　一瞬で気づくな！
だーっ！　一瞬で気づくな！
凛
凛
でもさ、不思議よね
でもさ、不思議よね
秀隆
秀隆
なにが……
なにが……
凛
凛
なんで男って、女の子の胸や下半身を見たがるわけ？
なんで男って、女の子の胸や下半身を見たがるわけ？
秀隆
秀隆
なんでって……
なんでって……
凛
凛
挙句の果てには、触りたいとか、舐めたいとか思ってるわけじゃない
挙句の果てには、触りたいとか、舐めたいとか思ってるわけじゃない
秀隆
秀隆
ま、まぁ……生々しすぎだ
ま、まぁ……生々しすぎだ
凛
凛
そりゃ、あたしもエッチは嫌いじゃないけどさ
そりゃ、あたしもエッチは嫌いじゃないけどさ
秀隆
秀隆
そうなの、か？
そうなの、か？
凛
凛
気持ちいいじゃない
気持ちいいじゃない
秀隆
秀隆
まぁ……
まぁ……
う、なんかそう堂々と言われると、複雑だ。
う、なんかそう堂々と言われると、複雑だ。
こっちは日々、どうやって凛と仲良くなればいいのか、そこに心血を注いでいるというのに、過去の男たちはそれ以上の苦労をしたのかとか、楽だったのか、とか。
こっちは日々、どうやって凛と仲良くなればいいのか、そこに心血を注いでいるというのに、過去の男たちはそれ以上の苦労をしたのかとか、楽だったのか、とか。
凛
凛
あ、ごめ。あたしちょっとデリカシーなかったかも
あ、ごめ。あたしちょっとデリカシーなかったかも
秀隆
秀隆
いや……オレは凛の過去で好き嫌いは判断しない。凛もそうだろ？
いや……オレは凛の過去で好き嫌いは判断しない。凛もそうだろ？
凛
凛
ま、ね
ま、ね
凛
凛
ともかく、単純にエッチしたいからってこと？　その前提で興奮してんの？
ともかく、単純にエッチしたいからってこと？　その前提で興奮してんの？
秀隆
秀隆
……ってことなんかな？
……ってことなんかな？
そんな真面目に本能とかのことで考えたことはない。
そんな真面目に本能とかのことで考えたことはない。
ご飯を食べ終えた後、凛が言った。
ご飯を食べ終えた後、凛が言った。
凛
凛
でさ、ちょっと気にはしてたんだけどさ
でさ、ちょっと気にはしてたんだけどさ
秀隆
秀隆
ん？
ん？
凛
凛
今日持ってきてる荷物、少し多くない？
今日持ってきてる荷物、少し多くない？
秀隆
秀隆
……そうかな？
……そうかな？
オレが何気なく仕事帰りに持ってきた鞄。
オレが何気なく仕事帰りに持ってきた鞄。
そこには……替えの下着とか、そういうのが入ってたりする。
そこには……替えの下着とか、そういうのが入ってたりする。
秀隆
秀隆
いつもより書類が詰まってるからかも
いつもより書類が詰まってるからかも
凛
凛
ふ～～～ん
ふ～～～ん
出たよ、いつもの確かめるような視線。
出たよ、いつもの確かめるような視線。
凛
凛
じゃ、貸して。鞄
じゃ、貸して。鞄
秀隆
秀隆
……ダメだ
……ダメだ
凛
凛
なんでよ
なんでよ
秀隆
秀隆
大事な書類が入ってるし
大事な書類が入ってるし
凛
凛
どれどれ？
どれどれ？
秀隆
秀隆
ってこら！
ってこら！
こちらの話を無視して、凛は鞄を手に取ると中を開けた。
こちらの話を無視して、凛は鞄を手に取ると中を開けた。
凛
凛
……これは何かなぁ？
……これは何かなぁ？
するすると取り出されるのはトランクス。
するすると取り出されるのはトランクス。
そして、替えのシャツ。
そして、替えのシャツ。
秀隆
秀隆
これはその……いつも持ち歩いてるんだよ
これはその……いつも持ち歩いてるんだよ
凛
凛
持ち歩いてるねー
持ち歩いてるねー
さらにがさごそ。
さらにがさごそ。
凛
凛
じゃあこれは？
じゃあこれは？
次に出て来たのは歯ブラシ。
次に出て来たのは歯ブラシ。
秀隆
秀隆
い、いつも持ち歩いてるんだ。歯磨き好きだから
い、いつも持ち歩いてるんだ。歯磨き好きだから
凛
凛
どこまで強情なのよ。泊まりに来たって言えばいいじゃない
どこまで強情なのよ。泊まりに来たって言えばいいじゃない
秀隆
秀隆
言ったら泊めてくれるのか？
言ったら泊めてくれるのか？
凛
凛
嫌よ
嫌よ
秀隆
秀隆
……だったら聞かないでください
……だったら聞かないでください
凛
凛
……むむっ
……むむっ
鞄を漁っていた凛の動きが止まる。
鞄を漁っていた凛の動きが止まる。
オレは鞄の中に隠してある、あるものを守るべく立ち上がった。
オレは鞄の中に隠してある、あるものを守るべく立ち上がった。
秀隆
秀隆
もういいだろ。ほら、返せ
もういいだろ。ほら、返せ
凛
凛
あんたのきたな～い本心を見つけちゃった
あんたのきたな～い本心を見つけちゃった
秀隆
秀隆
ないない、もう何もないから
ないない、もう何もないから
凛
凛
鞄の中にあるチャックのなか
鞄の中にあるチャックのなか
秀隆
秀隆
う！？
う！？
凛
凛
こんなの入ってるんだけどぉ？　いやらしー
こんなの入ってるんだけどぉ？　いやらしー
そこから取り出されたのは、もちろん近藤さんだ。
そこから取り出されたのは、もちろん近藤さんだ。
凛
凛
あーあ。あたしとヤる気満々って感じ？　コンドームなんて
あーあ。あたしとヤる気満々って感じ？　コンドームなんて
秀隆
秀隆
……すんませんした！
……すんませんした！
オレは土下座する。
オレは土下座する。
秀隆
秀隆
つ、つい夢見て……でも、別に急ぐつもりはないんだ。本当だ
つ、つい夢見て……でも、別に急ぐつもりはないんだ。本当だ
凛
凛
急ぐつもりはないねえ。３つも入ってるけど？
急ぐつもりはないねえ。３つも入ってるけど？
秀隆
秀隆
うう……
うう……
凛
凛
これは没収ね
これは没収ね
そう言い、凛にとられてしまう。
そう言い、凛にとられてしまう。
凛
凛
もうすぐ終電も近いし、オオカミにはお帰り願おうかな
もうすぐ終電も近いし、オオカミにはお帰り願おうかな
秀隆
秀隆
はひ……
はひ……
スゴスゴと退散すべく、鞄を持って立ち上がった。
スゴスゴと退散すべく、鞄を持って立ち上がった。
秀隆
秀隆
……うう
……うう
凛
凛
ほんと、男の子って奴は
ほんと、男の子って奴は
凛
凛
ちょっと来て
ちょっと来て
凛はオレを呼ぶ。
凛はオレを呼ぶ。
秀隆
秀隆
な、なんだよ。ビンタか？　キックか？　それともボディーか？
な、なんだよ。ビンタか？　キックか？　それともボディーか？
凛
凛
なに想像してんのよ……ほらいいからついてくる
なに想像してんのよ……ほらいいからついてくる
オレは凛に呼ばれ、リビングの奥へ。
オレは凛に呼ばれ、リビングの奥へ。
そこは凛の部屋があると思われる場所だ。
そこは凛の部屋があると思われる場所だ。
凛は、そこに入っていく。
凛は、そこに入っていく。
初めて踏み入れるそこは、広々としていてすごくきれいな場所だった。
初めて踏み入れるそこは、広々としていてすごくきれいな場所だった。
秀隆
秀隆
すごい部屋だな
すごい部屋だな
凛
凛
一応高級マンションだしね
一応高級マンションだしね
ぼふっとベッドに座る。
ぼふっとベッドに座る。
そしてオレを見上げると……。
そしてオレを見上げると……。
凛
凛
しよっか、エッチ
しよっか、エッチ
秀隆
秀隆
……お、おう
……お、おう
秀隆
秀隆
……えっ！？
……えっ！？
凛
凛
だから、エッチしてもいいよって
だから、エッチしてもいいよって
秀隆
秀隆
……な、なんだよ急に。どういうつもりだ？
……な、なんだよ急に。どういうつもりだ？
凛
凛
あたしとしたいんじゃないの？
あたしとしたいんじゃないの？
秀隆
秀隆
そ、そりゃそうだけど。なんか……違うだろ、こういうの
そ、そりゃそうだけど。なんか……違うだろ、こういうの
凛
凛
ぷっ。あんたって、やっぱり根は真面目って言うか……
ぷっ。あんたって、やっぱり根は真面目って言うか……
凛
凛
別に……その、童貞じゃないんでしょ？
別に……その、童貞じゃないんでしょ？
秀隆
秀隆
まぁ、一応……
まぁ、一応……
凛
凛
なによ、その一応って
なによ、その一応って
秀隆
秀隆
経験してるって言っても、ちょっとだからな……
経験してるって言っても、ちょっとだからな……
そう、オレは過去に数回しかエッチの経験がない。
そう、オレは過去に数回しかエッチの経験がない。
それも、こう、バックとか騎乗位とか、そんなこともしてない。
それも、こう、バックとか騎乗位とか、そんなこともしてない。
凛
凛
いつもの星人ぶりはどうしたのよ
いつもの星人ぶりはどうしたのよ
秀隆
秀隆
星人て……
星人て……
凛
凛
もちろん、おっぱい星人のこと
もちろん、おっぱい星人のこと
くすくすと笑って、凛は自らの服に手をかけた。
くすくすと笑って、凛は自らの服に手をかけた。
凛
凛
その気にさせてあげる
その気にさせてあげる
そういい、凛はぐっと上着を脱ぎ払った。
そういい、凛はぐっと上着を脱ぎ払った。
最終章・凛ルートその１１』凛H
最終章・凛ルートその１１』凛H
オレがいったのを感じたのか、凛がオレに抱き付いてきた。
オレがいったのを感じたのか、凛がオレに抱き付いてきた。
凛
凛
あぁっ、はぁっ……は、は……はぁ……！
あぁっ、はぁっ……は、は……はぁ……！
荒々しい呼吸。
荒々しい呼吸。
と言うよりは、声が震えているようだ。
と言うよりは、声が震えているようだ。
秀隆
秀隆
だ、大丈夫か？
だ、大丈夫か？
秀隆
秀隆
凛……？
凛……？
凛
凛
はあ、はあっ……はぁっ……！
はあ、はあっ……はぁっ……！
少し様子が変だった。
少し様子が変だった。
終わった直後だからとはいえ、異様に息が荒い。
終わった直後だからとはいえ、異様に息が荒い。
秋がよく、体調を崩した時の声を聞いているからか、
秋がよく、体調を崩した時の声を聞いているからか、
敏感に感じ取れた。
敏感に感じ取れた。
秀隆
秀隆
おまえ、大丈夫か？
おまえ、大丈夫か？
凛
凛
な、なにが？　大丈夫……よ……っ
な、なにが？　大丈夫……よ……っ
そうは言うが、明らかに苦しそうだった。
そうは言うが、明らかに苦しそうだった。
オレは凛の状態を確認しようとするが、
オレは凛の状態を確認しようとするが、
抱きしめられているので簡単にはいかなかった。
抱きしめられているので簡単にはいかなかった。
秀隆
秀隆
おい、凛っ！？
おい、凛っ！？
慌てたオレは、少し強引にその腕を振りほどいた。
慌てたオレは、少し強引にその腕を振りほどいた。
何か、体調が悪くなったのかも知れないと。
何か、体調が悪くなったのかも知れないと。
慌てて凛は顔を背ける。
慌てて凛は顔を背ける。
秀隆
秀隆
おまえ……
おまえ……
ぼろぼろと涙を流し、泣いていたのだ。
ぼろぼろと涙を流し、泣いていたのだ。
秀隆
秀隆
どこか、悪いんじゃないのか！？
どこか、悪いんじゃないのか！？
問い詰めるように肩を抑える。
問い詰めるように肩を抑える。
凛
凛
別に、何でもないってば……見ないでよ……
別に、何でもないってば……見ないでよ……
秀隆
秀隆
そうはいかない。心配にもなるだろっ！
そうはいかない。心配にもなるだろっ！
凛
凛
気持ちよすぎて……いっちゃただけだから……
気持ちよすぎて……いっちゃただけだから……
秀隆
秀隆
…………
…………
それが嘘だと言うことは、目に見えて明らかだ。
それが嘘だと言うことは、目に見えて明らかだ。
電気をつけ、オレは立ち上がろうとした。
電気をつけ、オレは立ち上がろうとした。
だが凛は、慌ててオレの腕を掴む。
だが凛は、慌ててオレの腕を掴む。
凛
凛
ほんと、なんでもないの。大丈夫だからっ……！
ほんと、なんでもないの。大丈夫だからっ……！
秀隆
秀隆
でもな、そんなに泣くなんておかしいだろ
でもな、そんなに泣くなんておかしいだろ
明かりをつけて見た凛の顔は、明らかに号泣していた。
明かりをつけて見た凛の顔は、明らかに号泣していた。
凛
凛
ちょっと感極まっただけ……だってば
ちょっと感極まっただけ……だってば
秀隆
秀隆
そう言うレベルじゃない
そう言うレベルじゃない
熱か、それともどこか怪我をしていたのか。
熱か、それともどこか怪我をしていたのか。
もしかしたら、何か病気になってしまったのか。
もしかしたら、何か病気になってしまったのか。
オレは自分の性行為が間違っていたのではとすら思い始めた。
オレは自分の性行為が間違っていたのではとすら思い始めた。
慌てて体を見渡す。
慌てて体を見渡す。
凛
凛
や、やめて。何もないから
や、やめて。何もないから
凛は身体を見せないように、布団をかぶろうとした。
凛は身体を見せないように、布団をかぶろうとした。
そしてふと、オレは……気付いてしまった。
そしてふと、オレは……気付いてしまった。
凛は慌てて布団でそれを隠したが……。
凛は慌てて布団でそれを隠したが……。
秀隆
秀隆
おまえ……どう言うことだよ……
おまえ……どう言うことだよ……
凛
凛
…………
…………
秀隆
秀隆
なあ……どういうことなんだよ、凛っ
なあ……どういうことなんだよ、凛っ
顔を背けた凛は、声を殺し泣いていた。
顔を背けた凛は、声を殺し泣いていた。
凛は濡れた頬を拭う。
凛は濡れた頬を拭う。
凛
凛
ごめん、嘘、ついてた……
ごめん、嘘、ついてた……
凛
凛
ごめん……
ごめん……
その瞬間、オレは凛の頬をひっぱたきそうになったが、
その瞬間、オレは凛の頬をひっぱたきそうになったが、
そんなことをしていい状況じゃない。
そんなことをしていい状況じゃない。
秀隆
秀隆
ふざけんなよ……くそ……
ふざけんなよ……くそ……
オレは凛を上から覗き込む。
オレは凛を上から覗き込む。
そして、優しく抱きしめた。
そして、優しく抱きしめた。
秀隆
秀隆
大丈夫なのか……
大丈夫なのか……
秀隆
秀隆
オレ、気づいてやれなかったから……絶対、痛かっただろ……！
オレ、気づいてやれなかったから……絶対、痛かっただろ……！
凛
凛
あたしが悪いんだし……
あたしが悪いんだし……
苦笑交じりに、そう漏らした。
苦笑交じりに、そう漏らした。
凛
凛
いやぁ……ＡＶみたいにはいかないもんね
いやぁ……ＡＶみたいにはいかないもんね
凛
凛
もうちょっと、我慢できると思ったんだけど
もうちょっと、我慢できると思ったんだけど
秀隆
秀隆
おまえな……そんなの、正直に言ってくれてれば
おまえな……そんなの、正直に言ってくれてれば
オレが気付いたもの。
オレが気付いたもの。
暗がりでは気付けなかったもの。
暗がりでは気付けなかったもの。
それはベッド、凛の股間付近にあった、赤いシミのことだった。
それはベッド、凛の股間付近にあった、赤いシミのことだった。
凛
凛
男の子って、童貞隠そうとするじゃない？
男の子って、童貞隠そうとするじゃない？
女の子も同じ。処女ってかっこ悪いって認識だからさ……
女の子も同じ。処女ってかっこ悪いって認識だからさ……
凛
凛
だってさ……かっこ悪いと、思ったんだもん……
だってさ……かっこ悪いと、思ったんだもん……
凛
凛
アイドルやって、男のこと全部理解してる様にふるまっといて……
アイドルやって、男のこと全部理解してる様にふるまっといて……
凛
凛
処女だってバレるの、すごく嫌だった……
処女だってバレるの、すごく嫌だった……
秀隆
秀隆
だからって……
だからって……
凛
凛
はあああ、こんなに痛いなんて、想定外すぎ……
はあああ、こんなに痛いなんて、想定外すぎ……
凛
凛
でも、なんだろ……あはは、おかしいな
でも、なんだろ……あはは、おかしいな
凛は、またポロポロと泣き始めた。
凛は、またポロポロと泣き始めた。
凛
凛
最後まで隠し通すつもりだったけど、
最後まで隠し通すつもりだったけど、
なんか、気付いてもらえて、良かったかも
なんか、気付いてもらえて、良かったかも
凛
凛
あたしが撒いた種だけどさ、
あたしが撒いた種だけどさ、
なんか、あたしって遊んでる女だと思われたかなって
なんか、あたしって遊んでる女だと思われたかなって
凛
凛
秀隆のこと、そういう部分で困らせてたのかなって……
秀隆のこと、そういう部分で困らせてたのかなって……
凛
凛
ごめんね……
ごめんね……
凛
凛
あたしは……処女、だったのでした
あたしは……処女、だったのでした
恥ずかしそうに、みっともなさそうに、そう報告した。
恥ずかしそうに、みっともなさそうに、そう報告した。
秀隆
秀隆
このバカモノ！
このバカモノ！
オレは、軽くだが、頭をポンと叩いた。
オレは、軽くだが、頭をポンと叩いた。
秀隆
秀隆
おまえの演技力が本物なのは分かったけど、
おまえの演技力が本物なのは分かったけど、
こんなこと、誰も得しないことだ
こんなこと、誰も得しないことだ
凛
凛
うん……ごめん
うん……ごめん
秀隆
秀隆
もっと、もっと……良い初体験に出来たはずだ……
もっと、もっと……良い初体験に出来たはずだ……
凛
凛
その……気持ちよさは、全然分からなかったけど
その……気持ちよさは、全然分からなかったけど
凛
凛
だけどあたしは、あんたと過ごせた初めてが良かったと思う……なんて
だけどあたしは、あんたと過ごせた初めてが良かったと思う……なんて
秀隆
秀隆
…………
…………
オレは、凛を抱き寄せた。
オレは、凛を抱き寄せた。
秀隆
秀隆
ごめんな。痛かったよな
ごめんな。痛かったよな
凛
凛
それはあたしが悪いんだから
それはあたしが悪いんだから
秀隆
秀隆
ごめんな……
ごめんな……
凛
凛
ごめんね……
ごめんね……
…………。
…………。
……。
……。
凛
凛
あのさ……勃ってる……
あのさ……勃ってる……
秀隆
秀隆
なんか、ホッとしたら、その、凛の感触が
なんか、ホッとしたら、その、凛の感触が
凛
凛
そ……
そ……
凛が、こちらを向かず、そそっと股間に触れてきた。
凛が、こちらを向かず、そそっと股間に触れてきた。
秀隆
秀隆
お、おい？
お、おい？
凛
凛
興味津々、だから……年頃の娘としては
興味津々、だから……年頃の娘としては
秀隆
秀隆
エッチだな
エッチだな
凛
凛
初めて本物見るんだから、気になるのは当たり前でしょ……
初めて本物見るんだから、気になるのは当たり前でしょ……
秀隆
秀隆
まぁ、いくらでもいいぞ。オレも興味津々だし
まぁ、いくらでもいいぞ。オレも興味津々だし
そう言い、凛のおっぱいに触れる。
そう言い、凛のおっぱいに触れる。
秀隆
秀隆
おっぱい揉むくらいなら、痛くないだろ？
おっぱい揉むくらいなら、痛くないだろ？
凛
凛
うん……
うん……
凛
凛
お互いの全部、もっともっと知りたいね
お互いの全部、もっともっと知りたいね
秀隆
秀隆
ああ
ああ
オレたちはベッドに横になり、胸や股間、
オレたちはベッドに横になり、胸や股間、
それだけじゃなく、脇やお尻にも手を伸ばした。
それだけじゃなく、脇やお尻にも手を伸ばした。
凛の全部が知りたい。
凛の全部が知りたい。
大切なところも、恥ずかしいところも、全部。
大切なところも、恥ずかしいところも、全部。
でも、今日はそれだけ。
でも、今日はそれだけ。
凛をこれ以上、痛がらせて困らせるわけにはいかないだろう。
凛をこれ以上、痛がらせて困らせるわけにはいかないだろう。
…………。
…………。
……。
……。
