オレは秋の後ろから、おっぱいに手を伸ばした。
オレは秋の後ろから、おっぱいに手を伸ばした。
制服の上でも、その柔らかさがすぐ伝わってくる。
制服の上でも、その柔らかさがすぐ伝わってくる。
秋
秋
あ……兄さんのエッチな手……
あ……兄さんのエッチな手……
秀隆
秀隆
おう。オレのエッチな手だぞ
おう。オレのエッチな手だぞ
秋
秋
兄さんの手、エッチな手……私、この手、凄く大好きです……
兄さんの手、エッチな手……私、この手、凄く大好きです……
秀隆
秀隆
秋のおっぱいを、揉み揉みするぞ
秋のおっぱいを、揉み揉みするぞ
秋
秋
はい……揉み揉みしてください……
はい……揉み揉みしてください……
秀隆
秀隆
あー、秋のおっぱいは最高だな……
あー、秋のおっぱいは最高だな……
秋
秋
小さくても、気にならなくなりましたか？
小さくても、気にならなくなりましたか？
秀隆
秀隆
ああ。もう、オレはこのおっぱいじゃないとダメだ
ああ。もう、オレはこのおっぱいじゃないとダメだ
秋
秋
都合がいいですね、兄さんは
都合がいいですね、兄さんは
秀隆
秀隆
秋のおっぱい、マジ最高……いや、本当にそう思ってる
秋のおっぱい、マジ最高……いや、本当にそう思ってる
秋
秋
嬉しいです。たくさん触ってください
嬉しいです。たくさん触ってください
秋
秋
ふっ……あっ……ぁっ……ん……
ふっ……あっ……ぁっ……ん……
秀隆
秀隆
秋も、大分感じるようになってきたんだな
秋も、大分感じるようになってきたんだな
秋
秋
はい……段々、エッチが好きになってきました……あっ……
はい……段々、エッチが好きになってきました……あっ……
兄さんとなら、何回でも、何度でもエッチしたいです……
兄さんとなら、何回でも、何度でもエッチしたいです……
秀隆
秀隆
気持ちは嬉しいけど、体調のこともあるからな……
気持ちは嬉しいけど、体調のこともあるからな……
秋
秋
そこは、私の問題です。
そこは、私の問題です。
兄さんは気持ちよくなってくれたらいいです
兄さんは気持ちよくなってくれたらいいです
秀隆
秀隆
ってもな……
ってもな……
秋
秋
余計なことを考えてたら……
余計なことを考えてたら……
秋が、オレの股間に手を伸ばしてきた。
秋が、オレの股間に手を伸ばしてきた。
そして、器用にチャックをおろし、竿を取り出す。
そして、器用にチャックをおろし、竿を取り出す。
秋
秋
シコシコ、しますよ……
シコシコ、しますよ……
秀隆
秀隆
それは、余計なことを考えざるをえないな……
それは、余計なことを考えざるをえないな……
秀隆
秀隆
おまえに、シコシコされたい
おまえに、シコシコされたい
秋
秋
じゃあ……してしまいます
じゃあ……してしまいます
秋はオレのを握りこむと、適度な強さでしごきはじめる。
秋はオレのを握りこむと、適度な強さでしごきはじめる。
オレも負けじと、秋の制服をはだけさせ、おっぱいを出した。
オレも負けじと、秋の制服をはだけさせ、おっぱいを出した。
秀隆
秀隆
もう、乳首たってるじゃないか
もう、乳首たってるじゃないか
秋
秋
兄さんのオチ○チン、凄く固いから……それで……
兄さんのオチ○チン、凄く固いから……それで……
秀隆
秀隆
興奮しちゃったわけだな
興奮しちゃったわけだな
秋
秋
はい……
はい……
秀隆
秀隆
いやらしい子だな、秋は
いやらしい子だな、秋は
秋
秋
兄さんの前でだけは……こういう子に、なります……
兄さんの前でだけは……こういう子に、なります……
秀隆
秀隆
嬉しいこと、言ってくれるんだな
嬉しいこと、言ってくれるんだな
秋
秋
ん……んっ……ちゅ……れるっ……ふぅ……んっ……
ん……んっ……ちゅ……れるっ……ふぅ……んっ……
兄さんのベロも、だいしゅき……
兄さんのベロも、だいしゅき……
秀隆
秀隆
オレも、秋の舌、大好きだ
オレも、秋の舌、大好きだ
秋
秋
はぁ、んっ……んっ………
はぁ、んっ……んっ………
秋
秋
兄さん、もっと私のおっぱい、触ってください。
兄さん、もっと私のおっぱい、触ってください。
兄さんの、おっぱいですから
兄さんの、おっぱいですから
秀隆
秀隆
おっぱいだけじゃないぞ。全部、秋のは全部オレのだ
おっぱいだけじゃないぞ。全部、秋のは全部オレのだ
スカートに手を伸ばし、マ○コに触れる。
スカートに手を伸ばし、マ○コに触れる。
秀隆
秀隆
イかしあいっこでもするか……
イかしあいっこでもするか……
秋
秋
兄さんが、そうしたいのであれば……
兄さんが、そうしたいのであれば……
オレは秋の下着に手を入れ、中指をすぐ秋の中に差し込んだ。
オレは秋の下着に手を入れ、中指をすぐ秋の中に差し込んだ。
秋
秋
じゃ、じゃあ、勝負ですね……っ……あっ……
じゃ、じゃあ、勝負ですね……っ……あっ……
指を出し入れすると、すぐにくちゅくちゅとマ○コから水の音が
指を出し入れすると、すぐにくちゅくちゅとマ○コから水の音が
聞こえ始めた。
聞こえ始めた。
秋はそれに負けじと、オレの竿をしごく。
秋はそれに負けじと、オレの竿をしごく。
秋
秋
気持ちいいですか……？
気持ちいいですか……？
秀隆
秀隆
もちろん。秋は？
もちろん。秋は？
秋
秋
すごく、気持ちいいです……
すごく、気持ちいいです……
自分でするのなんかより、ずっとずっと
自分でするのなんかより、ずっとずっと
秋
秋
あ、んっ……オマ○コ、かき回されてます……兄さんのエッチな指で……
あ、んっ……オマ○コ、かき回されてます……兄さんのエッチな指で……
秀隆
秀隆
おまえも、言うようになったよな……
おまえも、言うようになったよな……
秋
秋
私、元々、エッチな子です。
私、元々、エッチな子です。
昔は、兄さんで、その、してました……
昔は、兄さんで、その、してました……
秀隆
秀隆
それって、５年以上前、だよな？
それって、５年以上前、だよな？
秋
秋
はい……
はい……
秀隆
秀隆
そんなときから、こんなところ弄ってたのか？　悪い子め
そんなときから、こんなところ弄ってたのか？　悪い子め
秋
秋
あうっ……あ、ご、ごめんなさい。エッチで……っ……
あうっ……あ、ご、ごめんなさい。エッチで……っ……
秋
秋
で、でも……
で、でも……
秋
秋
それから５年間は……何もしてませんでしたが……
それから５年間は……何もしてませんでしたが……
秀隆
秀隆
う……
う……
秋
秋
どこかの誰かさんが、私に、酷いことをしていたので……
どこかの誰かさんが、私に、酷いことをしていたので……
秀隆
秀隆
も、もう忘れろっ
も、もう忘れろっ
オレは、秋の中で指を振るわせる。
オレは、秋の中で指を振るわせる。
秋
秋
やっ、ず、ずるいです、そんなことで……
やっ、ず、ずるいです、そんなことで……
秀隆
秀隆
ほら、兄さんの前で、イってみ？　秋の可愛いとこ、見せてみ？
ほら、兄さんの前で、イってみ？　秋の可愛いとこ、見せてみ？
秋
秋
あっ、あっ、あっ……に、兄さんもイってくれるならっ……！
あっ、あっ、あっ……に、兄さんもイってくれるならっ……！
秀隆
秀隆
わ、わかった……
わ、わかった……
勝負、と言うよりは、如何に同時にいけるかにシフトする。
勝負、と言うよりは、如何に同時にいけるかにシフトする。
秋
秋
んっ、んっ……ちょ、ちょっとずつ、びりびりしてきました……
んっ、んっ……ちょ、ちょっとずつ、びりびりしてきました……
秀隆
秀隆
びりびり？
びりびり？
秋
秋
イきそうになると、びりびり、してきて……っ……
イきそうになると、びりびり、してきて……っ……
秋
秋
はぁっ、あ、っ、あっ……あっ……んっ！
はぁっ、あ、っ、あっ……あっ……んっ！
秋
秋
どんどん、強くなってくるんですっ……あっ、はあ、あ、あっ、あっ……
どんどん、強くなってくるんですっ……あっ、はあ、あ、あっ、あっ……
秀隆
秀隆
感じすぎて、手がおろそかになってるぞ
感じすぎて、手がおろそかになってるぞ
秋
秋
ご、ごめんなさ、だ、だって、ああ、あ、っ、だ、だめっ……
ご、ごめんなさ、だ、だって、ああ、あ、っ、だ、だめっ……
秋
秋
も、や、あ、やぁ、き、きて、きてます、きてますっ！
も、や、あ、やぁ、き、きて、きてます、きてますっ！
オレは秋の手を握り、強引にこすらせる。
オレは秋の手を握り、強引にこすらせる。
秀隆
秀隆
じゃあ、い、いくぞっ
じゃあ、い、いくぞっ
秋
秋
あ、あっあっ、あっ、い、一緒に、兄さんも、一緒にっ！
あ、あっあっ、あっ、い、一緒に、兄さんも、一緒にっ！
秋
秋
あ、ああああああああっ、ああっ！　や、やあああっ！
あ、ああああああああっ、ああっ！　や、やあああっ！
ビュクッ！
ビュクッ！
と言う音と共に、オレの指をぬらしながら秋が噴いた。
と言う音と共に、オレの指をぬらしながら秋が噴いた。
信じられないほどの量が、パンティの間から地面に落ちていく。
信じられないほどの量が、パンティの間から地面に落ちていく。
秋
秋
ひぃあ、あっああ……ああっ、で、出てる……っ……！
ひぃあ、あっああ……ああっ、で、出てる……っ……！
もちろん、オレも勢いよく精子を飛ばした。
もちろん、オレも勢いよく精子を飛ばした。
秀隆
秀隆
おまえ、これ、もうお漏らしレベルだろ……
おまえ、これ、もうお漏らしレベルだろ……
秋
秋
だ、だって……きもち、よすぎて……
だ、だって……きもち、よすぎて……
秋
秋
あの……ちゃんと、最後まで、してくれますよね？
あの……ちゃんと、最後まで、してくれますよね？
秀隆
秀隆
肩で息してる、興奮しすぎだ
肩で息してる、興奮しすぎだ
秋
秋
平気です……今日は、調子がいいから……
平気です……今日は、調子がいいから……
秀隆
秀隆
……一応、ゴムは用意しておいたけど
……一応、ゴムは用意しておいたけど
秋
秋
え……
え……
秀隆
秀隆
なんでそんな寂しそうな顔するんだ
なんでそんな寂しそうな顔するんだ
秋
秋
だって……ゴムなんて、邪魔です……
だって……ゴムなんて、邪魔です……
秀隆
秀隆
……いや、大事だと思うんだが？
……いや、大事だと思うんだが？
秋
秋
今日だけ……無しがいいです
今日だけ……無しがいいです
秀隆
秀隆
そういうノリで、過去２回生でやってるんだがな……
そういうノリで、過去２回生でやってるんだがな……
秋
秋
お願いします……
お願いします……
秀隆
秀隆
じゃあ、せめて外に出すからな。それでいいな？
じゃあ、せめて外に出すからな。それでいいな？
秋
秋
はい……我慢します……
はい……我慢します……
オレは秋を抱き上げる。
オレは秋を抱き上げる。
秋
秋
兄さん……？
兄さん……？
秀隆
秀隆
出来る限り、おまえに負担は与えたくないからな
出来る限り、おまえに負担は与えたくないからな
秋
秋
あっ……
あっ……
オレは秋の腰をおろし、抱いたまま、挿入をする。
オレは秋の腰をおろし、抱いたまま、挿入をする。
秋
秋
ん……
ん……
秀隆
秀隆
これなら、秋とエッチしながら顔も見れるし、おっぱいも見える。
これなら、秋とエッチしながら顔も見れるし、おっぱいも見える。
それにキスも出来るしお前に負担も少ない。いいだろ
それにキスも出来るしお前に負担も少ない。いいだろ
秋
秋
は、はい……でも、恥ずかしくなっても、逃げられませんね……
は、はい……でも、恥ずかしくなっても、逃げられませんね……
秀隆
秀隆
逃がさないからな
逃がさないからな
秋
秋
に、兄さん……距離が、近いです……
に、兄さん……距離が、近いです……
秀隆
秀隆
だな……
だな……
秀隆
秀隆
おまえの顔、よく見える。可愛い顔も、声も、息も、匂いも
おまえの顔、よく見える。可愛い顔も、声も、息も、匂いも
秋
秋
私も同じです……
私も同じです……
ゆさゆさと秋を振る。
ゆさゆさと秋を振る。
体重が軽い分、簡単に上下させることが出来そうだ。
体重が軽い分、簡単に上下させることが出来そうだ。
秋
秋
あっ……こ、こういうエッチも、あるんですね……っ
あっ……こ、こういうエッチも、あるんですね……っ
秋
秋
ふああ、っんんんっ！　に、兄さん、兄さんっ……！
ふああ、っんんんっ！　に、兄さん、兄さんっ……！
秋
秋
んぐっ！　んんんんっ、あんっ！　……んぅく、はぁっ、はぁっ……はぁっ
んぐっ！　んんんんっ、あんっ！　……んぅく、はぁっ、はぁっ……はぁっ
秀隆
秀隆
秋、オレの前ではいっぱいエッチになってくれ
秋、オレの前ではいっぱいエッチになってくれ
秋
秋
はい、はい……兄さんの前だけ、エッチな子に、なりますっ……
はい、はい……兄さんの前だけ、エッチな子に、なりますっ……
秋
秋
あっ、はぁ……兄さんが、一生懸命な顔で、腰振ってます……
あっ、はぁ……兄さんが、一生懸命な顔で、腰振ってます……
秋
秋
私で気持ちよくなって、可愛い顔になってますっ……んっ……
私で気持ちよくなって、可愛い顔になってますっ……んっ……
秋
秋
すごく、それが嬉しくてっ……んっ、んんっ。んっ……
すごく、それが嬉しくてっ……んっ、んんっ。んっ……
秋
秋
も、もっと、キスをくらはい……ちゅっちゅ、ちゅっ……ふぁっ
も、もっと、キスをくらはい……ちゅっちゅ、ちゅっ……ふぁっ
秋
秋
あ、あぁ、兄さん、兄さんっ……
あ、あぁ、兄さん、兄さんっ……
いつでも、兄さんの好きな時にっ……
いつでも、兄さんの好きな時にっ……
秀隆
秀隆
秋……秋っ！
秋……秋っ！
秋
秋
あ、あああっ、や、やあっ、なんか、きて、うっ！
あ、あああっ、や、やあっ、なんか、きて、うっ！
秋
秋
や、やっぱり最後は、私の中に欲しいですっ……兄さんの精液！
や、やっぱり最後は、私の中に欲しいですっ……兄さんの精液！
秀隆
秀隆
だ、だすぞ、出すぞ秋っ……
だ、だすぞ、出すぞ秋っ……
秋
秋
はう、あ、あっ、ああああああああっ、ああっ……！
はう、あ、あっ、ああああああああっ、ああっ……！
秋
秋
はあっ、はぁっ……た、たくさん、してしまいました……
はあっ、はぁっ……た、たくさん、してしまいました……
秀隆
秀隆
だな……
だな……
オレは、秋を抱きよせる。
オレは、秋を抱きよせる。
秀隆
秀隆
そろそろ帰らないと、二人が心配する
そろそろ帰らないと、二人が心配する
秋
秋
そうですね……でも、腰が抜けてしまって……たてません……
そうですね……でも、腰が抜けてしまって……たてません……
秀隆
秀隆
おんぶして帰ってやるよ
おんぶして帰ってやるよ
秋
秋
で、でも……いっぱい、濡れてます……
で、でも……いっぱい、濡れてます……
秀隆
秀隆
秋のだったら、別に気にしないから
秋のだったら、別に気にしないから
秋
秋
……兄さん……
……兄さん……
秋
秋
大好きです、兄さん……
大好きです、兄さん……
