祝日の朝。
祝日の朝。
秀隆
秀隆
ナニコレ……
ナニコレ……
食卓の席について、オレは率直な意見を申し上げた。
食卓の席について、オレは率直な意見を申し上げた。
アクセラ
アクセラ
朝食です
朝食です
秀隆
秀隆
朝食って……
朝食って……
目の前には、いつもの食事とは異なり、
目の前には、いつもの食事とは異なり、
黄ブロックが数本と水が置かれているだけだった。
黄ブロックが数本と水が置かれているだけだった。
秀隆
秀隆
これが？
これが？
オレだけが差別されているわけでもなく、
オレだけが差別されているわけでもなく、
キズナと秋の食事も全く同じものになっていた。
キズナと秋の食事も全く同じものになっていた。
秋
秋
おはようございます……
おはようございます……
眠そうな秋が起きて来る。
眠そうな秋が起きて来る。
そして朝食を見て……。
そして朝食を見て……。
何も言わずに座った。
何も言わずに座った。
秀隆
秀隆
この朝食に不満はないのか秋よ
この朝食に不満はないのか秋よ
秋
秋
兄さんの好物じゃないですか。良かったですね
兄さんの好物じゃないですか。良かったですね
se机を強く叩く2
se机を強く叩く2
秀隆
秀隆
そう言う問題じゃない。どういうことだアクセラ。
そう言う問題じゃない。どういうことだアクセラ。
ことと次第によっちゃオレは怒らざるを得ないだろうな
ことと次第によっちゃオレは怒らざるを得ないだろうな
やや語気を荒げ、オレはテーブルをたたいた。
やや語気を荒げ、オレはテーブルをたたいた。
秋
秋
なんですか、そのことと次第と言うのは
なんですか、そのことと次第と言うのは
秀隆
秀隆
朝食を作るのが面倒で手を抜いたとか、
朝食を作るのが面倒で手を抜いたとか、
朝寝坊して準備が間に合わなかったとか、そう言うのだ
朝寝坊して準備が間に合わなかったとか、そう言うのだ
秀隆
秀隆
説明しろアクセラ！
説明しろアクセラ！
アクセラ
アクセラ
秀隆様の治療費お支払いで、今月お金が足りません
秀隆様の治療費お支払いで、今月お金が足りません
アクセラ
アクセラ
ですので、今日一日はこれで乗り切って頂くしかないのです
ですので、今日一日はこれで乗り切って頂くしかないのです
秀隆
秀隆
と言うことだ。文句言わずありがたく頂くように！
と言うことだ。文句言わずありがたく頂くように！
秋
秋
兄さんが原因でしたね
兄さんが原因でしたね
秀隆
秀隆
食べれるだけありがたいと思いなさい！
食べれるだけありがたいと思いなさい！
キズナ
キズナ
私も学園に行きたいです
私も学園に行きたいです
朝食の後、まったりしていたキズナが言った。
朝食の後、まったりしていたキズナが言った。
秀隆
秀隆
学園ねぇ。気持ちは分からないでもないが。
学園ねぇ。気持ちは分からないでもないが。
唐沢さんや倉屋敷社長たちに話をしてみないとなんともな
唐沢さんや倉屋敷社長たちに話をしてみないとなんともな
この時期、突然の編入ともなれば、嫌でも注目を集める。
この時期、突然の編入ともなれば、嫌でも注目を集める。
メガネをかけた地味な女の子ならまだしも、
メガネをかけた地味な女の子ならまだしも、
キズナのような子は瞬く間に噂になるだろう。
キズナのような子は瞬く間に噂になるだろう。
そうなれば、どこから来たのかも聞かれてしまう。
そうなれば、どこから来たのかも聞かれてしまう。
ホープタウンはそれほど広くない、
ホープタウンはそれほど広くない、
その気になれば一般人にも調べられることだってある。
その気になれば一般人にも調べられることだってある。
もしも、キズナの経歴が不鮮明であれば、
もしも、キズナの経歴が不鮮明であれば、
遠からず話題になってしまうことだろう。
遠からず話題になってしまうことだろう。
キズナ
キズナ
ドリームタウンから引っ越してきた、と言うことにしてはどうですか？
ドリームタウンから引っ越してきた、と言うことにしてはどうですか？
秀隆
秀隆
それも難しいな。学生たちには通じるかも知れないが、
それも難しいな。学生たちには通じるかも知れないが、
すぐ嘘だってことに大人たちは気づくさ
すぐ嘘だってことに大人たちは気づくさ
秀隆
秀隆
前は、ゆっくりでいいって言ってなかったか？
前は、ゆっくりでいいって言ってなかったか？
キズナ
キズナ
毎日学園に通う子とすれ違ったりすると、つい
毎日学園に通う子とすれ違ったりすると、つい
てへっと頭をかく。
てへっと頭をかく。
秀隆
秀隆
気持ちはわかるけど、オレに言っても何もしてやれないからな
気持ちはわかるけど、オレに言っても何もしてやれないからな
キズナ
キズナ
そうですか……
そうですか……
秀隆
秀隆
ここで考えるより、社長に聞いた方が早いぞ
ここで考えるより、社長に聞いた方が早いぞ
キズナ
キズナ
じゃあ一緒に行きましょう。かずちーのところ
じゃあ一緒に行きましょう。かずちーのところ
秀隆
秀隆
冗談だろ？　休日にあの人に会う元気はないって
冗談だろ？　休日にあの人に会う元気はないって
アクセラ
アクセラ
そうなのですか？
そうなのですか？
秀隆
秀隆
歩く暴力女なんだよ、あのチビ社長は。
歩く暴力女なんだよ、あのチビ社長は。
相手するこっちの身が幾らあっても足りないんだよ
相手するこっちの身が幾らあっても足りないんだよ
秀隆
秀隆
多分友達もいないで一日中研究室に篭ってるからカリカリしてんだろうな
多分友達もいないで一日中研究室に篭ってるからカリカリしてんだろうな
キズナ
キズナ
ひーくん、お電話変わってほしいそうです
ひーくん、お電話変わってほしいそうです
秀隆
秀隆
電話？　誰からよ
電話？　誰からよ
携帯を受け取る。
携帯を受け取る。
キズナ
キズナ
かずちーです
かずちーです
秀隆
秀隆
……か、かずちー……？
……か、かずちー……？
オレは通話口をそっと手でふさぎ、キズナを見る。
オレは通話口をそっと手でふさぎ、キズナを見る。
キズナ
キズナ
遊びに行っていいか電話しました
遊びに行っていいか電話しました
秀隆
秀隆
もしかして―――聞かれた？
もしかして―――聞かれた？
キズナ
キズナ
はい。ばっちりと
はい。ばっちりと
オレは泣きそうになりながら電話を耳にあてる。
オレは泣きそうになりながら電話を耳にあてる。
秀隆
秀隆
も、もしもし……
も、もしもし……
和葉
和葉
チビで友達のいない暴力女のあたしだが？
チビで友達のいない暴力女のあたしだが？
秀隆
秀隆
はははは、何を言ってるんですか社長
はははは、何を言ってるんですか社長
秀隆
秀隆
ごめんなさい！！！
ごめんなさい！！！
オレは即行で謝り、そして通話を切って電源を落とした。
オレは即行で謝り、そして通話を切って電源を落とした。
そしてオレは全力で部屋に戻る。
そしてオレは全力で部屋に戻る。
秀隆
秀隆
もう倉屋敷ビルには足を運べん……！
もう倉屋敷ビルには足を運べん……！
絶望したオレが、布団の中で泣いていると、キズナが部屋にやって来た。
絶望したオレが、布団の中で泣いていると、キズナが部屋にやって来た。
キズナ
キズナ
私はこれからかずちーに会ってきます
私はこれからかずちーに会ってきます
秀隆
秀隆
そうか……オレは猛省してると伝えてくれ
そうか……オレは猛省してると伝えてくれ
キズナ
キズナ
それが、ひーくんも来いと言ってます
それが、ひーくんも来いと言ってます
秀隆
秀隆
処刑か、処刑したいんか！？
処刑か、処刑したいんか！？
キズナ
キズナ
それは分かりませんが、来ないと処刑だって言ってました
それは分かりませんが、来ないと処刑だって言ってました
秀隆
秀隆
退路は断たれたってことか……
退路は断たれたってことか……
行くも地獄、戻るも地獄。
行くも地獄、戻るも地獄。
なら、せめて突き進むしかないだろう。
なら、せめて突き進むしかないだろう。
オレは生きて、この島津の家に帰れないかも知れない。
オレは生きて、この島津の家に帰れないかも知れない。
さよならアクセラ……元気でな。
さよならアクセラ……元気でな。
秀隆
秀隆
いやー、倉屋敷社長があんな簡単に許してくれるとはなぁ
いやー、倉屋敷社長があんな簡単に許してくれるとはなぁ
秀隆
秀隆
ホッと胸を撫で下ろしたぜ。と言うわけで帰ろう帰ろう
ホッと胸を撫で下ろしたぜ。と言うわけで帰ろう帰ろう
キズナ
キズナ
かずちーに会うのはこれからですよ？
かずちーに会うのはこれからですよ？
秀隆
秀隆
……そうだっけ
……そうだっけ
どうやら現実逃避していたようだ。
どうやら現実逃避していたようだ。
秀隆
秀隆
行かなきゃダメかな、やっぱり
行かなきゃダメかな、やっぱり
キズナ
キズナ
翌日、ひーくんの死体が発見されるのは悲しいです
翌日、ひーくんの死体が発見されるのは悲しいです
秀隆
秀隆
守ってくれるか？　オレを
守ってくれるか？　オレを
キズナ
キズナ
任せてくださいっ
任せてくださいっ
頼りがいのある少女にオレは勇気を貰い、最上階へ。
頼りがいのある少女にオレは勇気を貰い、最上階へ。
もちろん先頭はキズナだ。
もちろん先頭はキズナだ。
秀隆
秀隆
こんにちは～……
こんにちは～……
おそるおそる入室する。
おそるおそる入室する。
室内は静まり返っていて不気味……いや落ち着きのある空間が広がっている。
室内は静まり返っていて不気味……いや落ち着きのある空間が広がっている。
こういう時に限って、いきなり襲い掛かられて死んだりするんだよな。
こういう時に限って、いきなり襲い掛かられて死んだりするんだよな。
秀隆
秀隆
びくびく
びくびく
キズナ
キズナ
ビクビクしすぎですひーくん
ビクビクしすぎですひーくん
秀隆
秀隆
オレがびくびくしてるだと？　なめるなっ！
オレがびくびくしてるだと？　なめるなっ！
和葉
和葉
よく逃げずに来たな
よく逃げずに来たな
秀隆
秀隆
本当にすみませんでした！！！
本当にすみませんでした！！！
オレはその場に飛び込むようにして土下座した。
オレはその場に飛び込むようにして土下座した。
和葉
和葉
誰がチビで甲斐性がなくて友達のいない暴力的な奴だって？
誰がチビで甲斐性がなくて友達のいない暴力的な奴だって？
ぐりぐりとオレの頭部を踏みつける社長。
ぐりぐりとオレの頭部を踏みつける社長。
秀隆
秀隆
か、甲斐性がないまでは言ってないっす
か、甲斐性がないまでは言ってないっす
和葉
和葉
おまえコーヒー好きか？
おまえコーヒー好きか？
秀隆
秀隆
コーヒーですか？　そりゃもう、コーヒーばっかり飲んでます
コーヒーですか？　そりゃもう、コーヒーばっかり飲んでます
和葉
和葉
そうか。立っていいぞ
そうか。立っていいぞ
許して貰えたのか、足がどく。
許して貰えたのか、足がどく。
オレは満面の笑みを作って立ち上がった。
オレは満面の笑みを作って立ち上がった。
秀隆
秀隆
許して頂きありがとうございます！
許して頂きありがとうございます！
和葉
和葉
別に許してないけどな
別に許してないけどな
社長は興味なさそうに答えると、手に持っていたコーヒーを……
社長は興味なさそうに答えると、手に持っていたコーヒーを……
熱々で湯気が立ちまくってるコーヒーを、オレにぶっ掛けた。
熱々で湯気が立ちまくってるコーヒーを、オレにぶっ掛けた。
秀隆
秀隆
あちゃ！　あちゃああ、あっちちいちちちゃあああ！
あちゃ！　あちゃああ、あっちちいちちちゃあああ！
和葉
和葉
それでキズナ、今日は何の用件で来た
それでキズナ、今日は何の用件で来た
秀隆
秀隆
あっちちいい！　あつあつ！　あち、あつううう！
あっちちいい！　あつあつ！　あち、あつううう！
和葉
和葉
うっせえな。静かにしてろ！
うっせえな。静かにしてろ！
秀隆
秀隆
おぶっ！
おぶっ！
転げまわるオレの腹に蹴りを入れられる。
転げまわるオレの腹に蹴りを入れられる。
キズナ
キズナ
悲惨ですねひーくん
悲惨ですねひーくん
秀隆
秀隆
ま、守ってくれるんじゃなかったのか、キズナ……
ま、守ってくれるんじゃなかったのか、キズナ……
キズナ
キズナ
ごめんなさいですっ
ごめんなさいですっ
秀隆
秀隆
そんな風に謝られても……ううっ……
そんな風に謝られても……ううっ……
倉屋敷社長、ほんとに容赦のない人や……。
倉屋敷社長、ほんとに容赦のない人や……。
ユウキ
ユウキ
ほら秀隆。タオル
ほら秀隆。タオル
秀隆
秀隆
ありがとうユウキ。おまえだけだよ、オレの友は
ありがとうユウキ。おまえだけだよ、オレの友は
差し出された優しさの染み込んだタオルを受け取る。
差し出された優しさの染み込んだタオルを受け取る。
ユウキ
ユウキ
ツンデレだから、かずはちんは
ツンデレだから、かずはちんは
秀隆
秀隆
何がツンデレだっ。
何がツンデレだっ。
あれはツンデレじゃなくてただの暴力おん
あれはツンデレじゃなくてただの暴力おん
和葉
和葉
ユウキ、あたしはもう一杯コーヒーが飲みたくなってきた
ユウキ、あたしはもう一杯コーヒーが飲みたくなってきた
秀隆
秀隆
うそっ、うそです！　もうコーヒーはやめて！
うそっ、うそです！　もうコーヒーはやめて！
和葉
和葉
相変わらずうっせぇやつだな
相変わらずうっせぇやつだな
椅子に座ると、キズナはその隣に腰を下ろした。
椅子に座ると、キズナはその隣に腰を下ろした。
倉屋敷社長にだいぶ心を許されているように思う。
倉屋敷社長にだいぶ心を許されているように思う。
オレはやや距離を置いた椅子に、こっそりと座った。
オレはやや距離を置いた椅子に、こっそりと座った。
キズナ
キズナ
実は、学園に行きたいなと思いまして
実は、学園に行きたいなと思いまして
和葉
和葉
そりゃあたしの管轄外だ
そりゃあたしの管轄外だ
キズナの願いは、バッサリと切り捨てられる。
キズナの願いは、バッサリと切り捨てられる。
和葉
和葉
おまえを現代になじませる役目は引き受けたが、
おまえを現代になじませる役目は引き受けたが、
その後の処遇については、街の連中が決めることになってる
その後の処遇については、街の連中が決めることになってる
ユウキ
ユウキ
唐沢代表が言ってたよな
唐沢代表が言ってたよな
和葉
和葉
そんな名前だったかな。よく覚えてない
そんな名前だったかな。よく覚えてない
街の代表を良く覚えてないって、凄いことだな。
街の代表を良く覚えてないって、凄いことだな。
キズナ
キズナ
では、その唐沢さんと言う人にお会いすればいいんですね？
では、その唐沢さんと言う人にお会いすればいいんですね？
和葉
和葉
掛け合うのはおまえの自由だが、多分無理だろうな
掛け合うのはおまえの自由だが、多分無理だろうな
キズナ
キズナ
無理、ですか？
無理、ですか？
和葉
和葉
おまえを世間に送り出せば、
おまえを世間に送り出せば、
その分素性が外に漏れる可能性は飛躍的に上がる。
その分素性が外に漏れる可能性は飛躍的に上がる。
この間も、厳重に注意してくれと言って来やがった
この間も、厳重に注意してくれと言って来やがった
恐らく、大河内代表からの言葉を受けてのものなんだろう。
恐らく、大河内代表からの言葉を受けてのものなんだろう。
どこからか、キズナの情報を掴んでいる可能性がある。
どこからか、キズナの情報を掴んでいる可能性がある。
そんな状態で、学園のような人目に
そんな状態で、学園のような人目に
多く触れる場所への出入りを認めるとは考えにくい。
多く触れる場所への出入りを認めるとは考えにくい。
秀隆
秀隆
実はキズナに関連したことで、気がかりなことがあるんです
実はキズナに関連したことで、気がかりなことがあるんです
オレは真面目な口調で、話を切り出した。
オレは真面目な口調で、話を切り出した。
和葉
和葉
誰が喋っていいっつったよ
誰が喋っていいっつったよ
秀隆
秀隆
えぇっ……！？
えぇっ……！？
和葉
和葉
あたしを怒らせるような奴に発言権があるとでも？
あたしを怒らせるような奴に発言権があるとでも？
秀隆
秀隆
うぐぐ……
うぐぐ……
キズナ
キズナ
まぁまぁ、お話くらい聞いてあげてください。
まぁまぁ、お話くらい聞いてあげてください。
もし気に食わなければ、またコーヒーをかければいいと思います
もし気に食わなければ、またコーヒーをかければいいと思います
和葉
和葉
なるほど。よし
なるほど。よし
秀隆
秀隆
なんで既にカップ持ってスタンばってんですか！？
なんで既にカップ持ってスタンばってんですか！？
和葉
和葉
どうせ気に食わないから、先にぶっかけてやろうか
どうせ気に食わないから、先にぶっかけてやろうか
ユウキ
ユウキ
じゃあ俺は次の一杯を用意してくるわ
じゃあ俺は次の一杯を用意してくるわ
秀隆
秀隆
あんたらひどいよ……
あんたらひどいよ……
和葉
和葉
で、話すならさっさと話せ。ほれ
で、話すならさっさと話せ。ほれ
秀隆
秀隆
熱っ！　催促でコーヒーをかけんでください！
熱っ！　催促でコーヒーをかけんでください！
ったく、恐ろしい人だよ……。
ったく、恐ろしい人だよ……。
秀隆
秀隆
実は、キズナの情報が外部に漏れた可能性があるんです
実は、キズナの情報が外部に漏れた可能性があるんです
和葉
和葉
何やってんだバカ
何やってんだバカ
バシャッ。
バシャッ。
秀隆
秀隆
あちちっちちちち！！？！？！？！
あちちっちちちち！！？！？！？！
思い切りコーヒーをかけられ、オレは床を転げまわる。
思い切りコーヒーをかけられ、オレは床を転げまわる。
ユウキ
ユウキ
ほい新しいコーヒー
ほい新しいコーヒー
和葉
和葉
うむ
うむ
社長は空になったコップを置き、新しいのに持ち替えた。
社長は空になったコップを置き、新しいのに持ち替えた。
和葉
和葉
で、何で情報が漏れたんだ
で、何で情報が漏れたんだ
秀隆
秀隆
知りませんよ！　それに、漏れたと思われるってだけです
知りませんよ！　それに、漏れたと思われるってだけです
秀隆
秀隆
ドリームタウンの大河内代表と言う人物が、
ドリームタウンの大河内代表と言う人物が、
現代の生き残りがいるって噂を耳にしたって言ったんです
現代の生き残りがいるって噂を耳にしたって言ったんです
キズナ
キズナ
そうなんですか
そうなんですか
秀隆
秀隆
ああ。ただのハッタリって可能性もあるんだけどな
ああ。ただのハッタリって可能性もあるんだけどな
和葉
和葉
何か情報がなけりゃ、噂の立ちようもないだろ
何か情報がなけりゃ、噂の立ちようもないだろ
秀隆
秀隆
はい。２つの可能性があるんじゃないかと、見ています
はい。２つの可能性があるんじゃないかと、見ています
秀隆
秀隆
１つは単純にどこからか情報が漏れた
１つは単純にどこからか情報が漏れた
秀隆
秀隆
もう１つは
もう１つは
和葉
和葉
向こう側にも、地上時代の生き残りが居た、か
向こう側にも、地上時代の生き残りが居た、か
秀隆
秀隆
……そうです
……そうです
オレが教えるまでもなく、社長は理解したようだった。
オレが教えるまでもなく、社長は理解したようだった。
そして興味深そうに頷く。
そして興味深そうに頷く。
和葉
和葉
自分たちのところに生き残りが居れば、
自分たちのところに生き残りが居れば、
向こうに居てもおかしくない。自然な考えだろうさ
向こうに居てもおかしくない。自然な考えだろうさ
秀隆
秀隆
……居ると思いますか。地上の生き残りが、キズナの他にも
……居ると思いますか。地上の生き残りが、キズナの他にも
和葉
和葉
知るかそんなこと
知るかそんなこと
キズナ
キズナ
私は興味ありますっ
私は興味ありますっ
秀隆
秀隆
ま、そうだよな……
ま、そうだよな……
自分以外にも、同じ境遇の人間がいるなら、
自分以外にも、同じ境遇の人間がいるなら、
興味を持ってしまうのも無理ないことだ。
興味を持ってしまうのも無理ないことだ。
キズナ
キズナ
本当に居るなら、お話してみたいです
本当に居るなら、お話してみたいです
秀隆
秀隆
気持ちは分かるが仮に居たとしても簡単じゃないだろうなぁ
気持ちは分かるが仮に居たとしても簡単じゃないだろうなぁ
和葉
和葉
向こうも事実を隠蔽してるわけだからな
向こうも事実を隠蔽してるわけだからな
ユウキ
ユウキ
それらが本当だったとして、どうして隠すわけ？
それらが本当だったとして、どうして隠すわけ？
キズナ
キズナ
向こうも私と同じで、街が配慮してくださってるんじゃないですか？
向こうも私と同じで、街が配慮してくださってるんじゃないですか？
ユウキ
ユウキ
なるほどなぁ。地上の生き残りなんて騒がれたら、生活に馴染むどころじゃないだろうし
なるほどなぁ。地上の生き残りなんて騒がれたら、生活に馴染むどころじゃないだろうし
ユウキ
ユウキ
キズナちゃんと出会うことで、今まで気にかけなかった
キズナちゃんと出会うことで、今まで気にかけなかった
人々も、注目の視線を向けるようになるかも知れないぜ？
人々も、注目の視線を向けるようになるかも知れないぜ？
秀隆
秀隆
本当にそうかな……
本当にそうかな……
キズナ
キズナ
どういうことですか？
どういうことですか？
秀隆
秀隆
ドリームタウンは、地上に異常なまでに興味を示してる街だ。
ドリームタウンは、地上に異常なまでに興味を示してる街だ。
地上時代の生き残りがいたら、自ら公表してもおかしくない気がする
地上時代の生き残りがいたら、自ら公表してもおかしくない気がする
ユウキ
ユウキ
キズナちゃんみたいに記憶がないのかも？
キズナちゃんみたいに記憶がないのかも？
秀隆
秀隆
もちろん、そうかも知れない。
もちろん、そうかも知れない。
だけど他にも何か理由があるのかも……
だけど他にも何か理由があるのかも……
ユウキ
ユウキ
考えすぎだって
考えすぎだって
秀隆
秀隆
考えすぎて杞憂に終わるなら、安いもんだよ
考えすぎて杞憂に終わるなら、安いもんだよ
想定外のことがおきたときに慌てるよりよっぽどいい。
想定外のことがおきたときに慌てるよりよっぽどいい。
和葉
和葉
あたしには関係ない話だ
あたしには関係ない話だ
秀隆
秀隆
地上の生き残りだったら、調べてみたいと思わないんですか？
地上の生き残りだったら、調べてみたいと思わないんですか？
和葉
和葉
真実かどうかも分からない話をしても意味がないだけだ
真実かどうかも分からない話をしても意味がないだけだ
seめくる (1
seめくる (1
コーヒーを飲みながら、ぺらぺらと本をめくる。
コーヒーを飲みながら、ぺらぺらと本をめくる。
秀隆
秀隆
実は、その地上時代の生き残り、
実は、その地上時代の生き残り、
って可能性のある人物の写真を持ってるんですよ
って可能性のある人物の写真を持ってるんですよ
キズナ
キズナ
そうなんですか？
そうなんですか？
和葉
和葉
信憑性は？
信憑性は？
秀隆
秀隆
０じゃない、としか……
０じゃない、としか……
オレは一応、見せることも想定して持ってきていた写真を取り出す。
オレは一応、見せることも想定して持ってきていた写真を取り出す。
本当なら誰彼見せるものじゃないが、
本当なら誰彼見せるものじゃないが、
倉屋敷社長やユウキなら、その心配はないだろう。
倉屋敷社長やユウキなら、その心配はないだろう。
それに、ちょっとした狙いもある。
それに、ちょっとした狙いもある。
秀隆
秀隆
これです
これです
ユウキ
ユウキ
どれどれ？　……なんだ、男か
どれどれ？　……なんだ、男か
写真を見て、男と気づくなりユウキが興味をなくした。
写真を見て、男と気づくなりユウキが興味をなくした。
秀隆
秀隆
ドリームタウンが発見したのは全部男性の遺体だったからな
ドリームタウンが発見したのは全部男性の遺体だったからな
ユウキ
ユウキ
しかもかなりのイケメンじゃん。
しかもかなりのイケメンじゃん。
あー、世の中の女の子が一人でも食われるかと思うと、欝になるよな
あー、世の中の女の子が一人でも食われるかと思うと、欝になるよな
キズナ
キズナ
この人が、私と同じ地上の人……かも知れない人
この人が、私と同じ地上の人……かも知れない人
秀隆
秀隆
だな。倉屋敷社長も見ます？
だな。倉屋敷社長も見ます？
和葉
和葉
別に見たところで何もならんだろ
別に見たところで何もならんだろ
秀隆
秀隆
折角ですし
折角ですし
和葉
和葉
ったく……
ったく……
写真を受け取り、社長が写真を見る。
写真を受け取り、社長が写真を見る。
和葉
和葉
…………
…………
すぐに突き返されると思ったが、思いのほか写真を見つめていた。
すぐに突き返されると思ったが、思いのほか写真を見つめていた。
ユウキ
ユウキ
あれ、ひょっとしてホレた？
あれ、ひょっとしてホレた？
ばしゃっ。
ばしゃっ。
倉屋敷社長は迷わず、カップの中身をユウキの顔にかけた。
倉屋敷社長は迷わず、カップの中身をユウキの顔にかけた。
ユウキ
ユウキ
うわちぃ！　あち、あちっ！
うわちぃ！　あち、あちっ！
ユウキが悶絶うって転げまわる。
ユウキが悶絶うって転げまわる。
秀隆
秀隆
アンドロイドも熱さ感じるのか……初めて知ったぞ
アンドロイドも熱さ感じるのか……初めて知ったぞ
ユウキ
ユウキ
容赦ねえよ、かずはちいいいん！
容赦ねえよ、かずはちいいいん！
バタバタ。
バタバタ。
ゴロゴロ。
ゴロゴロ。
パタリ。
パタリ。
キズナ
キズナ
力尽きましたっ
力尽きましたっ
秀隆
秀隆
そっとしておこう
そっとしておこう
写真を見つめていた倉屋敷社長は、何か思うことがあったようだ。
写真を見つめていた倉屋敷社長は、何か思うことがあったようだ。
和葉
和葉
こいつ、どこかで見たことあるな……
こいつ、どこかで見たことあるな……
秀隆
秀隆
ほんとですか！？
ほんとですか！？
和葉
和葉
どこだ……？
どこだ……？
手を口元に置き、思考する。
手を口元に置き、思考する。
でも、すぐには思い当たらないようだった。
でも、すぐには思い当たらないようだった。
床に倒れていたユウキがむっくりと起き上がる。
床に倒れていたユウキがむっくりと起き上がる。
ユウキ
ユウキ
ふう、ふーっ。熱い……
ふう、ふーっ。熱い……
かずはちん、見たことあるって言うけど、殆ど出かけないじゃん？
かずはちん、見たことあるって言うけど、殆ど出かけないじゃん？
ここ１年ほど外出とかしてないよね？
ここ１年ほど外出とかしてないよね？
和葉
和葉
まぁな
まぁな
自慢げに言う。
自慢げに言う。
ユウキ
ユウキ
友達がいないって自慢されても……
友達がいないって自慢されても……
ユウキ
ユウキ
あひん！
あひん！
蹴り飛ばされる。
蹴り飛ばされる。
和葉
和葉
もう一度寝てろ
もう一度寝てろ
秀隆
秀隆
施設発見からまだ数ヶ月ですから、おかしいですね。
施設発見からまだ数ヶ月ですから、おかしいですね。
テレビなんかで見たって可能性はありませんか？
テレビなんかで見たって可能性はありませんか？
和葉
和葉
そもそも人の顔を見たのは、お前が久しぶりだ
そもそも人の顔を見たのは、お前が久しぶりだ
秀隆
秀隆
な、なるほど
な、なるほど
完全に１年間、篭りっぱなしだったらしい。
完全に１年間、篭りっぱなしだったらしい。
秀隆
秀隆
でもだとしたら、どういうことなんでしょうね……
でもだとしたら、どういうことなんでしょうね……
キズナ
キズナ
どこでみたんですかっ？
どこでみたんですかっ？
キズナも気になるんだろう、食いつくように身を乗り出す。
キズナも気になるんだろう、食いつくように身を乗り出す。
和葉
和葉
随分昔に見た気がするが……思い出せん
随分昔に見た気がするが……思い出せん
ユウキ
ユウキ
珍しいなあ、かずはちんが思い出せないなんて
珍しいなあ、かずはちんが思い出せないなんて
和葉
和葉
いや、こいつって確証もない。
いや、こいつって確証もない。
似たような男を、どこかで見た気がしただけだ
似たような男を、どこかで見た気がしただけだ
秀隆
秀隆
もし何か思い出すことがあれば、いつでも言ってください。
もし何か思い出すことがあれば、いつでも言ってください。
オレは今、この男の人を調べるために動いてるので
オレは今、この男の人を調べるために動いてるので
和葉
和葉
なんでお前に言わなきゃならないんだ。面倒臭い
なんでお前に言わなきゃならないんだ。面倒臭い
秀隆
秀隆
それくらい教えてくれたっていいじゃないですか
それくらい教えてくれたっていいじゃないですか
秀隆
秀隆
キズナを守るためでもあるんです。
キズナを守るためでもあるんです。
予め情報が分かっていた方が、有利に動けますから
予め情報が分かっていた方が、有利に動けますから
和葉
和葉
関係ないな
関係ないな
秀隆
秀隆
この人は……
この人は……
どこまでもブレないよ、ほんと。
どこまでもブレないよ、ほんと。
秀隆
秀隆
ドリームタウンの狙いがはっきりしないのが、不気味だ
ドリームタウンの狙いがはっきりしないのが、不気味だ
ユウキ
ユウキ
なんか、街と街で腹の探りあいみたいだなぁ
なんか、街と街で腹の探りあいみたいだなぁ
秀隆
秀隆
実際そう言う感じだな。スパイ合戦してるようなもんだよ
実際そう言う感じだな。スパイ合戦してるようなもんだよ
向こうがどれだけの規模で活動しているのかは一切不明だ。
向こうがどれだけの規模で活動しているのかは一切不明だ。
でも、情報を掴むだけの人員は用意しているってことだろう。
でも、情報を掴むだけの人員は用意しているってことだろう。
オレもホープタウンが、どうやってこの写真を入手したのかは分からないけど、やっぱり企業スパイのような人たちは存在しているってことだ。
オレもホープタウンが、どうやってこの写真を入手したのかは分からないけど、やっぱり企業スパイのような人たちは存在しているってことだ。
和葉
和葉
ともかく、キズナの生活については街の人間に聞け
ともかく、キズナの生活については街の人間に聞け
キズナ
キズナ
どうやって聞けばいいですか、ひーくん
どうやって聞けばいいですか、ひーくん
秀隆
秀隆
そうだなぁ……
そうだなぁ……
直接、官邸に足を運ぶのは得策じゃないだろう。
直接、官邸に足を運ぶのは得策じゃないだろう。
こちらの様子を探っている人物が潜んでいる可能性もある。
こちらの様子を探っている人物が潜んでいる可能性もある。
秀隆
秀隆
オレが確認しておいてやるよ
オレが確認しておいてやるよ
キズナ
キズナ
ありがとです
ありがとです
オレだって、出来ることならキズナを学園に通わせてやりたい。
オレだって、出来ることならキズナを学園に通わせてやりたい。
秀隆
秀隆
あ、でもキズナって幾つなんだ？　歳
あ、でもキズナって幾つなんだ？　歳
キズナ
キズナ
えっと、あっきーの２つ下になります
えっと、あっきーの２つ下になります
秀隆
秀隆
なるほどな
なるほどな
ユウキ
ユウキ
あっきーって、秋ちゃんのことだよな？
あっきーって、秋ちゃんのことだよな？
キズナ
キズナ
そうです。知ってるんですか？
そうです。知ってるんですか？
ユウキ
ユウキ
知ってる知ってる。メル友だし。今度遊びに行ってもいい？
知ってる知ってる。メル友だし。今度遊びに行ってもいい？
キズナ
キズナ
いつでも来てくださいっ。いいですよね？
いつでも来てくださいっ。いいですよね？
秀隆
秀隆
ああ。ユウキには秋を推すって約束もしてるしな
ああ。ユウキには秋を推すって約束もしてるしな
ユウキ
ユウキ
おっしゃ！　じゃあ早速行こうかな！
おっしゃ！　じゃあ早速行こうかな！
秀隆
秀隆
今からか？
今からか？
ユウキ
ユウキ
さすがに急すぎ？
さすがに急すぎ？
秀隆
秀隆
あーどうかな……アレだったら、確認取ってやってくれ
あーどうかな……アレだったら、確認取ってやってくれ
キズナ
キズナ
わかりましたっ
わかりましたっ
ユウキ
ユウキ
かずはちんも行く？
かずはちんも行く？
和葉
和葉
いかねーよ
いかねーよ
秀隆
秀隆
遠慮しなくていいですよ。遊びに来てくださいよ
遠慮しなくていいですよ。遊びに来てくださいよ
和葉
和葉
よし、ちょっと耳を貸せ
よし、ちょっと耳を貸せ
秀隆
秀隆
全然意味は分かりませんが、貸せと言うならお貸しします
全然意味は分かりませんが、貸せと言うならお貸しします
オレは耳を傾けた。
オレは耳を傾けた。
和葉
和葉
てめぇわざとか？　届かねぇだろうが
てめぇわざとか？　届かねぇだろうが
秀隆
秀隆
し、失礼しました
し、失礼しました
ややしゃがみこみ、社長の口元に高さを合わせた。
ややしゃがみこみ、社長の口元に高さを合わせた。
和葉
和葉
わーーっ！
わーーっ！
秀隆
秀隆
ｷﾞｴｴｴｴｴｴｴｴｴｴｴｴｴｴ！！！
ｷﾞｴｴｴｴｴｴｴｴｴｴｴｴｴｴ！！！
耳元で大声をあげられ、オレの耳が悲鳴をあげた。
耳元で大声をあげられ、オレの耳が悲鳴をあげた。
秀隆
秀隆
なななな、なにすんですか！
なななな、なにすんですか！
和葉
和葉
なんとなくだ
なんとなくだ
秀隆
秀隆
なんとなくで人の鼓膜破ろうとせんでください！
なんとなくで人の鼓膜破ろうとせんでください！
和葉
和葉
よし、耳貸せ
よし、耳貸せ
秀隆
秀隆
ご冗談を……
ご冗談を……
和葉
和葉
耳を貸すのと脳みそいじくられるの、どっちがいい？
耳を貸すのと脳みそいじくられるの、どっちがいい？
秀隆
秀隆
み、耳をお貸しします……
み、耳をお貸しします……
ぶるぶる震えながら、オレは改めて社長に耳を貸す。
ぶるぶる震えながら、オレは改めて社長に耳を貸す。
今度叫ばれたら、鼓膜が破れるかも知れん……。
今度叫ばれたら、鼓膜が破れるかも知れん……。
和葉
和葉
今後、キズナのデータを集めるようにしろ。
今後、キズナのデータを集めるようにしろ。
日常での些細なこと、気がついたことを全部だ。わかったな
日常での些細なこと、気がついたことを全部だ。わかったな
秀隆
秀隆
え、あ……分かりました
え、あ……分かりました
和葉
和葉
寝る
寝る
倉屋敷社長は、そう言い、奥へと消えていった。
倉屋敷社長は、そう言い、奥へと消えていった。
秀隆
秀隆
世間にはホント興味ないんだろうなぁ社長は
世間にはホント興味ないんだろうなぁ社長は
ユウキ
ユウキ
この間、唐沢って人が訪ねて来たときも直接面会してないんだぜ？
この間、唐沢って人が訪ねて来たときも直接面会してないんだぜ？
秀隆
秀隆
街の代表相手でも関係なしか
街の代表相手でも関係なしか
ユウキ
ユウキ
人間嫌いと言うか、交流が苦手って言うか
人間嫌いと言うか、交流が苦手って言うか
呆れながらも、どこか倉屋敷社長を心配するユウキ。
呆れながらも、どこか倉屋敷社長を心配するユウキ。
それにしてもキズナのデータを集めろ、か。
それにしてもキズナのデータを集めろ、か。
とにかく、気がついたことがあればメモしていくことにしよう。
とにかく、気がついたことがあればメモしていくことにしよう。
キズナ
キズナ
あっきーから返事ありましたっ
あっきーから返事ありましたっ
ユウキ
ユウキ
マジで！？　どんな感じどんな感じ！？
マジで！？　どんな感じどんな感じ！？
心配していたユウキの姿は、一瞬で消し飛んでしまう。
心配していたユウキの姿は、一瞬で消し飛んでしまう。
キズナ
キズナ
えっと、今友達と一緒に居るんですが、いいですか？　と
えっと、今友達と一緒に居るんですが、いいですか？　と
ユウキ
ユウキ
友達って、まさか男友達じゃないよね？！
友達って、まさか男友達じゃないよね？！
キズナ
キズナ
イカイカのようです
イカイカのようです
ユウキ
ユウキ
いかいか？
いかいか？
秀隆
秀隆
秋の同級生だ
秋の同級生だ
ユウキ
ユウキ
可愛いの？
可愛いの？
秀隆
秀隆
秋なんかよりずっとな。前に一度ナンパしたことある子だ。
秋なんかよりずっとな。前に一度ナンパしたことある子だ。
公園で
公園で
ユウキ
ユウキ
うーん、慶桜学園の子、ナンパし過ぎてよくわかんないんだよね
うーん、慶桜学園の子、ナンパし過ぎてよくわかんないんだよね
秀隆
秀隆
左様か……
左様か……
ユウキ
ユウキ
とりあえず、今すぐ行くって伝えといて！
とりあえず、今すぐ行くって伝えといて！
キズナ
キズナ
分かりましたっ
分かりましたっ
秀隆
秀隆
じゃあ、オレは帰るわ
じゃあ、オレは帰るわ
秋と顔を合わせるのは嫌だし。
秋と顔を合わせるのは嫌だし。
ユウキ
ユウキ
まあまあ
まあまあ
がしっとオレの腕を掴む。
がしっとオレの腕を掴む。
ユウキ
ユウキ
女の子ばっかりなのは嬉しいけど、男もほしいな、なんて
女の子ばっかりなのは嬉しいけど、男もほしいな、なんて
秀隆
秀隆
ハーレム状態を堪能してくればいいじゃないか
ハーレム状態を堪能してくればいいじゃないか
ユウキ
ユウキ
何話していいかわかんないじゃん！
何話していいかわかんないじゃん！
キズナ
キズナ
ひーくんも行きましょう
ひーくんも行きましょう
秀隆
秀隆
乗り気しないなぁ……パスさせてほしい
乗り気しないなぁ……パスさせてほしい
キズナ
キズナ
ダメです
ダメです
オレが行きたくないと知って、キズナは強く誘うことを決めたようだ。
オレが行きたくないと知って、キズナは強く誘うことを決めたようだ。
兄妹の仲を取り持とうとしているんだろう。
兄妹の仲を取り持とうとしているんだろう。
秀隆
秀隆
じゃあ、ちょっとだけな……
じゃあ、ちょっとだけな……
愛佳の様子は少しだけ気になるし、そこはチェックしておきたい。
愛佳の様子は少しだけ気になるし、そこはチェックしておきたい。
秀隆
秀隆
秋はどこに居るって？
秋はどこに居るって？
キズナ
キズナ
デパートのカフェでお茶してるそうです
デパートのカフェでお茶してるそうです
秀隆
秀隆
女の子は、ほんとデパートが好きだよな。
女の子は、ほんとデパートが好きだよな。
キズナも行きたくなるか？
キズナも行きたくなるか？
キズナ
キズナ
はい。見ているだけでワクワクしますっ
はい。見ているだけでワクワクしますっ
秀隆
秀隆
バーで酒飲んでる方がよっぽど有意義だけどな
バーで酒飲んでる方がよっぽど有意義だけどな
ユウキ
ユウキ
それは、かなり親父化してきてる証拠じゃね？
それは、かなり親父化してきてる証拠じゃね？
秀隆
秀隆
そう、かもな……
そう、かもな……
デパートの一角にある、アイスやコーヒーを取り扱うお店。
デパートの一角にある、アイスやコーヒーを取り扱うお店。
そこの丸テーブルに、秋たちは居た。
そこの丸テーブルに、秋たちは居た。
キズナ
キズナ
あっきー、イカイカ。きましたっ
あっきー、イカイカ。きましたっ
愛佳
愛佳
おはよーキズナっ
おはよーキズナっ
元気よく手を上げた後、うなだれる。
元気よく手を上げた後、うなだれる。
愛佳
愛佳
大衆の面前でイカイカって呼ばれて反応するあたし……
大衆の面前でイカイカって呼ばれて反応するあたし……
ユウキ
ユウキ
おー君がイカイカちゃんか！　確かに前に話しかけた！
おー君がイカイカちゃんか！　確かに前に話しかけた！
どうやら思い出したらしい。
どうやら思い出したらしい。
愛佳
愛佳
あれ、こっちの人って……
あれ、こっちの人って……
秀隆
秀隆
ユウキって言って、オレの友達だ
ユウキって言って、オレの友達だ
秋
秋
…………
…………
一瞬だけ、秋がオレを睨んだ。
一瞬だけ、秋がオレを睨んだ。
どうして兄さんまで来たんですか』ってところか。
どうして兄さんまで来たんですか』ってところか。
でも、当然そんな気配はすぐに消す。
でも、当然そんな気配はすぐに消す。
秋
秋
凄く面白い人だよ、ユウキさん
凄く面白い人だよ、ユウキさん
愛佳
愛佳
そうなんだ。この間はごめんね、断ったりして
そうなんだ。この間はごめんね、断ったりして
ユウキ
ユウキ
こうしてまためぐり合えたから、俺としては問題なし！
こうしてまためぐり合えたから、俺としては問題なし！
喜び勇んで、秋の隣に腰を下ろすユウキ。
喜び勇んで、秋の隣に腰を下ろすユウキ。
オレは一番秋から離れる場所に座ることにした。
オレは一番秋から離れる場所に座ることにした。
愛佳
愛佳
最近よく会うよね、あたしたち
最近よく会うよね、あたしたち
席につくなり、愛佳は身を乗り出してオレに言った。
席につくなり、愛佳は身を乗り出してオレに言った。
秀隆
秀隆
そうだな
そうだな
ユウキ
ユウキ
なになに、愛佳ちゃんもしかして秀隆を！？
なになに、愛佳ちゃんもしかして秀隆を！？
愛佳
愛佳
あはは、かも知れないね
あはは、かも知れないね
冗談めかして言うと、秋は真剣な顔つきで首を振った。
冗談めかして言うと、秋は真剣な顔つきで首を振った。
秋
秋
愛佳、悪いことは言わないから兄さんと関わるのはやめた方がいいよ
愛佳、悪いことは言わないから兄さんと関わるのはやめた方がいいよ
秀隆
秀隆
どういう意味だよそりゃ
どういう意味だよそりゃ
秋
秋
言葉の通りです。ろくなことにならないですから
言葉の通りです。ろくなことにならないですから
秀隆
秀隆
オレほど女性に紳士的で優しく、包容力のある男はいないッ
オレほど女性に紳士的で優しく、包容力のある男はいないッ
キズナ
キズナ
それはまた盛大な嘘ですねっ
それはまた盛大な嘘ですねっ
秀隆
秀隆
どこにも嘘は混じってないぞ
どこにも嘘は混じってないぞ
ユウキ
ユウキ
紳士的ではないよなぁ
紳士的ではないよなぁ
秋
秋
優しくもないですし
優しくもないですし
愛佳
愛佳
包容力は、どうかな
包容力は、どうかな
キズナ
キズナ
見事に全部ないですね！
見事に全部ないですね！
秀隆
秀隆
毎度毎度虐めてくれますねえ君たちはっ
毎度毎度虐めてくれますねえ君たちはっ
愛佳
愛佳
大丈夫だよセンセ
大丈夫だよセンセ
秀隆
秀隆
紳士的でもなく、優しくもなく、包容力もないのに大丈夫だと！？
紳士的でもなく、優しくもなく、包容力もないのに大丈夫だと！？
愛佳
愛佳
先生は格好いいから
先生は格好いいから
満面の笑みでそう答える。
満面の笑みでそう答える。
全員が、驚くように引いていくのが分かる。
全員が、驚くように引いていくのが分かる。
秋
秋
あ、愛佳、何か兄さんに脅されていたりするの？
あ、愛佳、何か兄さんに脅されていたりするの？
秀隆
秀隆
……おい
……おい
愛佳
愛佳
普段頼りないように見えても、先生はいざってとき格好いいもんね
普段頼りないように見えても、先生はいざってとき格好いいもんね
秀隆
秀隆
愛佳……
愛佳……
ユウキ
ユウキ
何した、イタイケな女の子に何をしたああ！
何した、イタイケな女の子に何をしたああ！
秋
秋
兄さんの毒牙が愛佳に……
兄さんの毒牙が愛佳に……
秀隆
秀隆
あのな、おまえらイチイチ愛佳の冗談を真に受けてると体がもたんぞ
あのな、おまえらイチイチ愛佳の冗談を真に受けてると体がもたんぞ
キズナ
キズナ
冗談ですか？
冗談ですか？
秀隆
秀隆
自慢じゃないがオレはモテないからな！
自慢じゃないがオレはモテないからな！
ユウキ
ユウキ
本当に自慢じゃないな
本当に自慢じゃないな
秀隆
秀隆
自分で言って虚しくなった
自分で言って虚しくなった
もちろんモテようと努力はしている。
もちろんモテようと努力はしている。
日々鏡の前でワックスに余念がなかったり、
日々鏡の前でワックスに余念がなかったり、
わざと寝癖を残して母性本能をくすぐりに行ってみたり。
わざと寝癖を残して母性本能をくすぐりに行ってみたり。
でも、今のところ効果を発揮したことはない。
でも、今のところ効果を発揮したことはない。
愛佳
愛佳
別に冗談言ってるつもりはないんだけどなぁ
別に冗談言ってるつもりはないんだけどなぁ
秀隆
秀隆
だったらオレに乳を触らせてみぃ！
だったらオレに乳を触らせてみぃ！
キズナ
キズナ
わー、セクハラですねひーくん
わー、セクハラですねひーくん
秋
秋
最低です
最低です
愛佳
愛佳
……それはちょっと……
……それはちょっと……
秀隆
秀隆
軽い冗談に決まってるだろ？　あはは……は……あれ？
軽い冗談に決まってるだろ？　あはは……は……あれ？
女性陣からの冷たい視線。
女性陣からの冷たい視線。
どうやら、オレの発言は冗談で済まされるレベルじゃなかったらしい。
どうやら、オレの発言は冗談で済まされるレベルじゃなかったらしい。
愛佳
愛佳
真面目モードの時の先生は、トキメクんだけどなぁ
真面目モードの時の先生は、トキメクんだけどなぁ
秋
秋
兄さんに真面目モードみたいなのがあるんですか？
兄さんに真面目モードみたいなのがあるんですか？
キズナ
キズナ
見たことありませんねっ
見たことありませんねっ
秀隆
秀隆
常に真面目と向き合って生きてるけどな
常に真面目と向き合って生きてるけどな
秋
秋
背中向けてると思います
背中向けてると思います
ユウキ
ユウキ
散々な言われようだなぁ秀隆
散々な言われようだなぁ秀隆
ユウキは腹を抱えケラケラと笑う。
ユウキは腹を抱えケラケラと笑う。
愛佳
愛佳
お兄ちゃんが言ってたけど、
お兄ちゃんが言ってたけど、
今先生ってドリームタウンに行き来してるんだよね？
今先生ってドリームタウンに行き来してるんだよね？
秀隆
秀隆
ん？　ああ、仕事でよく往復してるなぁ
ん？　ああ、仕事でよく往復してるなぁ
愛佳
愛佳
いいなあ、羨ましい。あたしも連れてってよ
いいなあ、羨ましい。あたしも連れてってよ
秀隆
秀隆
仕事で行ってるだけだからな。楽しくなんてないぞ
仕事で行ってるだけだからな。楽しくなんてないぞ
秋
秋
観光で行けるようになればいいのに
観光で行けるようになればいいのに
愛佳
愛佳
そうだよね。お偉いさんの言ってることも分かるけど、
そうだよね。お偉いさんの言ってることも分かるけど、
同じ日本人同士なんだから、自由に行き来できればいいのに
同じ日本人同士なんだから、自由に行き来できればいいのに
キズナ
キズナ
私もそう思います
私もそう思います
秀隆
秀隆
観光ねえ……
観光ねえ……
両者の思惑が一致すれば、実現可能なんだろうけど。
両者の思惑が一致すれば、実現可能なんだろうけど。
ホープタウンは徹底された秩序の街だ。
ホープタウンは徹底された秩序の街だ。
ドリームタウンの人間が大挙して押し寄せるようになると、
ドリームタウンの人間が大挙して押し寄せるようになると、
上手く統率を取ることが難しくなる。
上手く統率を取ることが難しくなる。
特に今の大河内政権は、財政を潤すためなら如何なる手段も用いる。
特に今の大河内政権は、財政を潤すためなら如何なる手段も用いる。
ホープタウンのお金が大量にあちら側に流れるのは、避けたいはずだ。
ホープタウンのお金が大量にあちら側に流れるのは、避けたいはずだ。
愛佳
愛佳
先生の力で、そう言うの何とかならないの？
先生の力で、そう言うの何とかならないの？
秀隆
秀隆
平社員のオレにそんな力はないな
平社員のオレにそんな力はないな
愛佳
愛佳
残念
残念
夜、オレは裕輔と公園で待ち合わせていた。
夜、オレは裕輔と公園で待ち合わせていた。
裕輔
裕輔
遅くなってすまない。仕事のほうが長引いてしまった
遅くなってすまない。仕事のほうが長引いてしまった
秀隆
秀隆
別にいいって。遅くなったっていっても１０分くらいだ
別にいいって。遅くなったっていっても１０分くらいだ
愛佳
愛佳
こんばんわ、センセ
こんばんわ、センセ
秀隆
秀隆
……どうして愛佳がいるのかは疑問だが
……どうして愛佳がいるのかは疑問だが
裕輔
裕輔
遅くなる理由を説明したら、行くと言って聞かなくてな
遅くなる理由を説明したら、行くと言って聞かなくてな
愛佳
愛佳
だってほら、心配だったし
だってほら、心配だったし
秀隆
秀隆
何が心配なんだよ
何が心配なんだよ
愛佳
愛佳
色々とね
色々とね
そういい、オレの座るベンチに腰を下ろした。
そういい、オレの座るベンチに腰を下ろした。
愛佳
愛佳
それで、何するの？
それで、何するの？
秀隆
秀隆
護身術の勉強みたいなもんだ
護身術の勉強みたいなもんだ
ギャラリーは増えたが、この際気にしないようにしよう。
ギャラリーは増えたが、この際気にしないようにしよう。
裕輔
裕輔
じゃあ、早速始めるとしよう。きてくれ
じゃあ、早速始めるとしよう。きてくれ
秀隆
秀隆
わかった
わかった
オレは裕輔の前に立つ。
オレは裕輔の前に立つ。
裕輔
裕輔
護身術は、あくまでも自分の身を守るためのものだ。
護身術は、あくまでも自分の身を守るためのものだ。
だから、基本的には自分から仕掛けず、相手の動きに合わせて
だから、基本的には自分から仕掛けず、相手の動きに合わせて
対応する
対応する
秀隆
秀隆
その辺は頭に叩き込んできた
その辺は頭に叩き込んできた
裕輔
裕輔
そうか。ならまずは、試しにこちらから仕掛けてみる
そうか。ならまずは、試しにこちらから仕掛けてみる
秀隆
秀隆
ほどほどに頼むぜ
ほどほどに頼むぜ
裕輔
裕輔
もちろんだ
もちろんだ
一度裕輔が頷いた後、オレに対して構えを取った。
一度裕輔が頷いた後、オレに対して構えを取った。
そして、じりじりと距離を詰めて来る。
そして、じりじりと距離を詰めて来る。
秀隆
秀隆
…………
…………
オレは自分の有効範囲を考えながら、
オレは自分の有効範囲を考えながら、
裕輔が行動に出るのを、見逃さないよう待っていた。
裕輔が行動に出るのを、見逃さないよう待っていた。
そして、裕輔が一気に距離を詰めてきた。
そして、裕輔が一気に距離を詰めてきた。
右腕が瞬時に引かれ、拳が顔めがけて飛んでくる。
右腕が瞬時に引かれ、拳が顔めがけて飛んでくる。
オレは、その拳を手のひらで受け流す。
オレは、その拳を手のひらで受け流す。
se平手うち (2
se平手うち (2
パン、という高い音と共に、裕輔の攻撃が流れる。
パン、という高い音と共に、裕輔の攻撃が流れる。
裕輔
裕輔
ふっ！
ふっ！
だが油断する暇はない。
だが油断する暇はない。
se平手うち (1
se平手うち (1
裕輔はすぐさま次の攻撃を繰り出してきた。
裕輔はすぐさま次の攻撃を繰り出してきた。
se平手うち (2
se平手うち (2
同じように、２、３度攻撃を受け流す。
同じように、２、３度攻撃を受け流す。
愛佳
愛佳
すご……なんかの舞台を見てるみたい……
すご……なんかの舞台を見てるみたい……
裕輔
裕輔
……さすがだな秀隆。本を読んだだけでここまで出来るのか
……さすがだな秀隆。本を読んだだけでここまで出来るのか
秀隆
秀隆
色々動画とかも見て研究はしてたからな
色々動画とかも見て研究はしてたからな
秀隆
秀隆
とは言っても、裕輔が手加減してなきゃ今頃大怪我さ
とは言っても、裕輔が手加減してなきゃ今頃大怪我さ
裕輔
裕輔
どうかな……確かに最初の一発は加減したが、
どうかな……確かに最初の一発は加減したが、
残りはそれほど手を抜いた覚えはない
残りはそれほど手を抜いた覚えはない
裕輔
裕輔
次は蹴りもおりまぜていくぞ
次は蹴りもおりまぜていくぞ
秀隆
秀隆
おっしゃこい！
おっしゃこい！
se平手うち (1
se平手うち (1
se平手うち (2
se平手うち (2
愛佳
愛佳
大丈夫？　先生……
大丈夫？　先生……
秀隆
秀隆
い、いたひ……
い、いたひ……
愛佳
愛佳
鼻血も出てるし。ちょっと待って
鼻血も出てるし。ちょっと待って
そういい、愛佳は取り出したティッシュで優しく拭いてくれた。
そういい、愛佳は取り出したティッシュで優しく拭いてくれた。
裕輔
裕輔
すまん
すまん
秀隆
秀隆
あ、謝ることじゃないって。調子に乗ったオレが悪かったんだ
あ、謝ることじゃないって。調子に乗ったオレが悪かったんだ
余裕をぶっこいて、顔面を蹴られてしまった。
余裕をぶっこいて、顔面を蹴られてしまった。
なんともみっともない話だ。
なんともみっともない話だ。
裕輔
裕輔
最後の一撃はともかく、見事な捌きだった
最後の一撃はともかく、見事な捌きだった
秀隆
秀隆
これならなんとかなりそうか？
これならなんとかなりそうか？
裕輔
裕輔
少なくとも一般人では、おまえに満足な傷は負わせられないだろう
少なくとも一般人では、おまえに満足な傷は負わせられないだろう
秀隆
秀隆
そうか。それなら良かった
そうか。それなら良かった
愛佳
愛佳
そんなに危ないところに行くつもりなの？
そんなに危ないところに行くつもりなの？
秀隆
秀隆
ちょっとだけな
ちょっとだけな
愛佳
愛佳
あたし心配だよ。やめることはできないの？
あたし心配だよ。やめることはできないの？
秀隆
秀隆
仕事のために、どうしても必要なことなんだ
仕事のために、どうしても必要なことなんだ
愛佳
愛佳
でも
でも
秀隆
秀隆
怪我をしないために、今こうして学んでる
怪我をしないために、今こうして学んでる
秀隆
秀隆
なんとかなるって
なんとかなるって
愛佳
愛佳
うん……でも、それでも、無茶はしないでね
うん……でも、それでも、無茶はしないでね
秀隆
秀隆
ありがとう
ありがとう
愛佳の言うとおりだ。
愛佳の言うとおりだ。
そのことだけは忘れないようにしよう。
そのことだけは忘れないようにしよう。
…………。
…………。
……。
……。
