キズナ
キズナ
ひーくん。なんだか元気がありませんね？
ひーくん。なんだか元気がありませんね？
秀隆
秀隆
え？　……そうか？
え？　……そうか？
キズナ
キズナ
はい。さっきから俯いてぐったりしてるように見えます
はい。さっきから俯いてぐったりしてるように見えます
秀隆
秀隆
大丈夫だ。大したことない、いけるいける
大丈夫だ。大したことない、いけるいける
秀隆
秀隆
それより朝飯はまだか？　いい加減腹が減ったぞ
それより朝飯はまだか？　いい加減腹が減ったぞ
キズナ
キズナ
それは重症ですねっ。今しがた食べたばっかりじゃないですか
それは重症ですねっ。今しがた食べたばっかりじゃないですか
秀隆
秀隆
……言われてみれば……
……言われてみれば……
何となく食べた記憶が蘇ってきた。
何となく食べた記憶が蘇ってきた。
キズナ
キズナ
これぞ、レミニセンスッ！
これぞ、レミニセンスッ！
秀隆
秀隆
こんなしょーもない朝のワンシーンがタイトルの意味合いを持ってたら怖いわ！
こんなしょーもない朝のワンシーンがタイトルの意味合いを持ってたら怖いわ！
キズナ
キズナ
……そんなことよりですね
……そんなことよりですね
タイトルの関連性は、そんなこと、ってレベルじゃないと思うが……。
タイトルの関連性は、そんなこと、ってレベルじゃないと思うが……。
キズナ
キズナ
何か困ったことがあったら、相談に乗りますよ？
何か困ったことがあったら、相談に乗りますよ？
秀隆
秀隆
気持ちはありがたい。が、こればかりはオレがどうにかするしかない
気持ちはありがたい。が、こればかりはオレがどうにかするしかない
キズナ
キズナ
自分でまいた種、と言うことですか？
自分でまいた種、と言うことですか？
秀隆
秀隆
種をまく行為すらたどり着かなかったと言うか
種をまく行為すらたどり着かなかったと言うか
キズナ
キズナ
ん？
ん？
秀隆
秀隆
いや、なんでもない
いや、なんでもない
秀隆
秀隆
とにかくダメダメだったってことだ
とにかくダメダメだったってことだ
キズナ
キズナ
そうですか。相談相手や話し相手が欲しくなったら、いつでも言ってくださいね
そうですか。相談相手や話し相手が欲しくなったら、いつでも言ってくださいね
秀隆
秀隆
ありがとな。キズナ
ありがとな。キズナ
キズナ
キズナ
いえいえっ
いえいえっ
心遣いを受け、オレは少しだけ気が楽になった気がした。
心遣いを受け、オレは少しだけ気が楽になった気がした。
今日の仕事が終わったら、ドリームタウンへと足を運ぼう。
今日の仕事が終わったら、ドリームタウンへと足を運ぼう。
秀隆
秀隆
さて……
さて……
仕事を終えて、ドリームタウンにやって来たのはいいが、
仕事を終えて、ドリームタウンにやって来たのはいいが、
問題はどうやって会えばいいのだろう。
問題はどうやって会えばいいのだろう。
携帯に電話したりメールを送っても、連絡はない。
携帯に電話したりメールを送っても、連絡はない。
時刻は午後６時前。
時刻は午後６時前。
下手したら、もう学園から帰って自室に閉じ篭っていることだってありうる。
下手したら、もう学園から帰って自室に閉じ篭っていることだってありうる。
そうなればお手上げだ。
そうなればお手上げだ。
希望を呼んでください、と訪ねることもしにくいしな。
希望を呼んでください、と訪ねることもしにくいしな。
今までそんなことをしたことも無いし、現実的じゃない。
今までそんなことをしたことも無いし、現実的じゃない。
秀隆
秀隆
参った……
参った……
ポツンと、カジノの入り口に立ち尽くす。
ポツンと、カジノの入り口に立ち尽くす。
いつも希望に会いたいと思えば、すぐに会えたのに。
いつも希望に会いたいと思えば、すぐに会えたのに。
もう暫く待って、希望の姿を見かけないようなら今日は帰ろう。
もう暫く待って、希望の姿を見かけないようなら今日は帰ろう。
…………。
…………。
それから、３０分ほど経った。
それから、３０分ほど経った。
秀隆
秀隆
やっぱりもう、自宅に帰ってるんだろうな
やっぱりもう、自宅に帰ってるんだろうな
そう思い諦めかけた時。
そう思い諦めかけた時。
希望が、帰ってきた。
希望が、帰ってきた。
まだ制服を着ているってことは、学園の帰りだ。
まだ制服を着ているってことは、学園の帰りだ。
天から垂らされた救いの糸か。
天から垂らされた救いの糸か。
秀隆
秀隆
の、希望っ！
の、希望っ！
オレは声を絞り出し、希望に声をかける。
オレは声を絞り出し、希望に声をかける。
だが、それが不味かった。
だが、それが不味かった。
オレの声に気づいた希望は、駆け足でカジノの中に入ってしまう。
オレの声に気づいた希望は、駆け足でカジノの中に入ってしまう。
秀隆
秀隆
た、頼む。オレの話を聞いてくれ―――！
た、頼む。オレの話を聞いてくれ―――！
その後を追って、オレもカジノの中へ。
その後を追って、オレもカジノの中へ。
だが、カジノはこの時間から爆発的に客の数が増える。
だが、カジノはこの時間から爆発的に客の数が増える。
希望はすぐ人ごみに紛れ、見えなくなってしまった。
希望はすぐ人ごみに紛れ、見えなくなってしまった。
秀隆
秀隆
ふーっ……ダメか
ふーっ……ダメか
希望に逃げられてしまったら、オレにはどうすることも出来ない。
希望に逃げられてしまったら、オレにはどうすることも出来ない。
家に無断で立ち入ることは絶対に出来ないしなぁ。
家に無断で立ち入ることは絶対に出来ないしなぁ。
龍也
龍也
おや、島津くん？
おや、島津くん？
秀隆
秀隆
あ……こ、高坂特務官！？
あ……こ、高坂特務官！？
だらんとしているところに、高坂特務官がやってきた。
だらんとしているところに、高坂特務官がやってきた。
龍也
龍也
今日はどうしたんだい？
今日はどうしたんだい？
秀隆
秀隆
いえ、その……ぶらぶら、してました、はい
いえ、その……ぶらぶら、してました、はい
気まずい状況下で、希望に会いにきましたとは言えなかった。
気まずい状況下で、希望に会いにきましたとは言えなかった。
鋭い高坂特務官を相手に、誤魔化しきれる自信はない。
鋭い高坂特務官を相手に、誤魔化しきれる自信はない。
龍也
龍也
怪しいね。また、何か策略を練ってる途中ってところかな？
怪しいね。また、何か策略を練ってる途中ってところかな？
秀隆
秀隆
まぁ、そんなところです
まぁ、そんなところです
オレの挙動に不信感を感じたものの、
オレの挙動に不信感を感じたものの、
さすがにそれを希望と結びつけることはなかった。
さすがにそれを希望と結びつけることはなかった。
龍也
龍也
また次も、君がプロジェクトに絡んできたら厄介そうだ
また次も、君がプロジェクトに絡んできたら厄介そうだ
秀隆
秀隆
そんな。ほんと、まだまだ新人ですから
そんな。ほんと、まだまだ新人ですから
龍也
龍也
そうは言っても君は半年足らずで
そうは言っても君は半年足らずで
随分と場数を踏んできている。例の規制緩和でも大きく躍進したし
随分と場数を踏んできている。例の規制緩和でも大きく躍進したし
秀隆
秀隆
結局最後は、高坂特務官にしてやられましたけど
結局最後は、高坂特務官にしてやられましたけど
龍也
龍也
紙一重さ。君が経験を積めば、面白くなる
紙一重さ。君が経験を積めば、面白くなる
龍也
龍也
もっとも、僕は笑っていられなくなるかも知れないが
もっとも、僕は笑っていられなくなるかも知れないが
ははは、と笑う。
ははは、と笑う。
龍也
龍也
そうだ、僕は希望ちゃんに会いに来たんだけど、よかったら一緒にどうだい？
そうだ、僕は希望ちゃんに会いに来たんだけど、よかったら一緒にどうだい？
秀隆
秀隆
え……希望に、ですか
え……希望に、ですか
それは願ったり叶ったりだが、
それは願ったり叶ったりだが、
高坂特務官と一緒なのは、あまり意味がないかもしれない。
高坂特務官と一緒なのは、あまり意味がないかもしれない。
ひとまず、オレとのことは伝えてないようだが。
ひとまず、オレとのことは伝えてないようだが。
龍也
龍也
最近、希望ちゃんの口からは君の話題が絶えなくて
最近、希望ちゃんの口からは君の話題が絶えなくて
秀隆
秀隆
そう……なんですか？
そう……なんですか？
龍也
龍也
うん。少し嫉妬しちゃうよ
うん。少し嫉妬しちゃうよ
秀隆
秀隆
ええっ、そんな。ただ仲が良いだけなので……
ええっ、そんな。ただ仲が良いだけなので……
龍也
龍也
とりあえず、行こうか？
とりあえず、行こうか？
秀隆
秀隆
いえ自分は……急に押しかけても迷惑でしょうし
いえ自分は……急に押しかけても迷惑でしょうし
龍也
龍也
そんなことはないよ
そんなことはないよ
そう言い歩き出す。
そう言い歩き出す。
秀隆
秀隆
…………
…………
とはいえ、このまま機会を待っているだけじゃ、
とはいえ、このまま機会を待っているだけじゃ、
いつ希望と会えるか分からない。
いつ希望と会えるか分からない。
先日のことは口に出来なくても、
先日のことは口に出来なくても、
今どんな状況かを知ることは出来る。
今どんな状況かを知ることは出来る。
オレは思い切って高坂特務官についていくことにした。
オレは思い切って高坂特務官についていくことにした。
龍也
龍也
希望ちゃんを連れてくるよ。少し待っててくれるかい？
希望ちゃんを連れてくるよ。少し待っててくれるかい？
秀隆
秀隆
分かりました……
分かりました……
高坂特務官が、一度応接室を後にする。
高坂特務官が、一度応接室を後にする。
一人きりになった応接室。
一人きりになった応接室。
こんなに緊張するのは、いつ以来だろうか。
こんなに緊張するのは、いつ以来だろうか。
ああ、大河内代表と規制緩和の話し合いをした時以来かな……。
ああ、大河内代表と規制緩和の話し合いをした時以来かな……。
あの時は心臓が張り裂けそうなほど緊張したものだ。
あの時は心臓が張り裂けそうなほど緊張したものだ。
今の緊張ぶりも、それに劣ってはいない。
今の緊張ぶりも、それに劣ってはいない。
扉が開き、申し訳なさそうな表情をした高坂特務官が戻ってきた。
扉が開き、申し訳なさそうな表情をした高坂特務官が戻ってきた。
龍也
龍也
……ごめん、島津くん
……ごめん、島津くん
秀隆
秀隆
はい？
はい？
龍也
龍也
どうも、希望ちゃん学園から戻って体調を崩したみたいで。
どうも、希望ちゃん学園から戻って体調を崩したみたいで。
今は部屋でゆっくり休みたいそうなんだ
今は部屋でゆっくり休みたいそうなんだ
希望が体調を崩した？
希望が体調を崩した？
秀隆
秀隆
そうですか、それは残念ですが仕方ないですね……
そうですか、それは残念ですが仕方ないですね……
さっきオレから逃げてるときは、体調が悪そうには見えなかった。
さっきオレから逃げてるときは、体調が悪そうには見えなかった。
どうやら、本格的にオレは避けられているらしい。
どうやら、本格的にオレは避けられているらしい。
龍也
龍也
また後日、改めて話そうか
また後日、改めて話そうか
秀隆
秀隆
はい。今日のところはこれで失礼します
はい。今日のところはこれで失礼します
龍也
龍也
うん、お疲れ様
うん、お疲れ様
秀隆
秀隆
そりゃそうだよな……
そりゃそうだよな……
無許可で唇を奪った男に、会いたくなんてないよな。
無許可で唇を奪った男に、会いたくなんてないよな。
オレは一度、大きなため息をついて、ホープタウンへと戻る。
オレは一度、大きなため息をついて、ホープタウンへと戻る。
…………。
…………。
……。
……。
