その日、オレは異常なまでの緊張感、そして強烈な視線に襲われていた。
その日、オレは異常なまでの緊張感、そして強烈な視線に襲われていた。
目の前には、重い表情をした唐沢さん。
目の前には、重い表情をした唐沢さん。
後ろには、ソファーに座り威圧的な視線を向ける竹内氏。
後ろには、ソファーに座り威圧的な視線を向ける竹内氏。
隣には頭を下げる、まどかの姿。
隣には頭を下げる、まどかの姿。
唐沢
唐沢
これはどう言うことなんだい？
これはどう言うことなんだい？
唐沢さんの机に並べられた、ドリームタウン検査機関からの書類。
唐沢さんの机に並べられた、ドリームタウン検査機関からの書類。
そこには、言うまでもなくオレが依頼した食品検査の結果が書かれてある。
そこには、言うまでもなくオレが依頼した食品検査の結果が書かれてある。
竹内
竹内
これは君たちに与えた助特務官としての行為を逸脱している
これは君たちに与えた助特務官としての行為を逸脱している
竹内
竹内
そのことは、言うまでもないね？
そのことは、言うまでもないね？
まどか
まどか
大変……大変失礼致しました！
大変……大変失礼致しました！
竹内
竹内
謝って済む問題ではないのだよ。
謝って済む問題ではないのだよ。
既に、ドリームタウン側からは、それの是非を問われている
既に、ドリームタウン側からは、それの是非を問われている
竹内
竹内
聞けばホープタウンの方にも再検査の依頼をしていたようだが、
聞けばホープタウンの方にも再検査の依頼をしていたようだが、
そちらの方はこの際どうでもいい
そちらの方はこの際どうでもいい
竹内
竹内
なぜ、このような勝手なことをしたのだね
なぜ、このような勝手なことをしたのだね
まどか
まどか
それは……
それは……
秀隆
秀隆
全て……自分が独断でやったことです
全て……自分が独断でやったことです
唐沢
唐沢
何故なんだい、島津くん……
何故なんだい、島津くん……
秀隆
秀隆
……ある人物から、
……ある人物から、
片桐食糧プラントの新製品について、気になる情報を得ました
片桐食糧プラントの新製品について、気になる情報を得ました
秀隆
秀隆
従来の３倍で成長するトウモロコシには危険性がある、と
従来の３倍で成長するトウモロコシには危険性がある、と
竹内
竹内
それを鵜呑みにして、身勝手な行動を起こしたのかね
それを鵜呑みにして、身勝手な行動を起こしたのかね
竹内
竹内
最低限、佐々野くんに報告し許可を取る必要があった。違うかね？
最低限、佐々野くんに報告し許可を取る必要があった。違うかね？
秀隆
秀隆
仰るとおりです……弁明、する余地もありません
仰るとおりです……弁明、する余地もありません
竹内
竹内
監督不行き届きと言わざるを得ないな
監督不行き届きと言わざるを得ないな
まどか
まどか
はい……責任は私にあります
はい……責任は私にあります
秀隆
秀隆
…………
…………
届いた書類には……全て問題がなかった、と書かれてある。
届いた書類には……全て問題がなかった、と書かれてある。
つまり、オレの賭けは、失敗に終わったのだ。
つまり、オレの賭けは、失敗に終わったのだ。
片桐食糧プラントが製造したトウモロコシには、異常はない。
片桐食糧プラントが製造したトウモロコシには、異常はない。
もはや疑う余地など残されてはいなかった。
もはや疑う余地など残されてはいなかった。
なのに、オレの心はまだ、納得がいっていない。
なのに、オレの心はまだ、納得がいっていない。
唐沢
唐沢
誰かのクビを切ったところで、済む問題ではないかも知れないね
誰かのクビを切ったところで、済む問題ではないかも知れないね
竹内
竹内
ドリームタウン側は、この件を片桐社長にすぐ連絡したそうだ
ドリームタウン側は、この件を片桐社長にすぐ連絡したそうだ
竹内
竹内
これはあなたが許可されたことなのですか？　と
これはあなたが許可されたことなのですか？　と
まどか
まどか
っ……
っ……
竹内
竹内
非常に激怒されていたよ。無理もない
非常に激怒されていたよ。無理もない
竹内
竹内
これでは再交渉どころか、関係は終わるかもしれないな……
これでは再交渉どころか、関係は終わるかもしれないな……
竹内
竹内
私は直ちに、ドリームタウンに向かってきます
私は直ちに、ドリームタウンに向かってきます
唐沢
唐沢
すまないが、頼むよ
すまないが、頼むよ
足早に竹内特務官は、部屋を出て行った。
足早に竹内特務官は、部屋を出て行った。
唐沢
唐沢
君には……まだ、無理だったのかもしれないね……。
君には……まだ、無理だったのかもしれないね……。
せめて行動を起こす前に、僕に相談して欲しかったよ
せめて行動を起こす前に、僕に相談して欲しかったよ
秀隆
秀隆
申し訳御座いません……
申し訳御座いません……
唐沢
唐沢
病気のことは、重々承知しているつもりだったが……
病気のことは、重々承知しているつもりだったが……
唐沢
唐沢
ともかく、今後の処遇が決まるまで、自宅で謹慎してもらうしかない
ともかく、今後の処遇が決まるまで、自宅で謹慎してもらうしかない
秀隆
秀隆
はい……
はい……
唐沢
唐沢
佐々野くんの処遇は後ほど決定するが、
佐々野くんの処遇は後ほど決定するが、
とにかくドリームタウンへの謝罪が先だ。いいね？
とにかくドリームタウンへの謝罪が先だ。いいね？
まどか
まどか
……はい……
……はい……
秀隆
秀隆
まどか
まどか
まどか
まどか
話しかけないで
話しかけないで
秀隆
秀隆
オレは、おまえを巻き込むつもりは……
オレは、おまえを巻き込むつもりは……
まどか
まどか
話しかけないでって、言ってるでしょ。
話しかけないでって、言ってるでしょ。
私は許可しなかった。なのに、あなたは勝手な行動を起こした
私は許可しなかった。なのに、あなたは勝手な行動を起こした
秀隆
秀隆
…………
…………
まどか
まどか
社会のルールを守れないあなたと、一緒に仕事は出来ない
社会のルールを守れないあなたと、一緒に仕事は出来ない
まどか
まどか
もう、私に関わらないで……
もう、私に関わらないで……
秀隆
秀隆
悪い……
悪い……
まどかは、オレに背を向け歩いていってしまった。
まどかは、オレに背を向け歩いていってしまった。
ひとりきりになった廊下で、ただ一人佇む。
ひとりきりになった廊下で、ただ一人佇む。
秀隆
秀隆
本当に悪いと思ってる
本当に悪いと思ってる
オレは
オレは
検査に異常がなかった時、
検査に異常がなかった時、
誰よりおまえが責められることを分かっていてやったんだ。
誰よりおまえが責められることを分かっていてやったんだ。
新人のオレを、幾ら責めても唐沢さんたちに得はない。
新人のオレを、幾ら責めても唐沢さんたちに得はない。
簡単に責任を取らせることも出来ない。
簡単に責任を取らせることも出来ない。
唐沢さんは相談して欲しかったと言ったが、
唐沢さんは相談して欲しかったと言ったが、
仮に相談していたとしても、絶対に許可はしなかっただろう。
仮に相談していたとしても、絶対に許可はしなかっただろう。
それどころか、オレが不用意な行動を起こさないよう監視を始めたかもしれない。
それどころか、オレが不用意な行動を起こさないよう監視を始めたかもしれない。
そうなればドリームタウンへの検査依頼も出来なかった。
そうなればドリームタウンへの検査依頼も出来なかった。
収穫がなかったわけではない。
収穫がなかったわけではない。
異常がない、と言う結果を得ることが出来たのだから。
異常がない、と言う結果を得ることが出来たのだから。
もっとも……本当は異常が見つかってくれることが一番良かった。
もっとも……本当は異常が見つかってくれることが一番良かった。
そうであったなら、ここまで追い込まれることもなかっただろうからな。
そうであったなら、ここまで追い込まれることもなかっただろうからな。
秀隆
秀隆
さて、と……
さて、と……
まどかが責任の釈明に追われる中、
まどかが責任の釈明に追われる中、
オレは謹慎の名分の元、自由に動くことが出来る。
オレは謹慎の名分の元、自由に動くことが出来る。
チャンスがあるとすれば、今しかないだろう。
チャンスがあるとすれば、今しかないだろう。
愛佳
愛佳
……先生、あたしの話、信じてくれる？
……先生、あたしの話、信じてくれる？
秀隆
秀隆
当たり前だ。教え子を疑う教師がいるわけないだろ
当たり前だ。教え子を疑う教師がいるわけないだろ
秀隆
秀隆
……あたしの話を信じてくれる？　か……
……あたしの話を信じてくれる？　か……
検査に異常は見られなかった。
検査に異常は見られなかった。
検査ミスは考えにくい。
検査ミスは考えにくい。
サンプルを摩り替えた事実や、根回しした可能性も低い。
サンプルを摩り替えた事実や、根回しした可能性も低い。
…………。
…………。
普通なら、もう異常はないと結論付けてしまうところだ。
普通なら、もう異常はないと結論付けてしまうところだ。
でも、まだオレの勘はそうじゃないと言っている。
でも、まだオレの勘はそうじゃないと言っている。
あれこれ考えていると、オフィス前までたどり着いていた。
あれこれ考えていると、オフィス前までたどり着いていた。
秀隆
秀隆
…………
…………
一度呼吸を整え、ゆっくりと扉を開いた。
一度呼吸を整え、ゆっくりと扉を開いた。
部屋に戻るなり、オレは磯部くんに胸倉を掴まれた。
部屋に戻るなり、オレは磯部くんに胸倉を掴まれた。
磯部
磯部
なにかやらかすとは思ってたが、
なにかやらかすとは思ってたが、
ふざけたまねしてくれやがったな、ああっ！？
ふざけたまねしてくれやがったな、ああっ！？
秀隆
秀隆
すみませんでした……
すみませんでした……
磯部
磯部
謝って済む問題じゃねえだろ！
謝って済む問題じゃねえだろ！
拳を振り上げられる。
拳を振り上げられる。
殴られるのか……。でもそれも仕方ない
殴られるのか……。でもそれも仕方ない
まどか
まどか
やめて、磯部くん
やめて、磯部くん
磯部
磯部
なんで止めんだよ！　こいつのせいで俺たちは！
なんで止めんだよ！　こいつのせいで俺たちは！
まどか
まどか
だからって、殴ってはいけない
だからって、殴ってはいけない
まどか
まどか
……そうでしょ？
……そうでしょ？
磯部
磯部
く！
く！
ふるふると腕を振るわせる。
ふるふると腕を振るわせる。
磯部
磯部
辞めちまえ、てめぇなんか！
辞めちまえ、てめぇなんか！
そう吐き捨て、オレから離れた。
そう吐き捨て、オレから離れた。
まどかも、オレには何も言葉をかけようとはしなかった。
まどかも、オレには何も言葉をかけようとはしなかった。
秀隆
秀隆
本当にご迷惑、おかけしました
本当にご迷惑、おかけしました
荷物をまとめ、オレは部屋を後にする。
荷物をまとめ、オレは部屋を後にする。
秀隆
秀隆
……さて……
……さて……
裕輔
裕輔
…………
…………
外に出ると、裕輔さんがじっとこちらを見ていた。
外に出ると、裕輔さんがじっとこちらを見ていた。
何故、こんなところに……。
何故、こんなところに……。
裕輔
裕輔
顔を貸してもらおう
顔を貸してもらおう
ああ、オレのしたことが、耳に入ったんだな。
ああ、オレのしたことが、耳に入ったんだな。
秀隆
秀隆
はい……
はい……
どうやら、もうひとつ済ませておかないといけないらしい。
どうやら、もうひとつ済ませておかないといけないらしい。
当然、オレに断れるはずもなかった。
当然、オレに断れるはずもなかった。
頬に、強い衝撃が走る。
頬に、強い衝撃が走る。
秀隆
秀隆
っく……！
っく……！
裕輔
裕輔
俺は言ったはずだ、余計なことはするなと
俺は言ったはずだ、余計なことはするなと
秀隆
秀隆
……申し訳御座いません……
……申し訳御座いません……
裕輔
裕輔
謝って済む問題じゃない。おまえのせいで……
謝って済む問題じゃない。おまえのせいで……
倒れたオレの髪を掴むと、もう一度拳を振るってきた。
倒れたオレの髪を掴むと、もう一度拳を振るってきた。
秀隆
秀隆
がはっ！
がはっ！
裕輔
裕輔
こちらの領域に土足で踏み込んでくるのが特務官の仕事か？
こちらの領域に土足で踏み込んでくるのが特務官の仕事か？
裕輔
裕輔
そのせいで、妹を不幸にすることが、特務官のやることか？
そのせいで、妹を不幸にすることが、特務官のやることか？
秀隆
秀隆
本当に、申し訳な
本当に、申し訳な
秀隆
秀隆
あ、く―――！
あ、く―――！
その場に倒れ、痛みで転げまわる。
その場に倒れ、痛みで転げまわる。
地面で頬がスレ、拭うと手の甲に血がべっとりとついた。
地面で頬がスレ、拭うと手の甲に血がべっとりとついた。
裕輔
裕輔
何様のつもりだ……
何様のつもりだ……
秀隆
秀隆
ただの……特務官です……
ただの……特務官です……
裕輔
裕輔
俺の知る特務官は、誰かを困らせるような存在ではない
俺の知る特務官は、誰かを困らせるような存在ではない
裕輔
裕輔
つまり、お前は特務官失格と言うことだ
つまり、お前は特務官失格と言うことだ
裕輔
裕輔
２度と妹に近づくな
２度と妹に近づくな
そう静かに言い放つと、裕輔さんは去って行ってしまった。
そう静かに言い放つと、裕輔さんは去って行ってしまった。
オレはただ、倒れたままその背中を見つめ続けるしかなかった。
オレはただ、倒れたままその背中を見つめ続けるしかなかった。
オレは倒れこんだまま、呆然と上を見上げていた。
オレは倒れこんだまま、呆然と上を見上げていた。
既に青は消え、目の前には無機質な鉄の空が広がっている。
既に青は消え、目の前には無機質な鉄の空が広がっている。
何度か震えていた携帯を確認すると、
何度か震えていた携帯を確認すると、
アクセラからかかってきているようだった。
アクセラからかかってきているようだった。
秀隆
秀隆
……帰らないとな……
……帰らないとな……
ゆっくりと立ち上がり、家路へと足を向ける。
ゆっくりと立ち上がり、家路へと足を向ける。
秀隆
秀隆
いつつ……
いつつ……
このまま帰ると、家で騒ぎになりかねないか。
このまま帰ると、家で騒ぎになりかねないか。
足を止め、方角を帰ると、オレは杉村さんの病院へと目指すことにした。
足を止め、方角を帰ると、オレは杉村さんの病院へと目指すことにした。
秀隆
秀隆
ども、っす……
ども、っす……
オレは痛む頬を押さえながら、診療室の扉を開けた。
オレは痛む頬を押さえながら、診療室の扉を開けた。
いつものように香ばしいコーヒーの匂い。
いつものように香ばしいコーヒーの匂い。
杉村
杉村
し、島津くん！？　ちょっと、どうしたのその顔！
し、島津くん！？　ちょっと、どうしたのその顔！
ソファーに座り本を読んでいた杉村さんが、慌てて立ち上がった。
ソファーに座り本を読んでいた杉村さんが、慌てて立ち上がった。
秀隆
秀隆
すみません、急に押しかけちゃって……
すみません、急に押しかけちゃって……
杉村
杉村
それはいいから、とにかく座って！
それはいいから、とにかく座って！
秀隆
秀隆
うす……
うす……
オレはふらふらの足取りで、ソファーに腰を落とした。
オレはふらふらの足取りで、ソファーに腰を落とした。
頭がくらくらする。
頭がくらくらする。
杉村
杉村
すぐに手当てしないと！
すぐに手当てしないと！
精神科とは言え、さすがに救急セットくらいはあるようだ。
精神科とは言え、さすがに救急セットくらいはあるようだ。
棚から一式を取り出し、慌てて消毒液を取り出す。
棚から一式を取り出し、慌てて消毒液を取り出す。
秀隆
秀隆
さすがに手当てもなしに帰ると、やばそうだったんで……
さすがに手当てもなしに帰ると、やばそうだったんで……
杉村
杉村
当たり前です！
当たり前です！
秀隆
秀隆
いててて、染みる染みる！
いててて、染みる染みる！
杉村
杉村
何があったか、話してもらうわよ？
何があったか、話してもらうわよ？
秀隆
秀隆
ちょっとしたイベントですよ
ちょっとしたイベントですよ
杉村
杉村
まさか同じ特務官の人に！？
まさか同じ特務官の人に！？
秀隆
秀隆
いやいや、そうじゃないです。
いやいや、そうじゃないです。
男同士拳の語り合いをしてたんスよ。
男同士拳の語り合いをしてたんスよ。
好きな子を賭けて、オレと決闘しろ的な
好きな子を賭けて、オレと決闘しろ的な
杉村
杉村
そう言うの、島津くんには合わないわ
そう言うの、島津くんには合わないわ
秀隆
秀隆
あれ、オレって肉体派に見えません？
あれ、オレって肉体派に見えません？
杉村
杉村
ちっとも見えません
ちっとも見えません
頬にガーゼを張られ、パチッと軽く叩かれた。
頬にガーゼを張られ、パチッと軽く叩かれた。
杉村
杉村
何か事情があるのね？　ただの暴力事件じゃないって、約束できる？
何か事情があるのね？　ただの暴力事件じゃないって、約束できる？
秀隆
秀隆
もちろんです。これは必要経費みたいなもんですよ
もちろんです。これは必要経費みたいなもんですよ
杉村
杉村
……もうっ。ボロボロなのに、目は死んでないんだから……
……もうっ。ボロボロなのに、目は死んでないんだから……
杉村
杉村
……今回だけは黙っていてあげる
……今回だけは黙っていてあげる
秀隆
秀隆
さすが杉村さん。やっさしい
さすが杉村さん。やっさしい
杉村
杉村
でも抱きつくのはなしよ？
でも抱きつくのはなしよ？
秀隆
秀隆
あ、あの、頬からまた血が……
あ、あの、頬からまた血が……
杉村
杉村
ひどい怪我をしたものねぇ
ひどい怪我をしたものねぇ
秀隆
秀隆
は、はは……
は、はは……
杉村
杉村
いい？　今度、こんな怪我をするようなら、許しませんからね
いい？　今度、こんな怪我をするようなら、許しませんからね
秀隆
秀隆
大丈夫っす
大丈夫っす
秀隆
秀隆
すみません、急に押しかけてしまって
すみません、急に押しかけてしまって
杉村
杉村
それはいいけど……
それはいいけど……
秀隆
秀隆
また近いうち、来ることになると思います
また近いうち、来ることになると思います
杉村
杉村
怪我じゃなければ、いつでも歓迎するわ
怪我じゃなければ、いつでも歓迎するわ
秀隆
秀隆
うす
うす
帰り道。
帰り道。
オレは今までの出来事を回想していた。
オレは今までの出来事を回想していた。
片桐食糧プラントの、新しい技術による栽培方法。
片桐食糧プラントの、新しい技術による栽培方法。
それを巡って双方の街は戦い、ドリームタウンが勝利した。
それを巡って双方の街は戦い、ドリームタウンが勝利した。
だが、片桐食糧プラント社長の娘であり、
だが、片桐食糧プラント社長の娘であり、
オレの教え子でもあった片桐愛佳は、
オレの教え子でもあった片桐愛佳は、
その栽培法には問題があると指摘。
その栽培法には問題があると指摘。
その言葉を信じ、オレは調査をお願いしたが、
その言葉を信じ、オレは調査をお願いしたが、
どこも異常はないと結論付けられてしまう。
どこも異常はないと結論付けられてしまう。
オレは唐沢さんたちには、
オレは唐沢さんたちには、
愛佳から教えてもらったとは伝えていない。
愛佳から教えてもらったとは伝えていない。
しかし、今日の裕輔さんの態度から、
しかし、今日の裕輔さんの態度から、
恐らく愛佳さんが絡んでいることに気付いたのだろう。
恐らく愛佳さんが絡んでいることに気付いたのだろう。
つまり今の段階では、オレは愛佳を救うどころか、追い込んでしまっている。
つまり今の段階では、オレは愛佳を救うどころか、追い込んでしまっている。
必要なことだったとは言え、あまりゆっくりとはしていられない。
必要なことだったとは言え、あまりゆっくりとはしていられない。
さて、これからオレはどうするべきなのか。
さて、これからオレはどうするべきなのか。
ひりひりと痛む傷口が、妙に頭の中をクールにしてくれた。
ひりひりと痛む傷口が、妙に頭の中をクールにしてくれた。
秀隆
秀隆
ただいま……
ただいま……
静かに玄関から帰宅すると、当然のようにアクセラが出迎えた。
静かに玄関から帰宅すると、当然のようにアクセラが出迎えた。
アクセラ
アクセラ
ひっ！　は、犯罪者！？
ひっ！　は、犯罪者！？
アクセラ
アクセラ
と言うようなこともなく、お帰りなさいませ、秀隆様
と言うようなこともなく、お帰りなさいませ、秀隆様
秀隆
秀隆
お、おう……
お、おう……
なんで変な一言がついたんだろうか。
なんで変な一言がついたんだろうか。
アクセラ
アクセラ
あの……
あの……
秀隆
秀隆
遅くなったからな、飯はいいよ。疲れてるし食欲ねえや
遅くなったからな、飯はいいよ。疲れてるし食欲ねえや
アクセラ
アクセラ
いえそうではなく、お顔の
いえそうではなく、お顔の
秀隆
秀隆
あぁ、この傷か？　これはちょっと……
あぁ、この傷か？　これはちょっと……
アクセラ
アクセラ
そうではなくて、どうしてそんなに不細工なのかと……
そうではなくて、どうしてそんなに不細工なのかと……
秀隆
秀隆
うるせぃよ！　帰宅するなり傷つくこと言うなよ！
うるせぃよ！　帰宅するなり傷つくこと言うなよ！
アクセラ
アクセラ
お静かになさってください。
お静かになさってください。
もう秋様はお休みになられておりますので
もう秋様はお休みになられておりますので
秀隆
秀隆
だったら、怒らせるようなこと言うなって……
だったら、怒らせるようなこと言うなって……
アクセラ
アクセラ
本当のことを言って怒られるなんて心外です！
本当のことを言って怒られるなんて心外です！
秀隆
秀隆
い、いや、そんなに怒らなくても……
い、いや、そんなに怒らなくても……
秀隆
秀隆
って、もういい加減いいだろ、こんなやりとりは
って、もういい加減いいだろ、こんなやりとりは
アクセラ
アクセラ
そうですね。それで、そのお怪我はいったい？
そうですね。それで、そのお怪我はいったい？
秀隆
秀隆
ちょっと仕事でトラブルがあってな
ちょっと仕事でトラブルがあってな
秀隆
秀隆
深い詮索は無用だ
深い詮索は無用だ
アクセラ
アクセラ
畏まりました
畏まりました
そう言うと、アクセラもふざけたやり取りをやめる。
そう言うと、アクセラもふざけたやり取りをやめる。
アクセラ
アクセラ
お風呂の方はいかが致しましょうか
お風呂の方はいかが致しましょうか
秀隆
秀隆
そうだな……一応入っとくよ
そうだな……一応入っとくよ
あちこち汚してしまったからな。
あちこち汚してしまったからな。
アクセラ
アクセラ
すぐに準備いたします
すぐに準備いたします
オレから鞄を受け取る。
オレから鞄を受け取る。
秀隆
秀隆
あとな、ちょっと言いにくいんだが
あとな、ちょっと言いにくいんだが
アクセラ
アクセラ
はい
はい
秀隆
秀隆
暫くの間、自宅謹慎になった
暫くの間、自宅謹慎になった
アクセラ
アクセラ
それは先ほどの詮索無用と同じカテゴリでしょうか
それは先ほどの詮索無用と同じカテゴリでしょうか
秀隆
秀隆
だな
だな
アクセラ
アクセラ
畏まりました
畏まりました
秀隆
秀隆
こんな時は、本当に楽で助かるよ
こんな時は、本当に楽で助かるよ
アクセラ
アクセラ
さ、早く入ってください、無職秀隆様
さ、早く入ってください、無職秀隆様
秀隆
秀隆
クビになったわけじゃないぞ……まだな……
クビになったわけじゃないぞ……まだな……
風呂から上がったオレは、リビングで静かにコーヒーを飲んでいた。
風呂から上がったオレは、リビングで静かにコーヒーを飲んでいた。
アクセラは風呂場の後始末に行っている。
アクセラは風呂場の後始末に行っている。
秀隆
秀隆
これから、どうしようかね……
これから、どうしようかね……
目の前には、オレなりにまとめた資料が広げてある。
目の前には、オレなりにまとめた資料が広げてある。
これまでの出来事で、要点を書きまとめたものだ。
これまでの出来事で、要点を書きまとめたものだ。
うんうんと唸っていると、片づけを終えたアクセラが戻ってきた。
うんうんと唸っていると、片づけを終えたアクセラが戻ってきた。
アクセラ
アクセラ
まだお休みになられないのですか？
まだお休みになられないのですか？
秀隆
秀隆
ちょっと、このままじゃ眠れそうになくてな
ちょっと、このままじゃ眠れそうになくてな
秀隆
秀隆
悪いんだがちょっと夜食くれ。
悪いんだがちょっと夜食くれ。
風呂に入って落ち着いたら小腹が空いた
風呂に入って落ち着いたら小腹が空いた
アクセラ
アクセラ
何がよろしいですか？
何がよろしいですか？
秀隆
秀隆
そうだな……やっぱトウモロコシかな
そうだな……やっぱトウモロコシかな
アクセラ
アクセラ
またですか
またですか
秀隆
秀隆
なんだよその呆れ顔は
なんだよその呆れ顔は
アクセラ
アクセラ
いえ、四六時中トウモロコシばかり食べていらっしゃるので
いえ、四六時中トウモロコシばかり食べていらっしゃるので
秀隆
秀隆
いいだろ別に。好きなんだから
いいだろ別に。好きなんだから
アクセラ
アクセラ
ですが少々心配です
ですが少々心配です
秀隆
秀隆
なにが
なにが
アクセラ
アクセラ
最近、秀隆様はよく体調を崩されてますので。
最近、秀隆様はよく体調を崩されてますので。
トウモロコシばかり食べられてるせいじゃないかと
トウモロコシばかり食べられてるせいじゃないかと
秀隆
秀隆
そんなもん、オレは昔から
そんなもん、オレは昔から
秀隆
秀隆
…………
…………
オレは、ハッと息を飲む。
オレは、ハッと息を飲む。
アクセラ
アクセラ
秀隆様？
秀隆様？
秀隆
秀隆
なぁ……今うちの地区に配給されてるトウモロコシって、
なぁ……今うちの地区に配給されてるトウモロコシって、
確か片桐食糧プラントが製造したトウモロコシだよな？
確か片桐食糧プラントが製造したトウモロコシだよな？
アクセラ
アクセラ
生産ラインのテストを兼ねて作られた新製法の物のようですね
生産ラインのテストを兼ねて作られた新製法の物のようですね
秀隆
秀隆
いつから、そのトウモロコシって配給され始めた
いつから、そのトウモロコシって配給され始めた
アクセラ
アクセラ
１ヶ月ほど前と記憶しております
１ヶ月ほど前と記憶しております
秀隆
秀隆
……オレが腹の調子を悪くし始めたのは、そのちょっと後か
……オレが腹の調子を悪くし始めたのは、そのちょっと後か
アクセラ
アクセラ
はい、その頃からかと存じます
はい、その頃からかと存じます
秀隆
秀隆
まさか……
まさか……
いや、でもそうすると、納得が行く。
いや、でもそうすると、納得が行く。
オレは子供の頃からトウモロコシばかり食べてきた。
オレは子供の頃からトウモロコシばかり食べてきた。
でもこんなに体調を悪くしたのは、２０年近くで初めてのことだ。
でもこんなに体調を悪くしたのは、２０年近くで初めてのことだ。
もし、新製法の遺伝子組み換えトウモロコシが原因だとしたら、
もし、新製法の遺伝子組み換えトウモロコシが原因だとしたら、
それは全て辻褄が合うのではないだろうか。
それは全て辻褄が合うのではないだろうか。
もちろん、ただの偶然である可能性の方が高い。
もちろん、ただの偶然である可能性の方が高い。
どちらの街でも検査に異常は見られなかったのだから。
どちらの街でも検査に異常は見られなかったのだから。
でも―――オレの勘が告げていた理由は、
でも―――オレの勘が告げていた理由は、
これだったのかも知れない。
これだったのかも知れない。
秀隆
秀隆
ちょっと電話する。夜食はパスだ
ちょっと電話する。夜食はパスだ
アクセラ
アクセラ
はい
はい
オレは部屋に戻るなり、深夜とか、
オレは部屋に戻るなり、深夜とか、
そう言うのを無視して電話を始めた。
そう言うのを無視して電話を始めた。
もう一度―――もう一度だけ、可能性を追ってみよう……。
もう一度―――もう一度だけ、可能性を追ってみよう……。
数年ぶりにある男に連絡をすることにした。
数年ぶりにある男に連絡をすることにした。
…………。
…………。
……。
……。
