龍也
龍也
こんな時間に、何をやってるんだい
こんな時間に、何をやってるんだい
恭一
恭一
別に。まだ街に慣れてないからな、適当にぶらついてるだけだ
別に。まだ街に慣れてないからな、適当にぶらついてるだけだ
龍也
龍也
君が自由に出歩くことは、僕らの損益にも繋がる。
君が自由に出歩くことは、僕らの損益にも繋がる。
不用意な外出はあまり容認できないな
不用意な外出はあまり容認できないな
恭一
恭一
関係ないな
関係ないな
龍也
龍也
時間が経っても、君はまだ他人の忠告を聞くのが嫌いらしい
時間が経っても、君はまだ他人の忠告を聞くのが嫌いらしい
恭一
恭一
と言うよりも、聞く義務も義理もないからだ
と言うよりも、聞く義務も義理もないからだ
恭一
恭一
オレはオレの好きなように行動する
オレはオレの好きなように行動する
龍也
龍也
まったく、とんでもない厄介者だよ君は
まったく、とんでもない厄介者だよ君は
恭一
恭一
いつものようにほめ言葉と受け取っておく
いつものようにほめ言葉と受け取っておく
龍也
龍也
最悪の選択を選ばせないようにしてほしいね
最悪の選択を選ばせないようにしてほしいね
半ば脅し文句を残して高坂が立ち去る。
半ば脅し文句を残して高坂が立ち去る。
恭一
恭一
最悪の選択か
最悪の選択か
オレにとってのそれは、死だけだ。
オレにとってのそれは、死だけだ。
この感覚も、考えもなくなってしまうことだけが恐ろしい。
この感覚も、考えもなくなってしまうことだけが恐ろしい。
恭一
恭一
……多分な
……多分な
…………。
…………。
……。
……。
恋
恋
さ、さいてーです！
さ、さいてーです！
バタン！
バタン！
と勢いよく扉を閉め、泣き出した恋が部屋を後にした。
と勢いよく扉を閉め、泣き出した恋が部屋を後にした。
恭一
恭一
やれやれ。ケツを鷲づかみにしただけで大げさな
やれやれ。ケツを鷲づかみにしただけで大げさな
龍也
龍也
恭一くん、ちょっといいかな
恭一くん、ちょっといいかな
恭一
恭一
なんだ？
なんだ？
龍也
龍也
今朝、泣いている長谷川くんを見た。
今朝、泣いている長谷川くんを見た。
何か事情を知っているかと思ってね
何か事情を知っているかと思ってね
恭一
恭一
なんでオレが。あいつが泣こうが喚こうが、知ったことじゃない
なんでオレが。あいつが泣こうが喚こうが、知ったことじゃない
龍也
龍也
君ならそういうと思ったよ
君ならそういうと思ったよ
恭一
恭一
気になるなら自分で直接聞けよ
気になるなら自分で直接聞けよ
龍也
龍也
……そうするさ。でも覚悟しておいてほしい。
……そうするさ。でも覚悟しておいてほしい。
そこで問題が君にあったことが発覚すれば、只じゃすまない
そこで問題が君にあったことが発覚すれば、只じゃすまない
恭一
恭一
いつでも待ってるさ
いつでも待ってるさ
龍也
龍也
…………
…………
龍也
龍也
長谷川くん、そんなところでボーっとして、どうしたんだい？
長谷川くん、そんなところでボーっとして、どうしたんだい？
恋
恋
あ、こ、高坂特務官。その、私……
あ、こ、高坂特務官。その、私……
龍也
龍也
……また、恭一君に振り回されたってところだね
……また、恭一君に振り回されたってところだね
恋
恋
……すみません。彼はいつも……いえ、何でもないんです
……すみません。彼はいつも……いえ、何でもないんです
龍也
龍也
弱音を吐くのが嫌いなのは、いつもか
弱音を吐くのが嫌いなのは、いつもか
恋
恋
……私には、頑張ることしか出来ませんから
……私には、頑張ることしか出来ませんから
龍也
龍也
それにしたって、恭一くんのことは想定外だったはずだ。
それにしたって、恭一くんのことは想定外だったはずだ。
大河内代表ですら手を焼くんだ。君には荷が重い
大河内代表ですら手を焼くんだ。君には荷が重い
龍也
龍也
いつ放棄したって、誰も責めやしないよ
いつ放棄したって、誰も責めやしないよ
恋
恋
あの人は、すごく身勝手で、わがままで……最低の人です
あの人は、すごく身勝手で、わがままで……最低の人です
恋
恋
けれど、何故か放っておけないんです。
けれど、何故か放っておけないんです。
見失ったら、二度と見つけられないような、そんな気がして……
見失ったら、二度と見つけられないような、そんな気がして……
龍也
龍也
…………
…………
恋
恋
変ですね、私。自分でも、よくわからないんです
変ですね、私。自分でも、よくわからないんです
龍也
龍也
ふぅ……
ふぅ……
龍也
龍也
参ったな。ほんと、参ったよ
参ったな。ほんと、参ったよ
恋
恋
高坂特務官？
高坂特務官？
龍也
龍也
今になって、自分の気持ちに気づくなんて、ほんと……
今になって、自分の気持ちに気づくなんて、ほんと……
龍也
龍也
恭一くんはどこに？
恭一くんはどこに？
恋
恋
今は、私の部屋に……喧嘩して、飛び出してしまいました
今は、私の部屋に……喧嘩して、飛び出してしまいました
龍也
龍也
僕の家に寄っていくかい？　お茶くらいは出すよ
僕の家に寄っていくかい？　お茶くらいは出すよ
恋
恋
いえ……戻ろうと思います
いえ……戻ろうと思います
龍也
龍也
そうか。君がそうしたいと思うなら、それもいいね
そうか。君がそうしたいと思うなら、それもいいね
恋
恋
すみません、失礼します
すみません、失礼します
龍也
龍也
気をつけて
気をつけて
龍也
龍也
……情けないな、僕も。仕事なら完璧にこなす自信があるんだけど
……情けないな、僕も。仕事なら完璧にこなす自信があるんだけど
龍也
龍也
恭一くんとは、話をつけなきゃいけないな
恭一くんとは、話をつけなきゃいけないな
